✔ | F W  S  OK | Context

⠋ [ FAIL 0 | WARN 0 | SKIP 0 | PASS 0 ] Starting up...
⠙ [ FAIL 0 | WARN 0 | SKIP 0 | PASS 0 ] Starting up...
⠹ [ FAIL 0 | WARN 0 | SKIP 0 | PASS 0 ] Starting up...
⠸ [ FAIL 0 | WARN 0 | SKIP 0 | PASS 0 ] Starting up...
⠼ [ FAIL 0 | WARN 0 | SKIP 0 | PASS 0 ] Starting up...
⠴ [ FAIL 0 | WARN 0 | SKIP 0 | PASS 0 ] Starting up...
⠦ [ FAIL 0 | WARN 0 | SKIP 0 | PASS 0 ] Starting up...
⠧ [ FAIL 0 | WARN 0 | SKIP 0 | PASS 0 ] Starting up...
⠇ [ FAIL 0 | WARN 0 | SKIP 0 | PASS 0 ] Starting up...
⠏ [ FAIL 0 | WARN 0 | SKIP 0 | PASS 0 ] Starting up...
✔ |         14 | analysis-comprehensive-edge

⠋ [ FAIL 0 | WARN 0 | SKIP 0 | PASS 14 ] @ analysis-comprehensive-bootstrap
⠙ [ FAIL 0 | WARN 0 | SKIP 0 | PASS 14 ] @ analysis-comprehensive-bootstrap
⠹ [ FAIL 0 | WARN 0 | SKIP 0 | PASS 28 ] @ analysis-comprehensive-bootstrap, ana
✔ |         15 | analysis-comprehensive-summary

⠸ [ FAIL 0 | WARN 0 | SKIP 0 | PASS 29 ] @ analysis-comprehensive-bootstrap
⠼ [ FAIL 0 | WARN 0 | SKIP 0 | PASS 29 ] @ analysis-comprehensive-bootstrap
⠴ [ FAIL 0 | WARN 0 | SKIP 0 | PASS 29 ] @ analysis-comprehensive-bootstrap, ana
⠦ [ FAIL 0 | WARN 0 | SKIP 0 | PASS 29 ] @ analysis-comprehensive-bootstrap, ana
⠧ [ FAIL 0 | WARN 0 | SKIP 0 | PASS 29 ] @ analysis-comprehensive-bootstrap, ana
⠇ [ FAIL 0 | WARN 0 | SKIP 0 | PASS 29 ] @ analysis-comprehensive-bootstrap, ana
⠏ [ FAIL 0 | WARN 0 | SKIP 0 | PASS 29 ] @ analysis-comprehensive-bootstrap, ana
⠋ [ FAIL 0 | WARN 0 | SKIP 0 | PASS 29 ] @ analysis-comprehensive-bootstrap, ana
⠙ [ FAIL 0 | WARN 0 | SKIP 0 | PASS 29 ] @ analysis-comprehensive-bootstrap, ana
⠹ [ FAIL 0 | WARN 0 | SKIP 0 | PASS 29 ] @ analysis-comprehensive-bootstrap, ana
⠸ [ FAIL 0 | WARN 0 | SKIP 0 | PASS 29 ] @ analysis-comprehensive-bootstrap, ana
⠼ [ FAIL 0 | WARN 0 | SKIP 0 | PASS 29 ] @ analysis-comprehensive-bootstrap, ana
⠴ [ FAIL 0 | WARN 0 | SKIP 0 | PASS 29 ] @ analysis-comprehensive-bootstrap, ana
⠦ [ FAIL 0 | WARN 0 | SKIP 0 | PASS 29 ] @ analysis-comprehensive-bootstrap, ana
⠧ [ FAIL 0 | WARN 0 | SKIP 0 | PASS 29 ] @ analysis-comprehensive-bootstrap, ana
⠇ [ FAIL 0 | WARN 0 | SKIP 0 | PASS 29 ] @ analysis-comprehensive-bootstrap, ana
⠏ [ FAIL 0 | WARN 0 | SKIP 0 | PASS 29 ] @ analysis-comprehensive-bootstrap, ana
⠋ [ FAIL 0 | WARN 0 | SKIP 0 | PASS 34 ] @ analysis-comprehensive-bootstrap, ana
⠙ [ FAIL 0 | WARN 0 | SKIP 0 | PASS 34 ] @ analysis-comprehensive-bootstrap, ana
⠹ [ FAIL 0 | WARN 0 | SKIP 0 | PASS 34 ] @ analysis-comprehensive-bootstrap, ana
⠸ [ FAIL 0 | WARN 0 | SKIP 0 | PASS 34 ] @ analysis-comprehensive-bootstrap, ana
⠼ [ FAIL 0 | WARN 0 | SKIP 0 | PASS 34 ] @ analysis-comprehensive-bootstrap, ana
⠴ [ FAIL 0 | WARN 0 | SKIP 0 | PASS 34 ] @ analysis-comprehensive-bootstrap, ana
⠦ [ FAIL 0 | WARN 0 | SKIP 0 | PASS 34 ] @ analysis-comprehensive-bootstrap, ana
⠧ [ FAIL 0 | WARN 0 | SKIP 0 | PASS 34 ] @ analysis-comprehensive-bootstrap, ana
⠇ [ FAIL 0 | WARN 0 | SKIP 0 | PASS 34 ] @ analysis-comprehensive-bootstrap, ana
⠏ [ FAIL 0 | WARN 0 | SKIP 0 | PASS 34 ] @ analysis-comprehensive-bootstrap, ana
⠋ [ FAIL 0 | WARN 0 | SKIP 0 | PASS 34 ] @ analysis-comprehensive-bootstrap, ana
⠙ [ FAIL 0 | WARN 0 | SKIP 0 | PASS 34 ] @ analysis-comprehensive-bootstrap, ana
⠹ [ FAIL 0 | WARN 0 | SKIP 0 | PASS 34 ] @ analysis-comprehensive-bootstrap, ana
⠸ [ FAIL 0 | WARN 0 | SKIP 0 | PASS 34 ] @ analysis-comprehensive-bootstrap, ana
⠼ [ FAIL 0 | WARN 0 | SKIP 0 | PASS 34 ] @ analysis-comprehensive-bootstrap, ana
⠴ [ FAIL 0 | WARN 0 | SKIP 0 | PASS 34 ] @ analysis-comprehensive-bootstrap, ana
⠦ [ FAIL 0 | WARN 0 | SKIP 0 | PASS 34 ] @ analysis-comprehensive-bootstrap, ana
⠧ [ FAIL 0 | WARN 0 | SKIP 0 | PASS 34 ] @ analysis-comprehensive-bootstrap, ana
⠇ [ FAIL 0 | WARN 0 | SKIP 0 | PASS 34 ] @ analysis-comprehensive-bootstrap, ana
⠏ [ FAIL 0 | WARN 0 | SKIP 0 | PASS 34 ] @ analysis-comprehensive-bootstrap, ana
⠋ [ FAIL 0 | WARN 0 | SKIP 0 | PASS 34 ] @ analysis-comprehensive-bootstrap, ana
⠙ [ FAIL 0 | WARN 0 | SKIP 0 | PASS 34 ] @ analysis-comprehensive-bootstrap, ana
⠹ [ FAIL 0 | WARN 0 | SKIP 0 | PASS 34 ] @ analysis-comprehensive-bootstrap, ana
⠸ [ FAIL 0 | WARN 0 | SKIP 0 | PASS 34 ] @ analysis-comprehensive-bootstrap, ana
⠼ [ FAIL 0 | WARN 0 | SKIP 0 | PASS 38 ] @ analysis-comprehensive-bootstrap, ana
✔ |          7 | analysis-comprehensive-bootstrap [4.6s]

⠴ [ FAIL 0 | WARN 0 | SKIP 0 | PASS 45 ] @ analysis-comprehensive
⠦ [ FAIL 0 | WARN 0 | SKIP 0 | PASS 45 ] @ analysis-comprehensive
✔ |         12 | analysis-edge-cases-advanced

⠧ [ FAIL 0 | WARN 0 | SKIP 0 | PASS 57 ] @ analysis-comprehensive
⠇ [ FAIL 0 | WARN 0 | SKIP 0 | PASS 57 ] @ analysis-comprehensive
✔ |         15 | analysis-edge-cases

⠏ [ FAIL 0 | WARN 0 | SKIP 0 | PASS 72 ] @ analysis-comprehensive
⠋ [ FAIL 0 | WARN 0 | SKIP 0 | PASS 72 ] @ analysis-comprehensive
✔ |         14 | analysis-knitr-fallback-advanced

⠙ [ FAIL 0 | WARN 0 | SKIP 0 | PASS 86 ] @ analysis-comprehensive
⠹ [ FAIL 0 | WARN 0 | SKIP 0 | PASS 86 ] @ analysis-comprehensive
⠸ [ FAIL 0 | WARN 0 | SKIP 0 | PASS 86 ] @ analysis-comprehensive, analysis-knit
⠼ [ FAIL 0 | WARN 0 | SKIP 0 | PASS 86 ] @ analysis-comprehensive, analysis-knit
⠴ [ FAIL 0 | WARN 0 | SKIP 0 | PASS 86 ] @ analysis-comprehensive, analysis-knit
⠦ [ FAIL 0 | WARN 0 | SKIP 0 | PASS 86 ] @ analysis-comprehensive, analysis-knit
⠧ [ FAIL 0 | WARN 0 | SKIP 0 | PASS 86 ] @ analysis-comprehensive, analysis-knit
⠇ [ FAIL 0 | WARN 0 | SKIP 0 | PASS 86 ] @ analysis-comprehensive, analysis-knit
⠏ [ FAIL 0 | WARN 0 | SKIP 0 | PASS 86 ] @ analysis-comprehensive, analysis-knit
⠋ [ FAIL 0 | WARN 0 | SKIP 0 | PASS 86 ] @ analysis-comprehensive, analysis-knit
⠙ [ FAIL 0 | WARN 0 | SKIP 0 | PASS 86 ] @ analysis-comprehensive, analysis-knit
⠹ [ FAIL 0 | WARN 0 | SKIP 0 | PASS 86 ] @ analysis-comprehensive, analysis-knit
⠸ [ FAIL 0 | WARN 0 | SKIP 0 | PASS 93 ] @ analysis-comprehensive, analysis-knit
⠼ [ FAIL 0 | WARN 0 | SKIP 0 | PASS 93 ] @ analysis-comprehensive, analysis-knit
⠴ [ FAIL 0 | WARN 0 | SKIP 0 | PASS 95 ] @ analysis-comprehensive, analysis-knit
⠦ [ FAIL 0 | WARN 0 | SKIP 0 | PASS 95 ] @ analysis-comprehensive, analysis-knit
⠧ [ FAIL 0 | WARN 0 | SKIP 0 | PASS 95 ] @ analysis-comprehensive, analysis-knit
⠇ [ FAIL 0 | WARN 0 | SKIP 0 | PASS 95 ] @ analysis-comprehensive, analysis-knit
⠏ [ FAIL 0 | WARN 0 | SKIP 0 | PASS 95 ] @ analysis-comprehensive, analysis-knit
⠋ [ FAIL 0 | WARN 0 | SKIP 0 | PASS 95 ] @ analysis-comprehensive, analysis-knit
⠙ [ FAIL 0 | WARN 0 | SKIP 0 | PASS 95 ] @ analysis-comprehensive, analysis-knit
⠹ [ FAIL 0 | WARN 0 | SKIP 0 | PASS 95 ] @ analysis-comprehensive, analysis-knit
⠸ [ FAIL 0 | WARN 0 | SKIP 0 | PASS 95 ] @ analysis-comprehensive, analysis-knit
⠼ [ FAIL 0 | WARN 0 | SKIP 0 | PASS 95 ] @ analysis-comprehensive, analysis-knit
⠴ [ FAIL 0 | WARN 0 | SKIP 0 | PASS 95 ] @ analysis-comprehensive, analysis-knit
⠦ [ FAIL 0 | WARN 0 | SKIP 0 | PASS 95 ] @ analysis-comprehensive, analysis-knit
⠧ [ FAIL 0 | WARN 0 | SKIP 0 | PASS 100 ] @ analysis-comprehensive, analysis-kni
⠇ [ FAIL 0 | WARN 0 | SKIP 0 | PASS 100 ] @ analysis-comprehensive, analysis-kni
⠏ [ FAIL 0 | WARN 0 | SKIP 0 | PASS 100 ] @ analysis-comprehensive, analysis-kni
⠋ [ FAIL 0 | WARN 0 | SKIP 0 | PASS 100 ] @ analysis-comprehensive, analysis-kni
⠙ [ FAIL 0 | WARN 0 | SKIP 0 | PASS 100 ] @ analysis-comprehensive, analysis-kni
⠹ [ FAIL 0 | WARN 0 | SKIP 0 | PASS 100 ] @ analysis-comprehensive, analysis-kni
⠸ [ FAIL 0 | WARN 0 | SKIP 0 | PASS 100 ] @ analysis-comprehensive, analysis-kni
⠼ [ FAIL 0 | WARN 0 | SKIP 0 | PASS 106 ] @ analysis-comprehensive, analysis-kni
⠴ [ FAIL 0 | WARN 0 | SKIP 0 | PASS 106 ] @ analysis-comprehensive, analysis-kni
⠦ [ FAIL 0 | WARN 0 | SKIP 0 | PASS 106 ] @ analysis-comprehensive, analysis-kni
⠧ [ FAIL 0 | WARN 0 | SKIP 0 | PASS 106 ] @ analysis-comprehensive, analysis-kni
⠇ [ FAIL 0 | WARN 0 | SKIP 0 | PASS 106 ] @ analysis-comprehensive, analysis-kni
⠏ [ FAIL 0 | WARN 0 | SKIP 0 | PASS 106 ] @ analysis-comprehensive, analysis-kni
⠋ [ FAIL 0 | WARN 0 | SKIP 0 | PASS 106 ] @ analysis-comprehensive, analysis-kni
⠙ [ FAIL 0 | WARN 0 | SKIP 0 | PASS 106 ] @ analysis-comprehensive, analysis-kni
✔ |         25 | analysis-comprehensive [8.8s]

⠹ [ FAIL 0 | WARN 0 | SKIP 0 | PASS 110 ] @ analysis-knitr-fallback
⠸ [ FAIL 0 | WARN 0 | SKIP 0 | PASS 110 ] @ analysis-knitr-fallback, analysis
⠼ [ FAIL 0 | WARN 0 | SKIP 0 | PASS 110 ] @ analysis-knitr-fallback, analysis
⠴ [ FAIL 0 | WARN 0 | SKIP 0 | PASS 110 ] @ analysis-knitr-fallback, analysis
⠦ [ FAIL 0 | WARN 0 | SKIP 0 | PASS 113 ] @ analysis-knitr-fallback, analysis
⠧ [ FAIL 0 | WARN 0 | SKIP 0 | PASS 113 ] @ analysis-knitr-fallback, analysis
⠇ [ FAIL 0 | WARN 0 | SKIP 0 | PASS 113 ] @ analysis-knitr-fallback, analysis
⠏ [ FAIL 0 | WARN 0 | SKIP 0 | PASS 113 ] @ analysis-knitr-fallback, analysis
⠋ [ FAIL 0 | WARN 0 | SKIP 0 | PASS 113 ] @ analysis-knitr-fallback, analysis
⠙ [ FAIL 0 | WARN 0 | SKIP 0 | PASS 113 ] @ analysis-knitr-fallback, analysis
⠹ [ FAIL 0 | WARN 0 | SKIP 0 | PASS 113 ] @ analysis-knitr-fallback, analysis
⠸ [ FAIL 0 | WARN 0 | SKIP 0 | PASS 113 ] @ analysis-knitr-fallback, analysis
⠼ [ FAIL 0 | WARN 0 | SKIP 0 | PASS 113 ] @ analysis-knitr-fallback, analysis
⠴ [ FAIL 0 | WARN 0 | SKIP 0 | PASS 113 ] @ analysis-knitr-fallback, analysis
⠦ [ FAIL 0 | WARN 0 | SKIP 0 | PASS 113 ] @ analysis-knitr-fallback, analysis
⠧ [ FAIL 0 | WARN 0 | SKIP 0 | PASS 121 ] @ analysis-knitr-fallback, analysis
⠇ [ FAIL 0 | WARN 0 | SKIP 0 | PASS 121 ] @ analysis-knitr-fallback, analysis
⠏ [ FAIL 0 | WARN 0 | SKIP 0 | PASS 121 ] @ analysis-knitr-fallback, analysis
⠋ [ FAIL 0 | WARN 0 | SKIP 0 | PASS 121 ] @ analysis-knitr-fallback, analysis
⠙ [ FAIL 0 | WARN 0 | SKIP 0 | PASS 121 ] @ analysis-knitr-fallback, analysis
⠹ [ FAIL 0 | WARN 0 | SKIP 0 | PASS 121 ] @ analysis-knitr-fallback, analysis
⠸ [ FAIL 0 | WARN 0 | SKIP 0 | PASS 121 ] @ analysis-knitr-fallback, analysis
⠼ [ FAIL 0 | WARN 0 | SKIP 0 | PASS 121 ] @ analysis-knitr-fallback, analysis
⠴ [ FAIL 0 | WARN 0 | SKIP 0 | PASS 121 ] @ analysis-knitr-fallback, analysis
⠦ [ FAIL 0 | WARN 0 | SKIP 0 | PASS 121 ] @ analysis-knitr-fallback, analysis
⠧ [ FAIL 0 | WARN 0 | SKIP 0 | PASS 121 ] @ analysis-knitr-fallback, analysis
⠇ [ FAIL 0 | WARN 0 | SKIP 0 | PASS 121 ] @ analysis-knitr-fallback, analysis
⠏ [ FAIL 0 | WARN 0 | SKIP 0 | PASS 121 ] @ analysis-knitr-fallback, analysis
⠋ [ FAIL 0 | WARN 0 | SKIP 0 | PASS 126 ] @ analysis-knitr-fallback, analysis
⠙ [ FAIL 0 | WARN 0 | SKIP 0 | PASS 126 ] @ analysis-knitr-fallback, analysis
⠹ [ FAIL 0 | WARN 0 | SKIP 0 | PASS 126 ] @ analysis-knitr-fallback, analysis
⠸ [ FAIL 0 | WARN 0 | SKIP 0 | PASS 126 ] @ analysis-knitr-fallback, analysis
⠼ [ FAIL 0 | WARN 0 | SKIP 0 | PASS 126 ] @ analysis-knitr-fallback, analysis
⠴ [ FAIL 0 | WARN 0 | SKIP 0 | PASS 126 ] @ analysis-knitr-fallback, analysis
⠦ [ FAIL 0 | WARN 0 | SKIP 0 | PASS 126 ] @ analysis-knitr-fallback, analysis
⠧ [ FAIL 0 | WARN 0 | SKIP 0 | PASS 126 ] @ analysis-knitr-fallback, analysis
⠇ [ FAIL 0 | WARN 0 | SKIP 0 | PASS 126 ] @ analysis-knitr-fallback, analysis
⠏ [ FAIL 0 | WARN 0 | SKIP 0 | PASS 126 ] @ analysis-knitr-fallback, analysis
⠋ [ FAIL 0 | WARN 0 | SKIP 0 | PASS 126 ] @ analysis-knitr-fallback, analysis
⠙ [ FAIL 0 | WARN 0 | SKIP 0 | PASS 126 ] @ analysis-knitr-fallback, analysis
⠹ [ FAIL 0 | WARN 0 | SKIP 0 | PASS 126 ] @ analysis-knitr-fallback, analysis
⠸ [ FAIL 0 | WARN 0 | SKIP 0 | PASS 129 ] @ analysis-knitr-fallback, analysis
⠼ [ FAIL 0 | WARN 0 | SKIP 0 | PASS 129 ] @ analysis-knitr-fallback, analysis
⠴ [ FAIL 0 | WARN 0 | SKIP 0 | PASS 129 ] @ analysis-knitr-fallback, analysis
⠦ [ FAIL 0 | WARN 0 | SKIP 0 | PASS 129 ] @ analysis-knitr-fallback, analysis
⠧ [ FAIL 0 | WARN 0 | SKIP 0 | PASS 129 ] @ analysis-knitr-fallback, analysis
⠇ [ FAIL 0 | WARN 0 | SKIP 0 | PASS 129 ] @ analysis-knitr-fallback, analysis
⠏ [ FAIL 0 | WARN 0 | SKIP 0 | PASS 129 ] @ analysis-knitr-fallback, analysis
⠋ [ FAIL 0 | WARN 0 | SKIP 0 | PASS 129 ] @ analysis-knitr-fallback, analysis
⠙ [ FAIL 0 | WARN 0 | SKIP 0 | PASS 129 ] @ analysis-knitr-fallback, analysis
⠹ [ FAIL 0 | WARN 0 | SKIP 0 | PASS 129 ] @ analysis-knitr-fallback, analysis
⠸ [ FAIL 0 | WARN 0 | SKIP 0 | PASS 129 ] @ analysis-knitr-fallback, analysis
⠼ [ FAIL 0 | WARN 0 | SKIP 0 | PASS 129 ] @ analysis-knitr-fallback, analysis
⠴ [ FAIL 0 | WARN 0 | SKIP 0 | PASS 129 ] @ analysis-knitr-fallback, analysis
⠦ [ FAIL 0 | WARN 0 | SKIP 0 | PASS 129 ] @ analysis-knitr-fallback, analysis
⠧ [ FAIL 0 | WARN 0 | SKIP 0 | PASS 129 ] @ analysis-knitr-fallback, analysis
⠇ [ FAIL 0 | WARN 0 | SKIP 0 | PASS 129 ] @ analysis-knitr-fallback, analysis
⠏ [ FAIL 0 | WARN 0 | SKIP 0 | PASS 129 ] @ analysis-knitr-fallback, analysis
⠋ [ FAIL 0 | WARN 0 | SKIP 0 | PASS 129 ] @ analysis-knitr-fallback, analysis
⠙ [ FAIL 0 | WARN 0 | SKIP 0 | PASS 129 ] @ analysis-knitr-fallback, analysis
⠹ [ FAIL 0 | WARN 0 | SKIP 0 | PASS 129 ] @ analysis-knitr-fallback, analysis
⠸ [ FAIL 0 | WARN 0 | SKIP 0 | PASS 129 ] @ analysis-knitr-fallback, analysis
⠼ [ FAIL 0 | WARN 0 | SKIP 0 | PASS 129 ] @ analysis-knitr-fallback, analysis
⠴ [ FAIL 0 | WARN 0 | SKIP 0 | PASS 129 ] @ analysis-knitr-fallback, analysis
⠦ [ FAIL 0 | WARN 0 | SKIP 0 | PASS 129 ] @ analysis-knitr-fallback, analysis
⠧ [ FAIL 0 | WARN 0 | SKIP 0 | PASS 129 ] @ analysis-knitr-fallback, analysis
⠇ [ FAIL 0 | WARN 0 | SKIP 0 | PASS 129 ] @ analysis-knitr-fallback, analysis
⠏ [ FAIL 0 | WARN 0 | SKIP 0 | PASS 129 ] @ analysis-knitr-fallback, analysis
⠋ [ FAIL 0 | WARN 0 | SKIP 0 | PASS 129 ] @ analysis-knitr-fallback, analysis
⠙ [ FAIL 0 | WARN 0 | SKIP 0 | PASS 129 ] @ analysis-knitr-fallback, analysis
⠹ [ FAIL 0 | WARN 0 | SKIP 0 | PASS 129 ] @ analysis-knitr-fallback, analysis
⠸ [ FAIL 0 | WARN 0 | SKIP 0 | PASS 129 ] @ analysis-knitr-fallback, analysis
⠼ [ FAIL 0 | WARN 0 | SKIP 0 | PASS 129 ] @ analysis-knitr-fallback, analysis
⠴ [ FAIL 0 | WARN 0 | SKIP 0 | PASS 129 ] @ analysis-knitr-fallback, analysis
⠦ [ FAIL 0 | WARN 0 | SKIP 0 | PASS 129 ] @ analysis-knitr-fallback, analysis
⠧ [ FAIL 0 | WARN 0 | SKIP 0 | PASS 129 ] @ analysis-knitr-fallback, analysis
⠇ [ FAIL 0 | WARN 0 | SKIP 0 | PASS 129 ] @ analysis-knitr-fallback, analysis
⠏ [ FAIL 0 | WARN 0 | SKIP 0 | PASS 131 ] @ analysis-knitr-fallback, analysis
⠋ [ FAIL 0 | WARN 0 | SKIP 0 | PASS 131 ] @ analysis-knitr-fallback, analysis
⠙ [ FAIL 0 | WARN 0 | SKIP 0 | PASS 131 ] @ analysis-knitr-fallback, analysis
⠹ [ FAIL 0 | WARN 0 | SKIP 0 | PASS 131 ] @ analysis-knitr-fallback, analysis
⠸ [ FAIL 0 | WARN 0 | SKIP 0 | PASS 131 ] @ analysis-knitr-fallback, analysis
⠼ [ FAIL 0 | WARN 0 | SKIP 0 | PASS 131 ] @ analysis-knitr-fallback, analysis
⠴ [ FAIL 0 | WARN 0 | SKIP 0 | PASS 131 ] @ analysis-knitr-fallback, analysis
⠦ [ FAIL 0 | WARN 0 | SKIP 0 | PASS 131 ] @ analysis-knitr-fallback, analysis
⠧ [ FAIL 0 | WARN 0 | SKIP 0 | PASS 131 ] @ analysis-knitr-fallback, analysis
⠇ [ FAIL 0 | WARN 0 | SKIP 0 | PASS 131 ] @ analysis-knitr-fallback, analysis
⠏ [ FAIL 0 | WARN 0 | SKIP 0 | PASS 131 ] @ analysis-knitr-fallback, analysis
⠋ [ FAIL 0 | WARN 0 | SKIP 0 | PASS 131 ] @ analysis-knitr-fallback, analysis
⠙ [ FAIL 0 | WARN 0 | SKIP 0 | PASS 131 ] @ analysis-knitr-fallback, analysis
⠹ [ FAIL 0 | WARN 0 | SKIP 0 | PASS 131 ] @ analysis-knitr-fallback, analysis
⠸ [ FAIL 0 | WARN 0 | SKIP 0 | PASS 135 ] @ analysis-knitr-fallback, analysis
⠼ [ FAIL 0 | WARN 0 | SKIP 0 | PASS 135 ] @ analysis-knitr-fallback, analysis
⠴ [ FAIL 0 | WARN 0 | SKIP 0 | PASS 135 ] @ analysis-knitr-fallback, analysis
⠦ [ FAIL 0 | WARN 0 | SKIP 0 | PASS 135 ] @ analysis-knitr-fallback, analysis
⠧ [ FAIL 0 | WARN 0 | SKIP 0 | PASS 135 ] @ analysis-knitr-fallback, analysis
⠇ [ FAIL 0 | WARN 0 | SKIP 0 | PASS 135 ] @ analysis-knitr-fallback, analysis
⠏ [ FAIL 0 | WARN 0 | SKIP 0 | PASS 135 ] @ analysis-knitr-fallback, analysis
⠋ [ FAIL 0 | WARN 0 | SKIP 0 | PASS 135 ] @ analysis-knitr-fallback, analysis
⠙ [ FAIL 0 | WARN 0 | SKIP 0 | PASS 135 ] @ analysis-knitr-fallback, analysis
⠹ [ FAIL 0 | WARN 0 | SKIP 0 | PASS 135 ] @ analysis-knitr-fallback, analysis
⠸ [ FAIL 0 | WARN 0 | SKIP 0 | PASS 135 ] @ analysis-knitr-fallback, analysis
✔ |         15 | analysis-knitr-fallback [15.0s]

⠼ [ FAIL 0 | WARN 0 | SKIP 0 | PASS 137 ] @ analysis
✔ |         16 | basic

⠴ [ FAIL 0 | WARN 0 | SKIP 0 | PASS 153 ] @ analysis
⠦ [ FAIL 0 | WARN 0 | SKIP 0 | PASS 153 ] @ analysis
✔ |         21 | analysis [10.9s]

⠧ [ FAIL 0 | WARN 0 | SKIP 0 | PASS 165 ] @ coverage-completion
⠇ [ FAIL 0 | WARN 0 | SKIP 0 | PASS 165 ] @ coverage-completion
✔ |         14 | data-generation-edge-cases-validation

⠏ [ FAIL 0 | WARN 0 | SKIP 0 | PASS 182 ] @ coverage-completion
⠋ [ FAIL 0 | WARN 0 | SKIP 0 | PASS 182 ] @ coverage-completion
✔ |         25 | data-generation-edge-cases

⠙ [ FAIL 0 | WARN 0 | SKIP 0 | PASS 207 ] @ coverage-completion
⠹ [ FAIL 0 | WARN 0 | SKIP 0 | PASS 207 ] @ coverage-completion
✔ |         24 | data-generation

⠸ [ FAIL 0 | WARN 0 | SKIP 0 | PASS 231 ] @ coverage-completion
⠼ [ FAIL 0 | WARN 0 | SKIP 0 | PASS 231 ] @ coverage-completion
⠴ [ FAIL 0 | WARN 0 | SKIP 0 | PASS 231 ] @ coverage-completion, df-adjustment
⠦ [ FAIL 0 | WARN 0 | SKIP 0 | PASS 234 ] @ coverage-completion, df-adjustment
⠧ [ FAIL 0 | WARN 0 | SKIP 0 | PASS 234 ] @ coverage-completion, df-adjustment
⠇ [ FAIL 0 | WARN 0 | SKIP 0 | PASS 234 ] @ coverage-completion, df-adjustment
⠏ [ FAIL 0 | WARN 0 | SKIP 0 | PASS 234 ] @ coverage-completion, df-adjustment
✔ |         17 | df-adjustment

⠋ [ FAIL 0 | WARN 0 | SKIP 0 | PASS 251 ] @ coverage-completion
⠙ [ FAIL 0 | WARN 0 | SKIP 0 | PASS 251 ] @ coverage-completion
⠹ [ FAIL 0 | WARN 0 | SKIP 0 | PASS 266 ] @ coverage-completion, edge-cases
⠸ [ FAIL 0 | WARN 0 | SKIP 0 | PASS 266 ] @ coverage-completion, edge-cases
⠼ [ FAIL 0 | WARN 0 | SKIP 0 | PASS 266 ] @ coverage-completion, edge-cases
⠴ [ FAIL 0 | WARN 0 | SKIP 0 | PASS 266 ] @ coverage-completion, edge-cases
⠦ [ FAIL 0 | WARN 0 | SKIP 0 | PASS 266 ] @ coverage-completion, edge-cases
⠧ [ FAIL 0 | WARN 0 | SKIP 0 | PASS 266 ] @ coverage-completion, edge-cases
⠇ [ FAIL 0 | WARN 0 | SKIP 0 | PASS 266 ] @ coverage-completion, edge-cases
⠏ [ FAIL 0 | WARN 0 | SKIP 0 | PASS 269 ] @ coverage-completion, edge-cases
⠋ [ FAIL 0 | WARN 0 | SKIP 0 | PASS 269 ] @ coverage-completion, edge-cases
⠙ [ FAIL 0 | WARN 0 | SKIP 0 | PASS 270 ] @ coverage-completion, edge-cases
⠹ [ FAIL 0 | WARN 0 | SKIP 0 | PASS 270 ] @ coverage-completion, edge-cases
⠸ [ FAIL 0 | WARN 0 | SKIP 0 | PASS 270 ] @ coverage-completion, edge-cases
⠼ [ FAIL 0 | WARN 0 | SKIP 0 | PASS 270 ] @ coverage-completion, edge-cases
⠴ [ FAIL 0 | WARN 0 | SKIP 0 | PASS 270 ] @ coverage-completion, edge-cases
⠦ [ FAIL 0 | WARN 0 | SKIP 0 | PASS 270 ] @ coverage-completion, edge-cases
⠧ [ FAIL 0 | WARN 0 | SKIP 0 | PASS 270 ] @ coverage-completion, edge-cases
⠇ [ FAIL 0 | WARN 0 | SKIP 0 | PASS 270 ] @ coverage-completion, edge-cases
✔ |         22 | edge-cases [2.0s]

⠏ [ FAIL 0 | WARN 0 | SKIP 0 | PASS 276 ] @ coverage-completion
⠋ [ FAIL 0 | WARN 0 | SKIP 0 | PASS 276 ] @ coverage-completion
✔ |         26 | estimation-errors

⠙ [ FAIL 0 | WARN 0 | SKIP 0 | PASS 302 ] @ coverage-completion
⠹ [ FAIL 0 | WARN 0 | SKIP 0 | PASS 302 ] @ coverage-completion
⠸ [ FAIL 1 | WARN 0 | SKIP 0 | PASS 313 ] @ coverage-completion, lewbel-gmm
⠼ [ FAIL 1 | WARN 0 | SKIP 0 | PASS 317 ] @ coverage-completion, lewbel-gmm
⠴ [ FAIL 9 | WARN 0 | SKIP 0 | PASS 335 ] @ coverage-completion, lewbel-gmm
⠦ [ FAIL 9 | WARN 1 | SKIP 0 | PASS 335 ] @ coverage-completion, lewbel-gmm
⠧ [ FAIL 10 | WARN 1 | SKIP 0 | PASS 335 ] @ coverage-completion, lewbel-gmm
⠇ [ FAIL 10 | WARN 1 | SKIP 0 | PASS 335 ] @ coverage-completion, lewbel-gmm
⠏ [ FAIL 13 | WARN 1 | SKIP 0 | PASS 335 ] @ coverage-completion, lewbel-gmm
⠋ [ FAIL 13 | WARN 1 | SKIP 0 | PASS 335 ] @ coverage-completion, lewbel-gmm
⠙ [ FAIL 13 | WARN 1 | SKIP 0 | PASS 335 ] @ coverage-completion, lewbel-gmm
⠹ [ FAIL 13 | WARN 1 | SKIP 0 | PASS 335 ] @ coverage-completion, lewbel-gmm
⠸ [ FAIL 13 | WARN 1 | SKIP 0 | PASS 335 ] @ coverage-completion, lewbel-gmm
⠼ [ FAIL 13 | WARN 1 | SKIP 0 | PASS 335 ] @ coverage-completion, lewbel-gmm
⠴ [ FAIL 13 | WARN 2 | SKIP 0 | PASS 337 ] @ coverage-completion, lewbel-gmm
⠦ [ FAIL 13 | WARN 2 | SKIP 0 | PASS 337 ] @ coverage-completion, lewbel-gmm
⠧ [ FAIL 13 | WARN 2 | SKIP 0 | PASS 337 ] @ coverage-completion, lewbel-gmm
⠇ [ FAIL 13 | WARN 2 | SKIP 0 | PASS 337 ] @ coverage-completion, lewbel-gmm
⠏ [ FAIL 13 | WARN 2 | SKIP 0 | PASS 337 ] @ coverage-completion, lewbel-gmm
⠋ [ FAIL 13 | WARN 2 | SKIP 0 | PASS 337 ] @ coverage-completion, lewbel-gmm
⠙ [ FAIL 13 | WARN 2 | SKIP 0 | PASS 337 ] @ coverage-completion, lewbel-gmm
⠹ [ FAIL 13 | WARN 2 | SKIP 0 | PASS 337 ] @ coverage-completion, lewbel-gmm
⠸ [ FAIL 13 | WARN 2 | SKIP 0 | PASS 337 ] @ coverage-completion, lewbel-gmm
⠼ [ FAIL 13 | WARN 2 | SKIP 0 | PASS 337 ] @ coverage-completion, lewbel-gmm
⠴ [ FAIL 13 | WARN 2 | SKIP 0 | PASS 337 ] @ coverage-completion, lewbel-gmm
⠦ [ FAIL 13 | WARN 2 | SKIP 0 | PASS 337 ] @ coverage-completion, lewbel-gmm
⠧ [ FAIL 13 | WARN 2 | SKIP 0 | PASS 337 ] @ coverage-completion, lewbel-gmm
⠇ [ FAIL 13 | WARN 2 | SKIP 0 | PASS 337 ] @ coverage-completion, lewbel-gmm
⠏ [ FAIL 13 | WARN 2 | SKIP 0 | PASS 337 ] @ coverage-completion, lewbel-gmm
⠋ [ FAIL 13 | WARN 2 | SKIP 0 | PASS 337 ] @ coverage-completion, lewbel-gmm
⠙ [ FAIL 13 | WARN 2 | SKIP 0 | PASS 337 ] @ coverage-completion, lewbel-gmm
⠹ [ FAIL 13 | WARN 2 | SKIP 0 | PASS 337 ] @ coverage-completion, lewbel-gmm
⠸ [ FAIL 13 | WARN 2 | SKIP 0 | PASS 337 ] @ coverage-completion, lewbel-gmm
⠼ [ FAIL 13 | WARN 2 | SKIP 0 | PASS 337 ] @ coverage-completion, lewbel-gmm
⠴ [ FAIL 13 | WARN 2 | SKIP 0 | PASS 337 ] @ coverage-completion, lewbel-gmm
⠦ [ FAIL 13 | WARN 2 | SKIP 0 | PASS 337 ] @ coverage-completion, lewbel-gmm
⠧ [ FAIL 13 | WARN 2 | SKIP 0 | PASS 337 ] @ coverage-completion, lewbel-gmm
⠇ [ FAIL 13 | WARN 2 | SKIP 0 | PASS 337 ] @ coverage-completion, lewbel-gmm
⠏ [ FAIL 13 | WARN 2 | SKIP 0 | PASS 337 ] @ coverage-completion, lewbel-gmm
⠋ [ FAIL 13 | WARN 2 | SKIP 0 | PASS 337 ] @ coverage-completion, lewbel-gmm
⠙ [ FAIL 13 | WARN 2 | SKIP 0 | PASS 337 ] @ coverage-completion, lewbel-gmm
⠹ [ FAIL 13 | WARN 2 | SKIP 0 | PASS 337 ] @ coverage-completion, lewbel-gmm
⠸ [ FAIL 13 | WARN 2 | SKIP 0 | PASS 337 ] @ coverage-completion, lewbel-gmm
⠼ [ FAIL 13 | WARN 2 | SKIP 0 | PASS 337 ] @ coverage-completion, lewbel-gmm
⠴ [ FAIL 13 | WARN 2 | SKIP 0 | PASS 337 ] @ coverage-completion, lewbel-gmm
⠦ [ FAIL 13 | WARN 2 | SKIP 0 | PASS 337 ] @ coverage-completion, lewbel-gmm
⠧ [ FAIL 13 | WARN 2 | SKIP 0 | PASS 337 ] @ coverage-completion, lewbel-gmm
⠇ [ FAIL 13 | WARN 2 | SKIP 0 | PASS 337 ] @ coverage-completion, lewbel-gmm
⠏ [ FAIL 13 | WARN 2 | SKIP 0 | PASS 337 ] @ coverage-completion, lewbel-gmm
⠋ [ FAIL 13 | WARN 2 | SKIP 0 | PASS 337 ] @ coverage-completion, lewbel-gmm
⠙ [ FAIL 13 | WARN 2 | SKIP 0 | PASS 337 ] @ coverage-completion, lewbel-gmm
⠹ [ FAIL 13 | WARN 2 | SKIP 0 | PASS 337 ] @ coverage-completion, lewbel-gmm
⠸ [ FAIL 13 | WARN 2 | SKIP 0 | PASS 337 ] @ coverage-completion, lewbel-gmm
⠼ [ FAIL 13 | WARN 2 | SKIP 0 | PASS 337 ] @ coverage-completion, lewbel-gmm
⠴ [ FAIL 13 | WARN 2 | SKIP 0 | PASS 337 ] @ coverage-completion, lewbel-gmm
⠦ [ FAIL 13 | WARN 2 | SKIP 0 | PASS 337 ] @ coverage-completion, lewbel-gmm
⠧ [ FAIL 13 | WARN 2 | SKIP 0 | PASS 337 ] @ coverage-completion, lewbel-gmm
⠇ [ FAIL 13 | WARN 2 | SKIP 0 | PASS 337 ] @ coverage-completion, lewbel-gmm
⠏ [ FAIL 13 | WARN 2 | SKIP 0 | PASS 337 ] @ coverage-completion, lewbel-gmm
⠋ [ FAIL 13 | WARN 2 | SKIP 0 | PASS 337 ] @ coverage-completion, lewbel-gmm
⠙ [ FAIL 13 | WARN 2 | SKIP 0 | PASS 337 ] @ coverage-completion, lewbel-gmm
⠹ [ FAIL 13 | WARN 2 | SKIP 0 | PASS 337 ] @ coverage-completion, lewbel-gmm
⠸ [ FAIL 13 | WARN 2 | SKIP 0 | PASS 337 ] @ coverage-completion, lewbel-gmm
⠼ [ FAIL 13 | WARN 2 | SKIP 0 | PASS 337 ] @ coverage-completion, lewbel-gmm
⠴ [ FAIL 13 | WARN 2 | SKIP 0 | PASS 337 ] @ coverage-completion, lewbel-gmm
⠦ [ FAIL 13 | WARN 2 | SKIP 0 | PASS 337 ] @ coverage-completion, lewbel-gmm
⠧ [ FAIL 13 | WARN 2 | SKIP 0 | PASS 337 ] @ coverage-completion, lewbel-gmm
⠇ [ FAIL 13 | WARN 2 | SKIP 0 | PASS 337 ] @ coverage-completion, lewbel-gmm
⠏ [ FAIL 13 | WARN 2 | SKIP 0 | PASS 337 ] @ coverage-completion, lewbel-gmm
⠋ [ FAIL 13 | WARN 2 | SKIP 0 | PASS 337 ] @ coverage-completion, lewbel-gmm
⠙ [ FAIL 13 | WARN 2 | SKIP 0 | PASS 337 ] @ coverage-completion, lewbel-gmm
⠹ [ FAIL 13 | WARN 2 | SKIP 0 | PASS 337 ] @ coverage-completion, lewbel-gmm
⠸ [ FAIL 13 | WARN 2 | SKIP 0 | PASS 337 ] @ coverage-completion, lewbel-gmm
⠼ [ FAIL 13 | WARN 2 | SKIP 0 | PASS 337 ] @ coverage-completion, lewbel-gmm
⠴ [ FAIL 13 | WARN 2 | SKIP 0 | PASS 337 ] @ coverage-completion, lewbel-gmm
⠦ [ FAIL 13 | WARN 2 | SKIP 0 | PASS 337 ] @ coverage-completion, lewbel-gmm
⠧ [ FAIL 13 | WARN 2 | SKIP 0 | PASS 337 ] @ coverage-completion, lewbel-gmm
⠇ [ FAIL 13 | WARN 2 | SKIP 0 | PASS 337 ] @ coverage-completion, lewbel-gmm
⠏ [ FAIL 13 | WARN 2 | SKIP 0 | PASS 337 ] @ coverage-completion, lewbel-gmm
⠋ [ FAIL 13 | WARN 2 | SKIP 0 | PASS 337 ] @ coverage-completion, lewbel-gmm
⠙ [ FAIL 13 | WARN 2 | SKIP 0 | PASS 337 ] @ coverage-completion, lewbel-gmm
⠹ [ FAIL 13 | WARN 2 | SKIP 0 | PASS 337 ] @ coverage-completion, lewbel-gmm
⠸ [ FAIL 13 | WARN 2 | SKIP 0 | PASS 337 ] @ coverage-completion, lewbel-gmm
⠼ [ FAIL 13 | WARN 2 | SKIP 0 | PASS 337 ] @ coverage-completion, lewbel-gmm
⠴ [ FAIL 13 | WARN 2 | SKIP 0 | PASS 337 ] @ coverage-completion, lewbel-gmm
⠦ [ FAIL 13 | WARN 2 | SKIP 0 | PASS 337 ] @ coverage-completion, lewbel-gmm
⠧ [ FAIL 13 | WARN 2 | SKIP 0 | PASS 337 ] @ coverage-completion, lewbel-gmm
⠇ [ FAIL 13 | WARN 2 | SKIP 0 | PASS 337 ] @ coverage-completion, lewbel-gmm
⠏ [ FAIL 13 | WARN 2 | SKIP 0 | PASS 337 ] @ coverage-completion, lewbel-gmm
⠋ [ FAIL 13 | WARN 2 | SKIP 0 | PASS 337 ] @ coverage-completion, lewbel-gmm
⠙ [ FAIL 13 | WARN 2 | SKIP 0 | PASS 337 ] @ coverage-completion, lewbel-gmm
⠹ [ FAIL 13 | WARN 2 | SKIP 0 | PASS 337 ] @ coverage-completion, lewbel-gmm
⠸ [ FAIL 13 | WARN 2 | SKIP 0 | PASS 337 ] @ coverage-completion, lewbel-gmm
⠼ [ FAIL 13 | WARN 2 | SKIP 0 | PASS 337 ] @ coverage-completion, lewbel-gmm
⠴ [ FAIL 13 | WARN 2 | SKIP 0 | PASS 337 ] @ coverage-completion, lewbel-gmm
⠦ [ FAIL 13 | WARN 2 | SKIP 0 | PASS 337 ] @ coverage-completion, lewbel-gmm
⠧ [ FAIL 13 | WARN 2 | SKIP 0 | PASS 337 ] @ coverage-completion, lewbel-gmm
⠇ [ FAIL 13 | WARN 2 | SKIP 0 | PASS 337 ] @ coverage-completion, lewbel-gmm
⠏ [ FAIL 13 | WARN 2 | SKIP 0 | PASS 337 ] @ coverage-completion, lewbel-gmm
⠋ [ FAIL 13 | WARN 2 | SKIP 0 | PASS 337 ] @ coverage-completion, lewbel-gmm
⠙ [ FAIL 13 | WARN 2 | SKIP 0 | PASS 337 ] @ coverage-completion, lewbel-gmm
⠹ [ FAIL 13 | WARN 2 | SKIP 0 | PASS 337 ] @ coverage-completion, lewbel-gmm
⠸ [ FAIL 13 | WARN 2 | SKIP 0 | PASS 337 ] @ coverage-completion, lewbel-gmm
⠼ [ FAIL 13 | WARN 2 | SKIP 0 | PASS 337 ] @ coverage-completion, lewbel-gmm
⠴ [ FAIL 13 | WARN 2 | SKIP 0 | PASS 341 ] @ coverage-completion, lewbel-gmm
⠦ [ FAIL 13 | WARN 2 | SKIP 0 | PASS 341 ] @ coverage-completion, lewbel-gmm
⠧ [ FAIL 13 | WARN 2 | SKIP 0 | PASS 341 ] @ coverage-completion, lewbel-gmm
⠇ [ FAIL 13 | WARN 2 | SKIP 0 | PASS 341 ] @ coverage-completion, lewbel-gmm
⠏ [ FAIL 13 | WARN 2 | SKIP 0 | PASS 341 ] @ coverage-completion, lewbel-gmm
⠋ [ FAIL 13 | WARN 2 | SKIP 0 | PASS 341 ] @ coverage-completion, lewbel-gmm
⠙ [ FAIL 13 | WARN 2 | SKIP 0 | PASS 341 ] @ coverage-completion, lewbel-gmm
⠹ [ FAIL 13 | WARN 2 | SKIP 0 | PASS 341 ] @ coverage-completion, lewbel-gmm
⠸ [ FAIL 13 | WARN 2 | SKIP 0 | PASS 341 ] @ coverage-completion, lewbel-gmm
⠼ [ FAIL 13 | WARN 2 | SKIP 0 | PASS 341 ] @ coverage-completion, lewbel-gmm
⠴ [ FAIL 13 | WARN 2 | SKIP 0 | PASS 341 ] @ coverage-completion, lewbel-gmm
⠦ [ FAIL 13 | WARN 2 | SKIP 0 | PASS 343 ] @ coverage-completion, lewbel-gmm
⠧ [ FAIL 13 | WARN 2 | SKIP 0 | PASS 343 ] @ coverage-completion, lewbel-gmm
⠇ [ FAIL 13 | WARN 2 | SKIP 0 | PASS 343 ] @ coverage-completion, lewbel-gmm
⠏ [ FAIL 13 | WARN 2 | SKIP 0 | PASS 343 ] @ coverage-completion, lewbel-gmm
⠋ [ FAIL 13 | WARN 2 | SKIP 0 | PASS 343 ] @ coverage-completion, lewbel-gmm
⠙ [ FAIL 13 | WARN 2 | SKIP 0 | PASS 343 ] @ coverage-completion, lewbel-gmm
⠹ [ FAIL 13 | WARN 2 | SKIP 0 | PASS 343 ] @ coverage-completion, lewbel-gmm
⠸ [ FAIL 13 | WARN 2 | SKIP 0 | PASS 343 ] @ coverage-completion, lewbel-gmm
⠼ [ FAIL 13 | WARN 2 | SKIP 0 | PASS 343 ] @ coverage-completion, lewbel-gmm
⠴ [ FAIL 13 | WARN 2 | SKIP 0 | PASS 343 ] @ coverage-completion, lewbel-gmm
⠦ [ FAIL 13 | WARN 2 | SKIP 0 | PASS 343 ] @ coverage-completion, lewbel-gmm
⠧ [ FAIL 13 | WARN 2 | SKIP 0 | PASS 343 ] @ coverage-completion, lewbel-gmm
⠇ [ FAIL 13 | WARN 2 | SKIP 0 | PASS 343 ] @ coverage-completion, lewbel-gmm
⠏ [ FAIL 13 | WARN 2 | SKIP 0 | PASS 343 ] @ coverage-completion, lewbel-gmm
⠋ [ FAIL 13 | WARN 2 | SKIP 0 | PASS 343 ] @ coverage-completion, lewbel-gmm
⠙ [ FAIL 13 | WARN 2 | SKIP 0 | PASS 343 ] @ coverage-completion, lewbel-gmm
⠹ [ FAIL 13 | WARN 2 | SKIP 0 | PASS 343 ] @ coverage-completion, lewbel-gmm
⠸ [ FAIL 13 | WARN 2 | SKIP 0 | PASS 343 ] @ coverage-completion, lewbel-gmm
⠼ [ FAIL 13 | WARN 2 | SKIP 0 | PASS 343 ] @ coverage-completion, lewbel-gmm
⠴ [ FAIL 13 | WARN 2 | SKIP 0 | PASS 343 ] @ coverage-completion, lewbel-gmm
⠦ [ FAIL 13 | WARN 2 | SKIP 0 | PASS 343 ] @ coverage-completion, lewbel-gmm
⠧ [ FAIL 13 | WARN 2 | SKIP 0 | PASS 343 ] @ coverage-completion, lewbel-gmm
⠇ [ FAIL 13 | WARN 2 | SKIP 0 | PASS 343 ] @ coverage-completion, lewbel-gmm
⠏ [ FAIL 13 | WARN 2 | SKIP 0 | PASS 343 ] @ coverage-completion, lewbel-gmm
⠋ [ FAIL 13 | WARN 2 | SKIP 0 | PASS 343 ] @ coverage-completion, lewbel-gmm
⠙ [ FAIL 13 | WARN 2 | SKIP 0 | PASS 343 ] @ coverage-completion, lewbel-gmm
⠹ [ FAIL 13 | WARN 2 | SKIP 0 | PASS 343 ] @ coverage-completion, lewbel-gmm
⠸ [ FAIL 13 | WARN 2 | SKIP 0 | PASS 343 ] @ coverage-completion, lewbel-gmm
⠼ [ FAIL 13 | WARN 2 | SKIP 0 | PASS 343 ] @ coverage-completion, lewbel-gmm
⠴ [ FAIL 13 | WARN 2 | SKIP 0 | PASS 343 ] @ coverage-completion, lewbel-gmm
⠦ [ FAIL 13 | WARN 2 | SKIP 0 | PASS 343 ] @ coverage-completion, lewbel-gmm
⠧ [ FAIL 13 | WARN 2 | SKIP 0 | PASS 343 ] @ coverage-completion, lewbel-gmm
⠇ [ FAIL 13 | WARN 2 | SKIP 0 | PASS 343 ] @ coverage-completion, lewbel-gmm
⠏ [ FAIL 13 | WARN 2 | SKIP 0 | PASS 343 ] @ coverage-completion, lewbel-gmm
⠋ [ FAIL 13 | WARN 2 | SKIP 0 | PASS 343 ] @ coverage-completion, lewbel-gmm
⠙ [ FAIL 13 | WARN 2 | SKIP 0 | PASS 343 ] @ coverage-completion, lewbel-gmm
⠹ [ FAIL 13 | WARN 2 | SKIP 0 | PASS 343 ] @ coverage-completion, lewbel-gmm
⠸ [ FAIL 13 | WARN 2 | SKIP 0 | PASS 343 ] @ coverage-completion, lewbel-gmm
⠼ [ FAIL 13 | WARN 2 | SKIP 0 | PASS 343 ] @ coverage-completion, lewbel-gmm
⠴ [ FAIL 13 | WARN 2 | SKIP 0 | PASS 343 ] @ coverage-completion, lewbel-gmm
⠦ [ FAIL 13 | WARN 2 | SKIP 0 | PASS 343 ] @ coverage-completion, lewbel-gmm
⠧ [ FAIL 13 | WARN 2 | SKIP 0 | PASS 343 ] @ coverage-completion, lewbel-gmm
⠇ [ FAIL 13 | WARN 2 | SKIP 0 | PASS 343 ] @ coverage-completion, lewbel-gmm
⠏ [ FAIL 13 | WARN 2 | SKIP 0 | PASS 343 ] @ coverage-completion, lewbel-gmm
⠋ [ FAIL 13 | WARN 2 | SKIP 0 | PASS 343 ] @ coverage-completion, lewbel-gmm
⠙ [ FAIL 13 | WARN 2 | SKIP 0 | PASS 343 ] @ coverage-completion, lewbel-gmm
⠹ [ FAIL 13 | WARN 2 | SKIP 0 | PASS 343 ] @ coverage-completion, lewbel-gmm
⠸ [ FAIL 13 | WARN 2 | SKIP 0 | PASS 343 ] @ coverage-completion, lewbel-gmm
⠼ [ FAIL 13 | WARN 2 | SKIP 0 | PASS 343 ] @ coverage-completion, lewbel-gmm
⠴ [ FAIL 13 | WARN 2 | SKIP 0 | PASS 343 ] @ coverage-completion, lewbel-gmm
⠦ [ FAIL 13 | WARN 2 | SKIP 0 | PASS 343 ] @ coverage-completion, lewbel-gmm
⠧ [ FAIL 13 | WARN 2 | SKIP 0 | PASS 343 ] @ coverage-completion, lewbel-gmm
⠇ [ FAIL 13 | WARN 2 | SKIP 0 | PASS 343 ] @ coverage-completion, lewbel-gmm
⠏ [ FAIL 13 | WARN 2 | SKIP 0 | PASS 343 ] @ coverage-completion, lewbel-gmm
⠋ [ FAIL 13 | WARN 2 | SKIP 0 | PASS 343 ] @ coverage-completion, lewbel-gmm
⠙ [ FAIL 13 | WARN 2 | SKIP 0 | PASS 343 ] @ coverage-completion, lewbel-gmm
⠹ [ FAIL 13 | WARN 2 | SKIP 0 | PASS 343 ] @ coverage-completion, lewbel-gmm
⠸ [ FAIL 13 | WARN 2 | SKIP 0 | PASS 343 ] @ coverage-completion, lewbel-gmm
⠼ [ FAIL 13 | WARN 2 | SKIP 0 | PASS 343 ] @ coverage-completion, lewbel-gmm
⠴ [ FAIL 13 | WARN 2 | SKIP 0 | PASS 343 ] @ coverage-completion, lewbel-gmm
⠦ [ FAIL 13 | WARN 2 | SKIP 0 | PASS 343 ] @ coverage-completion, lewbel-gmm
⠧ [ FAIL 13 | WARN 2 | SKIP 0 | PASS 343 ] @ coverage-completion, lewbel-gmm
⠇ [ FAIL 13 | WARN 2 | SKIP 0 | PASS 343 ] @ coverage-completion, lewbel-gmm
⠏ [ FAIL 13 | WARN 2 | SKIP 0 | PASS 343 ] @ coverage-completion, lewbel-gmm
⠋ [ FAIL 13 | WARN 2 | SKIP 0 | PASS 343 ] @ coverage-completion, lewbel-gmm
⠙ [ FAIL 13 | WARN 2 | SKIP 0 | PASS 343 ] @ coverage-completion, lewbel-gmm
⠹ [ FAIL 13 | WARN 2 | SKIP 0 | PASS 343 ] @ coverage-completion, lewbel-gmm
⠸ [ FAIL 13 | WARN 2 | SKIP 0 | PASS 343 ] @ coverage-completion, lewbel-gmm
⠼ [ FAIL 13 | WARN 2 | SKIP 0 | PASS 343 ] @ coverage-completion, lewbel-gmm
⠴ [ FAIL 13 | WARN 2 | SKIP 0 | PASS 343 ] @ coverage-completion, lewbel-gmm
⠦ [ FAIL 13 | WARN 2 | SKIP 0 | PASS 343 ] @ coverage-completion, lewbel-gmm
⠧ [ FAIL 13 | WARN 2 | SKIP 0 | PASS 343 ] @ coverage-completion, lewbel-gmm
⠇ [ FAIL 13 | WARN 2 | SKIP 0 | PASS 343 ] @ coverage-completion, lewbel-gmm
⠏ [ FAIL 13 | WARN 2 | SKIP 0 | PASS 343 ] @ coverage-completion, lewbel-gmm
⠋ [ FAIL 13 | WARN 2 | SKIP 0 | PASS 343 ] @ coverage-completion, lewbel-gmm
⠙ [ FAIL 13 | WARN 2 | SKIP 0 | PASS 343 ] @ coverage-completion, lewbel-gmm
⠹ [ FAIL 13 | WARN 2 | SKIP 0 | PASS 343 ] @ coverage-completion, lewbel-gmm
⠸ [ FAIL 13 | WARN 2 | SKIP 0 | PASS 343 ] @ coverage-completion, lewbel-gmm
⠼ [ FAIL 13 | WARN 2 | SKIP 0 | PASS 343 ] @ coverage-completion, lewbel-gmm
⠴ [ FAIL 13 | WARN 2 | SKIP 0 | PASS 343 ] @ coverage-completion, lewbel-gmm
⠦ [ FAIL 13 | WARN 2 | SKIP 0 | PASS 343 ] @ coverage-completion, lewbel-gmm
⠧ [ FAIL 13 | WARN 2 | SKIP 0 | PASS 343 ] @ coverage-completion, lewbel-gmm
⠇ [ FAIL 13 | WARN 2 | SKIP 0 | PASS 343 ] @ coverage-completion, lewbel-gmm
⠏ [ FAIL 13 | WARN 2 | SKIP 0 | PASS 343 ] @ coverage-completion, lewbel-gmm
⠋ [ FAIL 13 | WARN 2 | SKIP 0 | PASS 343 ] @ coverage-completion, lewbel-gmm
⠙ [ FAIL 13 | WARN 2 | SKIP 0 | PASS 343 ] @ coverage-completion, lewbel-gmm
⠹ [ FAIL 13 | WARN 2 | SKIP 0 | PASS 343 ] @ coverage-completion, lewbel-gmm
⠸ [ FAIL 13 | WARN 2 | SKIP 0 | PASS 343 ] @ coverage-completion, lewbel-gmm
⠼ [ FAIL 13 | WARN 2 | SKIP 0 | PASS 343 ] @ coverage-completion, lewbel-gmm
⠴ [ FAIL 13 | WARN 2 | SKIP 0 | PASS 343 ] @ coverage-completion, lewbel-gmm
⠦ [ FAIL 13 | WARN 2 | SKIP 0 | PASS 343 ] @ coverage-completion, lewbel-gmm
⠧ [ FAIL 13 | WARN 2 | SKIP 0 | PASS 343 ] @ coverage-completion, lewbel-gmm
⠇ [ FAIL 13 | WARN 2 | SKIP 0 | PASS 343 ] @ coverage-completion, lewbel-gmm
⠏ [ FAIL 13 | WARN 2 | SKIP 0 | PASS 343 ] @ coverage-completion, lewbel-gmm
⠋ [ FAIL 13 | WARN 2 | SKIP 0 | PASS 343 ] @ coverage-completion, lewbel-gmm
⠙ [ FAIL 13 | WARN 2 | SKIP 0 | PASS 343 ] @ coverage-completion, lewbel-gmm
⠹ [ FAIL 13 | WARN 2 | SKIP 0 | PASS 343 ] @ coverage-completion, lewbel-gmm
⠸ [ FAIL 13 | WARN 2 | SKIP 0 | PASS 343 ] @ coverage-completion, lewbel-gmm
⠼ [ FAIL 13 | WARN 2 | SKIP 0 | PASS 343 ] @ coverage-completion, lewbel-gmm
⠴ [ FAIL 13 | WARN 2 | SKIP 0 | PASS 343 ] @ coverage-completion, lewbel-gmm
⠦ [ FAIL 13 | WARN 2 | SKIP 0 | PASS 343 ] @ coverage-completion, lewbel-gmm
✔ |         38 | coverage-completion [26.4s]

⠧ [ FAIL 13 | WARN 2 | SKIP 0 | PASS 355 ] @ lewbel-gmm
⠇ [ FAIL 13 | WARN 2 | SKIP 0 | PASS 355 ] @ lewbel-gmm
⠏ [ FAIL 13 | WARN 2 | SKIP 0 | PASS 355 ] @ lewbel-gmm, lewbel-remote
⠋ [ FAIL 13 | WARN 2 | SKIP 0 | PASS 355 ] @ lewbel-gmm, lewbel-remote
⠙ [ FAIL 13 | WARN 2 | SKIP 0 | PASS 355 ] @ lewbel-gmm, lewbel-remote
⠹ [ FAIL 13 | WARN 2 | SKIP 0 | PASS 357 ] @ lewbel-gmm, lewbel-remote
✔ |   1     12 | lewbel-remote
────────────────────────────────────────────────────────────────────────────────
Warning ('test-lewbel-remote.R:77:5'): hetid works on simulated UK Engel curve-like data
A studentized Breusch-Pagan test (lntotalexp ~ age) indicates at a 95% confidence level that the assumption of heteroscedasticity for the variable is not satisfied (p-value: 0.1048). The instrument built from it therefore is weak.
Backtrace:
    ▆
 1. └─REndo::hetErrorsIV(...) at test-lewbel-remote.R:77:5
 2.   └─REndo:::hetErrorsIV_IIV(F.formula = F.formula, data = data, verbose = verbose)
────────────────────────────────────────────────────────────────────────────────

⠸ [ FAIL 13 | WARN 3 | SKIP 0 | PASS 367 ] @ lewbel-gmm
⠼ [ FAIL 13 | WARN 3 | SKIP 0 | PASS 367 ] @ lewbel-gmm
✔ |         24 | lewbel-validation

⠴ [ FAIL 13 | WARN 3 | SKIP 0 | PASS 391 ] @ lewbel-gmm
⠦ [ FAIL 13 | WARN 3 | SKIP 0 | PASS 391 ] @ lewbel-gmm
✔ |         30 | lewbel-vs-rendo

⠧ [ FAIL 13 | WARN 3 | SKIP 0 | PASS 421 ] @ lewbel-gmm
⠇ [ FAIL 13 | WARN 3 | SKIP 0 | PASS 421 ] @ lewbel-gmm
⠏ [ FAIL 13 | WARN 3 | SKIP 0 | PASS 421 ] @ lewbel-gmm, lewbel-vs-stata
⠋ [ FAIL 13 | WARN 3 | SKIP 0 | PASS 421 ] @ lewbel-gmm, lewbel-vs-stata
⠙ [ FAIL 13 | WARN 3 | SKIP 0 | PASS 421 ] @ lewbel-gmm, lewbel-vs-stata
⠹ [ FAIL 13 | WARN 3 | SKIP 0 | PASS 421 ] @ lewbel-gmm, lewbel-vs-stata
⠸ [ FAIL 13 | WARN 3 | SKIP 0 | PASS 421 ] @ lewbel-gmm, lewbel-vs-stata
⠼ [ FAIL 13 | WARN 3 | SKIP 0 | PASS 423 ] @ lewbel-gmm, lewbel-vs-stata
⠴ [ FAIL 13 | WARN 3 | SKIP 0 | PASS 423 ] @ lewbel-gmm, lewbel-vs-stata
⠦ [ FAIL 13 | WARN 3 | SKIP 0 | PASS 423 ] @ lewbel-gmm, lewbel-vs-stata
✔ |         10 | lewbel-vs-stata

⠧ [ FAIL 13 | WARN 3 | SKIP 0 | PASS 431 ] @ lewbel-gmm
⠇ [ FAIL 13 | WARN 3 | SKIP 0 | PASS 431 ] @ lewbel-gmm
✔ |         13 | messager

⠏ [ FAIL 13 | WARN 3 | SKIP 0 | PASS 444 ] @ lewbel-gmm
⠋ [ FAIL 13 | WARN 3 | SKIP 0 | PASS 444 ] @ lewbel-gmm
⠙ [ FAIL 13 | WARN 3 | SKIP 0 | PASS 450 ] @ lewbel-gmm, prono
⠹ [ FAIL 13 | WARN 3 | SKIP 0 | PASS 450 ] @ lewbel-gmm, prono
⠸ [ FAIL 13 | WARN 3 | SKIP 0 | PASS 450 ] @ lewbel-gmm, prono
⠼ [ FAIL 13 | WARN 3 | SKIP 0 | PASS 450 ] @ lewbel-gmm, prono
⠴ [ FAIL 13 | WARN 3 | SKIP 0 | PASS 450 ] @ lewbel-gmm, prono
⠦ [ FAIL 13 | WARN 3 | SKIP 0 | PASS 464 ] @ lewbel-gmm, prono
⠧ [ FAIL 13 | WARN 3 | SKIP 0 | PASS 464 ] @ lewbel-gmm, prono
⠇ [ FAIL 13 | WARN 3 | SKIP 0 | PASS 464 ] @ lewbel-gmm, prono
⠏ [ FAIL 13 | WARN 3 | SKIP 0 | PASS 468 ] @ lewbel-gmm, prono
⠋ [ FAIL 13 | WARN 3 | SKIP 0 | PASS 468 ] @ lewbel-gmm, prono
⠙ [ FAIL 13 | WARN 3 | SKIP 0 | PASS 468 ] @ lewbel-gmm, prono
⠹ [ FAIL 13 | WARN 3 | SKIP 0 | PASS 468 ] @ lewbel-gmm, prono
⠸ [ FAIL 13 | WARN 3 | SKIP 0 | PASS 468 ] @ lewbel-gmm, prono
⠼ [ FAIL 13 | WARN 3 | SKIP 0 | PASS 468 ] @ lewbel-gmm, prono
⠴ [ FAIL 13 | WARN 3 | SKIP 0 | PASS 468 ] @ lewbel-gmm, prono
⠦ [ FAIL 13 | WARN 3 | SKIP 0 | PASS 468 ] @ lewbel-gmm, prono
⠧ [ FAIL 13 | WARN 3 | SKIP 0 | PASS 468 ] @ lewbel-gmm, prono
⠇ [ FAIL 13 | WARN 3 | SKIP 0 | PASS 468 ] @ lewbel-gmm, prono
⠏ [ FAIL 13 | WARN 3 | SKIP 0 | PASS 468 ] @ lewbel-gmm, prono
⠋ [ FAIL 13 | WARN 3 | SKIP 0 | PASS 468 ] @ lewbel-gmm, prono
⠙ [ FAIL 13 | WARN 3 | SKIP 0 | PASS 468 ] @ lewbel-gmm, prono
⠹ [ FAIL 13 | WARN 3 | SKIP 0 | PASS 468 ] @ lewbel-gmm, prono
⠸ [ FAIL 13 | WARN 3 | SKIP 0 | PASS 468 ] @ lewbel-gmm, prono
⠼ [ FAIL 13 | WARN 3 | SKIP 0 | PASS 468 ] @ lewbel-gmm, prono
⠴ [ FAIL 13 | WARN 3 | SKIP 0 | PASS 468 ] @ lewbel-gmm, prono
⠦ [ FAIL 13 | WARN 3 | SKIP 0 | PASS 468 ] @ lewbel-gmm, prono
⠧ [ FAIL 13 | WARN 3 | SKIP 0 | PASS 468 ] @ lewbel-gmm, prono
⠇ [ FAIL 13 | WARN 3 | SKIP 0 | PASS 468 ] @ lewbel-gmm, prono
⠏ [ FAIL 13 | WARN 3 | SKIP 0 | PASS 468 ] @ lewbel-gmm, prono
⠋ [ FAIL 13 | WARN 3 | SKIP 0 | PASS 468 ] @ lewbel-gmm, prono
⠙ [ FAIL 13 | WARN 3 | SKIP 0 | PASS 468 ] @ lewbel-gmm, prono
⠹ [ FAIL 13 | WARN 3 | SKIP 0 | PASS 468 ] @ lewbel-gmm, prono
⠸ [ FAIL 13 | WARN 3 | SKIP 0 | PASS 468 ] @ lewbel-gmm, prono
⠼ [ FAIL 13 | WARN 3 | SKIP 0 | PASS 468 ] @ lewbel-gmm, prono
⠴ [ FAIL 13 | WARN 3 | SKIP 0 | PASS 468 ] @ lewbel-gmm, prono
⠦ [ FAIL 13 | WARN 3 | SKIP 0 | PASS 468 ] @ lewbel-gmm, prono
⠧ [ FAIL 13 | WARN 3 | SKIP 0 | PASS 468 ] @ lewbel-gmm, prono
⠇ [ FAIL 13 | WARN 3 | SKIP 0 | PASS 468 ] @ lewbel-gmm, prono
⠏ [ FAIL 13 | WARN 3 | SKIP 0 | PASS 468 ] @ lewbel-gmm, prono
⠋ [ FAIL 13 | WARN 3 | SKIP 0 | PASS 468 ] @ lewbel-gmm, prono
⠙ [ FAIL 13 | WARN 3 | SKIP 0 | PASS 468 ] @ lewbel-gmm, prono
⠹ [ FAIL 13 | WARN 3 | SKIP 0 | PASS 468 ] @ lewbel-gmm, prono
⠸ [ FAIL 13 | WARN 3 | SKIP 0 | PASS 468 ] @ lewbel-gmm, prono
⠼ [ FAIL 13 | WARN 3 | SKIP 0 | PASS 468 ] @ lewbel-gmm, prono
⠴ [ FAIL 13 | WARN 3 | SKIP 0 | PASS 468 ] @ lewbel-gmm, prono
⠦ [ FAIL 13 | WARN 3 | SKIP 0 | PASS 468 ] @ lewbel-gmm, prono
⠧ [ FAIL 13 | WARN 3 | SKIP 0 | PASS 468 ] @ lewbel-gmm, prono
⠇ [ FAIL 13 | WARN 3 | SKIP 0 | PASS 468 ] @ lewbel-gmm, prono
⠏ [ FAIL 13 | WARN 3 | SKIP 0 | PASS 468 ] @ lewbel-gmm, prono
⠋ [ FAIL 13 | WARN 3 | SKIP 0 | PASS 468 ] @ lewbel-gmm, prono
⠙ [ FAIL 13 | WARN 3 | SKIP 0 | PASS 468 ] @ lewbel-gmm, prono
⠹ [ FAIL 13 | WARN 3 | SKIP 0 | PASS 468 ] @ lewbel-gmm, prono
⠸ [ FAIL 13 | WARN 3 | SKIP 0 | PASS 468 ] @ lewbel-gmm, prono
⠼ [ FAIL 13 | WARN 3 | SKIP 0 | PASS 468 ] @ lewbel-gmm, prono
⠴ [ FAIL 13 | WARN 3 | SKIP 0 | PASS 468 ] @ lewbel-gmm, prono
⠦ [ FAIL 13 | WARN 3 | SKIP 0 | PASS 468 ] @ lewbel-gmm, prono
⠧ [ FAIL 13 | WARN 3 | SKIP 0 | PASS 468 ] @ lewbel-gmm, prono
⠇ [ FAIL 13 | WARN 3 | SKIP 0 | PASS 468 ] @ lewbel-gmm, prono
⠏ [ FAIL 13 | WARN 3 | SKIP 0 | PASS 472 ] @ lewbel-gmm, prono
⠋ [ FAIL 13 | WARN 3 | SKIP 0 | PASS 472 ] @ lewbel-gmm, prono
⠙ [ FAIL 13 | WARN 3 | SKIP 0 | PASS 472 ] @ lewbel-gmm, prono
⠹ [ FAIL 13 | WARN 3 | SKIP 0 | PASS 472 ] @ lewbel-gmm, prono
⠸ [ FAIL 13 | WARN 3 | SKIP 0 | PASS 472 ] @ lewbel-gmm, prono
⠼ [ FAIL 13 | WARN 3 | SKIP 0 | PASS 472 ] @ lewbel-gmm, prono
⠴ [ FAIL 13 | WARN 3 | SKIP 0 | PASS 472 ] @ lewbel-gmm, prono
⠦ [ FAIL 13 | WARN 3 | SKIP 0 | PASS 472 ] @ lewbel-gmm, prono
⠧ [ FAIL 13 | WARN 3 | SKIP 0 | PASS 472 ] @ lewbel-gmm, prono
⠇ [ FAIL 13 | WARN 3 | SKIP 0 | PASS 472 ] @ lewbel-gmm, prono
⠏ [ FAIL 13 | WARN 3 | SKIP 0 | PASS 472 ] @ lewbel-gmm, prono
⠋ [ FAIL 13 | WARN 3 | SKIP 0 | PASS 472 ] @ lewbel-gmm, prono
⠙ [ FAIL 13 | WARN 3 | SKIP 0 | PASS 472 ] @ lewbel-gmm, prono
⠹ [ FAIL 13 | WARN 3 | SKIP 0 | PASS 472 ] @ lewbel-gmm, prono
⠸ [ FAIL 13 | WARN 3 | SKIP 0 | PASS 472 ] @ lewbel-gmm, prono
⠼ [ FAIL 13 | WARN 3 | SKIP 0 | PASS 472 ] @ lewbel-gmm, prono
⠴ [ FAIL 13 | WARN 3 | SKIP 0 | PASS 472 ] @ lewbel-gmm, prono
⠦ [ FAIL 13 | WARN 3 | SKIP 0 | PASS 472 ] @ lewbel-gmm, prono
⠧ [ FAIL 13 | WARN 3 | SKIP 0 | PASS 472 ] @ lewbel-gmm, prono
⠇ [ FAIL 13 | WARN 3 | SKIP 0 | PASS 472 ] @ lewbel-gmm, prono
⠏ [ FAIL 13 | WARN 3 | SKIP 0 | PASS 472 ] @ lewbel-gmm, prono
⠋ [ FAIL 13 | WARN 3 | SKIP 0 | PASS 472 ] @ lewbel-gmm, prono
⠙ [ FAIL 13 | WARN 3 | SKIP 0 | PASS 472 ] @ lewbel-gmm, prono
⠹ [ FAIL 13 | WARN 3 | SKIP 0 | PASS 472 ] @ lewbel-gmm, prono
⠸ [ FAIL 13 | WARN 3 | SKIP 0 | PASS 472 ] @ lewbel-gmm, prono
⠼ [ FAIL 13 | WARN 3 | SKIP 0 | PASS 472 ] @ lewbel-gmm, prono
⠴ [ FAIL 13 | WARN 3 | SKIP 0 | PASS 472 ] @ lewbel-gmm, prono
⠦ [ FAIL 13 | WARN 3 | SKIP 0 | PASS 472 ] @ lewbel-gmm, prono
⠧ [ FAIL 13 | WARN 3 | SKIP 0 | PASS 472 ] @ lewbel-gmm, prono
⠇ [ FAIL 13 | WARN 3 | SKIP 0 | PASS 472 ] @ lewbel-gmm, prono
⠏ [ FAIL 13 | WARN 3 | SKIP 0 | PASS 472 ] @ lewbel-gmm, prono
⠋ [ FAIL 13 | WARN 3 | SKIP 0 | PASS 472 ] @ lewbel-gmm, prono
⠙ [ FAIL 13 | WARN 3 | SKIP 0 | PASS 472 ] @ lewbel-gmm, prono
⠹ [ FAIL 13 | WARN 3 | SKIP 0 | PASS 472 ] @ lewbel-gmm, prono
⠸ [ FAIL 13 | WARN 3 | SKIP 0 | PASS 472 ] @ lewbel-gmm, prono
⠼ [ FAIL 13 | WARN 3 | SKIP 0 | PASS 472 ] @ lewbel-gmm, prono
⠴ [ FAIL 13 | WARN 3 | SKIP 0 | PASS 472 ] @ lewbel-gmm, prono
⠦ [ FAIL 13 | WARN 3 | SKIP 0 | PASS 472 ] @ lewbel-gmm, prono
⠧ [ FAIL 13 | WARN 3 | SKIP 0 | PASS 472 ] @ lewbel-gmm, prono
⠇ [ FAIL 13 | WARN 3 | SKIP 0 | PASS 472 ] @ lewbel-gmm, prono
⠏ [ FAIL 13 | WARN 3 | SKIP 0 | PASS 472 ] @ lewbel-gmm, prono
⠋ [ FAIL 13 | WARN 3 | SKIP 0 | PASS 472 ] @ lewbel-gmm, prono
⠙ [ FAIL 13 | WARN 3 | SKIP 0 | PASS 472 ] @ lewbel-gmm, prono
⠹ [ FAIL 13 | WARN 3 | SKIP 0 | PASS 472 ] @ lewbel-gmm, prono
⠸ [ FAIL 13 | WARN 3 | SKIP 0 | PASS 472 ] @ lewbel-gmm, prono
⠼ [ FAIL 13 | WARN 3 | SKIP 0 | PASS 472 ] @ lewbel-gmm, prono
⠴ [ FAIL 13 | WARN 3 | SKIP 0 | PASS 472 ] @ lewbel-gmm, prono
⠦ [ FAIL 13 | WARN 3 | SKIP 0 | PASS 472 ] @ lewbel-gmm, prono
⠧ [ FAIL 13 | WARN 3 | SKIP 0 | PASS 472 ] @ lewbel-gmm, prono
⠇ [ FAIL 13 | WARN 3 | SKIP 0 | PASS 472 ] @ lewbel-gmm, prono
⠏ [ FAIL 13 | WARN 3 | SKIP 0 | PASS 472 ] @ lewbel-gmm, prono
⠋ [ FAIL 13 | WARN 3 | SKIP 0 | PASS 472 ] @ lewbel-gmm, prono
⠙ [ FAIL 13 | WARN 3 | SKIP 0 | PASS 472 ] @ lewbel-gmm, prono
⠹ [ FAIL 13 | WARN 3 | SKIP 0 | PASS 472 ] @ lewbel-gmm, prono
⠸ [ FAIL 13 | WARN 3 | SKIP 0 | PASS 472 ] @ lewbel-gmm, prono
⠼ [ FAIL 13 | WARN 3 | SKIP 0 | PASS 472 ] @ lewbel-gmm, prono
⠴ [ FAIL 13 | WARN 3 | SKIP 0 | PASS 472 ] @ lewbel-gmm, prono
⠦ [ FAIL 13 | WARN 3 | SKIP 0 | PASS 472 ] @ lewbel-gmm, prono
⠧ [ FAIL 13 | WARN 3 | SKIP 0 | PASS 472 ] @ lewbel-gmm, prono
⠇ [ FAIL 13 | WARN 3 | SKIP 0 | PASS 472 ] @ lewbel-gmm, prono
⠏ [ FAIL 13 | WARN 3 | SKIP 0 | PASS 472 ] @ lewbel-gmm, prono
⠋ [ FAIL 13 | WARN 3 | SKIP 0 | PASS 472 ] @ lewbel-gmm, prono
⠙ [ FAIL 13 | WARN 3 | SKIP 0 | PASS 472 ] @ lewbel-gmm, prono
⠹ [ FAIL 13 | WARN 3 | SKIP 0 | PASS 472 ] @ lewbel-gmm, prono
⠸ [ FAIL 13 | WARN 3 | SKIP 0 | PASS 472 ] @ lewbel-gmm, prono
⠼ [ FAIL 13 | WARN 3 | SKIP 0 | PASS 472 ] @ lewbel-gmm, prono
⠴ [ FAIL 13 | WARN 3 | SKIP 0 | PASS 472 ] @ lewbel-gmm, prono
⠦ [ FAIL 13 | WARN 3 | SKIP 0 | PASS 472 ] @ lewbel-gmm, prono
⠧ [ FAIL 13 | WARN 3 | SKIP 0 | PASS 472 ] @ lewbel-gmm, prono
⠇ [ FAIL 13 | WARN 3 | SKIP 0 | PASS 472 ] @ lewbel-gmm, prono
⠏ [ FAIL 13 | WARN 3 | SKIP 0 | PASS 472 ] @ lewbel-gmm, prono
⠋ [ FAIL 13 | WARN 3 | SKIP 0 | PASS 472 ] @ lewbel-gmm, prono
⠙ [ FAIL 13 | WARN 3 | SKIP 0 | PASS 472 ] @ lewbel-gmm, prono
⠹ [ FAIL 13 | WARN 3 | SKIP 0 | PASS 472 ] @ lewbel-gmm, prono
⠸ [ FAIL 13 | WARN 3 | SKIP 0 | PASS 472 ] @ lewbel-gmm, prono
⠼ [ FAIL 13 | WARN 3 | SKIP 0 | PASS 472 ] @ lewbel-gmm, prono
⠴ [ FAIL 13 | WARN 3 | SKIP 0 | PASS 472 ] @ lewbel-gmm, prono
⠦ [ FAIL 13 | WARN 3 | SKIP 0 | PASS 472 ] @ lewbel-gmm, prono
⠧ [ FAIL 13 | WARN 3 | SKIP 0 | PASS 472 ] @ lewbel-gmm, prono
⠇ [ FAIL 13 | WARN 3 | SKIP 0 | PASS 472 ] @ lewbel-gmm, prono
⠏ [ FAIL 13 | WARN 3 | SKIP 0 | PASS 472 ] @ lewbel-gmm, prono
⠋ [ FAIL 13 | WARN 3 | SKIP 0 | PASS 472 ] @ lewbel-gmm, prono
⠙ [ FAIL 13 | WARN 3 | SKIP 0 | PASS 472 ] @ lewbel-gmm, prono
⠹ [ FAIL 13 | WARN 3 | SKIP 0 | PASS 472 ] @ lewbel-gmm, prono
⠸ [ FAIL 13 | WARN 3 | SKIP 0 | PASS 472 ] @ lewbel-gmm, prono
⠼ [ FAIL 13 | WARN 3 | SKIP 0 | PASS 472 ] @ lewbel-gmm, prono
⠴ [ FAIL 13 | WARN 3 | SKIP 0 | PASS 472 ] @ lewbel-gmm, prono
⠦ [ FAIL 13 | WARN 3 | SKIP 0 | PASS 472 ] @ lewbel-gmm, prono
⠧ [ FAIL 13 | WARN 3 | SKIP 0 | PASS 472 ] @ lewbel-gmm, prono
⠇ [ FAIL 13 | WARN 3 | SKIP 0 | PASS 472 ] @ lewbel-gmm, prono
⠏ [ FAIL 13 | WARN 3 | SKIP 0 | PASS 472 ] @ lewbel-gmm, prono
⠋ [ FAIL 13 | WARN 3 | SKIP 0 | PASS 472 ] @ lewbel-gmm, prono
⠙ [ FAIL 13 | WARN 3 | SKIP 0 | PASS 472 ] @ lewbel-gmm, prono
⠹ [ FAIL 13 | WARN 3 | SKIP 0 | PASS 472 ] @ lewbel-gmm, prono
⠸ [ FAIL 13 | WARN 3 | SKIP 0 | PASS 472 ] @ lewbel-gmm, prono
⠼ [ FAIL 13 | WARN 3 | SKIP 0 | PASS 472 ] @ lewbel-gmm, prono
⠴ [ FAIL 13 | WARN 3 | SKIP 0 | PASS 472 ] @ lewbel-gmm, prono
⠦ [ FAIL 13 | WARN 3 | SKIP 0 | PASS 472 ] @ lewbel-gmm, prono
⠧ [ FAIL 13 | WARN 3 | SKIP 0 | PASS 472 ] @ lewbel-gmm, prono
⠇ [ FAIL 13 | WARN 3 | SKIP 0 | PASS 472 ] @ lewbel-gmm, prono
⠏ [ FAIL 13 | WARN 3 | SKIP 0 | PASS 472 ] @ lewbel-gmm, prono
⠋ [ FAIL 13 | WARN 3 | SKIP 0 | PASS 472 ] @ lewbel-gmm, prono
⠙ [ FAIL 13 | WARN 3 | SKIP 0 | PASS 472 ] @ lewbel-gmm, prono
⠹ [ FAIL 13 | WARN 3 | SKIP 0 | PASS 472 ] @ lewbel-gmm, prono
⠸ [ FAIL 13 | WARN 3 | SKIP 0 | PASS 472 ] @ lewbel-gmm, prono
⠼ [ FAIL 13 | WARN 3 | SKIP 0 | PASS 472 ] @ lewbel-gmm, prono
⠴ [ FAIL 13 | WARN 3 | SKIP 0 | PASS 472 ] @ lewbel-gmm, prono
⠦ [ FAIL 13 | WARN 3 | SKIP 0 | PASS 472 ] @ lewbel-gmm, prono
⠧ [ FAIL 13 | WARN 3 | SKIP 0 | PASS 472 ] @ lewbel-gmm, prono
⠇ [ FAIL 13 | WARN 3 | SKIP 0 | PASS 472 ] @ lewbel-gmm, prono
⠏ [ FAIL 13 | WARN 3 | SKIP 0 | PASS 472 ] @ lewbel-gmm, prono
⠋ [ FAIL 13 | WARN 3 | SKIP 0 | PASS 472 ] @ lewbel-gmm, prono
⠙ [ FAIL 13 | WARN 3 | SKIP 0 | PASS 472 ] @ lewbel-gmm, prono
⠹ [ FAIL 13 | WARN 3 | SKIP 0 | PASS 472 ] @ lewbel-gmm, prono
⠸ [ FAIL 13 | WARN 3 | SKIP 0 | PASS 472 ] @ lewbel-gmm, prono
⠼ [ FAIL 13 | WARN 3 | SKIP 0 | PASS 472 ] @ lewbel-gmm, prono
⠴ [ FAIL 13 | WARN 3 | SKIP 0 | PASS 472 ] @ lewbel-gmm, prono
⠦ [ FAIL 13 | WARN 3 | SKIP 0 | PASS 472 ] @ lewbel-gmm, prono
⠧ [ FAIL 13 | WARN 3 | SKIP 0 | PASS 472 ] @ lewbel-gmm, prono
⠇ [ FAIL 13 | WARN 3 | SKIP 0 | PASS 472 ] @ lewbel-gmm, prono
⠏ [ FAIL 13 | WARN 3 | SKIP 0 | PASS 472 ] @ lewbel-gmm, prono
⠋ [ FAIL 13 | WARN 3 | SKIP 0 | PASS 472 ] @ lewbel-gmm, prono
⠙ [ FAIL 13 | WARN 3 | SKIP 0 | PASS 472 ] @ lewbel-gmm, prono
⠹ [ FAIL 13 | WARN 3 | SKIP 0 | PASS 472 ] @ lewbel-gmm, prono
⠸ [ FAIL 13 | WARN 3 | SKIP 0 | PASS 472 ] @ lewbel-gmm, prono
⠼ [ FAIL 13 | WARN 3 | SKIP 0 | PASS 472 ] @ lewbel-gmm, prono
⠴ [ FAIL 13 | WARN 3 | SKIP 0 | PASS 472 ] @ lewbel-gmm, prono
⠦ [ FAIL 13 | WARN 3 | SKIP 0 | PASS 472 ] @ lewbel-gmm, prono
⠧ [ FAIL 13 | WARN 3 | SKIP 0 | PASS 472 ] @ lewbel-gmm, prono
⠇ [ FAIL 13 | WARN 3 | SKIP 0 | PASS 472 ] @ lewbel-gmm, prono
⠏ [ FAIL 13 | WARN 3 | SKIP 0 | PASS 472 ] @ lewbel-gmm, prono
⠋ [ FAIL 13 | WARN 3 | SKIP 0 | PASS 472 ] @ lewbel-gmm, prono
⠙ [ FAIL 13 | WARN 3 | SKIP 0 | PASS 472 ] @ lewbel-gmm, prono
⠹ [ FAIL 13 | WARN 3 | SKIP 0 | PASS 472 ] @ lewbel-gmm, prono
⠸ [ FAIL 13 | WARN 3 | SKIP 0 | PASS 472 ] @ lewbel-gmm, prono
⠼ [ FAIL 13 | WARN 3 | SKIP 0 | PASS 472 ] @ lewbel-gmm, prono
⠴ [ FAIL 13 | WARN 3 | SKIP 0 | PASS 472 ] @ lewbel-gmm, prono
✔ |         32 | prono [20.0s]

⠦ [ FAIL 13 | WARN 3 | SKIP 0 | PASS 476 ] @ lewbel-gmm
✔ |         21 | refactoring-verification

⠧ [ FAIL 13 | WARN 3 | SKIP 0 | PASS 497 ] @ lewbel-gmm
⠇ [ FAIL 13 | WARN 3 | SKIP 0 | PASS 497 ] @ lewbel-gmm
✔ |         94 | rigobon

⠏ [ FAIL 13 | WARN 3 | SKIP 0 | PASS 591 ] @ lewbel-gmm
⠋ [ FAIL 13 | WARN 3 | SKIP 0 | PASS 591 ] @ lewbel-gmm
⠙ [ FAIL 13 | WARN 3 | SKIP 0 | PASS 597 ] @ lewbel-gmm, simulations
⠹ [ FAIL 13 | WARN 3 | SKIP 0 | PASS 597 ] @ lewbel-gmm, simulations
⠸ [ FAIL 13 | WARN 3 | SKIP 0 | PASS 597 ] @ lewbel-gmm, simulations
⠼ [ FAIL 13 | WARN 3 | SKIP 0 | PASS 597 ] @ lewbel-gmm, simulations
⠴ [ FAIL 13 | WARN 3 | SKIP 0 | PASS 597 ] @ lewbel-gmm, simulations
⠦ [ FAIL 13 | WARN 3 | SKIP 0 | PASS 597 ] @ lewbel-gmm, simulations
⠧ [ FAIL 13 | WARN 3 | SKIP 0 | PASS 597 ] @ lewbel-gmm, simulations
⠇ [ FAIL 13 | WARN 3 | SKIP 0 | PASS 597 ] @ lewbel-gmm, simulations
⠏ [ FAIL 13 | WARN 3 | SKIP 0 | PASS 597 ] @ lewbel-gmm, simulations
⠋ [ FAIL 13 | WARN 3 | SKIP 0 | PASS 597 ] @ lewbel-gmm, simulations
⠙ [ FAIL 13 | WARN 3 | SKIP 0 | PASS 597 ] @ lewbel-gmm, simulations
⠹ [ FAIL 13 | WARN 3 | SKIP 0 | PASS 597 ] @ lewbel-gmm, simulations
⠸ [ FAIL 13 | WARN 3 | SKIP 0 | PASS 597 ] @ lewbel-gmm, simulations
⠼ [ FAIL 13 | WARN 3 | SKIP 0 | PASS 597 ] @ lewbel-gmm, simulations
⠴ [ FAIL 13 | WARN 3 | SKIP 0 | PASS 597 ] @ lewbel-gmm, simulations
⠦ [ FAIL 13 | WARN 3 | SKIP 0 | PASS 602 ] @ lewbel-gmm, simulations
⠧ [ FAIL 13 | WARN 3 | SKIP 0 | PASS 602 ] @ lewbel-gmm, simulations
⠇ [ FAIL 13 | WARN 3 | SKIP 0 | PASS 602 ] @ lewbel-gmm, simulations
⠏ [ FAIL 13 | WARN 3 | SKIP 0 | PASS 602 ] @ lewbel-gmm, simulations
⠋ [ FAIL 13 | WARN 3 | SKIP 0 | PASS 602 ] @ lewbel-gmm, simulations
⠙ [ FAIL 13 | WARN 3 | SKIP 0 | PASS 602 ] @ lewbel-gmm, simulations
⠹ [ FAIL 13 | WARN 3 | SKIP 0 | PASS 602 ] @ lewbel-gmm, simulations
⠸ [ FAIL 13 | WARN 3 | SKIP 0 | PASS 602 ] @ lewbel-gmm, simulations
⠼ [ FAIL 13 | WARN 3 | SKIP 0 | PASS 602 ] @ lewbel-gmm, simulations
⠴ [ FAIL 13 | WARN 3 | SKIP 0 | PASS 602 ] @ lewbel-gmm, simulations
⠦ [ FAIL 13 | WARN 3 | SKIP 0 | PASS 602 ] @ lewbel-gmm, simulations
⠧ [ FAIL 13 | WARN 3 | SKIP 0 | PASS 602 ] @ lewbel-gmm, simulations
⠇ [ FAIL 13 | WARN 3 | SKIP 0 | PASS 602 ] @ lewbel-gmm, simulations
⠏ [ FAIL 13 | WARN 3 | SKIP 0 | PASS 606 ] @ lewbel-gmm, simulations
⠋ [ FAIL 13 | WARN 3 | SKIP 0 | PASS 606 ] @ lewbel-gmm, simulations
⠙ [ FAIL 13 | WARN 3 | SKIP 0 | PASS 606 ] @ lewbel-gmm, simulations
⠹ [ FAIL 13 | WARN 3 | SKIP 0 | PASS 606 ] @ lewbel-gmm, simulations
⠸ [ FAIL 13 | WARN 3 | SKIP 0 | PASS 606 ] @ lewbel-gmm, simulations
⠼ [ FAIL 13 | WARN 3 | SKIP 0 | PASS 606 ] @ lewbel-gmm, simulations
⠴ [ FAIL 13 | WARN 3 | SKIP 0 | PASS 606 ] @ lewbel-gmm, simulations
⠦ [ FAIL 13 | WARN 3 | SKIP 0 | PASS 606 ] @ lewbel-gmm, simulations
⠧ [ FAIL 13 | WARN 3 | SKIP 0 | PASS 606 ] @ lewbel-gmm, simulations
⠇ [ FAIL 13 | WARN 3 | SKIP 0 | PASS 606 ] @ lewbel-gmm, simulations
⠏ [ FAIL 13 | WARN 3 | SKIP 0 | PASS 606 ] @ lewbel-gmm, simulations
⠋ [ FAIL 13 | WARN 3 | SKIP 0 | PASS 606 ] @ lewbel-gmm, simulations
⠙ [ FAIL 13 | WARN 3 | SKIP 0 | PASS 606 ] @ lewbel-gmm, simulations
⠹ [ FAIL 13 | WARN 3 | SKIP 0 | PASS 610 ] @ lewbel-gmm, simulations
⠸ [ FAIL 13 | WARN 3 | SKIP 0 | PASS 610 ] @ lewbel-gmm, simulations
⠼ [ FAIL 13 | WARN 3 | SKIP 0 | PASS 610 ] @ lewbel-gmm, simulations
⠴ [ FAIL 13 | WARN 3 | SKIP 0 | PASS 610 ] @ lewbel-gmm, simulations
⠦ [ FAIL 13 | WARN 3 | SKIP 0 | PASS 610 ] @ lewbel-gmm, simulations
⠧ [ FAIL 13 | WARN 3 | SKIP 0 | PASS 610 ] @ lewbel-gmm, simulations
⠇ [ FAIL 13 | WARN 3 | SKIP 0 | PASS 610 ] @ lewbel-gmm, simulations
⠏ [ FAIL 13 | WARN 3 | SKIP 0 | PASS 610 ] @ lewbel-gmm, simulations
⠋ [ FAIL 13 | WARN 3 | SKIP 0 | PASS 610 ] @ lewbel-gmm, simulations
⠙ [ FAIL 13 | WARN 3 | SKIP 0 | PASS 610 ] @ lewbel-gmm, simulations
⠹ [ FAIL 13 | WARN 3 | SKIP 0 | PASS 614 ] @ lewbel-gmm, simulations
⠸ [ FAIL 13 | WARN 3 | SKIP 0 | PASS 614 ] @ lewbel-gmm, simulations
⠼ [ FAIL 13 | WARN 3 | SKIP 0 | PASS 614 ] @ lewbel-gmm, simulations
⠴ [ FAIL 13 | WARN 3 | SKIP 0 | PASS 614 ] @ lewbel-gmm, simulations
⠦ [ FAIL 13 | WARN 3 | SKIP 0 | PASS 614 ] @ lewbel-gmm, simulations
⠧ [ FAIL 13 | WARN 3 | SKIP 0 | PASS 614 ] @ lewbel-gmm, simulations
⠇ [ FAIL 13 | WARN 3 | SKIP 0 | PASS 614 ] @ lewbel-gmm, simulations
⠏ [ FAIL 13 | WARN 3 | SKIP 0 | PASS 614 ] @ lewbel-gmm, simulations
⠋ [ FAIL 13 | WARN 3 | SKIP 0 | PASS 614 ] @ lewbel-gmm, simulations
⠙ [ FAIL 13 | WARN 3 | SKIP 0 | PASS 614 ] @ lewbel-gmm, simulations
⠹ [ FAIL 13 | WARN 3 | SKIP 0 | PASS 614 ] @ lewbel-gmm, simulations
⠸ [ FAIL 13 | WARN 3 | SKIP 0 | PASS 614 ] @ lewbel-gmm, simulations
⠼ [ FAIL 13 | WARN 3 | SKIP 0 | PASS 614 ] @ lewbel-gmm, simulations
⠴ [ FAIL 13 | WARN 3 | SKIP 0 | PASS 614 ] @ lewbel-gmm, simulations
⠦ [ FAIL 13 | WARN 3 | SKIP 0 | PASS 614 ] @ lewbel-gmm, simulations
⠧ [ FAIL 13 | WARN 3 | SKIP 0 | PASS 614 ] @ lewbel-gmm, simulations
⠇ [ FAIL 13 | WARN 3 | SKIP 0 | PASS 614 ] @ lewbel-gmm, simulations
⠏ [ FAIL 13 | WARN 3 | SKIP 0 | PASS 614 ] @ lewbel-gmm, simulations
⠋ [ FAIL 13 | WARN 3 | SKIP 0 | PASS 614 ] @ lewbel-gmm, simulations
⠙ [ FAIL 13 | WARN 3 | SKIP 0 | PASS 614 ] @ lewbel-gmm, simulations
⠹ [ FAIL 13 | WARN 3 | SKIP 0 | PASS 614 ] @ lewbel-gmm, simulations
⠸ [ FAIL 13 | WARN 3 | SKIP 0 | PASS 614 ] @ lewbel-gmm, simulations
⠼ [ FAIL 13 | WARN 3 | SKIP 0 | PASS 614 ] @ lewbel-gmm, simulations
⠴ [ FAIL 13 | WARN 3 | SKIP 0 | PASS 614 ] @ lewbel-gmm, simulations
⠦ [ FAIL 13 | WARN 3 | SKIP 0 | PASS 614 ] @ lewbel-gmm, simulations
⠧ [ FAIL 13 | WARN 3 | SKIP 0 | PASS 614 ] @ lewbel-gmm, simulations
⠇ [ FAIL 13 | WARN 3 | SKIP 0 | PASS 614 ] @ lewbel-gmm, simulations
⠏ [ FAIL 13 | WARN 3 | SKIP 0 | PASS 614 ] @ lewbel-gmm, simulations
⠋ [ FAIL 13 | WARN 3 | SKIP 0 | PASS 614 ] @ lewbel-gmm, simulations
⠙ [ FAIL 13 | WARN 3 | SKIP 0 | PASS 614 ] @ lewbel-gmm, simulations
⠹ [ FAIL 13 | WARN 3 | SKIP 0 | PASS 614 ] @ lewbel-gmm, simulations
⠸ [ FAIL 13 | WARN 3 | SKIP 0 | PASS 614 ] @ lewbel-gmm, simulations
⠼ [ FAIL 13 | WARN 3 | SKIP 0 | PASS 614 ] @ lewbel-gmm, simulations
⠴ [ FAIL 13 | WARN 3 | SKIP 0 | PASS 614 ] @ lewbel-gmm, simulations
⠦ [ FAIL 13 | WARN 3 | SKIP 0 | PASS 614 ] @ lewbel-gmm, simulations
⠧ [ FAIL 13 | WARN 3 | SKIP 0 | PASS 614 ] @ lewbel-gmm, simulations
⠇ [ FAIL 13 | WARN 3 | SKIP 0 | PASS 614 ] @ lewbel-gmm, simulations
⠏ [ FAIL 13 | WARN 3 | SKIP 0 | PASS 614 ] @ lewbel-gmm, simulations
⠋ [ FAIL 13 | WARN 3 | SKIP 0 | PASS 614 ] @ lewbel-gmm, simulations
⠙ [ FAIL 13 | WARN 3 | SKIP 0 | PASS 614 ] @ lewbel-gmm, simulations
⠹ [ FAIL 13 | WARN 3 | SKIP 0 | PASS 614 ] @ lewbel-gmm, simulations
⠸ [ FAIL 13 | WARN 3 | SKIP 0 | PASS 614 ] @ lewbel-gmm, simulations
⠼ [ FAIL 13 | WARN 3 | SKIP 0 | PASS 614 ] @ lewbel-gmm, simulations
⠴ [ FAIL 13 | WARN 3 | SKIP 0 | PASS 614 ] @ lewbel-gmm, simulations
⠦ [ FAIL 13 | WARN 3 | SKIP 0 | PASS 614 ] @ lewbel-gmm, simulations
⠧ [ FAIL 13 | WARN 3 | SKIP 0 | PASS 614 ] @ lewbel-gmm, simulations
⠇ [ FAIL 13 | WARN 3 | SKIP 0 | PASS 614 ] @ lewbel-gmm, simulations
⠏ [ FAIL 13 | WARN 3 | SKIP 0 | PASS 614 ] @ lewbel-gmm, simulations
⠋ [ FAIL 13 | WARN 3 | SKIP 0 | PASS 614 ] @ lewbel-gmm, simulations
⠙ [ FAIL 13 | WARN 3 | SKIP 0 | PASS 614 ] @ lewbel-gmm, simulations
⠹ [ FAIL 13 | WARN 3 | SKIP 0 | PASS 614 ] @ lewbel-gmm, simulations
⠸ [ FAIL 13 | WARN 3 | SKIP 0 | PASS 614 ] @ lewbel-gmm, simulations
⠼ [ FAIL 13 | WARN 3 | SKIP 0 | PASS 614 ] @ lewbel-gmm, simulations
⠴ [ FAIL 13 | WARN 3 | SKIP 0 | PASS 614 ] @ lewbel-gmm, simulations
⠦ [ FAIL 13 | WARN 3 | SKIP 0 | PASS 614 ] @ lewbel-gmm, simulations
⠧ [ FAIL 13 | WARN 3 | SKIP 0 | PASS 614 ] @ lewbel-gmm, simulations
⠇ [ FAIL 13 | WARN 3 | SKIP 0 | PASS 614 ] @ lewbel-gmm, simulations
⠏ [ FAIL 13 | WARN 3 | SKIP 0 | PASS 614 ] @ lewbel-gmm, simulations
⠋ [ FAIL 13 | WARN 3 | SKIP 0 | PASS 614 ] @ lewbel-gmm, simulations
⠙ [ FAIL 13 | WARN 3 | SKIP 0 | PASS 614 ] @ lewbel-gmm, simulations
⠹ [ FAIL 13 | WARN 3 | SKIP 0 | PASS 614 ] @ lewbel-gmm, simulations
⠸ [ FAIL 13 | WARN 3 | SKIP 0 | PASS 614 ] @ lewbel-gmm, simulations
⠼ [ FAIL 13 | WARN 3 | SKIP 0 | PASS 614 ] @ lewbel-gmm, simulations
⠴ [ FAIL 13 | WARN 3 | SKIP 0 | PASS 614 ] @ lewbel-gmm, simulations
⠦ [ FAIL 13 | WARN 3 | SKIP 0 | PASS 614 ] @ lewbel-gmm, simulations
⠧ [ FAIL 13 | WARN 3 | SKIP 0 | PASS 614 ] @ lewbel-gmm, simulations
⠇ [ FAIL 13 | WARN 3 | SKIP 0 | PASS 614 ] @ lewbel-gmm, simulations
⠏ [ FAIL 13 | WARN 3 | SKIP 0 | PASS 614 ] @ lewbel-gmm, simulations
⠋ [ FAIL 13 | WARN 3 | SKIP 0 | PASS 614 ] @ lewbel-gmm, simulations
⠙ [ FAIL 13 | WARN 3 | SKIP 0 | PASS 614 ] @ lewbel-gmm, simulations
⠹ [ FAIL 13 | WARN 3 | SKIP 0 | PASS 614 ] @ lewbel-gmm, simulations
⠸ [ FAIL 13 | WARN 3 | SKIP 0 | PASS 614 ] @ lewbel-gmm, simulations
⠼ [ FAIL 13 | WARN 3 | SKIP 0 | PASS 614 ] @ lewbel-gmm, simulations
⠴ [ FAIL 13 | WARN 3 | SKIP 0 | PASS 614 ] @ lewbel-gmm, simulations
⠦ [ FAIL 13 | WARN 3 | SKIP 0 | PASS 614 ] @ lewbel-gmm, simulations
⠧ [ FAIL 13 | WARN 3 | SKIP 0 | PASS 614 ] @ lewbel-gmm, simulations
⠇ [ FAIL 13 | WARN 3 | SKIP 0 | PASS 614 ] @ lewbel-gmm, simulations
⠏ [ FAIL 13 | WARN 3 | SKIP 0 | PASS 614 ] @ lewbel-gmm, simulations
⠋ [ FAIL 13 | WARN 3 | SKIP 0 | PASS 614 ] @ lewbel-gmm, simulations
⠙ [ FAIL 13 | WARN 3 | SKIP 0 | PASS 614 ] @ lewbel-gmm, simulations
⠹ [ FAIL 13 | WARN 3 | SKIP 0 | PASS 614 ] @ lewbel-gmm, simulations
⠸ [ FAIL 13 | WARN 3 | SKIP 0 | PASS 614 ] @ lewbel-gmm, simulations
⠼ [ FAIL 13 | WARN 3 | SKIP 0 | PASS 614 ] @ lewbel-gmm, simulations
⠴ [ FAIL 13 | WARN 3 | SKIP 0 | PASS 614 ] @ lewbel-gmm, simulations
⠦ [ FAIL 13 | WARN 3 | SKIP 0 | PASS 614 ] @ lewbel-gmm, simulations
⠧ [ FAIL 13 | WARN 3 | SKIP 0 | PASS 614 ] @ lewbel-gmm, simulations
⠇ [ FAIL 13 | WARN 3 | SKIP 0 | PASS 614 ] @ lewbel-gmm, simulations
⠏ [ FAIL 13 | WARN 3 | SKIP 0 | PASS 614 ] @ lewbel-gmm, simulations
⠋ [ FAIL 13 | WARN 3 | SKIP 0 | PASS 614 ] @ lewbel-gmm, simulations
⠙ [ FAIL 13 | WARN 3 | SKIP 0 | PASS 614 ] @ lewbel-gmm, simulations
⠹ [ FAIL 13 | WARN 3 | SKIP 0 | PASS 614 ] @ lewbel-gmm, simulations
⠸ [ FAIL 13 | WARN 3 | SKIP 0 | PASS 614 ] @ lewbel-gmm, simulations
⠼ [ FAIL 13 | WARN 3 | SKIP 0 | PASS 614 ] @ lewbel-gmm, simulations
⠴ [ FAIL 13 | WARN 3 | SKIP 0 | PASS 614 ] @ lewbel-gmm, simulations
⠦ [ FAIL 13 | WARN 3 | SKIP 0 | PASS 614 ] @ lewbel-gmm, simulations
⠧ [ FAIL 13 | WARN 3 | SKIP 0 | PASS 614 ] @ lewbel-gmm, simulations
⠇ [ FAIL 13 | WARN 3 | SKIP 0 | PASS 614 ] @ lewbel-gmm, simulations
⠏ [ FAIL 13 | WARN 3 | SKIP 0 | PASS 614 ] @ lewbel-gmm, simulations
⠋ [ FAIL 13 | WARN 3 | SKIP 0 | PASS 614 ] @ lewbel-gmm, simulations
⠙ [ FAIL 13 | WARN 3 | SKIP 0 | PASS 614 ] @ lewbel-gmm, simulations
✔ |         27 | simulations [15.5s]

⠹ [ FAIL 13 | WARN 3 | SKIP 0 | PASS 618 ] @ lewbel-gmm
⠸ [ FAIL 13 | WARN 3 | SKIP 0 | PASS 618 ] @ lewbel-gmm
✔ |         10 | stopper

⠼ [ FAIL 13 | WARN 3 | SKIP 0 | PASS 628 ] @ lewbel-gmm
⠴ [ FAIL 13 | WARN 3 | SKIP 0 | PASS 628 ] @ lewbel-gmm
✔ |         41 | vignette-df-adjustments

⠦ [ FAIL 13 | WARN 3 | SKIP 0 | PASS 669 ] @ lewbel-gmm
⠧ [ FAIL 13 | WARN 3 | SKIP 0 | PASS 669 ] @ lewbel-gmm
✔ |         13 | vignette-overidentification

⠇ [ FAIL 13 | WARN 3 | SKIP 0 | PASS 682 ] @ lewbel-gmm
⠏ [ FAIL 13 | WARN 3 | SKIP 0 | PASS 682 ] @ lewbel-gmm
✔ |         22 | vignette-verification-complete

⠋ [ FAIL 13 | WARN 3 | SKIP 0 | PASS 704 ] @ lewbel-gmm
⠙ [ FAIL 13 | WARN 3 | SKIP 0 | PASS 704 ] @ lewbel-gmm
✔ |         23 | vignette-weak-heteroskedasticity

⠹ [ FAIL 13 | WARN 3 | SKIP 0 | PASS 727 ] @ lewbel-gmm
⠸ [ FAIL 13 | WARN 3 | SKIP 0 | PASS 727 ] @ lewbel-gmm
⠼ [ FAIL 13 | WARN 3 | SKIP 0 | PASS 727 ] @ lewbel-gmm, visualization
⠴ [ FAIL 13 | WARN 3 | SKIP 0 | PASS 727 ] @ lewbel-gmm, visualization
⠦ [ FAIL 13 | WARN 3 | SKIP 0 | PASS 727 ] @ lewbel-gmm, visualization
⠧ [ FAIL 13 | WARN 3 | SKIP 0 | PASS 727 ] @ lewbel-gmm, visualization
⠇ [ FAIL 13 | WARN 3 | SKIP 0 | PASS 727 ] @ lewbel-gmm, visualization
⠏ [ FAIL 13 | WARN 3 | SKIP 0 | PASS 727 ] @ lewbel-gmm, visualization
⠋ [ FAIL 13 | WARN 3 | SKIP 0 | PASS 727 ] @ lewbel-gmm, visualization
⠙ [ FAIL 13 | WARN 3 | SKIP 0 | PASS 727 ] @ lewbel-gmm, visualization
⠹ [ FAIL 13 | WARN 3 | SKIP 0 | PASS 727 ] @ lewbel-gmm, visualization
⠸ [ FAIL 13 | WARN 3 | SKIP 0 | PASS 727 ] @ lewbel-gmm, visualization
⠼ [ FAIL 13 | WARN 3 | SKIP 0 | PASS 727 ] @ lewbel-gmm, visualization
⠴ [ FAIL 13 | WARN 3 | SKIP 0 | PASS 727 ] @ lewbel-gmm, visualization
⠦ [ FAIL 13 | WARN 3 | SKIP 0 | PASS 727 ] @ lewbel-gmm, visualization
⠧ [ FAIL 13 | WARN 3 | SKIP 0 | PASS 727 ] @ lewbel-gmm, visualization
⠇ [ FAIL 13 | WARN 3 | SKIP 0 | PASS 727 ] @ lewbel-gmm, visualization
⠏ [ FAIL 13 | WARN 3 | SKIP 0 | PASS 727 ] @ lewbel-gmm, visualization
⠋ [ FAIL 13 | WARN 3 | SKIP 0 | PASS 727 ] @ lewbel-gmm, visualization
⠙ [ FAIL 13 | WARN 3 | SKIP 0 | PASS 727 ] @ lewbel-gmm, visualization
⠹ [ FAIL 13 | WARN 3 | SKIP 0 | PASS 727 ] @ lewbel-gmm, visualization
⠸ [ FAIL 13 | WARN 3 | SKIP 0 | PASS 727 ] @ lewbel-gmm, visualization
⠼ [ FAIL 13 | WARN 3 | SKIP 0 | PASS 730 ] @ lewbel-gmm, visualization
⠴ [ FAIL 13 | WARN 3 | SKIP 0 | PASS 730 ] @ lewbel-gmm, visualization
⠦ [ FAIL 13 | WARN 3 | SKIP 0 | PASS 730 ] @ lewbel-gmm, visualization
⠧ [ FAIL 13 | WARN 3 | SKIP 0 | PASS 730 ] @ lewbel-gmm, visualization
⠇ [ FAIL 13 | WARN 3 | SKIP 0 | PASS 730 ] @ lewbel-gmm, visualization
⠏ [ FAIL 13 | WARN 3 | SKIP 0 | PASS 730 ] @ lewbel-gmm, visualization
⠋ [ FAIL 13 | WARN 3 | SKIP 0 | PASS 730 ] @ lewbel-gmm, visualization
⠙ [ FAIL 13 | WARN 3 | SKIP 0 | PASS 730 ] @ lewbel-gmm, visualization
⠹ [ FAIL 13 | WARN 3 | SKIP 0 | PASS 730 ] @ lewbel-gmm, visualization
⠸ [ FAIL 13 | WARN 3 | SKIP 0 | PASS 730 ] @ lewbel-gmm, visualization
⠼ [ FAIL 13 | WARN 3 | SKIP 0 | PASS 730 ] @ lewbel-gmm, visualization
⠴ [ FAIL 13 | WARN 3 | SKIP 0 | PASS 730 ] @ lewbel-gmm, visualization
⠦ [ FAIL 13 | WARN 3 | SKIP 0 | PASS 730 ] @ lewbel-gmm, visualization
⠧ [ FAIL 13 | WARN 3 | SKIP 0 | PASS 733 ] @ lewbel-gmm, visualization
⠇ [ FAIL 13 | WARN 3 | SKIP 0 | PASS 733 ] @ lewbel-gmm, visualization
⠏ [ FAIL 13 | WARN 3 | SKIP 0 | PASS 733 ] @ lewbel-gmm, visualization
⠋ [ FAIL 13 | WARN 3 | SKIP 0 | PASS 733 ] @ lewbel-gmm, visualization
⠙ [ FAIL 13 | WARN 3 | SKIP 0 | PASS 733 ] @ lewbel-gmm, visualization
⠹ [ FAIL 13 | WARN 3 | SKIP 0 | PASS 733 ] @ lewbel-gmm, visualization
⠸ [ FAIL 13 | WARN 3 | SKIP 0 | PASS 733 ] @ lewbel-gmm, visualization
⠼ [ FAIL 13 | WARN 3 | SKIP 0 | PASS 733 ] @ lewbel-gmm, visualization
⠴ [ FAIL 13 | WARN 3 | SKIP 0 | PASS 733 ] @ lewbel-gmm, visualization
⠦ [ FAIL 13 | WARN 3 | SKIP 0 | PASS 733 ] @ lewbel-gmm, visualization
⠧ [ FAIL 13 | WARN 3 | SKIP 0 | PASS 733 ] @ lewbel-gmm, visualization
⠇ [ FAIL 13 | WARN 3 | SKIP 0 | PASS 733 ] @ lewbel-gmm, visualization
⠏ [ FAIL 13 | WARN 3 | SKIP 0 | PASS 736 ] @ lewbel-gmm, visualization
⠋ [ FAIL 13 | WARN 3 | SKIP 0 | PASS 736 ] @ lewbel-gmm, visualization
⠙ [ FAIL 13 | WARN 3 | SKIP 0 | PASS 736 ] @ lewbel-gmm, visualization
⠹ [ FAIL 13 | WARN 3 | SKIP 0 | PASS 736 ] @ lewbel-gmm, visualization
⠸ [ FAIL 13 | WARN 3 | SKIP 0 | PASS 736 ] @ lewbel-gmm, visualization
⠼ [ FAIL 13 | WARN 3 | SKIP 0 | PASS 736 ] @ lewbel-gmm, visualization
⠴ [ FAIL 13 | WARN 3 | SKIP 0 | PASS 736 ] @ lewbel-gmm, visualization
⠦ [ FAIL 13 | WARN 3 | SKIP 0 | PASS 736 ] @ lewbel-gmm, visualization
⠧ [ FAIL 13 | WARN 3 | SKIP 0 | PASS 736 ] @ lewbel-gmm, visualization
⠇ [ FAIL 13 | WARN 3 | SKIP 0 | PASS 736 ] @ lewbel-gmm, visualization
⠏ [ FAIL 13 | WARN 3 | SKIP 0 | PASS 736 ] @ lewbel-gmm, visualization
⠋ [ FAIL 13 | WARN 3 | SKIP 0 | PASS 736 ] @ lewbel-gmm, visualization
⠙ [ FAIL 13 | WARN 3 | SKIP 0 | PASS 736 ] @ lewbel-gmm, visualization
⠹ [ FAIL 13 | WARN 3 | SKIP 0 | PASS 736 ] @ lewbel-gmm, visualization
⠸ [ FAIL 13 | WARN 3 | SKIP 0 | PASS 736 ] @ lewbel-gmm, visualization
⠼ [ FAIL 13 | WARN 3 | SKIP 0 | PASS 736 ] @ lewbel-gmm, visualization
⠴ [ FAIL 13 | WARN 3 | SKIP 0 | PASS 736 ] @ lewbel-gmm, visualization
⠦ [ FAIL 13 | WARN 3 | SKIP 0 | PASS 736 ] @ lewbel-gmm, visualization
⠧ [ FAIL 13 | WARN 3 | SKIP 0 | PASS 736 ] @ lewbel-gmm, visualization
⠇ [ FAIL 13 | WARN 3 | SKIP 0 | PASS 736 ] @ lewbel-gmm, visualization
⠏ [ FAIL 13 | WARN 3 | SKIP 0 | PASS 739 ] @ lewbel-gmm, visualization
⠋ [ FAIL 13 | WARN 3 | SKIP 0 | PASS 739 ] @ lewbel-gmm, visualization
⠙ [ FAIL 13 | WARN 3 | SKIP 0 | PASS 739 ] @ lewbel-gmm, visualization
⠹ [ FAIL 13 | WARN 3 | SKIP 0 | PASS 739 ] @ lewbel-gmm, visualization
⠸ [ FAIL 13 | WARN 3 | SKIP 0 | PASS 739 ] @ lewbel-gmm, visualization
⠼ [ FAIL 13 | WARN 3 | SKIP 0 | PASS 739 ] @ lewbel-gmm, visualization
⠴ [ FAIL 13 | WARN 3 | SKIP 0 | PASS 739 ] @ lewbel-gmm, visualization
⠦ [ FAIL 13 | WARN 3 | SKIP 0 | PASS 739 ] @ lewbel-gmm, visualization
⠧ [ FAIL 13 | WARN 3 | SKIP 0 | PASS 739 ] @ lewbel-gmm, visualization
⠇ [ FAIL 13 | WARN 3 | SKIP 0 | PASS 739 ] @ lewbel-gmm, visualization
⠏ [ FAIL 13 | WARN 3 | SKIP 0 | PASS 739 ] @ lewbel-gmm, visualization
⠋ [ FAIL 13 | WARN 3 | SKIP 0 | PASS 739 ] @ lewbel-gmm, visualization
⠙ [ FAIL 13 | WARN 3 | SKIP 0 | PASS 739 ] @ lewbel-gmm, visualization
⠹ [ FAIL 13 | WARN 3 | SKIP 0 | PASS 739 ] @ lewbel-gmm, visualization
⠸ [ FAIL 13 | WARN 3 | SKIP 0 | PASS 739 ] @ lewbel-gmm, visualization
⠼ [ FAIL 13 | WARN 3 | SKIP 0 | PASS 739 ] @ lewbel-gmm, visualization
⠴ [ FAIL 13 | WARN 3 | SKIP 0 | PASS 739 ] @ lewbel-gmm, visualization
⠦ [ FAIL 13 | WARN 3 | SKIP 0 | PASS 739 ] @ lewbel-gmm, visualization
⠧ [ FAIL 13 | WARN 3 | SKIP 0 | PASS 739 ] @ lewbel-gmm, visualization
⠇ [ FAIL 13 | WARN 3 | SKIP 0 | PASS 739 ] @ lewbel-gmm, visualization
⠏ [ FAIL 13 | WARN 3 | SKIP 0 | PASS 741 ] @ lewbel-gmm, visualization
⠋ [ FAIL 13 | WARN 3 | SKIP 0 | PASS 741 ] @ lewbel-gmm, visualization
⠙ [ FAIL 13 | WARN 3 | SKIP 0 | PASS 741 ] @ lewbel-gmm, visualization
⠹ [ FAIL 13 | WARN 3 | SKIP 0 | PASS 741 ] @ lewbel-gmm, visualization
⠸ [ FAIL 13 | WARN 3 | SKIP 0 | PASS 741 ] @ lewbel-gmm, visualization
⠼ [ FAIL 13 | WARN 3 | SKIP 0 | PASS 741 ] @ lewbel-gmm, visualization
⠴ [ FAIL 13 | WARN 3 | SKIP 0 | PASS 741 ] @ lewbel-gmm, visualization
⠦ [ FAIL 13 | WARN 3 | SKIP 0 | PASS 741 ] @ lewbel-gmm, visualization
⠧ [ FAIL 13 | WARN 3 | SKIP 0 | PASS 741 ] @ lewbel-gmm, visualization
⠇ [ FAIL 13 | WARN 3 | SKIP 0 | PASS 741 ] @ lewbel-gmm, visualization
⠏ [ FAIL 13 | WARN 3 | SKIP 0 | PASS 741 ] @ lewbel-gmm, visualization
⠋ [ FAIL 13 | WARN 3 | SKIP 0 | PASS 741 ] @ lewbel-gmm, visualization
⠙ [ FAIL 13 | WARN 3 | SKIP 0 | PASS 741 ] @ lewbel-gmm, visualization
⠹ [ FAIL 13 | WARN 3 | SKIP 0 | PASS 741 ] @ lewbel-gmm, visualization
⠸ [ FAIL 13 | WARN 3 | SKIP 0 | PASS 741 ] @ lewbel-gmm, visualization
⠼ [ FAIL 13 | WARN 3 | SKIP 0 | PASS 741 ] @ lewbel-gmm, visualization
⠴ [ FAIL 13 | WARN 3 | SKIP 0 | PASS 741 ] @ lewbel-gmm, visualization
⠦ [ FAIL 13 | WARN 3 | SKIP 0 | PASS 741 ] @ lewbel-gmm, visualization
⠧ [ FAIL 13 | WARN 3 | SKIP 0 | PASS 741 ] @ lewbel-gmm, visualization
⠇ [ FAIL 13 | WARN 3 | SKIP 0 | PASS 741 ] @ lewbel-gmm, visualization
⠏ [ FAIL 13 | WARN 3 | SKIP 0 | PASS 741 ] @ lewbel-gmm, visualization
⠋ [ FAIL 13 | WARN 3 | SKIP 0 | PASS 741 ] @ lewbel-gmm, visualization
⠙ [ FAIL 13 | WARN 3 | SKIP 0 | PASS 741 ] @ lewbel-gmm, visualization
⠹ [ FAIL 13 | WARN 3 | SKIP 0 | PASS 741 ] @ lewbel-gmm, visualization
⠸ [ FAIL 13 | WARN 3 | SKIP 0 | PASS 741 ] @ lewbel-gmm, visualization
⠼ [ FAIL 13 | WARN 3 | SKIP 0 | PASS 741 ] @ lewbel-gmm, visualization
⠴ [ FAIL 13 | WARN 3 | SKIP 0 | PASS 741 ] @ lewbel-gmm, visualization
⠦ [ FAIL 13 | WARN 3 | SKIP 0 | PASS 741 ] @ lewbel-gmm, visualization
⠧ [ FAIL 13 | WARN 3 | SKIP 0 | PASS 741 ] @ lewbel-gmm, visualization
⠇ [ FAIL 13 | WARN 3 | SKIP 0 | PASS 741 ] @ lewbel-gmm, visualization
⠏ [ FAIL 13 | WARN 3 | SKIP 0 | PASS 741 ] @ lewbel-gmm, visualization
⠋ [ FAIL 13 | WARN 3 | SKIP 0 | PASS 741 ] @ lewbel-gmm, visualization
⠙ [ FAIL 13 | WARN 3 | SKIP 0 | PASS 741 ] @ lewbel-gmm, visualization
⠹ [ FAIL 13 | WARN 3 | SKIP 0 | PASS 741 ] @ lewbel-gmm, visualization
⠸ [ FAIL 13 | WARN 3 | SKIP 0 | PASS 741 ] @ lewbel-gmm, visualization
⠼ [ FAIL 13 | WARN 3 | SKIP 0 | PASS 741 ] @ lewbel-gmm, visualization
✔ |         19 | visualization [12.5s]

⠴ [ FAIL 13 | WARN 3 | SKIP 0 | PASS 746 ] @ lewbel-gmm
⠦ [ FAIL 13 | WARN 3 | SKIP 0 | PASS 746 ] @ lewbel-gmm
⠧ [ FAIL 13 | WARN 3 | SKIP 0 | PASS 746 ] @ lewbel-gmm
⠇ [ FAIL 13 | WARN 3 | SKIP 0 | PASS 746 ] @ lewbel-gmm
⠏ [ FAIL 13 | WARN 3 | SKIP 0 | PASS 746 ] @ lewbel-gmm
⠋ [ FAIL 13 | WARN 3 | SKIP 0 | PASS 746 ] @ lewbel-gmm
⠙ [ FAIL 13 | WARN 3 | SKIP 0 | PASS 746 ] @ lewbel-gmm
⠹ [ FAIL 13 | WARN 3 | SKIP 0 | PASS 746 ] @ lewbel-gmm
⠸ [ FAIL 13 | WARN 3 | SKIP 0 | PASS 746 ] @ lewbel-gmm
⠼ [ FAIL 13 | WARN 3 | SKIP 0 | PASS 746 ] @ lewbel-gmm
⠴ [ FAIL 13 | WARN 3 | SKIP 0 | PASS 746 ] @ lewbel-gmm
⠦ [ FAIL 13 | WARN 3 | SKIP 0 | PASS 746 ] @ lewbel-gmm
⠧ [ FAIL 13 | WARN 3 | SKIP 0 | PASS 746 ] @ lewbel-gmm
⠇ [ FAIL 13 | WARN 3 | SKIP 0 | PASS 746 ] @ lewbel-gmm
⠏ [ FAIL 13 | WARN 3 | SKIP 0 | PASS 746 ] @ lewbel-gmm
⠋ [ FAIL 13 | WARN 3 | SKIP 0 | PASS 746 ] @ lewbel-gmm
⠙ [ FAIL 13 | WARN 3 | SKIP 0 | PASS 746 ] @ lewbel-gmm
⠹ [ FAIL 13 | WARN 3 | SKIP 0 | PASS 746 ] @ lewbel-gmm
⠸ [ FAIL 13 | WARN 3 | SKIP 0 | PASS 746 ] @ lewbel-gmm
⠼ [ FAIL 13 | WARN 3 | SKIP 0 | PASS 746 ] @ lewbel-gmm
⠴ [ FAIL 13 | WARN 3 | SKIP 0 | PASS 746 ] @ lewbel-gmm
⠦ [ FAIL 13 | WARN 3 | SKIP 0 | PASS 746 ] @ lewbel-gmm
⠧ [ FAIL 13 | WARN 3 | SKIP 0 | PASS 746 ] @ lewbel-gmm
⠇ [ FAIL 13 | WARN 3 | SKIP 0 | PASS 746 ] @ lewbel-gmm
⠏ [ FAIL 13 | WARN 3 | SKIP 0 | PASS 746 ] @ lewbel-gmm
⠋ [ FAIL 13 | WARN 3 | SKIP 0 | PASS 746 ] @ lewbel-gmm
⠙ [ FAIL 13 | WARN 3 | SKIP 0 | PASS 746 ] @ lewbel-gmm
⠹ [ FAIL 13 | WARN 3 | SKIP 0 | PASS 746 ] @ lewbel-gmm
⠸ [ FAIL 13 | WARN 3 | SKIP 0 | PASS 746 ] @ lewbel-gmm
⠼ [ FAIL 13 | WARN 3 | SKIP 0 | PASS 746 ] @ lewbel-gmm
⠴ [ FAIL 13 | WARN 3 | SKIP 0 | PASS 746 ] @ lewbel-gmm
⠦ [ FAIL 13 | WARN 3 | SKIP 0 | PASS 746 ] @ lewbel-gmm
⠧ [ FAIL 13 | WARN 3 | SKIP 0 | PASS 746 ] @ lewbel-gmm
⠇ [ FAIL 13 | WARN 3 | SKIP 0 | PASS 746 ] @ lewbel-gmm
⠏ [ FAIL 13 | WARN 3 | SKIP 0 | PASS 746 ] @ lewbel-gmm
⠋ [ FAIL 13 | WARN 3 | SKIP 0 | PASS 746 ] @ lewbel-gmm
⠙ [ FAIL 13 | WARN 3 | SKIP 0 | PASS 746 ] @ lewbel-gmm
⠹ [ FAIL 13 | WARN 3 | SKIP 0 | PASS 746 ] @ lewbel-gmm
⠸ [ FAIL 13 | WARN 3 | SKIP 0 | PASS 746 ] @ lewbel-gmm
⠼ [ FAIL 13 | WARN 3 | SKIP 0 | PASS 746 ] @ lewbel-gmm
⠴ [ FAIL 13 | WARN 3 | SKIP 0 | PASS 746 ] @ lewbel-gmm
⠦ [ FAIL 13 | WARN 3 | SKIP 0 | PASS 746 ] @ lewbel-gmm
⠧ [ FAIL 13 | WARN 3 | SKIP 0 | PASS 746 ] @ lewbel-gmm
⠇ [ FAIL 13 | WARN 3 | SKIP 0 | PASS 746 ] @ lewbel-gmm
⠏ [ FAIL 13 | WARN 3 | SKIP 0 | PASS 746 ] @ lewbel-gmm
⠋ [ FAIL 13 | WARN 3 | SKIP 0 | PASS 746 ] @ lewbel-gmm
⠙ [ FAIL 13 | WARN 3 | SKIP 0 | PASS 746 ] @ lewbel-gmm
⠹ [ FAIL 13 | WARN 3 | SKIP 0 | PASS 746 ] @ lewbel-gmm
⠸ [ FAIL 13 | WARN 3 | SKIP 0 | PASS 746 ] @ lewbel-gmm
⠼ [ FAIL 13 | WARN 3 | SKIP 0 | PASS 746 ] @ lewbel-gmm
⠴ [ FAIL 13 | WARN 3 | SKIP 0 | PASS 746 ] @ lewbel-gmm
⠦ [ FAIL 13 | WARN 3 | SKIP 0 | PASS 746 ] @ lewbel-gmm
⠧ [ FAIL 13 | WARN 3 | SKIP 0 | PASS 746 ] @ lewbel-gmm
⠇ [ FAIL 13 | WARN 3 | SKIP 0 | PASS 746 ] @ lewbel-gmm
⠏ [ FAIL 13 | WARN 3 | SKIP 0 | PASS 746 ] @ lewbel-gmm
⠋ [ FAIL 13 | WARN 3 | SKIP 0 | PASS 746 ] @ lewbel-gmm
⠙ [ FAIL 13 | WARN 3 | SKIP 0 | PASS 746 ] @ lewbel-gmm
⠹ [ FAIL 13 | WARN 3 | SKIP 0 | PASS 746 ] @ lewbel-gmm
⠸ [ FAIL 13 | WARN 3 | SKIP 0 | PASS 746 ] @ lewbel-gmm
⠼ [ FAIL 13 | WARN 3 | SKIP 0 | PASS 746 ] @ lewbel-gmm
⠴ [ FAIL 13 | WARN 3 | SKIP 0 | PASS 746 ] @ lewbel-gmm
⠦ [ FAIL 13 | WARN 3 | SKIP 0 | PASS 746 ] @ lewbel-gmm
⠧ [ FAIL 13 | WARN 3 | SKIP 0 | PASS 746 ] @ lewbel-gmm
⠇ [ FAIL 13 | WARN 3 | SKIP 0 | PASS 746 ] @ lewbel-gmm
⠏ [ FAIL 13 | WARN 3 | SKIP 0 | PASS 746 ] @ lewbel-gmm
⠋ [ FAIL 13 | WARN 3 | SKIP 0 | PASS 746 ] @ lewbel-gmm
⠙ [ FAIL 13 | WARN 3 | SKIP 0 | PASS 746 ] @ lewbel-gmm
⠹ [ FAIL 13 | WARN 3 | SKIP 0 | PASS 746 ] @ lewbel-gmm
⠸ [ FAIL 13 | WARN 3 | SKIP 0 | PASS 746 ] @ lewbel-gmm
⠼ [ FAIL 13 | WARN 3 | SKIP 0 | PASS 746 ] @ lewbel-gmm
⠴ [ FAIL 13 | WARN 3 | SKIP 0 | PASS 746 ] @ lewbel-gmm
⠦ [ FAIL 13 | WARN 3 | SKIP 0 | PASS 746 ] @ lewbel-gmm
⠧ [ FAIL 13 | WARN 3 | SKIP 0 | PASS 746 ] @ lewbel-gmm
⠇ [ FAIL 13 | WARN 3 | SKIP 0 | PASS 746 ] @ lewbel-gmm
⠏ [ FAIL 13 | WARN 3 | SKIP 0 | PASS 746 ] @ lewbel-gmm
⠋ [ FAIL 13 | WARN 3 | SKIP 0 | PASS 746 ] @ lewbel-gmm
⠙ [ FAIL 13 | WARN 3 | SKIP 0 | PASS 746 ] @ lewbel-gmm
⠹ [ FAIL 13 | WARN 3 | SKIP 0 | PASS 746 ] @ lewbel-gmm
⠸ [ FAIL 13 | WARN 3 | SKIP 0 | PASS 746 ] @ lewbel-gmm
⠼ [ FAIL 13 | WARN 3 | SKIP 0 | PASS 746 ] @ lewbel-gmm
⠴ [ FAIL 13 | WARN 3 | SKIP 0 | PASS 746 ] @ lewbel-gmm
⠦ [ FAIL 13 | WARN 3 | SKIP 0 | PASS 746 ] @ lewbel-gmm
⠧ [ FAIL 13 | WARN 3 | SKIP 0 | PASS 746 ] @ lewbel-gmm
⠇ [ FAIL 13 | WARN 3 | SKIP 0 | PASS 746 ] @ lewbel-gmm
⠏ [ FAIL 13 | WARN 3 | SKIP 0 | PASS 746 ] @ lewbel-gmm
⠋ [ FAIL 13 | WARN 3 | SKIP 0 | PASS 746 ] @ lewbel-gmm
⠙ [ FAIL 13 | WARN 3 | SKIP 0 | PASS 746 ] @ lewbel-gmm
⠹ [ FAIL 13 | WARN 3 | SKIP 0 | PASS 746 ] @ lewbel-gmm
⠸ [ FAIL 13 | WARN 3 | SKIP 0 | PASS 746 ] @ lewbel-gmm
⠼ [ FAIL 13 | WARN 3 | SKIP 0 | PASS 746 ] @ lewbel-gmm
⠴ [ FAIL 13 | WARN 3 | SKIP 0 | PASS 746 ] @ lewbel-gmm
⠦ [ FAIL 13 | WARN 3 | SKIP 0 | PASS 746 ] @ lewbel-gmm
⠧ [ FAIL 13 | WARN 3 | SKIP 0 | PASS 746 ] @ lewbel-gmm
⠇ [ FAIL 13 | WARN 3 | SKIP 0 | PASS 746 ] @ lewbel-gmm
⠏ [ FAIL 13 | WARN 3 | SKIP 0 | PASS 746 ] @ lewbel-gmm
⠋ [ FAIL 13 | WARN 3 | SKIP 0 | PASS 746 ] @ lewbel-gmm
⠙ [ FAIL 13 | WARN 3 | SKIP 0 | PASS 746 ] @ lewbel-gmm
⠹ [ FAIL 13 | WARN 3 | SKIP 0 | PASS 746 ] @ lewbel-gmm
⠸ [ FAIL 13 | WARN 3 | SKIP 0 | PASS 746 ] @ lewbel-gmm
⠼ [ FAIL 13 | WARN 3 | SKIP 0 | PASS 746 ] @ lewbel-gmm
⠴ [ FAIL 13 | WARN 3 | SKIP 0 | PASS 746 ] @ lewbel-gmm
⠦ [ FAIL 13 | WARN 3 | SKIP 0 | PASS 746 ] @ lewbel-gmm
⠧ [ FAIL 13 | WARN 3 | SKIP 0 | PASS 746 ] @ lewbel-gmm
⠇ [ FAIL 13 | WARN 3 | SKIP 0 | PASS 746 ] @ lewbel-gmm
⠏ [ FAIL 13 | WARN 3 | SKIP 0 | PASS 746 ] @ lewbel-gmm
⠋ [ FAIL 13 | WARN 3 | SKIP 0 | PASS 746 ] @ lewbel-gmm
⠙ [ FAIL 13 | WARN 3 | SKIP 0 | PASS 746 ] @ lewbel-gmm
⠹ [ FAIL 13 | WARN 3 | SKIP 0 | PASS 746 ] @ lewbel-gmm
⠸ [ FAIL 13 | WARN 3 | SKIP 0 | PASS 746 ] @ lewbel-gmm
⠼ [ FAIL 13 | WARN 3 | SKIP 0 | PASS 746 ] @ lewbel-gmm
⠴ [ FAIL 13 | WARN 3 | SKIP 0 | PASS 746 ] @ lewbel-gmm
⠦ [ FAIL 13 | WARN 3 | SKIP 0 | PASS 746 ] @ lewbel-gmm
⠧ [ FAIL 13 | WARN 3 | SKIP 0 | PASS 746 ] @ lewbel-gmm
⠇ [ FAIL 13 | WARN 3 | SKIP 0 | PASS 746 ] @ lewbel-gmm
⠏ [ FAIL 13 | WARN 3 | SKIP 0 | PASS 746 ] @ lewbel-gmm
⠋ [ FAIL 13 | WARN 3 | SKIP 0 | PASS 746 ] @ lewbel-gmm
⠙ [ FAIL 13 | WARN 3 | SKIP 0 | PASS 746 ] @ lewbel-gmm
⠹ [ FAIL 13 | WARN 3 | SKIP 0 | PASS 746 ] @ lewbel-gmm
⠸ [ FAIL 13 | WARN 3 | SKIP 0 | PASS 746 ] @ lewbel-gmm
⠼ [ FAIL 13 | WARN 3 | SKIP 0 | PASS 746 ] @ lewbel-gmm
⠴ [ FAIL 13 | WARN 3 | SKIP 0 | PASS 746 ] @ lewbel-gmm
⠦ [ FAIL 13 | WARN 3 | SKIP 0 | PASS 746 ] @ lewbel-gmm
⠧ [ FAIL 13 | WARN 3 | SKIP 0 | PASS 746 ] @ lewbel-gmm
⠇ [ FAIL 13 | WARN 3 | SKIP 0 | PASS 746 ] @ lewbel-gmm
⠏ [ FAIL 13 | WARN 3 | SKIP 0 | PASS 746 ] @ lewbel-gmm
⠋ [ FAIL 13 | WARN 3 | SKIP 0 | PASS 746 ] @ lewbel-gmm
⠙ [ FAIL 13 | WARN 3 | SKIP 0 | PASS 746 ] @ lewbel-gmm
⠹ [ FAIL 13 | WARN 3 | SKIP 0 | PASS 746 ] @ lewbel-gmm
⠸ [ FAIL 13 | WARN 3 | SKIP 0 | PASS 746 ] @ lewbel-gmm
⠼ [ FAIL 13 | WARN 3 | SKIP 0 | PASS 746 ] @ lewbel-gmm
⠴ [ FAIL 13 | WARN 3 | SKIP 0 | PASS 746 ] @ lewbel-gmm
⠦ [ FAIL 13 | WARN 3 | SKIP 0 | PASS 746 ] @ lewbel-gmm
⠧ [ FAIL 13 | WARN 3 | SKIP 0 | PASS 746 ] @ lewbel-gmm
⠇ [ FAIL 13 | WARN 3 | SKIP 0 | PASS 746 ] @ lewbel-gmm
⠏ [ FAIL 13 | WARN 3 | SKIP 0 | PASS 746 ] @ lewbel-gmm
⠋ [ FAIL 13 | WARN 3 | SKIP 0 | PASS 746 ] @ lewbel-gmm
⠙ [ FAIL 13 | WARN 3 | SKIP 0 | PASS 746 ] @ lewbel-gmm
⠹ [ FAIL 13 | WARN 3 | SKIP 0 | PASS 746 ] @ lewbel-gmm
⠸ [ FAIL 13 | WARN 3 | SKIP 0 | PASS 746 ] @ lewbel-gmm
⠼ [ FAIL 13 | WARN 3 | SKIP 0 | PASS 746 ] @ lewbel-gmm
⠴ [ FAIL 13 | WARN 3 | SKIP 0 | PASS 746 ] @ lewbel-gmm
⠦ [ FAIL 13 | WARN 3 | SKIP 0 | PASS 746 ] @ lewbel-gmm
⠧ [ FAIL 13 | WARN 3 | SKIP 0 | PASS 746 ] @ lewbel-gmm
⠇ [ FAIL 13 | WARN 3 | SKIP 0 | PASS 746 ] @ lewbel-gmm
⠏ [ FAIL 13 | WARN 3 | SKIP 0 | PASS 746 ] @ lewbel-gmm
⠋ [ FAIL 13 | WARN 3 | SKIP 0 | PASS 746 ] @ lewbel-gmm
⠙ [ FAIL 13 | WARN 3 | SKIP 0 | PASS 746 ] @ lewbel-gmm
⠹ [ FAIL 13 | WARN 3 | SKIP 0 | PASS 746 ] @ lewbel-gmm
⠸ [ FAIL 13 | WARN 3 | SKIP 0 | PASS 746 ] @ lewbel-gmm
⠼ [ FAIL 13 | WARN 3 | SKIP 0 | PASS 746 ] @ lewbel-gmm
⠴ [ FAIL 13 | WARN 3 | SKIP 0 | PASS 746 ] @ lewbel-gmm
⠦ [ FAIL 13 | WARN 3 | SKIP 0 | PASS 746 ] @ lewbel-gmm
⠧ [ FAIL 13 | WARN 3 | SKIP 0 | PASS 746 ] @ lewbel-gmm
⠇ [ FAIL 13 | WARN 3 | SKIP 0 | PASS 746 ] @ lewbel-gmm
⠏ [ FAIL 13 | WARN 3 | SKIP 0 | PASS 746 ] @ lewbel-gmm
⠋ [ FAIL 13 | WARN 3 | SKIP 0 | PASS 746 ] @ lewbel-gmm
⠙ [ FAIL 13 | WARN 3 | SKIP 0 | PASS 746 ] @ lewbel-gmm
⠹ [ FAIL 13 | WARN 3 | SKIP 0 | PASS 746 ] @ lewbel-gmm
⠸ [ FAIL 13 | WARN 3 | SKIP 0 | PASS 746 ] @ lewbel-gmm
⠼ [ FAIL 13 | WARN 3 | SKIP 0 | PASS 746 ] @ lewbel-gmm
⠴ [ FAIL 13 | WARN 3 | SKIP 0 | PASS 746 ] @ lewbel-gmm
⠦ [ FAIL 13 | WARN 3 | SKIP 0 | PASS 746 ] @ lewbel-gmm
⠧ [ FAIL 13 | WARN 3 | SKIP 0 | PASS 746 ] @ lewbel-gmm
⠇ [ FAIL 13 | WARN 3 | SKIP 0 | PASS 746 ] @ lewbel-gmm
⠏ [ FAIL 13 | WARN 3 | SKIP 0 | PASS 746 ] @ lewbel-gmm
⠋ [ FAIL 13 | WARN 3 | SKIP 0 | PASS 746 ] @ lewbel-gmm
⠙ [ FAIL 13 | WARN 3 | SKIP 0 | PASS 746 ] @ lewbel-gmm
⠹ [ FAIL 13 | WARN 3 | SKIP 0 | PASS 746 ] @ lewbel-gmm
⠸ [ FAIL 13 | WARN 3 | SKIP 0 | PASS 746 ] @ lewbel-gmm
⠼ [ FAIL 13 | WARN 3 | SKIP 0 | PASS 746 ] @ lewbel-gmm
⠴ [ FAIL 13 | WARN 3 | SKIP 0 | PASS 746 ] @ lewbel-gmm
⠦ [ FAIL 13 | WARN 3 | SKIP 0 | PASS 746 ] @ lewbel-gmm
⠧ [ FAIL 13 | WARN 3 | SKIP 0 | PASS 746 ] @ lewbel-gmm
⠇ [ FAIL 13 | WARN 3 | SKIP 0 | PASS 746 ] @ lewbel-gmm
⠏ [ FAIL 13 | WARN 3 | SKIP 0 | PASS 746 ] @ lewbel-gmm
⠋ [ FAIL 13 | WARN 3 | SKIP 0 | PASS 746 ] @ lewbel-gmm
⠙ [ FAIL 13 | WARN 3 | SKIP 0 | PASS 746 ] @ lewbel-gmm
⠹ [ FAIL 13 | WARN 3 | SKIP 0 | PASS 746 ] @ lewbel-gmm
⠸ [ FAIL 13 | WARN 3 | SKIP 0 | PASS 746 ] @ lewbel-gmm
⠼ [ FAIL 13 | WARN 3 | SKIP 0 | PASS 746 ] @ lewbel-gmm
⠴ [ FAIL 13 | WARN 3 | SKIP 0 | PASS 746 ] @ lewbel-gmm
⠦ [ FAIL 13 | WARN 3 | SKIP 0 | PASS 746 ] @ lewbel-gmm
⠧ [ FAIL 13 | WARN 3 | SKIP 0 | PASS 746 ] @ lewbel-gmm
⠇ [ FAIL 13 | WARN 3 | SKIP 0 | PASS 746 ] @ lewbel-gmm
⠏ [ FAIL 13 | WARN 3 | SKIP 0 | PASS 746 ] @ lewbel-gmm
⠋ [ FAIL 13 | WARN 3 | SKIP 0 | PASS 746 ] @ lewbel-gmm
⠙ [ FAIL 13 | WARN 3 | SKIP 0 | PASS 746 ] @ lewbel-gmm
⠹ [ FAIL 13 | WARN 3 | SKIP 0 | PASS 746 ] @ lewbel-gmm
⠸ [ FAIL 13 | WARN 3 | SKIP 0 | PASS 746 ] @ lewbel-gmm
⠼ [ FAIL 13 | WARN 3 | SKIP 0 | PASS 746 ] @ lewbel-gmm
⠴ [ FAIL 13 | WARN 3 | SKIP 0 | PASS 746 ] @ lewbel-gmm
⠦ [ FAIL 13 | WARN 3 | SKIP 0 | PASS 746 ] @ lewbel-gmm
⠧ [ FAIL 13 | WARN 3 | SKIP 0 | PASS 746 ] @ lewbel-gmm
⠇ [ FAIL 13 | WARN 3 | SKIP 0 | PASS 746 ] @ lewbel-gmm
⠏ [ FAIL 13 | WARN 3 | SKIP 0 | PASS 746 ] @ lewbel-gmm
⠋ [ FAIL 13 | WARN 3 | SKIP 0 | PASS 746 ] @ lewbel-gmm
⠙ [ FAIL 13 | WARN 3 | SKIP 0 | PASS 746 ] @ lewbel-gmm
⠹ [ FAIL 13 | WARN 3 | SKIP 0 | PASS 746 ] @ lewbel-gmm
⠸ [ FAIL 13 | WARN 3 | SKIP 0 | PASS 746 ] @ lewbel-gmm
⠼ [ FAIL 13 | WARN 3 | SKIP 0 | PASS 746 ] @ lewbel-gmm
⠴ [ FAIL 13 | WARN 3 | SKIP 0 | PASS 746 ] @ lewbel-gmm
⠦ [ FAIL 13 | WARN 3 | SKIP 0 | PASS 746 ] @ lewbel-gmm
⠧ [ FAIL 13 | WARN 3 | SKIP 0 | PASS 746 ] @ lewbel-gmm
⠇ [ FAIL 13 | WARN 3 | SKIP 0 | PASS 746 ] @ lewbel-gmm
⠏ [ FAIL 13 | WARN 3 | SKIP 0 | PASS 746 ] @ lewbel-gmm
⠋ [ FAIL 13 | WARN 3 | SKIP 0 | PASS 746 ] @ lewbel-gmm
⠙ [ FAIL 13 | WARN 3 | SKIP 0 | PASS 746 ] @ lewbel-gmm
⠹ [ FAIL 13 | WARN 3 | SKIP 0 | PASS 746 ] @ lewbel-gmm
⠸ [ FAIL 13 | WARN 3 | SKIP 0 | PASS 746 ] @ lewbel-gmm
⠼ [ FAIL 13 | WARN 3 | SKIP 0 | PASS 746 ] @ lewbel-gmm
⠴ [ FAIL 13 | WARN 3 | SKIP 0 | PASS 746 ] @ lewbel-gmm
⠦ [ FAIL 13 | WARN 3 | SKIP 0 | PASS 746 ] @ lewbel-gmm
⠧ [ FAIL 13 | WARN 3 | SKIP 0 | PASS 746 ] @ lewbel-gmm
⠇ [ FAIL 13 | WARN 3 | SKIP 0 | PASS 746 ] @ lewbel-gmm
⠏ [ FAIL 13 | WARN 3 | SKIP 0 | PASS 746 ] @ lewbel-gmm
⠋ [ FAIL 13 | WARN 3 | SKIP 0 | PASS 746 ] @ lewbel-gmm
⠙ [ FAIL 13 | WARN 3 | SKIP 0 | PASS 746 ] @ lewbel-gmm
⠹ [ FAIL 13 | WARN 3 | SKIP 0 | PASS 746 ] @ lewbel-gmm
⠸ [ FAIL 13 | WARN 3 | SKIP 0 | PASS 746 ] @ lewbel-gmm
⠼ [ FAIL 13 | WARN 3 | SKIP 0 | PASS 746 ] @ lewbel-gmm
⠴ [ FAIL 13 | WARN 3 | SKIP 0 | PASS 746 ] @ lewbel-gmm
⠦ [ FAIL 13 | WARN 3 | SKIP 0 | PASS 746 ] @ lewbel-gmm
⠧ [ FAIL 13 | WARN 3 | SKIP 0 | PASS 746 ] @ lewbel-gmm
⠇ [ FAIL 13 | WARN 3 | SKIP 0 | PASS 746 ] @ lewbel-gmm
⠏ [ FAIL 13 | WARN 3 | SKIP 0 | PASS 746 ] @ lewbel-gmm
⠋ [ FAIL 13 | WARN 3 | SKIP 0 | PASS 746 ] @ lewbel-gmm
⠙ [ FAIL 13 | WARN 3 | SKIP 0 | PASS 746 ] @ lewbel-gmm
⠹ [ FAIL 14 | WARN 3 | SKIP 0 | PASS 752 ] @ lewbel-gmm
⠸ [ FAIL 14 | WARN 3 | SKIP 0 | PASS 752 ] @ lewbel-gmm
⠼ [ FAIL 14 | WARN 3 | SKIP 0 | PASS 752 ] @ lewbel-gmm
⠴ [ FAIL 14 | WARN 3 | SKIP 0 | PASS 752 ] @ lewbel-gmm
⠦ [ FAIL 14 | WARN 3 | SKIP 0 | PASS 752 ] @ lewbel-gmm
⠧ [ FAIL 14 | WARN 3 | SKIP 0 | PASS 752 ] @ lewbel-gmm
⠇ [ FAIL 14 | WARN 3 | SKIP 0 | PASS 752 ] @ lewbel-gmm
⠏ [ FAIL 14 | WARN 3 | SKIP 0 | PASS 752 ] @ lewbel-gmm
⠋ [ FAIL 14 | WARN 3 | SKIP 0 | PASS 752 ] @ lewbel-gmm
⠙ [ FAIL 14 | WARN 3 | SKIP 0 | PASS 752 ] @ lewbel-gmm
⠹ [ FAIL 14 | WARN 3 | SKIP 0 | PASS 752 ] @ lewbel-gmm
⠸ [ FAIL 14 | WARN 3 | SKIP 0 | PASS 752 ] @ lewbel-gmm
⠼ [ FAIL 14 | WARN 3 | SKIP 0 | PASS 752 ] @ lewbel-gmm
⠴ [ FAIL 14 | WARN 3 | SKIP 0 | PASS 752 ] @ lewbel-gmm
⠦ [ FAIL 14 | WARN 3 | SKIP 0 | PASS 752 ] @ lewbel-gmm
⠧ [ FAIL 14 | WARN 3 | SKIP 0 | PASS 752 ] @ lewbel-gmm
⠇ [ FAIL 14 | WARN 3 | SKIP 0 | PASS 752 ] @ lewbel-gmm
⠏ [ FAIL 14 | WARN 3 | SKIP 0 | PASS 752 ] @ lewbel-gmm
⠋ [ FAIL 14 | WARN 3 | SKIP 0 | PASS 752 ] @ lewbel-gmm
⠙ [ FAIL 14 | WARN 3 | SKIP 0 | PASS 752 ] @ lewbel-gmm
⠹ [ FAIL 14 | WARN 3 | SKIP 0 | PASS 752 ] @ lewbel-gmm
⠸ [ FAIL 14 | WARN 3 | SKIP 0 | PASS 752 ] @ lewbel-gmm
⠼ [ FAIL 14 | WARN 3 | SKIP 0 | PASS 752 ] @ lewbel-gmm
⠴ [ FAIL 14 | WARN 3 | SKIP 0 | PASS 752 ] @ lewbel-gmm
⠦ [ FAIL 14 | WARN 3 | SKIP 0 | PASS 752 ] @ lewbel-gmm
⠧ [ FAIL 14 | WARN 3 | SKIP 0 | PASS 752 ] @ lewbel-gmm
⠇ [ FAIL 14 | WARN 3 | SKIP 0 | PASS 752 ] @ lewbel-gmm
⠏ [ FAIL 14 | WARN 3 | SKIP 0 | PASS 752 ] @ lewbel-gmm
⠋ [ FAIL 14 | WARN 3 | SKIP 0 | PASS 752 ] @ lewbel-gmm
⠙ [ FAIL 14 | WARN 3 | SKIP 0 | PASS 752 ] @ lewbel-gmm
⠹ [ FAIL 14 | WARN 3 | SKIP 0 | PASS 752 ] @ lewbel-gmm
⠸ [ FAIL 14 | WARN 3 | SKIP 0 | PASS 752 ] @ lewbel-gmm
⠼ [ FAIL 14 | WARN 3 | SKIP 0 | PASS 752 ] @ lewbel-gmm
⠴ [ FAIL 14 | WARN 3 | SKIP 0 | PASS 752 ] @ lewbel-gmm
⠦ [ FAIL 14 | WARN 3 | SKIP 0 | PASS 752 ] @ lewbel-gmm
⠧ [ FAIL 14 | WARN 3 | SKIP 0 | PASS 752 ] @ lewbel-gmm
⠇ [ FAIL 14 | WARN 3 | SKIP 0 | PASS 752 ] @ lewbel-gmm
⠏ [ FAIL 14 | WARN 3 | SKIP 0 | PASS 752 ] @ lewbel-gmm
⠋ [ FAIL 14 | WARN 3 | SKIP 0 | PASS 752 ] @ lewbel-gmm
⠙ [ FAIL 14 | WARN 3 | SKIP 0 | PASS 752 ] @ lewbel-gmm
⠹ [ FAIL 14 | WARN 3 | SKIP 0 | PASS 752 ] @ lewbel-gmm
⠸ [ FAIL 14 | WARN 3 | SKIP 0 | PASS 752 ] @ lewbel-gmm
⠼ [ FAIL 14 | WARN 3 | SKIP 0 | PASS 752 ] @ lewbel-gmm
⠴ [ FAIL 14 | WARN 3 | SKIP 0 | PASS 752 ] @ lewbel-gmm
⠦ [ FAIL 14 | WARN 3 | SKIP 0 | PASS 752 ] @ lewbel-gmm
⠧ [ FAIL 14 | WARN 3 | SKIP 0 | PASS 752 ] @ lewbel-gmm
⠇ [ FAIL 14 | WARN 3 | SKIP 0 | PASS 752 ] @ lewbel-gmm
⠏ [ FAIL 14 | WARN 3 | SKIP 0 | PASS 752 ] @ lewbel-gmm
⠋ [ FAIL 14 | WARN 3 | SKIP 0 | PASS 752 ] @ lewbel-gmm
⠙ [ FAIL 14 | WARN 3 | SKIP 0 | PASS 752 ] @ lewbel-gmm
⠹ [ FAIL 14 | WARN 3 | SKIP 0 | PASS 752 ] @ lewbel-gmm
⠸ [ FAIL 14 | WARN 3 | SKIP 0 | PASS 752 ] @ lewbel-gmm
⠼ [ FAIL 14 | WARN 3 | SKIP 0 | PASS 752 ] @ lewbel-gmm
⠴ [ FAIL 14 | WARN 3 | SKIP 0 | PASS 752 ] @ lewbel-gmm
⠦ [ FAIL 14 | WARN 3 | SKIP 0 | PASS 752 ] @ lewbel-gmm
⠧ [ FAIL 14 | WARN 3 | SKIP 0 | PASS 752 ] @ lewbel-gmm
⠇ [ FAIL 14 | WARN 3 | SKIP 0 | PASS 752 ] @ lewbel-gmm
⠏ [ FAIL 14 | WARN 3 | SKIP 0 | PASS 752 ] @ lewbel-gmm
⠋ [ FAIL 14 | WARN 3 | SKIP 0 | PASS 752 ] @ lewbel-gmm
⠙ [ FAIL 14 | WARN 3 | SKIP 0 | PASS 752 ] @ lewbel-gmm
⠹ [ FAIL 14 | WARN 3 | SKIP 0 | PASS 752 ] @ lewbel-gmm
⠸ [ FAIL 14 | WARN 3 | SKIP 0 | PASS 752 ] @ lewbel-gmm
⠼ [ FAIL 14 | WARN 3 | SKIP 0 | PASS 752 ] @ lewbel-gmm
⠴ [ FAIL 14 | WARN 3 | SKIP 0 | PASS 752 ] @ lewbel-gmm
⠦ [ FAIL 14 | WARN 3 | SKIP 0 | PASS 752 ] @ lewbel-gmm
⠧ [ FAIL 14 | WARN 3 | SKIP 0 | PASS 752 ] @ lewbel-gmm
⠇ [ FAIL 14 | WARN 3 | SKIP 0 | PASS 752 ] @ lewbel-gmm
⠏ [ FAIL 14 | WARN 3 | SKIP 0 | PASS 752 ] @ lewbel-gmm
⠋ [ FAIL 14 | WARN 3 | SKIP 0 | PASS 752 ] @ lewbel-gmm
⠙ [ FAIL 14 | WARN 3 | SKIP 0 | PASS 752 ] @ lewbel-gmm
⠹ [ FAIL 14 | WARN 3 | SKIP 0 | PASS 752 ] @ lewbel-gmm
⠸ [ FAIL 14 | WARN 3 | SKIP 0 | PASS 752 ] @ lewbel-gmm
⠼ [ FAIL 14 | WARN 3 | SKIP 0 | PASS 752 ] @ lewbel-gmm
⠴ [ FAIL 14 | WARN 3 | SKIP 0 | PASS 752 ] @ lewbel-gmm
⠦ [ FAIL 14 | WARN 3 | SKIP 0 | PASS 752 ] @ lewbel-gmm
⠧ [ FAIL 14 | WARN 3 | SKIP 0 | PASS 752 ] @ lewbel-gmm
⠇ [ FAIL 14 | WARN 3 | SKIP 0 | PASS 752 ] @ lewbel-gmm
⠏ [ FAIL 14 | WARN 3 | SKIP 0 | PASS 752 ] @ lewbel-gmm
⠋ [ FAIL 14 | WARN 3 | SKIP 0 | PASS 752 ] @ lewbel-gmm
⠙ [ FAIL 14 | WARN 3 | SKIP 0 | PASS 752 ] @ lewbel-gmm
⠹ [ FAIL 14 | WARN 3 | SKIP 0 | PASS 752 ] @ lewbel-gmm
⠸ [ FAIL 14 | WARN 3 | SKIP 0 | PASS 752 ] @ lewbel-gmm
⠼ [ FAIL 14 | WARN 3 | SKIP 0 | PASS 752 ] @ lewbel-gmm
⠴ [ FAIL 14 | WARN 3 | SKIP 0 | PASS 752 ] @ lewbel-gmm
⠦ [ FAIL 14 | WARN 3 | SKIP 0 | PASS 752 ] @ lewbel-gmm
⠧ [ FAIL 14 | WARN 3 | SKIP 0 | PASS 752 ] @ lewbel-gmm
⠇ [ FAIL 14 | WARN 3 | SKIP 0 | PASS 752 ] @ lewbel-gmm
⠏ [ FAIL 14 | WARN 3 | SKIP 0 | PASS 752 ] @ lewbel-gmm
⠋ [ FAIL 14 | WARN 3 | SKIP 0 | PASS 752 ] @ lewbel-gmm
⠙ [ FAIL 14 | WARN 3 | SKIP 0 | PASS 752 ] @ lewbel-gmm
⠹ [ FAIL 14 | WARN 3 | SKIP 0 | PASS 752 ] @ lewbel-gmm
⠸ [ FAIL 14 | WARN 3 | SKIP 0 | PASS 752 ] @ lewbel-gmm
⠼ [ FAIL 14 | WARN 3 | SKIP 0 | PASS 752 ] @ lewbel-gmm
⠴ [ FAIL 14 | WARN 3 | SKIP 0 | PASS 752 ] @ lewbel-gmm
⠦ [ FAIL 14 | WARN 3 | SKIP 0 | PASS 752 ] @ lewbel-gmm
⠧ [ FAIL 14 | WARN 3 | SKIP 0 | PASS 752 ] @ lewbel-gmm
⠇ [ FAIL 14 | WARN 3 | SKIP 0 | PASS 752 ] @ lewbel-gmm
⠏ [ FAIL 14 | WARN 3 | SKIP 0 | PASS 752 ] @ lewbel-gmm
⠋ [ FAIL 14 | WARN 3 | SKIP 0 | PASS 752 ] @ lewbel-gmm
⠙ [ FAIL 14 | WARN 3 | SKIP 0 | PASS 752 ] @ lewbel-gmm
⠹ [ FAIL 14 | WARN 3 | SKIP 0 | PASS 752 ] @ lewbel-gmm
⠸ [ FAIL 14 | WARN 3 | SKIP 0 | PASS 752 ] @ lewbel-gmm
⠼ [ FAIL 14 | WARN 3 | SKIP 0 | PASS 752 ] @ lewbel-gmm
⠴ [ FAIL 14 | WARN 3 | SKIP 0 | PASS 752 ] @ lewbel-gmm
⠦ [ FAIL 14 | WARN 3 | SKIP 0 | PASS 752 ] @ lewbel-gmm
⠧ [ FAIL 14 | WARN 3 | SKIP 0 | PASS 752 ] @ lewbel-gmm
⠇ [ FAIL 14 | WARN 3 | SKIP 0 | PASS 752 ] @ lewbel-gmm
⠏ [ FAIL 14 | WARN 3 | SKIP 0 | PASS 752 ] @ lewbel-gmm
⠋ [ FAIL 14 | WARN 3 | SKIP 0 | PASS 752 ] @ lewbel-gmm
⠙ [ FAIL 14 | WARN 3 | SKIP 0 | PASS 752 ] @ lewbel-gmm
⠹ [ FAIL 14 | WARN 3 | SKIP 0 | PASS 752 ] @ lewbel-gmm
⠸ [ FAIL 14 | WARN 3 | SKIP 0 | PASS 752 ] @ lewbel-gmm
⠼ [ FAIL 14 | WARN 3 | SKIP 0 | PASS 752 ] @ lewbel-gmm
⠴ [ FAIL 14 | WARN 3 | SKIP 0 | PASS 752 ] @ lewbel-gmm
⠦ [ FAIL 14 | WARN 3 | SKIP 0 | PASS 752 ] @ lewbel-gmm
⠧ [ FAIL 14 | WARN 3 | SKIP 0 | PASS 752 ] @ lewbel-gmm
⠇ [ FAIL 14 | WARN 3 | SKIP 0 | PASS 752 ] @ lewbel-gmm
⠏ [ FAIL 14 | WARN 3 | SKIP 0 | PASS 752 ] @ lewbel-gmm
⠋ [ FAIL 14 | WARN 3 | SKIP 0 | PASS 752 ] @ lewbel-gmm
⠙ [ FAIL 14 | WARN 3 | SKIP 0 | PASS 752 ] @ lewbel-gmm
⠹ [ FAIL 14 | WARN 3 | SKIP 0 | PASS 752 ] @ lewbel-gmm
⠸ [ FAIL 14 | WARN 3 | SKIP 0 | PASS 752 ] @ lewbel-gmm
⠼ [ FAIL 14 | WARN 3 | SKIP 0 | PASS 752 ] @ lewbel-gmm
⠴ [ FAIL 14 | WARN 3 | SKIP 0 | PASS 752 ] @ lewbel-gmm
⠦ [ FAIL 14 | WARN 3 | SKIP 0 | PASS 752 ] @ lewbel-gmm
⠧ [ FAIL 14 | WARN 3 | SKIP 0 | PASS 752 ] @ lewbel-gmm
⠇ [ FAIL 14 | WARN 3 | SKIP 0 | PASS 752 ] @ lewbel-gmm
⠏ [ FAIL 14 | WARN 3 | SKIP 0 | PASS 752 ] @ lewbel-gmm
⠋ [ FAIL 14 | WARN 3 | SKIP 0 | PASS 752 ] @ lewbel-gmm
⠙ [ FAIL 14 | WARN 3 | SKIP 0 | PASS 752 ] @ lewbel-gmm
⠹ [ FAIL 14 | WARN 3 | SKIP 0 | PASS 752 ] @ lewbel-gmm
⠸ [ FAIL 14 | WARN 3 | SKIP 0 | PASS 752 ] @ lewbel-gmm
⠼ [ FAIL 14 | WARN 3 | SKIP 0 | PASS 752 ] @ lewbel-gmm
⠴ [ FAIL 14 | WARN 3 | SKIP 0 | PASS 752 ] @ lewbel-gmm
⠦ [ FAIL 14 | WARN 3 | SKIP 0 | PASS 752 ] @ lewbel-gmm
⠧ [ FAIL 14 | WARN 3 | SKIP 0 | PASS 752 ] @ lewbel-gmm
⠇ [ FAIL 14 | WARN 3 | SKIP 0 | PASS 752 ] @ lewbel-gmm
⠏ [ FAIL 14 | WARN 3 | SKIP 0 | PASS 752 ] @ lewbel-gmm
⠋ [ FAIL 14 | WARN 3 | SKIP 0 | PASS 752 ] @ lewbel-gmm
⠙ [ FAIL 14 | WARN 3 | SKIP 0 | PASS 752 ] @ lewbel-gmm
⠹ [ FAIL 14 | WARN 3 | SKIP 0 | PASS 752 ] @ lewbel-gmm
⠸ [ FAIL 14 | WARN 3 | SKIP 0 | PASS 752 ] @ lewbel-gmm
⠼ [ FAIL 14 | WARN 3 | SKIP 0 | PASS 752 ] @ lewbel-gmm
⠴ [ FAIL 14 | WARN 3 | SKIP 0 | PASS 752 ] @ lewbel-gmm
⠦ [ FAIL 14 | WARN 3 | SKIP 0 | PASS 752 ] @ lewbel-gmm
⠧ [ FAIL 14 | WARN 3 | SKIP 0 | PASS 752 ] @ lewbel-gmm
⠇ [ FAIL 14 | WARN 3 | SKIP 0 | PASS 752 ] @ lewbel-gmm
⠏ [ FAIL 14 | WARN 3 | SKIP 0 | PASS 752 ] @ lewbel-gmm
⠋ [ FAIL 14 | WARN 3 | SKIP 0 | PASS 752 ] @ lewbel-gmm
⠙ [ FAIL 14 | WARN 3 | SKIP 0 | PASS 752 ] @ lewbel-gmm
⠹ [ FAIL 14 | WARN 3 | SKIP 0 | PASS 752 ] @ lewbel-gmm
⠸ [ FAIL 14 | WARN 3 | SKIP 0 | PASS 752 ] @ lewbel-gmm
⠼ [ FAIL 14 | WARN 3 | SKIP 0 | PASS 752 ] @ lewbel-gmm
⠴ [ FAIL 14 | WARN 3 | SKIP 0 | PASS 752 ] @ lewbel-gmm
⠦ [ FAIL 14 | WARN 3 | SKIP 0 | PASS 752 ] @ lewbel-gmm
⠧ [ FAIL 14 | WARN 3 | SKIP 0 | PASS 752 ] @ lewbel-gmm
⠇ [ FAIL 14 | WARN 3 | SKIP 0 | PASS 752 ] @ lewbel-gmm
⠏ [ FAIL 14 | WARN 3 | SKIP 0 | PASS 752 ] @ lewbel-gmm
⠋ [ FAIL 14 | WARN 3 | SKIP 0 | PASS 752 ] @ lewbel-gmm
⠙ [ FAIL 14 | WARN 3 | SKIP 0 | PASS 752 ] @ lewbel-gmm
⠹ [ FAIL 14 | WARN 3 | SKIP 0 | PASS 752 ] @ lewbel-gmm
⠸ [ FAIL 14 | WARN 3 | SKIP 0 | PASS 752 ] @ lewbel-gmm
⠼ [ FAIL 14 | WARN 3 | SKIP 0 | PASS 752 ] @ lewbel-gmm
⠴ [ FAIL 14 | WARN 3 | SKIP 0 | PASS 752 ] @ lewbel-gmm
⠦ [ FAIL 14 | WARN 3 | SKIP 0 | PASS 752 ] @ lewbel-gmm
⠧ [ FAIL 14 | WARN 3 | SKIP 0 | PASS 752 ] @ lewbel-gmm
⠇ [ FAIL 14 | WARN 3 | SKIP 0 | PASS 752 ] @ lewbel-gmm
⠏ [ FAIL 14 | WARN 3 | SKIP 0 | PASS 752 ] @ lewbel-gmm
⠋ [ FAIL 14 | WARN 3 | SKIP 0 | PASS 752 ] @ lewbel-gmm
⠙ [ FAIL 14 | WARN 3 | SKIP 0 | PASS 752 ] @ lewbel-gmm
⠹ [ FAIL 14 | WARN 3 | SKIP 0 | PASS 752 ] @ lewbel-gmm
⠸ [ FAIL 14 | WARN 3 | SKIP 0 | PASS 752 ] @ lewbel-gmm
⠼ [ FAIL 14 | WARN 3 | SKIP 0 | PASS 752 ] @ lewbel-gmm
⠴ [ FAIL 14 | WARN 3 | SKIP 0 | PASS 752 ] @ lewbel-gmm
⠦ [ FAIL 14 | WARN 3 | SKIP 0 | PASS 752 ] @ lewbel-gmm
⠧ [ FAIL 14 | WARN 3 | SKIP 0 | PASS 752 ] @ lewbel-gmm
⠇ [ FAIL 14 | WARN 3 | SKIP 0 | PASS 752 ] @ lewbel-gmm
⠏ [ FAIL 14 | WARN 3 | SKIP 0 | PASS 752 ] @ lewbel-gmm
⠋ [ FAIL 14 | WARN 3 | SKIP 0 | PASS 752 ] @ lewbel-gmm
⠙ [ FAIL 14 | WARN 3 | SKIP 0 | PASS 752 ] @ lewbel-gmm
⠹ [ FAIL 14 | WARN 3 | SKIP 0 | PASS 752 ] @ lewbel-gmm
⠸ [ FAIL 14 | WARN 3 | SKIP 0 | PASS 752 ] @ lewbel-gmm
⠼ [ FAIL 14 | WARN 3 | SKIP 0 | PASS 752 ] @ lewbel-gmm
⠴ [ FAIL 14 | WARN 3 | SKIP 0 | PASS 752 ] @ lewbel-gmm
⠦ [ FAIL 14 | WARN 3 | SKIP 0 | PASS 752 ] @ lewbel-gmm
⠧ [ FAIL 14 | WARN 3 | SKIP 0 | PASS 752 ] @ lewbel-gmm
⠇ [ FAIL 14 | WARN 3 | SKIP 0 | PASS 752 ] @ lewbel-gmm
⠏ [ FAIL 14 | WARN 3 | SKIP 0 | PASS 752 ] @ lewbel-gmm
⠋ [ FAIL 14 | WARN 3 | SKIP 0 | PASS 752 ] @ lewbel-gmm
⠙ [ FAIL 14 | WARN 3 | SKIP 0 | PASS 752 ] @ lewbel-gmm
⠹ [ FAIL 14 | WARN 3 | SKIP 0 | PASS 752 ] @ lewbel-gmm
⠸ [ FAIL 14 | WARN 3 | SKIP 0 | PASS 752 ] @ lewbel-gmm
⠼ [ FAIL 14 | WARN 3 | SKIP 0 | PASS 752 ] @ lewbel-gmm
⠴ [ FAIL 14 | WARN 3 | SKIP 0 | PASS 752 ] @ lewbel-gmm
⠦ [ FAIL 14 | WARN 3 | SKIP 0 | PASS 752 ] @ lewbel-gmm
⠧ [ FAIL 14 | WARN 3 | SKIP 0 | PASS 752 ] @ lewbel-gmm
⠇ [ FAIL 14 | WARN 3 | SKIP 0 | PASS 752 ] @ lewbel-gmm
⠏ [ FAIL 14 | WARN 3 | SKIP 0 | PASS 752 ] @ lewbel-gmm
⠋ [ FAIL 14 | WARN 3 | SKIP 0 | PASS 752 ] @ lewbel-gmm
⠙ [ FAIL 14 | WARN 3 | SKIP 0 | PASS 752 ] @ lewbel-gmm
⠹ [ FAIL 14 | WARN 3 | SKIP 0 | PASS 752 ] @ lewbel-gmm
⠸ [ FAIL 14 | WARN 3 | SKIP 0 | PASS 752 ] @ lewbel-gmm
⠼ [ FAIL 14 | WARN 3 | SKIP 0 | PASS 752 ] @ lewbel-gmm
⠴ [ FAIL 14 | WARN 3 | SKIP 0 | PASS 752 ] @ lewbel-gmm
⠦ [ FAIL 14 | WARN 3 | SKIP 0 | PASS 752 ] @ lewbel-gmm
⠧ [ FAIL 14 | WARN 3 | SKIP 0 | PASS 752 ] @ lewbel-gmm
⠇ [ FAIL 14 | WARN 3 | SKIP 0 | PASS 752 ] @ lewbel-gmm
⠏ [ FAIL 14 | WARN 3 | SKIP 0 | PASS 752 ] @ lewbel-gmm
⠋ [ FAIL 14 | WARN 3 | SKIP 0 | PASS 752 ] @ lewbel-gmm
⠙ [ FAIL 14 | WARN 3 | SKIP 0 | PASS 752 ] @ lewbel-gmm
⠹ [ FAIL 14 | WARN 3 | SKIP 0 | PASS 752 ] @ lewbel-gmm
⠸ [ FAIL 14 | WARN 3 | SKIP 0 | PASS 752 ] @ lewbel-gmm
⠼ [ FAIL 14 | WARN 3 | SKIP 0 | PASS 752 ] @ lewbel-gmm
⠴ [ FAIL 14 | WARN 3 | SKIP 0 | PASS 752 ] @ lewbel-gmm
⠦ [ FAIL 14 | WARN 3 | SKIP 0 | PASS 752 ] @ lewbel-gmm
⠧ [ FAIL 14 | WARN 3 | SKIP 0 | PASS 752 ] @ lewbel-gmm
⠇ [ FAIL 14 | WARN 3 | SKIP 0 | PASS 752 ] @ lewbel-gmm
⠏ [ FAIL 14 | WARN 3 | SKIP 0 | PASS 752 ] @ lewbel-gmm
⠋ [ FAIL 14 | WARN 3 | SKIP 0 | PASS 752 ] @ lewbel-gmm
⠙ [ FAIL 14 | WARN 3 | SKIP 0 | PASS 752 ] @ lewbel-gmm
⠹ [ FAIL 14 | WARN 3 | SKIP 0 | PASS 752 ] @ lewbel-gmm
⠸ [ FAIL 14 | WARN 3 | SKIP 0 | PASS 752 ] @ lewbel-gmm
⠼ [ FAIL 14 | WARN 3 | SKIP 0 | PASS 752 ] @ lewbel-gmm
⠴ [ FAIL 14 | WARN 3 | SKIP 0 | PASS 752 ] @ lewbel-gmm
⠦ [ FAIL 14 | WARN 3 | SKIP 0 | PASS 752 ] @ lewbel-gmm
⠧ [ FAIL 14 | WARN 3 | SKIP 0 | PASS 752 ] @ lewbel-gmm
⠇ [ FAIL 14 | WARN 3 | SKIP 0 | PASS 752 ] @ lewbel-gmm
⠏ [ FAIL 14 | WARN 3 | SKIP 0 | PASS 752 ] @ lewbel-gmm
⠋ [ FAIL 14 | WARN 3 | SKIP 0 | PASS 752 ] @ lewbel-gmm
⠙ [ FAIL 14 | WARN 3 | SKIP 0 | PASS 752 ] @ lewbel-gmm
⠹ [ FAIL 14 | WARN 3 | SKIP 0 | PASS 752 ] @ lewbel-gmm
⠸ [ FAIL 14 | WARN 3 | SKIP 0 | PASS 752 ] @ lewbel-gmm
⠼ [ FAIL 14 | WARN 3 | SKIP 0 | PASS 752 ] @ lewbel-gmm
⠴ [ FAIL 14 | WARN 3 | SKIP 0 | PASS 752 ] @ lewbel-gmm
⠦ [ FAIL 14 | WARN 3 | SKIP 0 | PASS 752 ] @ lewbel-gmm
⠧ [ FAIL 14 | WARN 3 | SKIP 0 | PASS 752 ] @ lewbel-gmm
⠇ [ FAIL 14 | WARN 3 | SKIP 0 | PASS 752 ] @ lewbel-gmm
⠏ [ FAIL 14 | WARN 3 | SKIP 0 | PASS 752 ] @ lewbel-gmm
⠋ [ FAIL 14 | WARN 3 | SKIP 0 | PASS 752 ] @ lewbel-gmm
⠙ [ FAIL 14 | WARN 3 | SKIP 0 | PASS 752 ] @ lewbel-gmm
⠹ [ FAIL 14 | WARN 3 | SKIP 0 | PASS 752 ] @ lewbel-gmm
⠸ [ FAIL 14 | WARN 3 | SKIP 0 | PASS 752 ] @ lewbel-gmm
⠼ [ FAIL 14 | WARN 3 | SKIP 0 | PASS 752 ] @ lewbel-gmm
⠴ [ FAIL 14 | WARN 3 | SKIP 0 | PASS 752 ] @ lewbel-gmm
⠦ [ FAIL 14 | WARN 3 | SKIP 0 | PASS 752 ] @ lewbel-gmm
⠧ [ FAIL 14 | WARN 3 | SKIP 0 | PASS 752 ] @ lewbel-gmm
⠇ [ FAIL 14 | WARN 3 | SKIP 0 | PASS 752 ] @ lewbel-gmm
⠏ [ FAIL 14 | WARN 3 | SKIP 0 | PASS 752 ] @ lewbel-gmm
⠋ [ FAIL 14 | WARN 3 | SKIP 0 | PASS 752 ] @ lewbel-gmm
⠙ [ FAIL 14 | WARN 3 | SKIP 0 | PASS 752 ] @ lewbel-gmm
⠹ [ FAIL 14 | WARN 3 | SKIP 0 | PASS 752 ] @ lewbel-gmm
⠸ [ FAIL 14 | WARN 3 | SKIP 0 | PASS 752 ] @ lewbel-gmm
⠼ [ FAIL 14 | WARN 3 | SKIP 0 | PASS 752 ] @ lewbel-gmm
⠴ [ FAIL 14 | WARN 3 | SKIP 0 | PASS 752 ] @ lewbel-gmm
⠦ [ FAIL 14 | WARN 3 | SKIP 0 | PASS 752 ] @ lewbel-gmm
⠧ [ FAIL 14 | WARN 3 | SKIP 0 | PASS 752 ] @ lewbel-gmm
⠇ [ FAIL 14 | WARN 3 | SKIP 0 | PASS 752 ] @ lewbel-gmm
⠏ [ FAIL 14 | WARN 3 | SKIP 0 | PASS 752 ] @ lewbel-gmm
⠋ [ FAIL 14 | WARN 3 | SKIP 0 | PASS 752 ] @ lewbel-gmm
⠙ [ FAIL 14 | WARN 3 | SKIP 0 | PASS 752 ] @ lewbel-gmm
⠹ [ FAIL 14 | WARN 3 | SKIP 0 | PASS 752 ] @ lewbel-gmm
⠸ [ FAIL 14 | WARN 3 | SKIP 0 | PASS 752 ] @ lewbel-gmm
⠼ [ FAIL 14 | WARN 3 | SKIP 0 | PASS 752 ] @ lewbel-gmm
⠴ [ FAIL 14 | WARN 3 | SKIP 0 | PASS 752 ] @ lewbel-gmm
⠦ [ FAIL 14 | WARN 3 | SKIP 0 | PASS 752 ] @ lewbel-gmm
⠧ [ FAIL 14 | WARN 3 | SKIP 0 | PASS 752 ] @ lewbel-gmm
⠇ [ FAIL 14 | WARN 3 | SKIP 0 | PASS 752 ] @ lewbel-gmm
⠏ [ FAIL 14 | WARN 3 | SKIP 0 | PASS 752 ] @ lewbel-gmm
⠋ [ FAIL 14 | WARN 3 | SKIP 0 | PASS 752 ] @ lewbel-gmm
⠙ [ FAIL 14 | WARN 3 | SKIP 0 | PASS 752 ] @ lewbel-gmm
⠹ [ FAIL 14 | WARN 3 | SKIP 0 | PASS 752 ] @ lewbel-gmm
⠸ [ FAIL 14 | WARN 3 | SKIP 0 | PASS 752 ] @ lewbel-gmm
⠼ [ FAIL 14 | WARN 3 | SKIP 0 | PASS 752 ] @ lewbel-gmm
⠴ [ FAIL 14 | WARN 3 | SKIP 0 | PASS 752 ] @ lewbel-gmm
⠦ [ FAIL 14 | WARN 3 | SKIP 0 | PASS 752 ] @ lewbel-gmm
⠧ [ FAIL 14 | WARN 3 | SKIP 0 | PASS 752 ] @ lewbel-gmm
⠇ [ FAIL 14 | WARN 3 | SKIP 0 | PASS 752 ] @ lewbel-gmm
⠏ [ FAIL 14 | WARN 3 | SKIP 0 | PASS 752 ] @ lewbel-gmm
⠋ [ FAIL 14 | WARN 3 | SKIP 0 | PASS 752 ] @ lewbel-gmm
⠙ [ FAIL 14 | WARN 3 | SKIP 0 | PASS 752 ] @ lewbel-gmm
⠹ [ FAIL 14 | WARN 3 | SKIP 0 | PASS 752 ] @ lewbel-gmm
⠸ [ FAIL 14 | WARN 3 | SKIP 0 | PASS 752 ] @ lewbel-gmm
⠼ [ FAIL 14 | WARN 3 | SKIP 0 | PASS 752 ] @ lewbel-gmm
⠴ [ FAIL 14 | WARN 3 | SKIP 0 | PASS 752 ] @ lewbel-gmm
⠦ [ FAIL 14 | WARN 3 | SKIP 0 | PASS 752 ] @ lewbel-gmm
⠧ [ FAIL 14 | WARN 3 | SKIP 0 | PASS 752 ] @ lewbel-gmm
⠇ [ FAIL 14 | WARN 3 | SKIP 0 | PASS 752 ] @ lewbel-gmm
⠏ [ FAIL 14 | WARN 3 | SKIP 0 | PASS 752 ] @ lewbel-gmm
⠋ [ FAIL 14 | WARN 3 | SKIP 0 | PASS 752 ] @ lewbel-gmm
⠙ [ FAIL 14 | WARN 3 | SKIP 0 | PASS 752 ] @ lewbel-gmm
⠹ [ FAIL 14 | WARN 3 | SKIP 0 | PASS 752 ] @ lewbel-gmm
⠸ [ FAIL 14 | WARN 3 | SKIP 0 | PASS 752 ] @ lewbel-gmm
⠼ [ FAIL 14 | WARN 3 | SKIP 0 | PASS 752 ] @ lewbel-gmm
⠴ [ FAIL 14 | WARN 3 | SKIP 0 | PASS 752 ] @ lewbel-gmm
⠦ [ FAIL 14 | WARN 3 | SKIP 0 | PASS 752 ] @ lewbel-gmm
⠧ [ FAIL 14 | WARN 3 | SKIP 0 | PASS 752 ] @ lewbel-gmm
⠇ [ FAIL 14 | WARN 3 | SKIP 0 | PASS 752 ] @ lewbel-gmm
⠏ [ FAIL 14 | WARN 3 | SKIP 0 | PASS 752 ] @ lewbel-gmm
⠋ [ FAIL 14 | WARN 3 | SKIP 0 | PASS 752 ] @ lewbel-gmm
⠙ [ FAIL 14 | WARN 3 | SKIP 0 | PASS 752 ] @ lewbel-gmm
⠹ [ FAIL 14 | WARN 3 | SKIP 0 | PASS 752 ] @ lewbel-gmm
⠸ [ FAIL 14 | WARN 3 | SKIP 0 | PASS 752 ] @ lewbel-gmm
⠼ [ FAIL 14 | WARN 3 | SKIP 0 | PASS 752 ] @ lewbel-gmm
⠴ [ FAIL 14 | WARN 3 | SKIP 0 | PASS 752 ] @ lewbel-gmm
⠦ [ FAIL 14 | WARN 3 | SKIP 0 | PASS 752 ] @ lewbel-gmm
⠧ [ FAIL 14 | WARN 3 | SKIP 0 | PASS 752 ] @ lewbel-gmm
⠇ [ FAIL 14 | WARN 3 | SKIP 0 | PASS 752 ] @ lewbel-gmm
⠏ [ FAIL 14 | WARN 3 | SKIP 0 | PASS 752 ] @ lewbel-gmm
⠋ [ FAIL 14 | WARN 3 | SKIP 0 | PASS 752 ] @ lewbel-gmm
⠙ [ FAIL 14 | WARN 3 | SKIP 0 | PASS 752 ] @ lewbel-gmm
⠹ [ FAIL 14 | WARN 3 | SKIP 0 | PASS 752 ] @ lewbel-gmm
⠸ [ FAIL 14 | WARN 3 | SKIP 0 | PASS 752 ] @ lewbel-gmm
⠼ [ FAIL 14 | WARN 3 | SKIP 0 | PASS 752 ] @ lewbel-gmm
⠴ [ FAIL 14 | WARN 3 | SKIP 0 | PASS 752 ] @ lewbel-gmm
⠦ [ FAIL 14 | WARN 3 | SKIP 0 | PASS 752 ] @ lewbel-gmm
⠧ [ FAIL 14 | WARN 3 | SKIP 0 | PASS 752 ] @ lewbel-gmm
⠇ [ FAIL 14 | WARN 3 | SKIP 0 | PASS 752 ] @ lewbel-gmm
⠏ [ FAIL 14 | WARN 3 | SKIP 0 | PASS 752 ] @ lewbel-gmm
⠋ [ FAIL 14 | WARN 3 | SKIP 0 | PASS 752 ] @ lewbel-gmm
⠙ [ FAIL 14 | WARN 3 | SKIP 0 | PASS 752 ] @ lewbel-gmm
⠹ [ FAIL 14 | WARN 3 | SKIP 0 | PASS 752 ] @ lewbel-gmm
⠸ [ FAIL 14 | WARN 3 | SKIP 0 | PASS 752 ] @ lewbel-gmm
⠼ [ FAIL 14 | WARN 3 | SKIP 0 | PASS 752 ] @ lewbel-gmm
⠴ [ FAIL 14 | WARN 3 | SKIP 0 | PASS 752 ] @ lewbel-gmm
⠦ [ FAIL 14 | WARN 3 | SKIP 0 | PASS 752 ] @ lewbel-gmm
⠧ [ FAIL 14 | WARN 3 | SKIP 0 | PASS 752 ] @ lewbel-gmm
⠇ [ FAIL 14 | WARN 3 | SKIP 0 | PASS 752 ] @ lewbel-gmm
⠏ [ FAIL 14 | WARN 3 | SKIP 0 | PASS 752 ] @ lewbel-gmm
⠋ [ FAIL 14 | WARN 3 | SKIP 0 | PASS 752 ] @ lewbel-gmm
⠙ [ FAIL 14 | WARN 3 | SKIP 0 | PASS 752 ] @ lewbel-gmm
⠹ [ FAIL 14 | WARN 3 | SKIP 0 | PASS 752 ] @ lewbel-gmm
⠸ [ FAIL 14 | WARN 3 | SKIP 0 | PASS 752 ] @ lewbel-gmm
⠼ [ FAIL 14 | WARN 3 | SKIP 0 | PASS 752 ] @ lewbel-gmm
⠴ [ FAIL 14 | WARN 3 | SKIP 0 | PASS 752 ] @ lewbel-gmm
⠦ [ FAIL 14 | WARN 3 | SKIP 0 | PASS 752 ] @ lewbel-gmm
⠧ [ FAIL 14 | WARN 3 | SKIP 0 | PASS 752 ] @ lewbel-gmm
⠇ [ FAIL 14 | WARN 3 | SKIP 0 | PASS 752 ] @ lewbel-gmm
⠏ [ FAIL 14 | WARN 3 | SKIP 0 | PASS 752 ] @ lewbel-gmm
⠋ [ FAIL 14 | WARN 3 | SKIP 0 | PASS 752 ] @ lewbel-gmm
⠙ [ FAIL 14 | WARN 3 | SKIP 0 | PASS 752 ] @ lewbel-gmm
⠹ [ FAIL 14 | WARN 3 | SKIP 0 | PASS 752 ] @ lewbel-gmm
⠸ [ FAIL 14 | WARN 3 | SKIP 0 | PASS 752 ] @ lewbel-gmm
⠼ [ FAIL 14 | WARN 3 | SKIP 0 | PASS 752 ] @ lewbel-gmm
⠴ [ FAIL 14 | WARN 3 | SKIP 0 | PASS 752 ] @ lewbel-gmm
⠦ [ FAIL 14 | WARN 3 | SKIP 0 | PASS 752 ] @ lewbel-gmm
⠧ [ FAIL 14 | WARN 3 | SKIP 0 | PASS 752 ] @ lewbel-gmm
⠇ [ FAIL 14 | WARN 3 | SKIP 0 | PASS 752 ] @ lewbel-gmm
⠏ [ FAIL 14 | WARN 3 | SKIP 0 | PASS 752 ] @ lewbel-gmm
⠋ [ FAIL 14 | WARN 3 | SKIP 0 | PASS 752 ] @ lewbel-gmm
⠙ [ FAIL 14 | WARN 3 | SKIP 0 | PASS 752 ] @ lewbel-gmm
⠹ [ FAIL 14 | WARN 3 | SKIP 0 | PASS 752 ] @ lewbel-gmm
⠸ [ FAIL 14 | WARN 3 | SKIP 0 | PASS 752 ] @ lewbel-gmm
⠼ [ FAIL 14 | WARN 3 | SKIP 0 | PASS 752 ] @ lewbel-gmm
⠴ [ FAIL 14 | WARN 3 | SKIP 0 | PASS 752 ] @ lewbel-gmm
⠦ [ FAIL 14 | WARN 3 | SKIP 0 | PASS 752 ] @ lewbel-gmm
⠧ [ FAIL 14 | WARN 3 | SKIP 0 | PASS 752 ] @ lewbel-gmm
⠇ [ FAIL 14 | WARN 3 | SKIP 0 | PASS 752 ] @ lewbel-gmm
⠏ [ FAIL 14 | WARN 3 | SKIP 0 | PASS 752 ] @ lewbel-gmm
⠋ [ FAIL 14 | WARN 3 | SKIP 0 | PASS 752 ] @ lewbel-gmm
⠙ [ FAIL 14 | WARN 3 | SKIP 0 | PASS 752 ] @ lewbel-gmm
⠹ [ FAIL 14 | WARN 3 | SKIP 0 | PASS 752 ] @ lewbel-gmm
⠸ [ FAIL 14 | WARN 3 | SKIP 0 | PASS 752 ] @ lewbel-gmm
⠼ [ FAIL 14 | WARN 3 | SKIP 0 | PASS 752 ] @ lewbel-gmm
⠴ [ FAIL 14 | WARN 3 | SKIP 0 | PASS 752 ] @ lewbel-gmm
⠦ [ FAIL 14 | WARN 3 | SKIP 0 | PASS 752 ] @ lewbel-gmm
⠧ [ FAIL 14 | WARN 3 | SKIP 0 | PASS 752 ] @ lewbel-gmm
⠇ [ FAIL 14 | WARN 3 | SKIP 0 | PASS 752 ] @ lewbel-gmm
⠏ [ FAIL 14 | WARN 3 | SKIP 0 | PASS 752 ] @ lewbel-gmm
⠋ [ FAIL 14 | WARN 3 | SKIP 0 | PASS 752 ] @ lewbel-gmm
⠙ [ FAIL 14 | WARN 3 | SKIP 0 | PASS 752 ] @ lewbel-gmm
⠹ [ FAIL 14 | WARN 3 | SKIP 0 | PASS 752 ] @ lewbel-gmm
⠸ [ FAIL 14 | WARN 3 | SKIP 0 | PASS 752 ] @ lewbel-gmm
⠼ [ FAIL 14 | WARN 3 | SKIP 0 | PASS 752 ] @ lewbel-gmm
⠴ [ FAIL 14 | WARN 3 | SKIP 0 | PASS 752 ] @ lewbel-gmm
⠦ [ FAIL 14 | WARN 3 | SKIP 0 | PASS 752 ] @ lewbel-gmm
⠧ [ FAIL 14 | WARN 3 | SKIP 0 | PASS 752 ] @ lewbel-gmm
⠇ [ FAIL 14 | WARN 3 | SKIP 0 | PASS 752 ] @ lewbel-gmm
⠏ [ FAIL 14 | WARN 3 | SKIP 0 | PASS 752 ] @ lewbel-gmm
⠋ [ FAIL 14 | WARN 3 | SKIP 0 | PASS 752 ] @ lewbel-gmm
⠙ [ FAIL 14 | WARN 3 | SKIP 0 | PASS 752 ] @ lewbel-gmm
⠹ [ FAIL 14 | WARN 3 | SKIP 0 | PASS 752 ] @ lewbel-gmm
⠸ [ FAIL 14 | WARN 3 | SKIP 0 | PASS 752 ] @ lewbel-gmm
⠼ [ FAIL 14 | WARN 3 | SKIP 0 | PASS 752 ] @ lewbel-gmm
⠴ [ FAIL 14 | WARN 3 | SKIP 0 | PASS 752 ] @ lewbel-gmm
⠦ [ FAIL 14 | WARN 3 | SKIP 0 | PASS 752 ] @ lewbel-gmm
⠧ [ FAIL 14 | WARN 3 | SKIP 0 | PASS 752 ] @ lewbel-gmm
⠇ [ FAIL 14 | WARN 3 | SKIP 0 | PASS 752 ] @ lewbel-gmm
⠏ [ FAIL 14 | WARN 3 | SKIP 0 | PASS 752 ] @ lewbel-gmm
⠋ [ FAIL 14 | WARN 3 | SKIP 0 | PASS 752 ] @ lewbel-gmm
⠙ [ FAIL 14 | WARN 3 | SKIP 0 | PASS 752 ] @ lewbel-gmm
⠹ [ FAIL 14 | WARN 3 | SKIP 0 | PASS 752 ] @ lewbel-gmm
⠸ [ FAIL 14 | WARN 3 | SKIP 0 | PASS 752 ] @ lewbel-gmm
⠼ [ FAIL 14 | WARN 3 | SKIP 0 | PASS 752 ] @ lewbel-gmm
⠴ [ FAIL 14 | WARN 3 | SKIP 0 | PASS 752 ] @ lewbel-gmm
⠦ [ FAIL 14 | WARN 3 | SKIP 0 | PASS 752 ] @ lewbel-gmm
⠧ [ FAIL 14 | WARN 3 | SKIP 0 | PASS 752 ] @ lewbel-gmm
⠇ [ FAIL 14 | WARN 3 | SKIP 0 | PASS 752 ] @ lewbel-gmm
⠏ [ FAIL 14 | WARN 3 | SKIP 0 | PASS 752 ] @ lewbel-gmm
⠋ [ FAIL 14 | WARN 3 | SKIP 0 | PASS 752 ] @ lewbel-gmm
⠙ [ FAIL 14 | WARN 3 | SKIP 0 | PASS 752 ] @ lewbel-gmm
⠹ [ FAIL 14 | WARN 3 | SKIP 0 | PASS 752 ] @ lewbel-gmm
⠸ [ FAIL 14 | WARN 3 | SKIP 0 | PASS 752 ] @ lewbel-gmm
⠼ [ FAIL 14 | WARN 3 | SKIP 0 | PASS 752 ] @ lewbel-gmm
⠴ [ FAIL 14 | WARN 3 | SKIP 0 | PASS 752 ] @ lewbel-gmm
⠦ [ FAIL 14 | WARN 3 | SKIP 0 | PASS 752 ] @ lewbel-gmm
⠧ [ FAIL 14 | WARN 3 | SKIP 0 | PASS 752 ] @ lewbel-gmm
⠇ [ FAIL 14 | WARN 3 | SKIP 0 | PASS 752 ] @ lewbel-gmm
⠏ [ FAIL 14 | WARN 3 | SKIP 0 | PASS 752 ] @ lewbel-gmm
⠋ [ FAIL 14 | WARN 3 | SKIP 0 | PASS 752 ] @ lewbel-gmm
⠙ [ FAIL 14 | WARN 3 | SKIP 0 | PASS 752 ] @ lewbel-gmm
⠹ [ FAIL 14 | WARN 3 | SKIP 0 | PASS 752 ] @ lewbel-gmm
⠸ [ FAIL 14 | WARN 3 | SKIP 0 | PASS 752 ] @ lewbel-gmm
⠼ [ FAIL 14 | WARN 3 | SKIP 0 | PASS 752 ] @ lewbel-gmm
⠴ [ FAIL 14 | WARN 3 | SKIP 0 | PASS 752 ] @ lewbel-gmm
⠦ [ FAIL 14 | WARN 3 | SKIP 0 | PASS 752 ] @ lewbel-gmm
⠧ [ FAIL 14 | WARN 3 | SKIP 0 | PASS 752 ] @ lewbel-gmm
⠇ [ FAIL 14 | WARN 3 | SKIP 0 | PASS 752 ] @ lewbel-gmm
⠏ [ FAIL 14 | WARN 3 | SKIP 0 | PASS 752 ] @ lewbel-gmm
⠋ [ FAIL 14 | WARN 3 | SKIP 0 | PASS 752 ] @ lewbel-gmm
⠙ [ FAIL 14 | WARN 3 | SKIP 0 | PASS 752 ] @ lewbel-gmm
⠹ [ FAIL 14 | WARN 3 | SKIP 0 | PASS 752 ] @ lewbel-gmm
⠸ [ FAIL 14 | WARN 3 | SKIP 0 | PASS 752 ] @ lewbel-gmm
⠼ [ FAIL 14 | WARN 3 | SKIP 0 | PASS 752 ] @ lewbel-gmm
⠴ [ FAIL 14 | WARN 3 | SKIP 0 | PASS 752 ] @ lewbel-gmm
⠦ [ FAIL 14 | WARN 3 | SKIP 0 | PASS 752 ] @ lewbel-gmm
⠧ [ FAIL 14 | WARN 3 | SKIP 0 | PASS 752 ] @ lewbel-gmm
⠇ [ FAIL 14 | WARN 3 | SKIP 0 | PASS 752 ] @ lewbel-gmm
⠏ [ FAIL 14 | WARN 3 | SKIP 0 | PASS 752 ] @ lewbel-gmm
⠋ [ FAIL 14 | WARN 3 | SKIP 0 | PASS 752 ] @ lewbel-gmm
⠙ [ FAIL 14 | WARN 3 | SKIP 0 | PASS 752 ] @ lewbel-gmm
⠹ [ FAIL 14 | WARN 3 | SKIP 0 | PASS 752 ] @ lewbel-gmm
⠸ [ FAIL 14 | WARN 3 | SKIP 0 | PASS 752 ] @ lewbel-gmm
⠼ [ FAIL 14 | WARN 3 | SKIP 0 | PASS 752 ] @ lewbel-gmm
⠴ [ FAIL 14 | WARN 3 | SKIP 0 | PASS 752 ] @ lewbel-gmm
⠦ [ FAIL 14 | WARN 3 | SKIP 0 | PASS 752 ] @ lewbel-gmm
⠧ [ FAIL 14 | WARN 3 | SKIP 0 | PASS 752 ] @ lewbel-gmm
⠇ [ FAIL 14 | WARN 3 | SKIP 0 | PASS 752 ] @ lewbel-gmm
⠏ [ FAIL 14 | WARN 3 | SKIP 0 | PASS 752 ] @ lewbel-gmm
⠋ [ FAIL 14 | WARN 3 | SKIP 0 | PASS 752 ] @ lewbel-gmm
⠙ [ FAIL 14 | WARN 3 | SKIP 0 | PASS 752 ] @ lewbel-gmm
⠹ [ FAIL 14 | WARN 3 | SKIP 0 | PASS 752 ] @ lewbel-gmm
⠸ [ FAIL 14 | WARN 3 | SKIP 0 | PASS 752 ] @ lewbel-gmm
⠼ [ FAIL 14 | WARN 3 | SKIP 0 | PASS 752 ] @ lewbel-gmm
⠴ [ FAIL 14 | WARN 3 | SKIP 0 | PASS 752 ] @ lewbel-gmm
⠦ [ FAIL 14 | WARN 3 | SKIP 0 | PASS 752 ] @ lewbel-gmm
⠧ [ FAIL 14 | WARN 3 | SKIP 0 | PASS 752 ] @ lewbel-gmm
⠇ [ FAIL 14 | WARN 3 | SKIP 0 | PASS 752 ] @ lewbel-gmm
⠏ [ FAIL 14 | WARN 3 | SKIP 0 | PASS 752 ] @ lewbel-gmm
⠋ [ FAIL 14 | WARN 3 | SKIP 0 | PASS 752 ] @ lewbel-gmm
⠙ [ FAIL 14 | WARN 3 | SKIP 0 | PASS 752 ] @ lewbel-gmm
⠹ [ FAIL 14 | WARN 3 | SKIP 0 | PASS 752 ] @ lewbel-gmm
⠸ [ FAIL 14 | WARN 3 | SKIP 0 | PASS 752 ] @ lewbel-gmm
⠼ [ FAIL 14 | WARN 3 | SKIP 0 | PASS 752 ] @ lewbel-gmm
⠴ [ FAIL 14 | WARN 3 | SKIP 0 | PASS 752 ] @ lewbel-gmm
⠦ [ FAIL 14 | WARN 3 | SKIP 0 | PASS 752 ] @ lewbel-gmm
⠧ [ FAIL 14 | WARN 3 | SKIP 0 | PASS 752 ] @ lewbel-gmm
⠇ [ FAIL 14 | WARN 3 | SKIP 0 | PASS 752 ] @ lewbel-gmm
⠏ [ FAIL 14 | WARN 3 | SKIP 0 | PASS 752 ] @ lewbel-gmm
⠋ [ FAIL 14 | WARN 3 | SKIP 0 | PASS 752 ] @ lewbel-gmm
⠙ [ FAIL 14 | WARN 3 | SKIP 0 | PASS 752 ] @ lewbel-gmm
⠹ [ FAIL 14 | WARN 3 | SKIP 0 | PASS 752 ] @ lewbel-gmm
⠸ [ FAIL 14 | WARN 3 | SKIP 0 | PASS 752 ] @ lewbel-gmm
⠼ [ FAIL 14 | WARN 3 | SKIP 0 | PASS 752 ] @ lewbel-gmm
⠴ [ FAIL 14 | WARN 3 | SKIP 0 | PASS 752 ] @ lewbel-gmm
⠦ [ FAIL 14 | WARN 3 | SKIP 0 | PASS 752 ] @ lewbel-gmm
⠧ [ FAIL 14 | WARN 3 | SKIP 0 | PASS 752 ] @ lewbel-gmm
⠇ [ FAIL 14 | WARN 3 | SKIP 0 | PASS 752 ] @ lewbel-gmm
⠏ [ FAIL 14 | WARN 3 | SKIP 0 | PASS 752 ] @ lewbel-gmm
⠋ [ FAIL 14 | WARN 3 | SKIP 0 | PASS 752 ] @ lewbel-gmm
⠙ [ FAIL 14 | WARN 3 | SKIP 0 | PASS 752 ] @ lewbel-gmm
⠹ [ FAIL 14 | WARN 3 | SKIP 0 | PASS 752 ] @ lewbel-gmm
⠸ [ FAIL 14 | WARN 3 | SKIP 0 | PASS 752 ] @ lewbel-gmm
⠼ [ FAIL 14 | WARN 3 | SKIP 0 | PASS 752 ] @ lewbel-gmm
⠴ [ FAIL 14 | WARN 3 | SKIP 0 | PASS 752 ] @ lewbel-gmm
⠦ [ FAIL 14 | WARN 3 | SKIP 0 | PASS 752 ] @ lewbel-gmm
⠧ [ FAIL 14 | WARN 3 | SKIP 0 | PASS 752 ] @ lewbel-gmm
⠇ [ FAIL 14 | WARN 3 | SKIP 0 | PASS 752 ] @ lewbel-gmm
⠏ [ FAIL 14 | WARN 3 | SKIP 0 | PASS 752 ] @ lewbel-gmm
⠋ [ FAIL 14 | WARN 3 | SKIP 0 | PASS 752 ] @ lewbel-gmm
⠙ [ FAIL 14 | WARN 3 | SKIP 0 | PASS 752 ] @ lewbel-gmm
⠹ [ FAIL 14 | WARN 3 | SKIP 0 | PASS 752 ] @ lewbel-gmm
⠸ [ FAIL 14 | WARN 3 | SKIP 0 | PASS 752 ] @ lewbel-gmm
⠼ [ FAIL 14 | WARN 3 | SKIP 0 | PASS 752 ] @ lewbel-gmm
⠴ [ FAIL 14 | WARN 3 | SKIP 0 | PASS 752 ] @ lewbel-gmm
⠦ [ FAIL 14 | WARN 3 | SKIP 0 | PASS 752 ] @ lewbel-gmm
⠧ [ FAIL 14 | WARN 3 | SKIP 0 | PASS 752 ] @ lewbel-gmm
⠇ [ FAIL 14 | WARN 3 | SKIP 0 | PASS 752 ] @ lewbel-gmm
⠏ [ FAIL 14 | WARN 3 | SKIP 0 | PASS 752 ] @ lewbel-gmm
⠋ [ FAIL 14 | WARN 3 | SKIP 0 | PASS 752 ] @ lewbel-gmm
⠙ [ FAIL 14 | WARN 3 | SKIP 0 | PASS 752 ] @ lewbel-gmm
⠹ [ FAIL 14 | WARN 3 | SKIP 0 | PASS 752 ] @ lewbel-gmm
⠸ [ FAIL 14 | WARN 3 | SKIP 0 | PASS 752 ] @ lewbel-gmm
⠼ [ FAIL 14 | WARN 3 | SKIP 0 | PASS 752 ] @ lewbel-gmm
⠴ [ FAIL 14 | WARN 3 | SKIP 0 | PASS 752 ] @ lewbel-gmm
⠦ [ FAIL 14 | WARN 3 | SKIP 0 | PASS 752 ] @ lewbel-gmm
⠧ [ FAIL 14 | WARN 3 | SKIP 0 | PASS 752 ] @ lewbel-gmm
⠇ [ FAIL 14 | WARN 3 | SKIP 0 | PASS 752 ] @ lewbel-gmm
⠏ [ FAIL 14 | WARN 3 | SKIP 0 | PASS 752 ] @ lewbel-gmm
⠋ [ FAIL 14 | WARN 3 | SKIP 0 | PASS 752 ] @ lewbel-gmm
⠙ [ FAIL 14 | WARN 3 | SKIP 0 | PASS 752 ] @ lewbel-gmm
⠹ [ FAIL 14 | WARN 3 | SKIP 0 | PASS 752 ] @ lewbel-gmm
⠸ [ FAIL 14 | WARN 3 | SKIP 0 | PASS 752 ] @ lewbel-gmm
⠼ [ FAIL 14 | WARN 3 | SKIP 0 | PASS 752 ] @ lewbel-gmm
⠴ [ FAIL 14 | WARN 3 | SKIP 0 | PASS 752 ] @ lewbel-gmm
⠦ [ FAIL 14 | WARN 3 | SKIP 0 | PASS 752 ] @ lewbel-gmm
⠧ [ FAIL 14 | WARN 3 | SKIP 0 | PASS 752 ] @ lewbel-gmm
⠇ [ FAIL 14 | WARN 3 | SKIP 0 | PASS 752 ] @ lewbel-gmm
⠏ [ FAIL 14 | WARN 3 | SKIP 0 | PASS 752 ] @ lewbel-gmm
⠋ [ FAIL 14 | WARN 3 | SKIP 0 | PASS 752 ] @ lewbel-gmm
⠙ [ FAIL 14 | WARN 3 | SKIP 0 | PASS 752 ] @ lewbel-gmm
⠹ [ FAIL 14 | WARN 3 | SKIP 0 | PASS 752 ] @ lewbel-gmm
⠸ [ FAIL 14 | WARN 3 | SKIP 0 | PASS 752 ] @ lewbel-gmm
⠼ [ FAIL 14 | WARN 3 | SKIP 0 | PASS 752 ] @ lewbel-gmm
⠴ [ FAIL 14 | WARN 3 | SKIP 0 | PASS 752 ] @ lewbel-gmm
⠦ [ FAIL 14 | WARN 3 | SKIP 0 | PASS 752 ] @ lewbel-gmm
⠧ [ FAIL 14 | WARN 3 | SKIP 0 | PASS 752 ] @ lewbel-gmm
⠇ [ FAIL 14 | WARN 3 | SKIP 0 | PASS 752 ] @ lewbel-gmm
⠏ [ FAIL 14 | WARN 3 | SKIP 0 | PASS 752 ] @ lewbel-gmm
⠋ [ FAIL 14 | WARN 3 | SKIP 0 | PASS 752 ] @ lewbel-gmm
⠙ [ FAIL 14 | WARN 3 | SKIP 0 | PASS 752 ] @ lewbel-gmm
⠹ [ FAIL 14 | WARN 3 | SKIP 0 | PASS 752 ] @ lewbel-gmm
⠸ [ FAIL 14 | WARN 3 | SKIP 0 | PASS 752 ] @ lewbel-gmm
⠼ [ FAIL 14 | WARN 3 | SKIP 0 | PASS 752 ] @ lewbel-gmm
⠴ [ FAIL 14 | WARN 3 | SKIP 0 | PASS 752 ] @ lewbel-gmm
⠦ [ FAIL 14 | WARN 3 | SKIP 0 | PASS 752 ] @ lewbel-gmm
⠧ [ FAIL 14 | WARN 3 | SKIP 0 | PASS 752 ] @ lewbel-gmm
⠇ [ FAIL 14 | WARN 3 | SKIP 0 | PASS 752 ] @ lewbel-gmm
⠏ [ FAIL 14 | WARN 3 | SKIP 0 | PASS 752 ] @ lewbel-gmm
⠋ [ FAIL 14 | WARN 3 | SKIP 0 | PASS 752 ] @ lewbel-gmm
⠙ [ FAIL 14 | WARN 3 | SKIP 0 | PASS 752 ] @ lewbel-gmm
⠹ [ FAIL 14 | WARN 3 | SKIP 0 | PASS 752 ] @ lewbel-gmm
⠸ [ FAIL 14 | WARN 3 | SKIP 0 | PASS 752 ] @ lewbel-gmm
⠼ [ FAIL 14 | WARN 3 | SKIP 0 | PASS 752 ] @ lewbel-gmm
⠴ [ FAIL 14 | WARN 3 | SKIP 0 | PASS 752 ] @ lewbel-gmm
⠦ [ FAIL 14 | WARN 3 | SKIP 0 | PASS 752 ] @ lewbel-gmm
⠧ [ FAIL 14 | WARN 3 | SKIP 0 | PASS 752 ] @ lewbel-gmm
⠇ [ FAIL 14 | WARN 3 | SKIP 0 | PASS 752 ] @ lewbel-gmm
⠏ [ FAIL 14 | WARN 3 | SKIP 0 | PASS 752 ] @ lewbel-gmm
⠋ [ FAIL 14 | WARN 3 | SKIP 0 | PASS 752 ] @ lewbel-gmm
⠙ [ FAIL 14 | WARN 3 | SKIP 0 | PASS 752 ] @ lewbel-gmm
⠹ [ FAIL 14 | WARN 3 | SKIP 0 | PASS 752 ] @ lewbel-gmm
⠸ [ FAIL 14 | WARN 3 | SKIP 0 | PASS 752 ] @ lewbel-gmm
⠼ [ FAIL 14 | WARN 3 | SKIP 0 | PASS 752 ] @ lewbel-gmm
⠴ [ FAIL 14 | WARN 3 | SKIP 0 | PASS 752 ] @ lewbel-gmm
⠦ [ FAIL 14 | WARN 3 | SKIP 0 | PASS 752 ] @ lewbel-gmm
⠧ [ FAIL 14 | WARN 3 | SKIP 0 | PASS 752 ] @ lewbel-gmm
⠇ [ FAIL 14 | WARN 3 | SKIP 0 | PASS 752 ] @ lewbel-gmm
⠏ [ FAIL 14 | WARN 3 | SKIP 0 | PASS 752 ] @ lewbel-gmm
⠋ [ FAIL 14 | WARN 3 | SKIP 0 | PASS 752 ] @ lewbel-gmm
⠙ [ FAIL 14 | WARN 3 | SKIP 0 | PASS 752 ] @ lewbel-gmm
⠹ [ FAIL 14 | WARN 3 | SKIP 0 | PASS 752 ] @ lewbel-gmm
⠸ [ FAIL 14 | WARN 3 | SKIP 0 | PASS 752 ] @ lewbel-gmm
⠼ [ FAIL 14 | WARN 3 | SKIP 0 | PASS 752 ] @ lewbel-gmm
⠴ [ FAIL 14 | WARN 3 | SKIP 0 | PASS 752 ] @ lewbel-gmm
⠦ [ FAIL 14 | WARN 3 | SKIP 0 | PASS 752 ] @ lewbel-gmm
⠧ [ FAIL 14 | WARN 3 | SKIP 0 | PASS 752 ] @ lewbel-gmm
⠇ [ FAIL 14 | WARN 3 | SKIP 0 | PASS 752 ] @ lewbel-gmm
⠏ [ FAIL 14 | WARN 3 | SKIP 0 | PASS 752 ] @ lewbel-gmm
⠋ [ FAIL 14 | WARN 3 | SKIP 0 | PASS 752 ] @ lewbel-gmm
⠙ [ FAIL 14 | WARN 3 | SKIP 0 | PASS 752 ] @ lewbel-gmm
⠹ [ FAIL 14 | WARN 3 | SKIP 0 | PASS 752 ] @ lewbel-gmm
⠸ [ FAIL 14 | WARN 3 | SKIP 0 | PASS 752 ] @ lewbel-gmm
⠼ [ FAIL 14 | WARN 3 | SKIP 0 | PASS 752 ] @ lewbel-gmm
⠴ [ FAIL 14 | WARN 3 | SKIP 0 | PASS 752 ] @ lewbel-gmm
⠦ [ FAIL 14 | WARN 3 | SKIP 0 | PASS 752 ] @ lewbel-gmm
⠧ [ FAIL 14 | WARN 3 | SKIP 0 | PASS 752 ] @ lewbel-gmm
⠇ [ FAIL 14 | WARN 3 | SKIP 0 | PASS 752 ] @ lewbel-gmm
⠏ [ FAIL 14 | WARN 3 | SKIP 0 | PASS 752 ] @ lewbel-gmm
⠋ [ FAIL 14 | WARN 3 | SKIP 0 | PASS 752 ] @ lewbel-gmm
⠙ [ FAIL 14 | WARN 3 | SKIP 0 | PASS 752 ] @ lewbel-gmm
⠹ [ FAIL 14 | WARN 3 | SKIP 0 | PASS 752 ] @ lewbel-gmm
⠸ [ FAIL 14 | WARN 3 | SKIP 0 | PASS 752 ] @ lewbel-gmm
⠼ [ FAIL 14 | WARN 3 | SKIP 0 | PASS 752 ] @ lewbel-gmm
⠴ [ FAIL 14 | WARN 3 | SKIP 0 | PASS 752 ] @ lewbel-gmm
⠦ [ FAIL 14 | WARN 3 | SKIP 0 | PASS 752 ] @ lewbel-gmm
⠧ [ FAIL 14 | WARN 3 | SKIP 0 | PASS 752 ] @ lewbel-gmm
⠇ [ FAIL 14 | WARN 3 | SKIP 0 | PASS 752 ] @ lewbel-gmm
⠏ [ FAIL 14 | WARN 3 | SKIP 0 | PASS 752 ] @ lewbel-gmm
⠋ [ FAIL 14 | WARN 3 | SKIP 0 | PASS 752 ] @ lewbel-gmm
⠙ [ FAIL 14 | WARN 3 | SKIP 0 | PASS 752 ] @ lewbel-gmm
⠹ [ FAIL 14 | WARN 3 | SKIP 0 | PASS 752 ] @ lewbel-gmm
⠸ [ FAIL 14 | WARN 3 | SKIP 0 | PASS 752 ] @ lewbel-gmm
⠼ [ FAIL 14 | WARN 3 | SKIP 0 | PASS 752 ] @ lewbel-gmm
⠴ [ FAIL 14 | WARN 3 | SKIP 0 | PASS 752 ] @ lewbel-gmm
⠦ [ FAIL 14 | WARN 3 | SKIP 0 | PASS 752 ] @ lewbel-gmm
⠧ [ FAIL 14 | WARN 3 | SKIP 0 | PASS 752 ] @ lewbel-gmm
⠇ [ FAIL 14 | WARN 3 | SKIP 0 | PASS 752 ] @ lewbel-gmm
⠏ [ FAIL 14 | WARN 3 | SKIP 0 | PASS 752 ] @ lewbel-gmm
⠋ [ FAIL 14 | WARN 3 | SKIP 0 | PASS 752 ] @ lewbel-gmm
⠙ [ FAIL 14 | WARN 3 | SKIP 0 | PASS 752 ] @ lewbel-gmm
⠹ [ FAIL 14 | WARN 3 | SKIP 0 | PASS 752 ] @ lewbel-gmm
⠸ [ FAIL 14 | WARN 3 | SKIP 0 | PASS 752 ] @ lewbel-gmm
⠼ [ FAIL 14 | WARN 3 | SKIP 0 | PASS 752 ] @ lewbel-gmm
⠴ [ FAIL 14 | WARN 3 | SKIP 0 | PASS 752 ] @ lewbel-gmm
⠦ [ FAIL 14 | WARN 3 | SKIP 0 | PASS 752 ] @ lewbel-gmm
⠧ [ FAIL 14 | WARN 3 | SKIP 0 | PASS 752 ] @ lewbel-gmm
⠇ [ FAIL 14 | WARN 3 | SKIP 0 | PASS 752 ] @ lewbel-gmm
⠏ [ FAIL 14 | WARN 3 | SKIP 0 | PASS 752 ] @ lewbel-gmm
⠋ [ FAIL 14 | WARN 3 | SKIP 0 | PASS 752 ] @ lewbel-gmm
⠙ [ FAIL 14 | WARN 3 | SKIP 0 | PASS 752 ] @ lewbel-gmm
⠹ [ FAIL 14 | WARN 3 | SKIP 0 | PASS 752 ] @ lewbel-gmm
⠸ [ FAIL 14 | WARN 3 | SKIP 0 | PASS 752 ] @ lewbel-gmm
⠼ [ FAIL 14 | WARN 3 | SKIP 0 | PASS 752 ] @ lewbel-gmm
⠴ [ FAIL 14 | WARN 3 | SKIP 0 | PASS 752 ] @ lewbel-gmm
⠦ [ FAIL 14 | WARN 3 | SKIP 0 | PASS 752 ] @ lewbel-gmm
⠧ [ FAIL 14 | WARN 3 | SKIP 0 | PASS 752 ] @ lewbel-gmm
⠇ [ FAIL 14 | WARN 3 | SKIP 0 | PASS 752 ] @ lewbel-gmm
⠏ [ FAIL 14 | WARN 3 | SKIP 0 | PASS 752 ] @ lewbel-gmm
⠋ [ FAIL 14 | WARN 3 | SKIP 0 | PASS 752 ] @ lewbel-gmm
⠙ [ FAIL 14 | WARN 3 | SKIP 0 | PASS 752 ] @ lewbel-gmm
⠹ [ FAIL 14 | WARN 3 | SKIP 0 | PASS 752 ] @ lewbel-gmm
⠸ [ FAIL 14 | WARN 3 | SKIP 0 | PASS 752 ] @ lewbel-gmm
⠼ [ FAIL 14 | WARN 3 | SKIP 0 | PASS 752 ] @ lewbel-gmm
⠴ [ FAIL 14 | WARN 3 | SKIP 0 | PASS 752 ] @ lewbel-gmm
⠦ [ FAIL 14 | WARN 3 | SKIP 0 | PASS 752 ] @ lewbel-gmm
⠧ [ FAIL 14 | WARN 3 | SKIP 0 | PASS 752 ] @ lewbel-gmm
⠇ [ FAIL 14 | WARN 3 | SKIP 0 | PASS 752 ] @ lewbel-gmm
⠏ [ FAIL 14 | WARN 3 | SKIP 0 | PASS 752 ] @ lewbel-gmm
⠋ [ FAIL 14 | WARN 3 | SKIP 0 | PASS 752 ] @ lewbel-gmm
⠙ [ FAIL 14 | WARN 3 | SKIP 0 | PASS 752 ] @ lewbel-gmm
⠹ [ FAIL 14 | WARN 3 | SKIP 0 | PASS 752 ] @ lewbel-gmm
⠸ [ FAIL 14 | WARN 3 | SKIP 0 | PASS 752 ] @ lewbel-gmm
⠼ [ FAIL 14 | WARN 3 | SKIP 0 | PASS 752 ] @ lewbel-gmm
⠴ [ FAIL 14 | WARN 3 | SKIP 0 | PASS 752 ] @ lewbel-gmm
⠦ [ FAIL 14 | WARN 3 | SKIP 0 | PASS 752 ] @ lewbel-gmm
⠧ [ FAIL 14 | WARN 3 | SKIP 0 | PASS 752 ] @ lewbel-gmm
⠇ [ FAIL 14 | WARN 3 | SKIP 0 | PASS 752 ] @ lewbel-gmm
⠏ [ FAIL 14 | WARN 3 | SKIP 0 | PASS 752 ] @ lewbel-gmm
⠋ [ FAIL 14 | WARN 3 | SKIP 0 | PASS 752 ] @ lewbel-gmm
⠙ [ FAIL 14 | WARN 3 | SKIP 0 | PASS 752 ] @ lewbel-gmm
⠹ [ FAIL 14 | WARN 3 | SKIP 0 | PASS 752 ] @ lewbel-gmm
⠸ [ FAIL 14 | WARN 3 | SKIP 0 | PASS 752 ] @ lewbel-gmm
⠼ [ FAIL 14 | WARN 3 | SKIP 0 | PASS 752 ] @ lewbel-gmm
⠴ [ FAIL 14 | WARN 3 | SKIP 0 | PASS 752 ] @ lewbel-gmm
⠦ [ FAIL 14 | WARN 3 | SKIP 0 | PASS 752 ] @ lewbel-gmm
⠧ [ FAIL 14 | WARN 3 | SKIP 0 | PASS 752 ] @ lewbel-gmm
⠇ [ FAIL 14 | WARN 3 | SKIP 0 | PASS 752 ] @ lewbel-gmm
⠏ [ FAIL 14 | WARN 3 | SKIP 0 | PASS 752 ] @ lewbel-gmm
⠋ [ FAIL 14 | WARN 3 | SKIP 0 | PASS 752 ] @ lewbel-gmm
⠙ [ FAIL 14 | WARN 3 | SKIP 0 | PASS 752 ] @ lewbel-gmm
⠹ [ FAIL 14 | WARN 3 | SKIP 0 | PASS 752 ] @ lewbel-gmm
⠸ [ FAIL 14 | WARN 3 | SKIP 0 | PASS 752 ] @ lewbel-gmm
⠼ [ FAIL 14 | WARN 3 | SKIP 0 | PASS 752 ] @ lewbel-gmm
⠴ [ FAIL 14 | WARN 3 | SKIP 0 | PASS 752 ] @ lewbel-gmm
⠦ [ FAIL 14 | WARN 3 | SKIP 0 | PASS 752 ] @ lewbel-gmm
⠧ [ FAIL 14 | WARN 3 | SKIP 0 | PASS 752 ] @ lewbel-gmm
⠇ [ FAIL 14 | WARN 3 | SKIP 0 | PASS 752 ] @ lewbel-gmm
⠏ [ FAIL 14 | WARN 3 | SKIP 0 | PASS 752 ] @ lewbel-gmm
⠋ [ FAIL 14 | WARN 3 | SKIP 0 | PASS 752 ] @ lewbel-gmm
⠙ [ FAIL 14 | WARN 3 | SKIP 0 | PASS 752 ] @ lewbel-gmm
⠹ [ FAIL 14 | WARN 3 | SKIP 0 | PASS 752 ] @ lewbel-gmm
⠸ [ FAIL 14 | WARN 3 | SKIP 0 | PASS 752 ] @ lewbel-gmm
⠼ [ FAIL 14 | WARN 3 | SKIP 0 | PASS 752 ] @ lewbel-gmm
⠴ [ FAIL 14 | WARN 3 | SKIP 0 | PASS 752 ] @ lewbel-gmm
⠦ [ FAIL 14 | WARN 3 | SKIP 0 | PASS 752 ] @ lewbel-gmm
⠧ [ FAIL 14 | WARN 3 | SKIP 0 | PASS 752 ] @ lewbel-gmm
⠇ [ FAIL 14 | WARN 3 | SKIP 0 | PASS 752 ] @ lewbel-gmm
⠏ [ FAIL 14 | WARN 3 | SKIP 0 | PASS 752 ] @ lewbel-gmm
⠋ [ FAIL 14 | WARN 3 | SKIP 0 | PASS 752 ] @ lewbel-gmm
⠙ [ FAIL 14 | WARN 3 | SKIP 0 | PASS 752 ] @ lewbel-gmm
⠹ [ FAIL 14 | WARN 3 | SKIP 0 | PASS 752 ] @ lewbel-gmm
⠸ [ FAIL 14 | WARN 3 | SKIP 0 | PASS 752 ] @ lewbel-gmm
⠼ [ FAIL 14 | WARN 3 | SKIP 0 | PASS 752 ] @ lewbel-gmm
⠴ [ FAIL 14 | WARN 3 | SKIP 0 | PASS 752 ] @ lewbel-gmm
⠦ [ FAIL 14 | WARN 3 | SKIP 0 | PASS 752 ] @ lewbel-gmm
⠧ [ FAIL 14 | WARN 3 | SKIP 0 | PASS 752 ] @ lewbel-gmm
⠇ [ FAIL 14 | WARN 3 | SKIP 0 | PASS 752 ] @ lewbel-gmm
⠏ [ FAIL 14 | WARN 3 | SKIP 0 | PASS 752 ] @ lewbel-gmm
⠋ [ FAIL 14 | WARN 3 | SKIP 0 | PASS 752 ] @ lewbel-gmm
⠙ [ FAIL 14 | WARN 3 | SKIP 0 | PASS 752 ] @ lewbel-gmm
⠹ [ FAIL 14 | WARN 3 | SKIP 0 | PASS 752 ] @ lewbel-gmm
⠸ [ FAIL 14 | WARN 3 | SKIP 0 | PASS 752 ] @ lewbel-gmm
⠼ [ FAIL 14 | WARN 3 | SKIP 0 | PASS 752 ] @ lewbel-gmm
⠴ [ FAIL 14 | WARN 3 | SKIP 0 | PASS 752 ] @ lewbel-gmm
⠦ [ FAIL 14 | WARN 3 | SKIP 0 | PASS 752 ] @ lewbel-gmm
⠧ [ FAIL 14 | WARN 3 | SKIP 0 | PASS 752 ] @ lewbel-gmm
⠇ [ FAIL 14 | WARN 3 | SKIP 0 | PASS 752 ] @ lewbel-gmm
⠏ [ FAIL 14 | WARN 3 | SKIP 0 | PASS 752 ] @ lewbel-gmm
⠋ [ FAIL 14 | WARN 3 | SKIP 0 | PASS 752 ] @ lewbel-gmm
⠙ [ FAIL 14 | WARN 3 | SKIP 0 | PASS 752 ] @ lewbel-gmm
⠹ [ FAIL 14 | WARN 3 | SKIP 0 | PASS 752 ] @ lewbel-gmm
⠸ [ FAIL 14 | WARN 3 | SKIP 0 | PASS 752 ] @ lewbel-gmm
⠼ [ FAIL 14 | WARN 3 | SKIP 0 | PASS 752 ] @ lewbel-gmm
⠴ [ FAIL 14 | WARN 3 | SKIP 0 | PASS 752 ] @ lewbel-gmm
⠦ [ FAIL 14 | WARN 3 | SKIP 0 | PASS 752 ] @ lewbel-gmm
⠧ [ FAIL 14 | WARN 3 | SKIP 0 | PASS 752 ] @ lewbel-gmm
⠇ [ FAIL 14 | WARN 3 | SKIP 0 | PASS 752 ] @ lewbel-gmm
⠏ [ FAIL 14 | WARN 3 | SKIP 0 | PASS 752 ] @ lewbel-gmm
⠋ [ FAIL 14 | WARN 3 | SKIP 0 | PASS 752 ] @ lewbel-gmm
⠙ [ FAIL 14 | WARN 3 | SKIP 0 | PASS 752 ] @ lewbel-gmm
⠹ [ FAIL 14 | WARN 3 | SKIP 0 | PASS 752 ] @ lewbel-gmm
⠸ [ FAIL 14 | WARN 3 | SKIP 0 | PASS 752 ] @ lewbel-gmm
⠼ [ FAIL 14 | WARN 3 | SKIP 0 | PASS 752 ] @ lewbel-gmm
⠴ [ FAIL 14 | WARN 3 | SKIP 0 | PASS 752 ] @ lewbel-gmm
⠦ [ FAIL 14 | WARN 3 | SKIP 0 | PASS 752 ] @ lewbel-gmm
⠧ [ FAIL 14 | WARN 3 | SKIP 0 | PASS 752 ] @ lewbel-gmm
⠇ [ FAIL 14 | WARN 3 | SKIP 0 | PASS 752 ] @ lewbel-gmm
⠏ [ FAIL 14 | WARN 3 | SKIP 0 | PASS 752 ] @ lewbel-gmm
⠋ [ FAIL 14 | WARN 3 | SKIP 0 | PASS 752 ] @ lewbel-gmm
⠙ [ FAIL 14 | WARN 3 | SKIP 0 | PASS 752 ] @ lewbel-gmm
⠹ [ FAIL 14 | WARN 3 | SKIP 0 | PASS 752 ] @ lewbel-gmm
⠸ [ FAIL 14 | WARN 3 | SKIP 0 | PASS 752 ] @ lewbel-gmm
⠼ [ FAIL 14 | WARN 3 | SKIP 0 | PASS 752 ] @ lewbel-gmm
⠴ [ FAIL 14 | WARN 3 | SKIP 0 | PASS 752 ] @ lewbel-gmm
⠦ [ FAIL 14 | WARN 3 | SKIP 0 | PASS 752 ] @ lewbel-gmm
⠧ [ FAIL 14 | WARN 3 | SKIP 0 | PASS 752 ] @ lewbel-gmm
⠇ [ FAIL 14 | WARN 3 | SKIP 0 | PASS 752 ] @ lewbel-gmm
⠏ [ FAIL 14 | WARN 3 | SKIP 0 | PASS 752 ] @ lewbel-gmm
⠋ [ FAIL 14 | WARN 3 | SKIP 0 | PASS 752 ] @ lewbel-gmm
⠙ [ FAIL 14 | WARN 3 | SKIP 0 | PASS 752 ] @ lewbel-gmm
⠹ [ FAIL 14 | WARN 3 | SKIP 0 | PASS 752 ] @ lewbel-gmm
⠸ [ FAIL 14 | WARN 3 | SKIP 0 | PASS 752 ] @ lewbel-gmm
⠼ [ FAIL 14 | WARN 3 | SKIP 0 | PASS 752 ] @ lewbel-gmm
⠴ [ FAIL 14 | WARN 3 | SKIP 0 | PASS 752 ] @ lewbel-gmm
⠦ [ FAIL 14 | WARN 3 | SKIP 0 | PASS 752 ] @ lewbel-gmm
⠧ [ FAIL 14 | WARN 3 | SKIP 0 | PASS 752 ] @ lewbel-gmm
⠇ [ FAIL 14 | WARN 3 | SKIP 0 | PASS 752 ] @ lewbel-gmm
⠏ [ FAIL 14 | WARN 3 | SKIP 0 | PASS 752 ] @ lewbel-gmm
⠋ [ FAIL 14 | WARN 3 | SKIP 0 | PASS 752 ] @ lewbel-gmm
⠙ [ FAIL 14 | WARN 3 | SKIP 0 | PASS 752 ] @ lewbel-gmm
⠹ [ FAIL 14 | WARN 3 | SKIP 0 | PASS 752 ] @ lewbel-gmm
⠸ [ FAIL 14 | WARN 3 | SKIP 0 | PASS 752 ] @ lewbel-gmm
⠼ [ FAIL 14 | WARN 3 | SKIP 0 | PASS 752 ] @ lewbel-gmm
⠴ [ FAIL 14 | WARN 3 | SKIP 0 | PASS 752 ] @ lewbel-gmm
⠦ [ FAIL 14 | WARN 3 | SKIP 0 | PASS 752 ] @ lewbel-gmm
⠧ [ FAIL 14 | WARN 3 | SKIP 0 | PASS 752 ] @ lewbel-gmm
⠇ [ FAIL 14 | WARN 3 | SKIP 0 | PASS 752 ] @ lewbel-gmm
⠏ [ FAIL 14 | WARN 3 | SKIP 0 | PASS 752 ] @ lewbel-gmm
⠋ [ FAIL 14 | WARN 3 | SKIP 0 | PASS 752 ] @ lewbel-gmm
⠙ [ FAIL 14 | WARN 3 | SKIP 0 | PASS 752 ] @ lewbel-gmm
⠹ [ FAIL 14 | WARN 3 | SKIP 0 | PASS 752 ] @ lewbel-gmm
⠸ [ FAIL 14 | WARN 3 | SKIP 0 | PASS 752 ] @ lewbel-gmm
⠼ [ FAIL 14 | WARN 3 | SKIP 0 | PASS 752 ] @ lewbel-gmm
⠴ [ FAIL 14 | WARN 3 | SKIP 0 | PASS 752 ] @ lewbel-gmm
⠦ [ FAIL 14 | WARN 3 | SKIP 0 | PASS 752 ] @ lewbel-gmm
⠧ [ FAIL 14 | WARN 3 | SKIP 0 | PASS 752 ] @ lewbel-gmm
⠇ [ FAIL 14 | WARN 3 | SKIP 0 | PASS 752 ] @ lewbel-gmm
⠏ [ FAIL 14 | WARN 3 | SKIP 0 | PASS 752 ] @ lewbel-gmm
⠋ [ FAIL 14 | WARN 3 | SKIP 0 | PASS 752 ] @ lewbel-gmm
⠙ [ FAIL 14 | WARN 3 | SKIP 0 | PASS 752 ] @ lewbel-gmm
⠹ [ FAIL 14 | WARN 3 | SKIP 0 | PASS 752 ] @ lewbel-gmm
⠸ [ FAIL 14 | WARN 3 | SKIP 0 | PASS 752 ] @ lewbel-gmm
⠼ [ FAIL 14 | WARN 3 | SKIP 0 | PASS 752 ] @ lewbel-gmm
⠴ [ FAIL 14 | WARN 3 | SKIP 0 | PASS 752 ] @ lewbel-gmm
⠦ [ FAIL 14 | WARN 3 | SKIP 0 | PASS 752 ] @ lewbel-gmm
⠧ [ FAIL 14 | WARN 3 | SKIP 0 | PASS 752 ] @ lewbel-gmm
⠇ [ FAIL 14 | WARN 3 | SKIP 0 | PASS 752 ] @ lewbel-gmm
⠏ [ FAIL 14 | WARN 3 | SKIP 0 | PASS 752 ] @ lewbel-gmm
⠋ [ FAIL 14 | WARN 3 | SKIP 0 | PASS 752 ] @ lewbel-gmm
⠙ [ FAIL 14 | WARN 3 | SKIP 0 | PASS 752 ] @ lewbel-gmm
⠹ [ FAIL 14 | WARN 3 | SKIP 0 | PASS 752 ] @ lewbel-gmm
⠸ [ FAIL 14 | WARN 3 | SKIP 0 | PASS 752 ] @ lewbel-gmm
⠼ [ FAIL 14 | WARN 3 | SKIP 0 | PASS 752 ] @ lewbel-gmm
⠴ [ FAIL 14 | WARN 3 | SKIP 0 | PASS 752 ] @ lewbel-gmm
⠦ [ FAIL 14 | WARN 3 | SKIP 0 | PASS 752 ] @ lewbel-gmm
⠧ [ FAIL 14 | WARN 3 | SKIP 0 | PASS 752 ] @ lewbel-gmm
⠇ [ FAIL 14 | WARN 3 | SKIP 0 | PASS 752 ] @ lewbel-gmm
⠏ [ FAIL 14 | WARN 3 | SKIP 0 | PASS 752 ] @ lewbel-gmm
⠋ [ FAIL 14 | WARN 3 | SKIP 0 | PASS 752 ] @ lewbel-gmm
⠙ [ FAIL 14 | WARN 3 | SKIP 0 | PASS 752 ] @ lewbel-gmm
⠹ [ FAIL 14 | WARN 3 | SKIP 0 | PASS 752 ] @ lewbel-gmm
⠸ [ FAIL 14 | WARN 3 | SKIP 0 | PASS 752 ] @ lewbel-gmm
⠼ [ FAIL 14 | WARN 3 | SKIP 0 | PASS 752 ] @ lewbel-gmm
⠴ [ FAIL 14 | WARN 3 | SKIP 0 | PASS 752 ] @ lewbel-gmm
⠦ [ FAIL 14 | WARN 3 | SKIP 0 | PASS 752 ] @ lewbel-gmm
⠧ [ FAIL 14 | WARN 3 | SKIP 0 | PASS 752 ] @ lewbel-gmm
⠇ [ FAIL 14 | WARN 3 | SKIP 0 | PASS 752 ] @ lewbel-gmm
⠏ [ FAIL 14 | WARN 3 | SKIP 0 | PASS 752 ] @ lewbel-gmm
⠋ [ FAIL 14 | WARN 3 | SKIP 0 | PASS 752 ] @ lewbel-gmm
⠙ [ FAIL 14 | WARN 3 | SKIP 0 | PASS 752 ] @ lewbel-gmm
⠹ [ FAIL 14 | WARN 3 | SKIP 0 | PASS 752 ] @ lewbel-gmm
⠸ [ FAIL 14 | WARN 3 | SKIP 0 | PASS 752 ] @ lewbel-gmm
⠼ [ FAIL 14 | WARN 3 | SKIP 0 | PASS 752 ] @ lewbel-gmm
⠴ [ FAIL 14 | WARN 3 | SKIP 0 | PASS 752 ] @ lewbel-gmm
⠦ [ FAIL 14 | WARN 3 | SKIP 0 | PASS 752 ] @ lewbel-gmm
⠧ [ FAIL 14 | WARN 3 | SKIP 0 | PASS 752 ] @ lewbel-gmm
⠇ [ FAIL 14 | WARN 3 | SKIP 0 | PASS 752 ] @ lewbel-gmm
⠏ [ FAIL 14 | WARN 3 | SKIP 0 | PASS 752 ] @ lewbel-gmm
⠋ [ FAIL 14 | WARN 3 | SKIP 0 | PASS 752 ] @ lewbel-gmm
⠙ [ FAIL 14 | WARN 3 | SKIP 0 | PASS 752 ] @ lewbel-gmm
⠹ [ FAIL 14 | WARN 3 | SKIP 0 | PASS 752 ] @ lewbel-gmm
⠸ [ FAIL 14 | WARN 3 | SKIP 0 | PASS 752 ] @ lewbel-gmm
⠼ [ FAIL 14 | WARN 3 | SKIP 0 | PASS 752 ] @ lewbel-gmm
⠴ [ FAIL 14 | WARN 3 | SKIP 0 | PASS 752 ] @ lewbel-gmm
⠦ [ FAIL 14 | WARN 3 | SKIP 0 | PASS 752 ] @ lewbel-gmm
⠧ [ FAIL 14 | WARN 3 | SKIP 0 | PASS 752 ] @ lewbel-gmm
⠇ [ FAIL 14 | WARN 3 | SKIP 0 | PASS 752 ] @ lewbel-gmm
⠏ [ FAIL 14 | WARN 3 | SKIP 0 | PASS 752 ] @ lewbel-gmm
⠋ [ FAIL 14 | WARN 3 | SKIP 0 | PASS 752 ] @ lewbel-gmm
⠙ [ FAIL 14 | WARN 3 | SKIP 0 | PASS 752 ] @ lewbel-gmm
⠹ [ FAIL 14 | WARN 3 | SKIP 0 | PASS 752 ] @ lewbel-gmm
⠸ [ FAIL 14 | WARN 3 | SKIP 0 | PASS 752 ] @ lewbel-gmm
⠼ [ FAIL 14 | WARN 3 | SKIP 0 | PASS 752 ] @ lewbel-gmm
⠴ [ FAIL 14 | WARN 3 | SKIP 0 | PASS 752 ] @ lewbel-gmm
⠦ [ FAIL 14 | WARN 3 | SKIP 0 | PASS 752 ] @ lewbel-gmm
⠧ [ FAIL 14 | WARN 3 | SKIP 0 | PASS 752 ] @ lewbel-gmm
⠇ [ FAIL 14 | WARN 3 | SKIP 0 | PASS 752 ] @ lewbel-gmm
⠏ [ FAIL 14 | WARN 3 | SKIP 0 | PASS 752 ] @ lewbel-gmm
⠋ [ FAIL 14 | WARN 3 | SKIP 0 | PASS 752 ] @ lewbel-gmm
⠙ [ FAIL 14 | WARN 3 | SKIP 0 | PASS 752 ] @ lewbel-gmm
⠹ [ FAIL 14 | WARN 3 | SKIP 0 | PASS 752 ] @ lewbel-gmm
⠸ [ FAIL 14 | WARN 3 | SKIP 0 | PASS 752 ] @ lewbel-gmm
⠼ [ FAIL 14 | WARN 3 | SKIP 0 | PASS 752 ] @ lewbel-gmm
⠴ [ FAIL 14 | WARN 3 | SKIP 0 | PASS 752 ] @ lewbel-gmm
⠦ [ FAIL 14 | WARN 3 | SKIP 0 | PASS 752 ] @ lewbel-gmm
⠧ [ FAIL 14 | WARN 3 | SKIP 0 | PASS 752 ] @ lewbel-gmm
⠇ [ FAIL 14 | WARN 3 | SKIP 0 | PASS 752 ] @ lewbel-gmm
⠏ [ FAIL 14 | WARN 3 | SKIP 0 | PASS 752 ] @ lewbel-gmm
⠋ [ FAIL 14 | WARN 3 | SKIP 0 | PASS 752 ] @ lewbel-gmm
⠙ [ FAIL 14 | WARN 3 | SKIP 0 | PASS 752 ] @ lewbel-gmm
⠹ [ FAIL 14 | WARN 3 | SKIP 0 | PASS 752 ] @ lewbel-gmm
⠸ [ FAIL 14 | WARN 3 | SKIP 0 | PASS 752 ] @ lewbel-gmm
⠼ [ FAIL 14 | WARN 3 | SKIP 0 | PASS 752 ] @ lewbel-gmm
⠴ [ FAIL 14 | WARN 3 | SKIP 0 | PASS 752 ] @ lewbel-gmm
⠦ [ FAIL 14 | WARN 3 | SKIP 0 | PASS 752 ] @ lewbel-gmm
⠧ [ FAIL 14 | WARN 3 | SKIP 0 | PASS 752 ] @ lewbel-gmm
⠇ [ FAIL 14 | WARN 3 | SKIP 0 | PASS 752 ] @ lewbel-gmm
⠏ [ FAIL 14 | WARN 3 | SKIP 0 | PASS 752 ] @ lewbel-gmm
⠋ [ FAIL 14 | WARN 3 | SKIP 0 | PASS 752 ] @ lewbel-gmm
⠙ [ FAIL 14 | WARN 3 | SKIP 0 | PASS 752 ] @ lewbel-gmm
⠹ [ FAIL 14 | WARN 3 | SKIP 0 | PASS 752 ] @ lewbel-gmm
⠸ [ FAIL 14 | WARN 3 | SKIP 0 | PASS 752 ] @ lewbel-gmm
⠼ [ FAIL 14 | WARN 3 | SKIP 0 | PASS 752 ] @ lewbel-gmm
⠴ [ FAIL 14 | WARN 3 | SKIP 0 | PASS 752 ] @ lewbel-gmm
⠦ [ FAIL 14 | WARN 3 | SKIP 0 | PASS 752 ] @ lewbel-gmm
⠧ [ FAIL 14 | WARN 3 | SKIP 0 | PASS 752 ] @ lewbel-gmm
⠇ [ FAIL 14 | WARN 3 | SKIP 0 | PASS 752 ] @ lewbel-gmm
⠏ [ FAIL 14 | WARN 3 | SKIP 0 | PASS 752 ] @ lewbel-gmm
⠋ [ FAIL 14 | WARN 3 | SKIP 0 | PASS 752 ] @ lewbel-gmm
⠙ [ FAIL 14 | WARN 3 | SKIP 0 | PASS 752 ] @ lewbel-gmm
⠹ [ FAIL 14 | WARN 3 | SKIP 0 | PASS 752 ] @ lewbel-gmm
⠸ [ FAIL 14 | WARN 3 | SKIP 0 | PASS 752 ] @ lewbel-gmm
⠼ [ FAIL 14 | WARN 3 | SKIP 0 | PASS 752 ] @ lewbel-gmm
⠴ [ FAIL 14 | WARN 3 | SKIP 0 | PASS 752 ] @ lewbel-gmm
⠦ [ FAIL 14 | WARN 3 | SKIP 0 | PASS 752 ] @ lewbel-gmm
⠧ [ FAIL 14 | WARN 3 | SKIP 0 | PASS 752 ] @ lewbel-gmm
⠇ [ FAIL 14 | WARN 3 | SKIP 0 | PASS 752 ] @ lewbel-gmm
⠏ [ FAIL 14 | WARN 3 | SKIP 0 | PASS 752 ] @ lewbel-gmm
⠋ [ FAIL 14 | WARN 3 | SKIP 0 | PASS 752 ] @ lewbel-gmm
⠙ [ FAIL 14 | WARN 3 | SKIP 0 | PASS 752 ] @ lewbel-gmm
⠹ [ FAIL 14 | WARN 3 | SKIP 0 | PASS 752 ] @ lewbel-gmm
⠸ [ FAIL 14 | WARN 3 | SKIP 0 | PASS 752 ] @ lewbel-gmm
⠼ [ FAIL 14 | WARN 3 | SKIP 0 | PASS 752 ] @ lewbel-gmm
⠴ [ FAIL 14 | WARN 3 | SKIP 0 | PASS 752 ] @ lewbel-gmm
⠦ [ FAIL 14 | WARN 3 | SKIP 0 | PASS 752 ] @ lewbel-gmm
⠧ [ FAIL 14 | WARN 3 | SKIP 0 | PASS 752 ] @ lewbel-gmm
⠇ [ FAIL 14 | WARN 3 | SKIP 0 | PASS 752 ] @ lewbel-gmm
⠏ [ FAIL 14 | WARN 3 | SKIP 0 | PASS 752 ] @ lewbel-gmm
⠋ [ FAIL 14 | WARN 3 | SKIP 0 | PASS 752 ] @ lewbel-gmm
⠙ [ FAIL 14 | WARN 3 | SKIP 0 | PASS 752 ] @ lewbel-gmm
⠹ [ FAIL 14 | WARN 3 | SKIP 0 | PASS 752 ] @ lewbel-gmm
⠸ [ FAIL 14 | WARN 3 | SKIP 0 | PASS 752 ] @ lewbel-gmm
⠼ [ FAIL 14 | WARN 3 | SKIP 0 | PASS 752 ] @ lewbel-gmm
⠴ [ FAIL 14 | WARN 3 | SKIP 0 | PASS 752 ] @ lewbel-gmm
⠦ [ FAIL 14 | WARN 3 | SKIP 0 | PASS 752 ] @ lewbel-gmm
⠧ [ FAIL 14 | WARN 3 | SKIP 0 | PASS 752 ] @ lewbel-gmm
⠇ [ FAIL 14 | WARN 3 | SKIP 0 | PASS 752 ] @ lewbel-gmm
⠏ [ FAIL 14 | WARN 3 | SKIP 0 | PASS 752 ] @ lewbel-gmm
⠋ [ FAIL 14 | WARN 3 | SKIP 0 | PASS 752 ] @ lewbel-gmm
⠙ [ FAIL 14 | WARN 3 | SKIP 0 | PASS 752 ] @ lewbel-gmm
⠹ [ FAIL 14 | WARN 3 | SKIP 0 | PASS 752 ] @ lewbel-gmm
⠸ [ FAIL 14 | WARN 3 | SKIP 0 | PASS 752 ] @ lewbel-gmm
⠼ [ FAIL 14 | WARN 3 | SKIP 0 | PASS 752 ] @ lewbel-gmm
⠴ [ FAIL 14 | WARN 3 | SKIP 0 | PASS 752 ] @ lewbel-gmm
⠦ [ FAIL 14 | WARN 3 | SKIP 0 | PASS 752 ] @ lewbel-gmm
⠧ [ FAIL 14 | WARN 3 | SKIP 0 | PASS 752 ] @ lewbel-gmm
⠇ [ FAIL 14 | WARN 3 | SKIP 0 | PASS 752 ] @ lewbel-gmm
⠏ [ FAIL 14 | WARN 3 | SKIP 0 | PASS 752 ] @ lewbel-gmm
⠋ [ FAIL 14 | WARN 3 | SKIP 0 | PASS 752 ] @ lewbel-gmm
⠙ [ FAIL 14 | WARN 3 | SKIP 0 | PASS 752 ] @ lewbel-gmm
⠹ [ FAIL 14 | WARN 3 | SKIP 0 | PASS 752 ] @ lewbel-gmm
⠸ [ FAIL 14 | WARN 3 | SKIP 0 | PASS 752 ] @ lewbel-gmm
⠼ [ FAIL 14 | WARN 3 | SKIP 0 | PASS 752 ] @ lewbel-gmm
⠴ [ FAIL 14 | WARN 3 | SKIP 0 | PASS 752 ] @ lewbel-gmm
⠦ [ FAIL 14 | WARN 3 | SKIP 0 | PASS 752 ] @ lewbel-gmm
⠧ [ FAIL 14 | WARN 3 | SKIP 0 | PASS 752 ] @ lewbel-gmm
⠇ [ FAIL 14 | WARN 3 | SKIP 0 | PASS 752 ] @ lewbel-gmm
⠏ [ FAIL 14 | WARN 3 | SKIP 0 | PASS 752 ] @ lewbel-gmm
⠋ [ FAIL 14 | WARN 3 | SKIP 0 | PASS 752 ] @ lewbel-gmm
⠙ [ FAIL 14 | WARN 3 | SKIP 0 | PASS 752 ] @ lewbel-gmm
⠹ [ FAIL 14 | WARN 3 | SKIP 0 | PASS 752 ] @ lewbel-gmm
⠸ [ FAIL 14 | WARN 3 | SKIP 0 | PASS 752 ] @ lewbel-gmm
⠼ [ FAIL 14 | WARN 3 | SKIP 0 | PASS 752 ] @ lewbel-gmm
⠴ [ FAIL 14 | WARN 3 | SKIP 0 | PASS 752 ] @ lewbel-gmm
⠦ [ FAIL 14 | WARN 3 | SKIP 0 | PASS 752 ] @ lewbel-gmm
⠧ [ FAIL 14 | WARN 3 | SKIP 0 | PASS 752 ] @ lewbel-gmm
⠇ [ FAIL 14 | WARN 3 | SKIP 0 | PASS 752 ] @ lewbel-gmm
⠏ [ FAIL 14 | WARN 3 | SKIP 0 | PASS 752 ] @ lewbel-gmm
⠋ [ FAIL 14 | WARN 3 | SKIP 0 | PASS 752 ] @ lewbel-gmm
⠙ [ FAIL 14 | WARN 3 | SKIP 0 | PASS 752 ] @ lewbel-gmm
⠹ [ FAIL 14 | WARN 3 | SKIP 0 | PASS 752 ] @ lewbel-gmm
⠸ [ FAIL 14 | WARN 3 | SKIP 0 | PASS 752 ] @ lewbel-gmm
⠼ [ FAIL 14 | WARN 3 | SKIP 0 | PASS 752 ] @ lewbel-gmm
⠴ [ FAIL 14 | WARN 3 | SKIP 0 | PASS 752 ] @ lewbel-gmm
⠦ [ FAIL 14 | WARN 3 | SKIP 0 | PASS 752 ] @ lewbel-gmm
⠧ [ FAIL 14 | WARN 3 | SKIP 0 | PASS 752 ] @ lewbel-gmm
⠇ [ FAIL 14 | WARN 3 | SKIP 0 | PASS 752 ] @ lewbel-gmm
⠏ [ FAIL 14 | WARN 3 | SKIP 0 | PASS 752 ] @ lewbel-gmm
⠋ [ FAIL 14 | WARN 3 | SKIP 0 | PASS 752 ] @ lewbel-gmm
⠙ [ FAIL 14 | WARN 3 | SKIP 0 | PASS 752 ] @ lewbel-gmm
⠹ [ FAIL 14 | WARN 3 | SKIP 0 | PASS 752 ] @ lewbel-gmm
⠸ [ FAIL 14 | WARN 3 | SKIP 0 | PASS 752 ] @ lewbel-gmm
⠼ [ FAIL 14 | WARN 3 | SKIP 0 | PASS 752 ] @ lewbel-gmm
⠴ [ FAIL 14 | WARN 3 | SKIP 0 | PASS 752 ] @ lewbel-gmm
⠦ [ FAIL 14 | WARN 3 | SKIP 0 | PASS 752 ] @ lewbel-gmm
⠧ [ FAIL 14 | WARN 3 | SKIP 0 | PASS 752 ] @ lewbel-gmm
⠇ [ FAIL 14 | WARN 3 | SKIP 0 | PASS 752 ] @ lewbel-gmm
⠏ [ FAIL 14 | WARN 3 | SKIP 0 | PASS 752 ] @ lewbel-gmm
⠋ [ FAIL 14 | WARN 3 | SKIP 0 | PASS 752 ] @ lewbel-gmm
⠙ [ FAIL 14 | WARN 3 | SKIP 0 | PASS 752 ] @ lewbel-gmm
⠹ [ FAIL 14 | WARN 3 | SKIP 0 | PASS 752 ] @ lewbel-gmm
⠸ [ FAIL 14 | WARN 3 | SKIP 0 | PASS 752 ] @ lewbel-gmm
⠼ [ FAIL 14 | WARN 3 | SKIP 0 | PASS 752 ] @ lewbel-gmm
⠴ [ FAIL 14 | WARN 3 | SKIP 0 | PASS 752 ] @ lewbel-gmm
⠦ [ FAIL 14 | WARN 3 | SKIP 0 | PASS 752 ] @ lewbel-gmm
⠧ [ FAIL 14 | WARN 3 | SKIP 0 | PASS 752 ] @ lewbel-gmm
⠇ [ FAIL 14 | WARN 3 | SKIP 0 | PASS 752 ] @ lewbel-gmm
⠏ [ FAIL 14 | WARN 3 | SKIP 0 | PASS 752 ] @ lewbel-gmm
⠋ [ FAIL 14 | WARN 3 | SKIP 0 | PASS 752 ] @ lewbel-gmm
⠙ [ FAIL 14 | WARN 3 | SKIP 0 | PASS 752 ] @ lewbel-gmm
⠹ [ FAIL 14 | WARN 3 | SKIP 0 | PASS 752 ] @ lewbel-gmm
⠸ [ FAIL 14 | WARN 3 | SKIP 0 | PASS 752 ] @ lewbel-gmm
⠼ [ FAIL 14 | WARN 3 | SKIP 0 | PASS 752 ] @ lewbel-gmm
⠴ [ FAIL 14 | WARN 3 | SKIP 0 | PASS 752 ] @ lewbel-gmm
⠦ [ FAIL 14 | WARN 3 | SKIP 0 | PASS 752 ] @ lewbel-gmm
⠧ [ FAIL 14 | WARN 3 | SKIP 0 | PASS 752 ] @ lewbel-gmm
⠇ [ FAIL 14 | WARN 3 | SKIP 0 | PASS 752 ] @ lewbel-gmm
⠏ [ FAIL 14 | WARN 3 | SKIP 0 | PASS 752 ] @ lewbel-gmm
⠋ [ FAIL 14 | WARN 3 | SKIP 0 | PASS 752 ] @ lewbel-gmm
⠙ [ FAIL 14 | WARN 3 | SKIP 0 | PASS 752 ] @ lewbel-gmm
⠹ [ FAIL 14 | WARN 3 | SKIP 0 | PASS 752 ] @ lewbel-gmm
⠸ [ FAIL 14 | WARN 3 | SKIP 0 | PASS 752 ] @ lewbel-gmm
⠼ [ FAIL 14 | WARN 3 | SKIP 0 | PASS 752 ] @ lewbel-gmm
⠴ [ FAIL 14 | WARN 3 | SKIP 0 | PASS 752 ] @ lewbel-gmm
⠦ [ FAIL 14 | WARN 3 | SKIP 0 | PASS 752 ] @ lewbel-gmm
⠧ [ FAIL 14 | WARN 3 | SKIP 0 | PASS 752 ] @ lewbel-gmm
⠇ [ FAIL 14 | WARN 3 | SKIP 0 | PASS 752 ] @ lewbel-gmm
⠏ [ FAIL 14 | WARN 3 | SKIP 0 | PASS 752 ] @ lewbel-gmm
⠋ [ FAIL 14 | WARN 3 | SKIP 0 | PASS 752 ] @ lewbel-gmm
⠙ [ FAIL 14 | WARN 3 | SKIP 0 | PASS 752 ] @ lewbel-gmm
⠹ [ FAIL 14 | WARN 3 | SKIP 0 | PASS 752 ] @ lewbel-gmm
⠸ [ FAIL 14 | WARN 3 | SKIP 0 | PASS 752 ] @ lewbel-gmm
⠼ [ FAIL 14 | WARN 3 | SKIP 0 | PASS 752 ] @ lewbel-gmm
⠴ [ FAIL 14 | WARN 3 | SKIP 0 | PASS 752 ] @ lewbel-gmm
⠦ [ FAIL 14 | WARN 3 | SKIP 0 | PASS 752 ] @ lewbel-gmm
⠧ [ FAIL 14 | WARN 3 | SKIP 0 | PASS 752 ] @ lewbel-gmm
⠇ [ FAIL 14 | WARN 3 | SKIP 0 | PASS 752 ] @ lewbel-gmm
⠏ [ FAIL 14 | WARN 3 | SKIP 0 | PASS 752 ] @ lewbel-gmm
⠋ [ FAIL 14 | WARN 3 | SKIP 0 | PASS 752 ] @ lewbel-gmm
⠙ [ FAIL 14 | WARN 3 | SKIP 0 | PASS 752 ] @ lewbel-gmm
⠹ [ FAIL 14 | WARN 3 | SKIP 0 | PASS 752 ] @ lewbel-gmm
⠸ [ FAIL 14 | WARN 3 | SKIP 0 | PASS 752 ] @ lewbel-gmm
⠼ [ FAIL 14 | WARN 3 | SKIP 0 | PASS 752 ] @ lewbel-gmm
⠴ [ FAIL 14 | WARN 3 | SKIP 0 | PASS 752 ] @ lewbel-gmm
⠦ [ FAIL 14 | WARN 3 | SKIP 0 | PASS 752 ] @ lewbel-gmm
⠧ [ FAIL 14 | WARN 3 | SKIP 0 | PASS 752 ] @ lewbel-gmm
⠇ [ FAIL 14 | WARN 3 | SKIP 0 | PASS 752 ] @ lewbel-gmm
⠏ [ FAIL 14 | WARN 3 | SKIP 0 | PASS 752 ] @ lewbel-gmm
⠋ [ FAIL 14 | WARN 3 | SKIP 0 | PASS 752 ] @ lewbel-gmm
⠙ [ FAIL 14 | WARN 3 | SKIP 0 | PASS 752 ] @ lewbel-gmm
⠹ [ FAIL 14 | WARN 3 | SKIP 0 | PASS 752 ] @ lewbel-gmm
⠸ [ FAIL 14 | WARN 3 | SKIP 0 | PASS 752 ] @ lewbel-gmm
⠼ [ FAIL 14 | WARN 3 | SKIP 0 | PASS 752 ] @ lewbel-gmm
⠴ [ FAIL 14 | WARN 3 | SKIP 0 | PASS 752 ] @ lewbel-gmm
⠦ [ FAIL 14 | WARN 3 | SKIP 0 | PASS 752 ] @ lewbel-gmm
⠧ [ FAIL 14 | WARN 3 | SKIP 0 | PASS 752 ] @ lewbel-gmm
⠇ [ FAIL 14 | WARN 3 | SKIP 0 | PASS 752 ] @ lewbel-gmm
⠏ [ FAIL 14 | WARN 3 | SKIP 0 | PASS 752 ] @ lewbel-gmm
⠋ [ FAIL 14 | WARN 3 | SKIP 0 | PASS 752 ] @ lewbel-gmm
⠙ [ FAIL 14 | WARN 3 | SKIP 0 | PASS 752 ] @ lewbel-gmm
⠹ [ FAIL 14 | WARN 3 | SKIP 0 | PASS 752 ] @ lewbel-gmm
⠸ [ FAIL 14 | WARN 3 | SKIP 0 | PASS 752 ] @ lewbel-gmm
⠼ [ FAIL 14 | WARN 3 | SKIP 0 | PASS 752 ] @ lewbel-gmm
⠴ [ FAIL 14 | WARN 3 | SKIP 0 | PASS 752 ] @ lewbel-gmm
⠦ [ FAIL 14 | WARN 3 | SKIP 0 | PASS 752 ] @ lewbel-gmm
⠧ [ FAIL 14 | WARN 3 | SKIP 0 | PASS 752 ] @ lewbel-gmm
⠇ [ FAIL 14 | WARN 3 | SKIP 0 | PASS 752 ] @ lewbel-gmm
⠏ [ FAIL 14 | WARN 3 | SKIP 0 | PASS 752 ] @ lewbel-gmm
⠋ [ FAIL 14 | WARN 3 | SKIP 0 | PASS 752 ] @ lewbel-gmm
⠙ [ FAIL 14 | WARN 3 | SKIP 0 | PASS 752 ] @ lewbel-gmm
⠹ [ FAIL 14 | WARN 3 | SKIP 0 | PASS 752 ] @ lewbel-gmm
⠸ [ FAIL 14 | WARN 3 | SKIP 0 | PASS 752 ] @ lewbel-gmm
⠼ [ FAIL 14 | WARN 3 | SKIP 0 | PASS 752 ] @ lewbel-gmm
⠴ [ FAIL 14 | WARN 3 | SKIP 0 | PASS 752 ] @ lewbel-gmm
⠦ [ FAIL 14 | WARN 3 | SKIP 0 | PASS 752 ] @ lewbel-gmm
⠧ [ FAIL 14 | WARN 3 | SKIP 0 | PASS 752 ] @ lewbel-gmm
⠇ [ FAIL 14 | WARN 3 | SKIP 0 | PASS 752 ] @ lewbel-gmm
⠏ [ FAIL 14 | WARN 3 | SKIP 0 | PASS 752 ] @ lewbel-gmm
⠋ [ FAIL 14 | WARN 3 | SKIP 0 | PASS 752 ] @ lewbel-gmm
⠙ [ FAIL 14 | WARN 3 | SKIP 0 | PASS 752 ] @ lewbel-gmm
⠹ [ FAIL 14 | WARN 3 | SKIP 0 | PASS 752 ] @ lewbel-gmm
⠸ [ FAIL 14 | WARN 3 | SKIP 0 | PASS 752 ] @ lewbel-gmm
⠼ [ FAIL 14 | WARN 3 | SKIP 0 | PASS 752 ] @ lewbel-gmm
⠴ [ FAIL 14 | WARN 3 | SKIP 0 | PASS 752 ] @ lewbel-gmm
⠦ [ FAIL 14 | WARN 3 | SKIP 0 | PASS 752 ] @ lewbel-gmm
⠧ [ FAIL 14 | WARN 3 | SKIP 0 | PASS 752 ] @ lewbel-gmm
⠇ [ FAIL 14 | WARN 3 | SKIP 0 | PASS 752 ] @ lewbel-gmm
⠏ [ FAIL 14 | WARN 3 | SKIP 0 | PASS 752 ] @ lewbel-gmm
⠋ [ FAIL 14 | WARN 3 | SKIP 0 | PASS 752 ] @ lewbel-gmm
⠙ [ FAIL 14 | WARN 3 | SKIP 0 | PASS 752 ] @ lewbel-gmm
⠹ [ FAIL 14 | WARN 3 | SKIP 0 | PASS 752 ] @ lewbel-gmm
⠸ [ FAIL 14 | WARN 3 | SKIP 0 | PASS 752 ] @ lewbel-gmm
⠼ [ FAIL 14 | WARN 3 | SKIP 0 | PASS 752 ] @ lewbel-gmm
⠴ [ FAIL 14 | WARN 3 | SKIP 0 | PASS 752 ] @ lewbel-gmm
⠦ [ FAIL 14 | WARN 3 | SKIP 0 | PASS 752 ] @ lewbel-gmm
⠧ [ FAIL 14 | WARN 3 | SKIP 0 | PASS 752 ] @ lewbel-gmm
⠇ [ FAIL 14 | WARN 3 | SKIP 0 | PASS 752 ] @ lewbel-gmm
⠏ [ FAIL 14 | WARN 3 | SKIP 0 | PASS 752 ] @ lewbel-gmm
⠋ [ FAIL 14 | WARN 3 | SKIP 0 | PASS 752 ] @ lewbel-gmm
⠙ [ FAIL 14 | WARN 3 | SKIP 0 | PASS 752 ] @ lewbel-gmm
⠹ [ FAIL 14 | WARN 3 | SKIP 0 | PASS 752 ] @ lewbel-gmm
⠸ [ FAIL 14 | WARN 3 | SKIP 0 | PASS 752 ] @ lewbel-gmm
⠼ [ FAIL 14 | WARN 3 | SKIP 0 | PASS 752 ] @ lewbel-gmm
⠴ [ FAIL 14 | WARN 3 | SKIP 0 | PASS 752 ] @ lewbel-gmm
⠦ [ FAIL 14 | WARN 3 | SKIP 0 | PASS 752 ] @ lewbel-gmm
⠧ [ FAIL 14 | WARN 3 | SKIP 0 | PASS 752 ] @ lewbel-gmm
⠇ [ FAIL 14 | WARN 3 | SKIP 0 | PASS 752 ] @ lewbel-gmm
⠏ [ FAIL 14 | WARN 3 | SKIP 0 | PASS 752 ] @ lewbel-gmm
⠋ [ FAIL 14 | WARN 3 | SKIP 0 | PASS 752 ] @ lewbel-gmm
⠙ [ FAIL 14 | WARN 3 | SKIP 0 | PASS 752 ] @ lewbel-gmm
⠹ [ FAIL 14 | WARN 3 | SKIP 0 | PASS 752 ] @ lewbel-gmm
⠸ [ FAIL 14 | WARN 3 | SKIP 0 | PASS 752 ] @ lewbel-gmm
⠼ [ FAIL 14 | WARN 3 | SKIP 0 | PASS 752 ] @ lewbel-gmm
⠴ [ FAIL 14 | WARN 3 | SKIP 0 | PASS 752 ] @ lewbel-gmm
⠦ [ FAIL 14 | WARN 3 | SKIP 0 | PASS 752 ] @ lewbel-gmm
⠧ [ FAIL 14 | WARN 3 | SKIP 0 | PASS 752 ] @ lewbel-gmm
⠇ [ FAIL 14 | WARN 3 | SKIP 0 | PASS 752 ] @ lewbel-gmm
⠏ [ FAIL 14 | WARN 3 | SKIP 0 | PASS 752 ] @ lewbel-gmm
⠋ [ FAIL 14 | WARN 3 | SKIP 0 | PASS 752 ] @ lewbel-gmm
⠙ [ FAIL 14 | WARN 3 | SKIP 0 | PASS 752 ] @ lewbel-gmm
⠹ [ FAIL 14 | WARN 3 | SKIP 0 | PASS 752 ] @ lewbel-gmm
⠸ [ FAIL 14 | WARN 3 | SKIP 0 | PASS 752 ] @ lewbel-gmm
⠼ [ FAIL 14 | WARN 3 | SKIP 0 | PASS 752 ] @ lewbel-gmm
⠴ [ FAIL 14 | WARN 3 | SKIP 0 | PASS 752 ] @ lewbel-gmm
⠦ [ FAIL 14 | WARN 3 | SKIP 0 | PASS 752 ] @ lewbel-gmm
⠧ [ FAIL 14 | WARN 3 | SKIP 0 | PASS 752 ] @ lewbel-gmm
⠇ [ FAIL 14 | WARN 3 | SKIP 0 | PASS 752 ] @ lewbel-gmm
⠏ [ FAIL 14 | WARN 3 | SKIP 0 | PASS 752 ] @ lewbel-gmm
⠋ [ FAIL 14 | WARN 3 | SKIP 0 | PASS 752 ] @ lewbel-gmm
⠙ [ FAIL 14 | WARN 3 | SKIP 0 | PASS 752 ] @ lewbel-gmm
⠹ [ FAIL 14 | WARN 3 | SKIP 0 | PASS 752 ] @ lewbel-gmm
⠸ [ FAIL 14 | WARN 3 | SKIP 0 | PASS 752 ] @ lewbel-gmm
⠼ [ FAIL 14 | WARN 3 | SKIP 0 | PASS 752 ] @ lewbel-gmm
⠴ [ FAIL 14 | WARN 3 | SKIP 0 | PASS 752 ] @ lewbel-gmm
⠦ [ FAIL 14 | WARN 3 | SKIP 0 | PASS 752 ] @ lewbel-gmm
⠧ [ FAIL 14 | WARN 3 | SKIP 0 | PASS 752 ] @ lewbel-gmm
⠇ [ FAIL 14 | WARN 3 | SKIP 0 | PASS 752 ] @ lewbel-gmm
⠏ [ FAIL 14 | WARN 3 | SKIP 0 | PASS 752 ] @ lewbel-gmm
⠋ [ FAIL 14 | WARN 3 | SKIP 0 | PASS 752 ] @ lewbel-gmm
⠙ [ FAIL 14 | WARN 3 | SKIP 0 | PASS 752 ] @ lewbel-gmm
⠹ [ FAIL 14 | WARN 3 | SKIP 0 | PASS 752 ] @ lewbel-gmm
⠸ [ FAIL 14 | WARN 3 | SKIP 0 | PASS 752 ] @ lewbel-gmm
⠼ [ FAIL 14 | WARN 3 | SKIP 0 | PASS 752 ] @ lewbel-gmm
⠴ [ FAIL 14 | WARN 3 | SKIP 0 | PASS 752 ] @ lewbel-gmm
⠦ [ FAIL 14 | WARN 3 | SKIP 0 | PASS 752 ] @ lewbel-gmm
⠧ [ FAIL 14 | WARN 3 | SKIP 0 | PASS 752 ] @ lewbel-gmm
⠇ [ FAIL 14 | WARN 3 | SKIP 0 | PASS 752 ] @ lewbel-gmm
⠏ [ FAIL 14 | WARN 3 | SKIP 0 | PASS 752 ] @ lewbel-gmm
⠋ [ FAIL 14 | WARN 3 | SKIP 0 | PASS 752 ] @ lewbel-gmm
⠙ [ FAIL 14 | WARN 3 | SKIP 0 | PASS 752 ] @ lewbel-gmm
⠹ [ FAIL 14 | WARN 3 | SKIP 0 | PASS 752 ] @ lewbel-gmm
⠸ [ FAIL 14 | WARN 3 | SKIP 0 | PASS 752 ] @ lewbel-gmm
⠼ [ FAIL 14 | WARN 3 | SKIP 0 | PASS 752 ] @ lewbel-gmm
⠴ [ FAIL 14 | WARN 3 | SKIP 0 | PASS 752 ] @ lewbel-gmm
⠦ [ FAIL 14 | WARN 3 | SKIP 0 | PASS 752 ] @ lewbel-gmm
⠧ [ FAIL 14 | WARN 3 | SKIP 0 | PASS 752 ] @ lewbel-gmm
⠇ [ FAIL 14 | WARN 3 | SKIP 0 | PASS 752 ] @ lewbel-gmm
⠏ [ FAIL 14 | WARN 3 | SKIP 0 | PASS 752 ] @ lewbel-gmm
⠋ [ FAIL 14 | WARN 3 | SKIP 0 | PASS 752 ] @ lewbel-gmm
⠙ [ FAIL 14 | WARN 3 | SKIP 0 | PASS 752 ] @ lewbel-gmm
⠹ [ FAIL 14 | WARN 3 | SKIP 0 | PASS 752 ] @ lewbel-gmm
⠸ [ FAIL 14 | WARN 3 | SKIP 0 | PASS 752 ] @ lewbel-gmm
⠼ [ FAIL 14 | WARN 3 | SKIP 0 | PASS 752 ] @ lewbel-gmm
⠴ [ FAIL 14 | WARN 3 | SKIP 0 | PASS 752 ] @ lewbel-gmm
⠦ [ FAIL 14 | WARN 3 | SKIP 0 | PASS 752 ] @ lewbel-gmm
⠧ [ FAIL 14 | WARN 3 | SKIP 0 | PASS 752 ] @ lewbel-gmm
⠇ [ FAIL 14 | WARN 3 | SKIP 0 | PASS 752 ] @ lewbel-gmm
⠏ [ FAIL 14 | WARN 3 | SKIP 0 | PASS 752 ] @ lewbel-gmm
⠋ [ FAIL 14 | WARN 3 | SKIP 0 | PASS 752 ] @ lewbel-gmm
⠙ [ FAIL 14 | WARN 3 | SKIP 0 | PASS 752 ] @ lewbel-gmm
⠹ [ FAIL 14 | WARN 3 | SKIP 0 | PASS 752 ] @ lewbel-gmm
⠸ [ FAIL 14 | WARN 3 | SKIP 0 | PASS 752 ] @ lewbel-gmm
⠼ [ FAIL 14 | WARN 3 | SKIP 0 | PASS 752 ] @ lewbel-gmm
⠴ [ FAIL 14 | WARN 3 | SKIP 0 | PASS 752 ] @ lewbel-gmm
⠦ [ FAIL 14 | WARN 3 | SKIP 0 | PASS 752 ] @ lewbel-gmm
⠧ [ FAIL 14 | WARN 3 | SKIP 0 | PASS 752 ] @ lewbel-gmm
⠇ [ FAIL 14 | WARN 3 | SKIP 0 | PASS 752 ] @ lewbel-gmm
⠏ [ FAIL 14 | WARN 3 | SKIP 0 | PASS 752 ] @ lewbel-gmm
⠋ [ FAIL 14 | WARN 3 | SKIP 0 | PASS 752 ] @ lewbel-gmm
⠙ [ FAIL 14 | WARN 3 | SKIP 0 | PASS 752 ] @ lewbel-gmm
⠹ [ FAIL 14 | WARN 3 | SKIP 0 | PASS 752 ] @ lewbel-gmm
⠸ [ FAIL 14 | WARN 3 | SKIP 0 | PASS 752 ] @ lewbel-gmm
⠼ [ FAIL 14 | WARN 3 | SKIP 0 | PASS 752 ] @ lewbel-gmm
⠴ [ FAIL 14 | WARN 3 | SKIP 0 | PASS 752 ] @ lewbel-gmm
⠦ [ FAIL 14 | WARN 3 | SKIP 0 | PASS 752 ] @ lewbel-gmm
⠧ [ FAIL 14 | WARN 3 | SKIP 0 | PASS 752 ] @ lewbel-gmm
⠇ [ FAIL 14 | WARN 3 | SKIP 0 | PASS 752 ] @ lewbel-gmm
⠏ [ FAIL 14 | WARN 3 | SKIP 0 | PASS 752 ] @ lewbel-gmm
⠋ [ FAIL 14 | WARN 3 | SKIP 0 | PASS 752 ] @ lewbel-gmm
⠙ [ FAIL 14 | WARN 3 | SKIP 0 | PASS 752 ] @ lewbel-gmm
⠹ [ FAIL 14 | WARN 3 | SKIP 0 | PASS 752 ] @ lewbel-gmm
⠸ [ FAIL 14 | WARN 3 | SKIP 0 | PASS 752 ] @ lewbel-gmm
⠼ [ FAIL 14 | WARN 3 | SKIP 0 | PASS 752 ] @ lewbel-gmm
⠴ [ FAIL 14 | WARN 3 | SKIP 0 | PASS 752 ] @ lewbel-gmm
⠦ [ FAIL 14 | WARN 3 | SKIP 0 | PASS 752 ] @ lewbel-gmm
⠧ [ FAIL 14 | WARN 3 | SKIP 0 | PASS 752 ] @ lewbel-gmm
⠇ [ FAIL 14 | WARN 3 | SKIP 0 | PASS 752 ] @ lewbel-gmm
⠏ [ FAIL 14 | WARN 3 | SKIP 0 | PASS 752 ] @ lewbel-gmm
⠋ [ FAIL 14 | WARN 3 | SKIP 0 | PASS 752 ] @ lewbel-gmm
⠙ [ FAIL 14 | WARN 3 | SKIP 0 | PASS 752 ] @ lewbel-gmm
⠹ [ FAIL 14 | WARN 3 | SKIP 0 | PASS 752 ] @ lewbel-gmm
⠸ [ FAIL 14 | WARN 3 | SKIP 0 | PASS 752 ] @ lewbel-gmm
⠼ [ FAIL 14 | WARN 3 | SKIP 0 | PASS 752 ] @ lewbel-gmm
⠴ [ FAIL 14 | WARN 3 | SKIP 0 | PASS 752 ] @ lewbel-gmm
⠦ [ FAIL 14 | WARN 3 | SKIP 0 | PASS 752 ] @ lewbel-gmm
⠧ [ FAIL 14 | WARN 3 | SKIP 0 | PASS 752 ] @ lewbel-gmm
⠇ [ FAIL 14 | WARN 3 | SKIP 0 | PASS 752 ] @ lewbel-gmm
⠏ [ FAIL 14 | WARN 3 | SKIP 0 | PASS 752 ] @ lewbel-gmm
⠋ [ FAIL 14 | WARN 3 | SKIP 0 | PASS 752 ] @ lewbel-gmm
⠙ [ FAIL 14 | WARN 3 | SKIP 0 | PASS 752 ] @ lewbel-gmm
⠹ [ FAIL 14 | WARN 3 | SKIP 0 | PASS 752 ] @ lewbel-gmm
⠸ [ FAIL 14 | WARN 3 | SKIP 0 | PASS 752 ] @ lewbel-gmm
⠼ [ FAIL 14 | WARN 3 | SKIP 0 | PASS 752 ] @ lewbel-gmm
⠴ [ FAIL 14 | WARN 3 | SKIP 0 | PASS 752 ] @ lewbel-gmm
⠦ [ FAIL 14 | WARN 3 | SKIP 0 | PASS 752 ] @ lewbel-gmm
⠧ [ FAIL 14 | WARN 3 | SKIP 0 | PASS 752 ] @ lewbel-gmm
⠇ [ FAIL 14 | WARN 3 | SKIP 0 | PASS 752 ] @ lewbel-gmm
⠏ [ FAIL 14 | WARN 3 | SKIP 0 | PASS 752 ] @ lewbel-gmm
⠋ [ FAIL 14 | WARN 3 | SKIP 0 | PASS 752 ] @ lewbel-gmm
⠙ [ FAIL 14 | WARN 3 | SKIP 0 | PASS 752 ] @ lewbel-gmm
⠹ [ FAIL 14 | WARN 3 | SKIP 0 | PASS 752 ] @ lewbel-gmm
⠸ [ FAIL 14 | WARN 3 | SKIP 0 | PASS 752 ] @ lewbel-gmm
⠼ [ FAIL 14 | WARN 3 | SKIP 0 | PASS 752 ] @ lewbel-gmm
⠴ [ FAIL 14 | WARN 3 | SKIP 0 | PASS 752 ] @ lewbel-gmm
⠦ [ FAIL 14 | WARN 3 | SKIP 0 | PASS 752 ] @ lewbel-gmm
⠧ [ FAIL 14 | WARN 3 | SKIP 0 | PASS 752 ] @ lewbel-gmm
⠇ [ FAIL 14 | WARN 3 | SKIP 0 | PASS 752 ] @ lewbel-gmm
⠏ [ FAIL 14 | WARN 3 | SKIP 0 | PASS 752 ] @ lewbel-gmm
⠋ [ FAIL 14 | WARN 3 | SKIP 0 | PASS 752 ] @ lewbel-gmm
⠙ [ FAIL 14 | WARN 3 | SKIP 0 | PASS 752 ] @ lewbel-gmm
⠹ [ FAIL 14 | WARN 3 | SKIP 0 | PASS 752 ] @ lewbel-gmm
⠸ [ FAIL 14 | WARN 3 | SKIP 0 | PASS 752 ] @ lewbel-gmm
⠼ [ FAIL 14 | WARN 3 | SKIP 0 | PASS 752 ] @ lewbel-gmm
⠴ [ FAIL 14 | WARN 3 | SKIP 0 | PASS 752 ] @ lewbel-gmm
⠦ [ FAIL 14 | WARN 3 | SKIP 0 | PASS 752 ] @ lewbel-gmm
⠧ [ FAIL 14 | WARN 3 | SKIP 0 | PASS 752 ] @ lewbel-gmm
⠇ [ FAIL 14 | WARN 3 | SKIP 0 | PASS 752 ] @ lewbel-gmm
⠏ [ FAIL 14 | WARN 3 | SKIP 0 | PASS 752 ] @ lewbel-gmm
⠋ [ FAIL 14 | WARN 3 | SKIP 0 | PASS 752 ] @ lewbel-gmm
⠙ [ FAIL 14 | WARN 3 | SKIP 0 | PASS 752 ] @ lewbel-gmm
⠹ [ FAIL 14 | WARN 3 | SKIP 0 | PASS 752 ] @ lewbel-gmm
⠸ [ FAIL 14 | WARN 3 | SKIP 0 | PASS 752 ] @ lewbel-gmm
⠼ [ FAIL 14 | WARN 3 | SKIP 0 | PASS 752 ] @ lewbel-gmm
⠴ [ FAIL 14 | WARN 3 | SKIP 0 | PASS 752 ] @ lewbel-gmm
⠦ [ FAIL 14 | WARN 3 | SKIP 0 | PASS 752 ] @ lewbel-gmm
⠧ [ FAIL 14 | WARN 3 | SKIP 0 | PASS 752 ] @ lewbel-gmm
⠇ [ FAIL 14 | WARN 3 | SKIP 0 | PASS 752 ] @ lewbel-gmm
⠏ [ FAIL 14 | WARN 3 | SKIP 0 | PASS 752 ] @ lewbel-gmm
⠋ [ FAIL 14 | WARN 3 | SKIP 0 | PASS 752 ] @ lewbel-gmm
⠙ [ FAIL 14 | WARN 3 | SKIP 0 | PASS 752 ] @ lewbel-gmm
⠹ [ FAIL 14 | WARN 3 | SKIP 0 | PASS 752 ] @ lewbel-gmm
⠸ [ FAIL 14 | WARN 3 | SKIP 0 | PASS 752 ] @ lewbel-gmm
⠼ [ FAIL 14 | WARN 3 | SKIP 0 | PASS 752 ] @ lewbel-gmm
⠴ [ FAIL 14 | WARN 3 | SKIP 0 | PASS 752 ] @ lewbel-gmm
⠦ [ FAIL 14 | WARN 3 | SKIP 0 | PASS 752 ] @ lewbel-gmm
⠧ [ FAIL 14 | WARN 3 | SKIP 0 | PASS 752 ] @ lewbel-gmm
⠇ [ FAIL 14 | WARN 3 | SKIP 0 | PASS 752 ] @ lewbel-gmm
⠏ [ FAIL 14 | WARN 3 | SKIP 0 | PASS 752 ] @ lewbel-gmm
⠋ [ FAIL 14 | WARN 3 | SKIP 0 | PASS 752 ] @ lewbel-gmm
⠙ [ FAIL 14 | WARN 3 | SKIP 0 | PASS 752 ] @ lewbel-gmm
⠹ [ FAIL 14 | WARN 3 | SKIP 0 | PASS 752 ] @ lewbel-gmm
⠸ [ FAIL 14 | WARN 3 | SKIP 0 | PASS 752 ] @ lewbel-gmm
⠼ [ FAIL 14 | WARN 3 | SKIP 0 | PASS 752 ] @ lewbel-gmm
⠴ [ FAIL 14 | WARN 3 | SKIP 0 | PASS 752 ] @ lewbel-gmm
⠦ [ FAIL 14 | WARN 3 | SKIP 0 | PASS 752 ] @ lewbel-gmm
⠧ [ FAIL 14 | WARN 3 | SKIP 0 | PASS 752 ] @ lewbel-gmm
⠇ [ FAIL 14 | WARN 3 | SKIP 0 | PASS 752 ] @ lewbel-gmm
⠏ [ FAIL 14 | WARN 3 | SKIP 0 | PASS 752 ] @ lewbel-gmm
⠋ [ FAIL 14 | WARN 3 | SKIP 0 | PASS 752 ] @ lewbel-gmm
⠙ [ FAIL 14 | WARN 3 | SKIP 0 | PASS 752 ] @ lewbel-gmm
⠹ [ FAIL 14 | WARN 3 | SKIP 0 | PASS 752 ] @ lewbel-gmm
⠸ [ FAIL 14 | WARN 3 | SKIP 0 | PASS 752 ] @ lewbel-gmm
⠼ [ FAIL 14 | WARN 3 | SKIP 0 | PASS 752 ] @ lewbel-gmm
⠴ [ FAIL 14 | WARN 3 | SKIP 0 | PASS 752 ] @ lewbel-gmm
⠦ [ FAIL 14 | WARN 3 | SKIP 0 | PASS 752 ] @ lewbel-gmm
⠧ [ FAIL 14 | WARN 3 | SKIP 0 | PASS 752 ] @ lewbel-gmm
⠇ [ FAIL 14 | WARN 3 | SKIP 0 | PASS 752 ] @ lewbel-gmm
⠏ [ FAIL 14 | WARN 3 | SKIP 0 | PASS 752 ] @ lewbel-gmm
⠋ [ FAIL 14 | WARN 3 | SKIP 0 | PASS 752 ] @ lewbel-gmm
⠙ [ FAIL 14 | WARN 3 | SKIP 0 | PASS 752 ] @ lewbel-gmm
⠹ [ FAIL 14 | WARN 3 | SKIP 0 | PASS 752 ] @ lewbel-gmm
⠸ [ FAIL 14 | WARN 3 | SKIP 0 | PASS 752 ] @ lewbel-gmm
⠼ [ FAIL 14 | WARN 3 | SKIP 0 | PASS 752 ] @ lewbel-gmm
⠴ [ FAIL 14 | WARN 3 | SKIP 0 | PASS 752 ] @ lewbel-gmm
⠦ [ FAIL 14 | WARN 3 | SKIP 0 | PASS 752 ] @ lewbel-gmm
⠧ [ FAIL 14 | WARN 3 | SKIP 0 | PASS 752 ] @ lewbel-gmm
⠇ [ FAIL 14 | WARN 3 | SKIP 0 | PASS 752 ] @ lewbel-gmm
⠏ [ FAIL 14 | WARN 3 | SKIP 0 | PASS 752 ] @ lewbel-gmm
⠋ [ FAIL 14 | WARN 3 | SKIP 0 | PASS 752 ] @ lewbel-gmm
⠙ [ FAIL 14 | WARN 3 | SKIP 0 | PASS 752 ] @ lewbel-gmm
⠹ [ FAIL 14 | WARN 3 | SKIP 0 | PASS 752 ] @ lewbel-gmm
⠸ [ FAIL 14 | WARN 3 | SKIP 0 | PASS 752 ] @ lewbel-gmm
⠼ [ FAIL 14 | WARN 3 | SKIP 0 | PASS 752 ] @ lewbel-gmm
⠴ [ FAIL 14 | WARN 3 | SKIP 0 | PASS 752 ] @ lewbel-gmm
⠦ [ FAIL 14 | WARN 3 | SKIP 0 | PASS 752 ] @ lewbel-gmm
⠧ [ FAIL 14 | WARN 3 | SKIP 0 | PASS 752 ] @ lewbel-gmm
⠇ [ FAIL 14 | WARN 3 | SKIP 0 | PASS 752 ] @ lewbel-gmm
⠏ [ FAIL 14 | WARN 3 | SKIP 0 | PASS 752 ] @ lewbel-gmm
⠋ [ FAIL 14 | WARN 3 | SKIP 0 | PASS 752 ] @ lewbel-gmm
⠙ [ FAIL 14 | WARN 3 | SKIP 0 | PASS 752 ] @ lewbel-gmm
⠹ [ FAIL 14 | WARN 3 | SKIP 0 | PASS 752 ] @ lewbel-gmm
⠸ [ FAIL 14 | WARN 3 | SKIP 0 | PASS 752 ] @ lewbel-gmm
⠼ [ FAIL 14 | WARN 3 | SKIP 0 | PASS 752 ] @ lewbel-gmm
⠴ [ FAIL 14 | WARN 3 | SKIP 0 | PASS 752 ] @ lewbel-gmm
⠦ [ FAIL 14 | WARN 3 | SKIP 0 | PASS 752 ] @ lewbel-gmm
⠧ [ FAIL 14 | WARN 3 | SKIP 0 | PASS 752 ] @ lewbel-gmm
⠇ [ FAIL 14 | WARN 3 | SKIP 0 | PASS 752 ] @ lewbel-gmm
⠏ [ FAIL 14 | WARN 3 | SKIP 0 | PASS 752 ] @ lewbel-gmm
⠋ [ FAIL 14 | WARN 3 | SKIP 0 | PASS 752 ] @ lewbel-gmm
⠙ [ FAIL 14 | WARN 3 | SKIP 0 | PASS 752 ] @ lewbel-gmm
⠹ [ FAIL 14 | WARN 3 | SKIP 0 | PASS 752 ] @ lewbel-gmm
⠸ [ FAIL 14 | WARN 3 | SKIP 0 | PASS 752 ] @ lewbel-gmm
⠼ [ FAIL 14 | WARN 3 | SKIP 0 | PASS 752 ] @ lewbel-gmm
⠴ [ FAIL 14 | WARN 3 | SKIP 0 | PASS 752 ] @ lewbel-gmm
⠦ [ FAIL 14 | WARN 3 | SKIP 0 | PASS 752 ] @ lewbel-gmm
⠧ [ FAIL 14 | WARN 3 | SKIP 0 | PASS 752 ] @ lewbel-gmm
⠇ [ FAIL 14 | WARN 3 | SKIP 0 | PASS 752 ] @ lewbel-gmm
⠏ [ FAIL 14 | WARN 3 | SKIP 0 | PASS 752 ] @ lewbel-gmm
⠋ [ FAIL 14 | WARN 3 | SKIP 0 | PASS 752 ] @ lewbel-gmm
⠙ [ FAIL 14 | WARN 3 | SKIP 0 | PASS 752 ] @ lewbel-gmm
⠹ [ FAIL 14 | WARN 3 | SKIP 0 | PASS 752 ] @ lewbel-gmm
⠸ [ FAIL 14 | WARN 3 | SKIP 0 | PASS 752 ] @ lewbel-gmm
⠼ [ FAIL 14 | WARN 3 | SKIP 0 | PASS 752 ] @ lewbel-gmm
⠴ [ FAIL 14 | WARN 3 | SKIP 0 | PASS 752 ] @ lewbel-gmm
⠦ [ FAIL 14 | WARN 3 | SKIP 0 | PASS 752 ] @ lewbel-gmm
⠧ [ FAIL 14 | WARN 3 | SKIP 0 | PASS 752 ] @ lewbel-gmm
⠇ [ FAIL 14 | WARN 3 | SKIP 0 | PASS 752 ] @ lewbel-gmm
⠏ [ FAIL 14 | WARN 3 | SKIP 0 | PASS 752 ] @ lewbel-gmm
⠋ [ FAIL 14 | WARN 3 | SKIP 0 | PASS 752 ] @ lewbel-gmm
⠙ [ FAIL 14 | WARN 3 | SKIP 0 | PASS 752 ] @ lewbel-gmm
⠹ [ FAIL 14 | WARN 3 | SKIP 0 | PASS 752 ] @ lewbel-gmm
⠸ [ FAIL 14 | WARN 3 | SKIP 0 | PASS 752 ] @ lewbel-gmm
⠼ [ FAIL 14 | WARN 3 | SKIP 0 | PASS 752 ] @ lewbel-gmm
⠴ [ FAIL 14 | WARN 3 | SKIP 0 | PASS 752 ] @ lewbel-gmm
⠦ [ FAIL 14 | WARN 3 | SKIP 0 | PASS 752 ] @ lewbel-gmm
⠧ [ FAIL 14 | WARN 3 | SKIP 0 | PASS 752 ] @ lewbel-gmm
⠇ [ FAIL 14 | WARN 3 | SKIP 0 | PASS 752 ] @ lewbel-gmm
⠏ [ FAIL 14 | WARN 3 | SKIP 0 | PASS 752 ] @ lewbel-gmm
⠋ [ FAIL 14 | WARN 3 | SKIP 0 | PASS 752 ] @ lewbel-gmm
⠙ [ FAIL 14 | WARN 3 | SKIP 0 | PASS 752 ] @ lewbel-gmm
⠹ [ FAIL 14 | WARN 3 | SKIP 0 | PASS 752 ] @ lewbel-gmm
⠸ [ FAIL 14 | WARN 3 | SKIP 0 | PASS 752 ] @ lewbel-gmm
⠼ [ FAIL 14 | WARN 3 | SKIP 0 | PASS 752 ] @ lewbel-gmm
⠴ [ FAIL 14 | WARN 3 | SKIP 0 | PASS 752 ] @ lewbel-gmm
⠦ [ FAIL 14 | WARN 3 | SKIP 0 | PASS 752 ] @ lewbel-gmm
⠧ [ FAIL 14 | WARN 3 | SKIP 0 | PASS 752 ] @ lewbel-gmm
⠇ [ FAIL 14 | WARN 3 | SKIP 0 | PASS 752 ] @ lewbel-gmm
⠏ [ FAIL 14 | WARN 3 | SKIP 0 | PASS 752 ] @ lewbel-gmm
⠋ [ FAIL 14 | WARN 3 | SKIP 0 | PASS 752 ] @ lewbel-gmm
⠙ [ FAIL 14 | WARN 3 | SKIP 0 | PASS 752 ] @ lewbel-gmm
⠹ [ FAIL 14 | WARN 3 | SKIP 0 | PASS 752 ] @ lewbel-gmm
⠸ [ FAIL 14 | WARN 3 | SKIP 0 | PASS 752 ] @ lewbel-gmm
⠼ [ FAIL 14 | WARN 3 | SKIP 0 | PASS 752 ] @ lewbel-gmm
⠴ [ FAIL 14 | WARN 3 | SKIP 0 | PASS 752 ] @ lewbel-gmm
⠦ [ FAIL 14 | WARN 3 | SKIP 0 | PASS 752 ] @ lewbel-gmm
⠧ [ FAIL 14 | WARN 3 | SKIP 0 | PASS 752 ] @ lewbel-gmm
⠇ [ FAIL 14 | WARN 3 | SKIP 0 | PASS 752 ] @ lewbel-gmm
⠏ [ FAIL 14 | WARN 3 | SKIP 0 | PASS 752 ] @ lewbel-gmm
⠋ [ FAIL 14 | WARN 3 | SKIP 0 | PASS 752 ] @ lewbel-gmm
⠙ [ FAIL 14 | WARN 3 | SKIP 0 | PASS 752 ] @ lewbel-gmm
⠹ [ FAIL 14 | WARN 3 | SKIP 0 | PASS 752 ] @ lewbel-gmm
⠸ [ FAIL 14 | WARN 3 | SKIP 0 | PASS 752 ] @ lewbel-gmm
⠼ [ FAIL 14 | WARN 3 | SKIP 0 | PASS 752 ] @ lewbel-gmm
⠴ [ FAIL 14 | WARN 3 | SKIP 0 | PASS 752 ] @ lewbel-gmm
⠦ [ FAIL 14 | WARN 3 | SKIP 0 | PASS 752 ] @ lewbel-gmm
⠧ [ FAIL 14 | WARN 3 | SKIP 0 | PASS 752 ] @ lewbel-gmm
⠇ [ FAIL 14 | WARN 3 | SKIP 0 | PASS 752 ] @ lewbel-gmm
⠏ [ FAIL 14 | WARN 3 | SKIP 0 | PASS 752 ] @ lewbel-gmm
⠋ [ FAIL 14 | WARN 3 | SKIP 0 | PASS 752 ] @ lewbel-gmm
⠙ [ FAIL 14 | WARN 3 | SKIP 0 | PASS 752 ] @ lewbel-gmm
⠹ [ FAIL 14 | WARN 3 | SKIP 0 | PASS 752 ] @ lewbel-gmm
⠸ [ FAIL 14 | WARN 3 | SKIP 0 | PASS 752 ] @ lewbel-gmm
⠼ [ FAIL 14 | WARN 3 | SKIP 0 | PASS 752 ] @ lewbel-gmm
⠴ [ FAIL 14 | WARN 3 | SKIP 0 | PASS 752 ] @ lewbel-gmm
⠦ [ FAIL 14 | WARN 3 | SKIP 0 | PASS 752 ] @ lewbel-gmm
⠧ [ FAIL 14 | WARN 3 | SKIP 0 | PASS 752 ] @ lewbel-gmm
⠇ [ FAIL 14 | WARN 3 | SKIP 0 | PASS 752 ] @ lewbel-gmm
⠏ [ FAIL 14 | WARN 3 | SKIP 0 | PASS 752 ] @ lewbel-gmm
⠋ [ FAIL 14 | WARN 3 | SKIP 0 | PASS 752 ] @ lewbel-gmm
⠙ [ FAIL 14 | WARN 3 | SKIP 0 | PASS 752 ] @ lewbel-gmm
⠹ [ FAIL 14 | WARN 3 | SKIP 0 | PASS 752 ] @ lewbel-gmm
⠸ [ FAIL 14 | WARN 3 | SKIP 0 | PASS 752 ] @ lewbel-gmm
⠼ [ FAIL 14 | WARN 3 | SKIP 0 | PASS 752 ] @ lewbel-gmm
⠴ [ FAIL 14 | WARN 3 | SKIP 0 | PASS 752 ] @ lewbel-gmm
⠦ [ FAIL 14 | WARN 3 | SKIP 0 | PASS 752 ] @ lewbel-gmm
⠧ [ FAIL 14 | WARN 3 | SKIP 0 | PASS 752 ] @ lewbel-gmm
⠇ [ FAIL 14 | WARN 3 | SKIP 0 | PASS 752 ] @ lewbel-gmm
⠏ [ FAIL 14 | WARN 3 | SKIP 0 | PASS 752 ] @ lewbel-gmm
⠋ [ FAIL 14 | WARN 3 | SKIP 0 | PASS 752 ] @ lewbel-gmm
⠙ [ FAIL 14 | WARN 3 | SKIP 0 | PASS 752 ] @ lewbel-gmm
⠹ [ FAIL 14 | WARN 3 | SKIP 0 | PASS 752 ] @ lewbel-gmm
⠸ [ FAIL 14 | WARN 3 | SKIP 0 | PASS 752 ] @ lewbel-gmm
⠼ [ FAIL 14 | WARN 3 | SKIP 0 | PASS 752 ] @ lewbel-gmm
⠴ [ FAIL 14 | WARN 3 | SKIP 0 | PASS 752 ] @ lewbel-gmm
⠦ [ FAIL 14 | WARN 3 | SKIP 0 | PASS 752 ] @ lewbel-gmm
⠧ [ FAIL 14 | WARN 3 | SKIP 0 | PASS 752 ] @ lewbel-gmm
⠇ [ FAIL 14 | WARN 3 | SKIP 0 | PASS 752 ] @ lewbel-gmm
⠏ [ FAIL 14 | WARN 3 | SKIP 0 | PASS 752 ] @ lewbel-gmm
⠋ [ FAIL 14 | WARN 3 | SKIP 0 | PASS 752 ] @ lewbel-gmm
⠙ [ FAIL 14 | WARN 3 | SKIP 0 | PASS 752 ] @ lewbel-gmm
⠹ [ FAIL 14 | WARN 3 | SKIP 0 | PASS 752 ] @ lewbel-gmm
⠸ [ FAIL 14 | WARN 3 | SKIP 0 | PASS 752 ] @ lewbel-gmm
⠼ [ FAIL 14 | WARN 3 | SKIP 0 | PASS 752 ] @ lewbel-gmm
⠴ [ FAIL 14 | WARN 3 | SKIP 0 | PASS 752 ] @ lewbel-gmm
⠦ [ FAIL 14 | WARN 3 | SKIP 0 | PASS 752 ] @ lewbel-gmm
⠧ [ FAIL 14 | WARN 3 | SKIP 0 | PASS 752 ] @ lewbel-gmm
⠇ [ FAIL 14 | WARN 3 | SKIP 0 | PASS 752 ] @ lewbel-gmm
⠏ [ FAIL 14 | WARN 3 | SKIP 0 | PASS 752 ] @ lewbel-gmm
⠋ [ FAIL 14 | WARN 3 | SKIP 0 | PASS 752 ] @ lewbel-gmm
⠙ [ FAIL 14 | WARN 3 | SKIP 0 | PASS 752 ] @ lewbel-gmm
⠹ [ FAIL 14 | WARN 3 | SKIP 0 | PASS 752 ] @ lewbel-gmm
⠸ [ FAIL 14 | WARN 3 | SKIP 0 | PASS 752 ] @ lewbel-gmm
⠼ [ FAIL 14 | WARN 3 | SKIP 0 | PASS 752 ] @ lewbel-gmm
⠴ [ FAIL 14 | WARN 3 | SKIP 0 | PASS 752 ] @ lewbel-gmm
⠦ [ FAIL 14 | WARN 3 | SKIP 0 | PASS 752 ] @ lewbel-gmm
⠧ [ FAIL 14 | WARN 3 | SKIP 0 | PASS 752 ] @ lewbel-gmm
⠇ [ FAIL 14 | WARN 3 | SKIP 0 | PASS 752 ] @ lewbel-gmm
⠏ [ FAIL 14 | WARN 3 | SKIP 0 | PASS 752 ] @ lewbel-gmm
⠋ [ FAIL 14 | WARN 3 | SKIP 0 | PASS 752 ] @ lewbel-gmm
⠙ [ FAIL 14 | WARN 3 | SKIP 0 | PASS 752 ] @ lewbel-gmm
⠹ [ FAIL 14 | WARN 3 | SKIP 0 | PASS 752 ] @ lewbel-gmm
⠸ [ FAIL 14 | WARN 3 | SKIP 0 | PASS 752 ] @ lewbel-gmm
⠼ [ FAIL 14 | WARN 3 | SKIP 0 | PASS 752 ] @ lewbel-gmm
⠴ [ FAIL 14 | WARN 3 | SKIP 0 | PASS 752 ] @ lewbel-gmm
⠦ [ FAIL 14 | WARN 3 | SKIP 0 | PASS 752 ] @ lewbel-gmm
⠧ [ FAIL 14 | WARN 3 | SKIP 0 | PASS 752 ] @ lewbel-gmm
⠇ [ FAIL 14 | WARN 3 | SKIP 0 | PASS 752 ] @ lewbel-gmm
⠏ [ FAIL 14 | WARN 3 | SKIP 0 | PASS 752 ] @ lewbel-gmm
⠋ [ FAIL 14 | WARN 3 | SKIP 0 | PASS 752 ] @ lewbel-gmm
⠙ [ FAIL 14 | WARN 3 | SKIP 0 | PASS 752 ] @ lewbel-gmm
⠹ [ FAIL 14 | WARN 3 | SKIP 0 | PASS 752 ] @ lewbel-gmm
⠸ [ FAIL 14 | WARN 3 | SKIP 0 | PASS 752 ] @ lewbel-gmm
⠼ [ FAIL 14 | WARN 3 | SKIP 0 | PASS 752 ] @ lewbel-gmm
⠴ [ FAIL 14 | WARN 3 | SKIP 0 | PASS 752 ] @ lewbel-gmm
⠦ [ FAIL 14 | WARN 3 | SKIP 0 | PASS 752 ] @ lewbel-gmm
⠧ [ FAIL 14 | WARN 3 | SKIP 0 | PASS 752 ] @ lewbel-gmm
⠇ [ FAIL 14 | WARN 3 | SKIP 0 | PASS 752 ] @ lewbel-gmm
⠏ [ FAIL 14 | WARN 3 | SKIP 0 | PASS 752 ] @ lewbel-gmm
⠋ [ FAIL 14 | WARN 3 | SKIP 0 | PASS 752 ] @ lewbel-gmm
⠙ [ FAIL 14 | WARN 3 | SKIP 0 | PASS 752 ] @ lewbel-gmm
⠹ [ FAIL 14 | WARN 3 | SKIP 0 | PASS 752 ] @ lewbel-gmm
⠸ [ FAIL 14 | WARN 3 | SKIP 0 | PASS 752 ] @ lewbel-gmm
⠼ [ FAIL 14 | WARN 3 | SKIP 0 | PASS 752 ] @ lewbel-gmm
⠴ [ FAIL 14 | WARN 3 | SKIP 0 | PASS 752 ] @ lewbel-gmm
⠦ [ FAIL 14 | WARN 3 | SKIP 0 | PASS 752 ] @ lewbel-gmm
⠧ [ FAIL 14 | WARN 3 | SKIP 0 | PASS 752 ] @ lewbel-gmm
⠇ [ FAIL 14 | WARN 3 | SKIP 0 | PASS 752 ] @ lewbel-gmm
⠏ [ FAIL 14 | WARN 3 | SKIP 0 | PASS 752 ] @ lewbel-gmm
⠋ [ FAIL 14 | WARN 3 | SKIP 0 | PASS 752 ] @ lewbel-gmm
⠙ [ FAIL 14 | WARN 3 | SKIP 0 | PASS 752 ] @ lewbel-gmm
⠹ [ FAIL 14 | WARN 3 | SKIP 0 | PASS 752 ] @ lewbel-gmm
⠸ [ FAIL 14 | WARN 3 | SKIP 0 | PASS 752 ] @ lewbel-gmm
⠼ [ FAIL 14 | WARN 3 | SKIP 0 | PASS 752 ] @ lewbel-gmm
⠴ [ FAIL 14 | WARN 3 | SKIP 0 | PASS 752 ] @ lewbel-gmm
⠦ [ FAIL 14 | WARN 3 | SKIP 0 | PASS 752 ] @ lewbel-gmm
⠧ [ FAIL 14 | WARN 3 | SKIP 0 | PASS 752 ] @ lewbel-gmm
⠇ [ FAIL 14 | WARN 3 | SKIP 0 | PASS 752 ] @ lewbel-gmm
⠏ [ FAIL 14 | WARN 3 | SKIP 0 | PASS 752 ] @ lewbel-gmm
⠋ [ FAIL 14 | WARN 3 | SKIP 0 | PASS 752 ] @ lewbel-gmm
⠙ [ FAIL 14 | WARN 3 | SKIP 0 | PASS 752 ] @ lewbel-gmm
⠹ [ FAIL 14 | WARN 3 | SKIP 0 | PASS 752 ] @ lewbel-gmm
⠸ [ FAIL 14 | WARN 3 | SKIP 0 | PASS 752 ] @ lewbel-gmm
⠼ [ FAIL 14 | WARN 3 | SKIP 0 | PASS 752 ] @ lewbel-gmm
⠴ [ FAIL 14 | WARN 3 | SKIP 0 | PASS 752 ] @ lewbel-gmm
⠦ [ FAIL 14 | WARN 3 | SKIP 0 | PASS 752 ] @ lewbel-gmm
⠧ [ FAIL 14 | WARN 3 | SKIP 0 | PASS 752 ] @ lewbel-gmm
⠇ [ FAIL 14 | WARN 3 | SKIP 0 | PASS 752 ] @ lewbel-gmm
⠏ [ FAIL 14 | WARN 3 | SKIP 0 | PASS 752 ] @ lewbel-gmm
⠋ [ FAIL 14 | WARN 3 | SKIP 0 | PASS 752 ] @ lewbel-gmm
⠙ [ FAIL 14 | WARN 3 | SKIP 0 | PASS 752 ] @ lewbel-gmm
⠹ [ FAIL 14 | WARN 3 | SKIP 0 | PASS 752 ] @ lewbel-gmm
⠸ [ FAIL 14 | WARN 3 | SKIP 0 | PASS 752 ] @ lewbel-gmm
⠼ [ FAIL 14 | WARN 3 | SKIP 0 | PASS 752 ] @ lewbel-gmm
⠴ [ FAIL 14 | WARN 3 | SKIP 0 | PASS 752 ] @ lewbel-gmm
⠦ [ FAIL 14 | WARN 3 | SKIP 0 | PASS 752 ] @ lewbel-gmm
⠧ [ FAIL 14 | WARN 3 | SKIP 0 | PASS 752 ] @ lewbel-gmm
⠇ [ FAIL 14 | WARN 3 | SKIP 0 | PASS 752 ] @ lewbel-gmm
⠏ [ FAIL 14 | WARN 3 | SKIP 0 | PASS 752 ] @ lewbel-gmm
⠋ [ FAIL 14 | WARN 3 | SKIP 0 | PASS 752 ] @ lewbel-gmm
⠙ [ FAIL 14 | WARN 3 | SKIP 0 | PASS 752 ] @ lewbel-gmm
⠹ [ FAIL 14 | WARN 3 | SKIP 0 | PASS 752 ] @ lewbel-gmm
⠸ [ FAIL 14 | WARN 3 | SKIP 0 | PASS 752 ] @ lewbel-gmm
⠼ [ FAIL 14 | WARN 3 | SKIP 0 | PASS 752 ] @ lewbel-gmm
⠴ [ FAIL 14 | WARN 3 | SKIP 0 | PASS 752 ] @ lewbel-gmm
⠦ [ FAIL 14 | WARN 3 | SKIP 0 | PASS 752 ] @ lewbel-gmm
⠧ [ FAIL 14 | WARN 3 | SKIP 0 | PASS 752 ] @ lewbel-gmm
⠇ [ FAIL 14 | WARN 3 | SKIP 0 | PASS 752 ] @ lewbel-gmm
⠏ [ FAIL 14 | WARN 3 | SKIP 0 | PASS 752 ] @ lewbel-gmm
⠋ [ FAIL 14 | WARN 3 | SKIP 0 | PASS 752 ] @ lewbel-gmm
⠙ [ FAIL 14 | WARN 3 | SKIP 0 | PASS 752 ] @ lewbel-gmm
⠹ [ FAIL 14 | WARN 3 | SKIP 0 | PASS 752 ] @ lewbel-gmm
⠸ [ FAIL 14 | WARN 3 | SKIP 0 | PASS 752 ] @ lewbel-gmm
⠼ [ FAIL 14 | WARN 3 | SKIP 0 | PASS 752 ] @ lewbel-gmm
⠴ [ FAIL 14 | WARN 3 | SKIP 0 | PASS 752 ] @ lewbel-gmm
⠦ [ FAIL 14 | WARN 3 | SKIP 0 | PASS 752 ] @ lewbel-gmm
⠧ [ FAIL 14 | WARN 3 | SKIP 0 | PASS 752 ] @ lewbel-gmm
⠇ [ FAIL 14 | WARN 3 | SKIP 0 | PASS 752 ] @ lewbel-gmm
⠏ [ FAIL 14 | WARN 3 | SKIP 0 | PASS 752 ] @ lewbel-gmm
⠋ [ FAIL 14 | WARN 3 | SKIP 0 | PASS 752 ] @ lewbel-gmm
⠙ [ FAIL 14 | WARN 3 | SKIP 0 | PASS 752 ] @ lewbel-gmm
⠹ [ FAIL 14 | WARN 3 | SKIP 0 | PASS 752 ] @ lewbel-gmm
⠸ [ FAIL 14 | WARN 3 | SKIP 0 | PASS 752 ] @ lewbel-gmm
⠼ [ FAIL 14 | WARN 3 | SKIP 0 | PASS 752 ] @ lewbel-gmm
⠴ [ FAIL 14 | WARN 3 | SKIP 0 | PASS 752 ] @ lewbel-gmm
⠦ [ FAIL 14 | WARN 3 | SKIP 0 | PASS 752 ] @ lewbel-gmm
⠧ [ FAIL 14 | WARN 3 | SKIP 0 | PASS 752 ] @ lewbel-gmm
⠇ [ FAIL 14 | WARN 3 | SKIP 0 | PASS 752 ] @ lewbel-gmm
⠏ [ FAIL 14 | WARN 3 | SKIP 0 | PASS 752 ] @ lewbel-gmm
⠋ [ FAIL 14 | WARN 3 | SKIP 0 | PASS 752 ] @ lewbel-gmm
⠙ [ FAIL 14 | WARN 3 | SKIP 0 | PASS 752 ] @ lewbel-gmm
⠹ [ FAIL 14 | WARN 3 | SKIP 0 | PASS 752 ] @ lewbel-gmm
⠸ [ FAIL 14 | WARN 3 | SKIP 0 | PASS 752 ] @ lewbel-gmm
⠼ [ FAIL 14 | WARN 3 | SKIP 0 | PASS 752 ] @ lewbel-gmm
⠴ [ FAIL 14 | WARN 3 | SKIP 0 | PASS 752 ] @ lewbel-gmm
⠦ [ FAIL 14 | WARN 3 | SKIP 0 | PASS 752 ] @ lewbel-gmm
⠧ [ FAIL 14 | WARN 3 | SKIP 0 | PASS 752 ] @ lewbel-gmm
⠇ [ FAIL 14 | WARN 3 | SKIP 0 | PASS 752 ] @ lewbel-gmm
⠏ [ FAIL 14 | WARN 3 | SKIP 0 | PASS 752 ] @ lewbel-gmm
⠋ [ FAIL 14 | WARN 3 | SKIP 0 | PASS 752 ] @ lewbel-gmm
⠙ [ FAIL 14 | WARN 3 | SKIP 0 | PASS 752 ] @ lewbel-gmm
⠹ [ FAIL 14 | WARN 3 | SKIP 0 | PASS 752 ] @ lewbel-gmm
⠸ [ FAIL 14 | WARN 3 | SKIP 0 | PASS 752 ] @ lewbel-gmm
⠼ [ FAIL 14 | WARN 3 | SKIP 0 | PASS 752 ] @ lewbel-gmm
⠴ [ FAIL 14 | WARN 3 | SKIP 0 | PASS 752 ] @ lewbel-gmm
⠦ [ FAIL 14 | WARN 3 | SKIP 0 | PASS 752 ] @ lewbel-gmm
⠧ [ FAIL 14 | WARN 3 | SKIP 0 | PASS 752 ] @ lewbel-gmm
⠇ [ FAIL 14 | WARN 3 | SKIP 0 | PASS 752 ] @ lewbel-gmm
⠏ [ FAIL 14 | WARN 3 | SKIP 0 | PASS 752 ] @ lewbel-gmm
⠋ [ FAIL 14 | WARN 3 | SKIP 0 | PASS 752 ] @ lewbel-gmm
⠙ [ FAIL 14 | WARN 3 | SKIP 0 | PASS 752 ] @ lewbel-gmm
⠹ [ FAIL 14 | WARN 3 | SKIP 0 | PASS 752 ] @ lewbel-gmm
⠸ [ FAIL 14 | WARN 3 | SKIP 0 | PASS 752 ] @ lewbel-gmm
⠼ [ FAIL 14 | WARN 3 | SKIP 0 | PASS 752 ] @ lewbel-gmm
⠴ [ FAIL 14 | WARN 3 | SKIP 0 | PASS 752 ] @ lewbel-gmm
⠦ [ FAIL 14 | WARN 3 | SKIP 0 | PASS 752 ] @ lewbel-gmm
⠧ [ FAIL 14 | WARN 3 | SKIP 0 | PASS 752 ] @ lewbel-gmm
⠇ [ FAIL 14 | WARN 3 | SKIP 0 | PASS 752 ] @ lewbel-gmm
⠏ [ FAIL 14 | WARN 3 | SKIP 0 | PASS 752 ] @ lewbel-gmm
⠋ [ FAIL 14 | WARN 3 | SKIP 0 | PASS 752 ] @ lewbel-gmm
⠙ [ FAIL 14 | WARN 3 | SKIP 0 | PASS 752 ] @ lewbel-gmm
⠹ [ FAIL 14 | WARN 3 | SKIP 0 | PASS 752 ] @ lewbel-gmm
⠸ [ FAIL 14 | WARN 3 | SKIP 0 | PASS 752 ] @ lewbel-gmm
⠼ [ FAIL 14 | WARN 3 | SKIP 0 | PASS 752 ] @ lewbel-gmm
⠴ [ FAIL 14 | WARN 3 | SKIP 0 | PASS 752 ] @ lewbel-gmm
⠦ [ FAIL 14 | WARN 3 | SKIP 0 | PASS 752 ] @ lewbel-gmm
⠧ [ FAIL 14 | WARN 3 | SKIP 0 | PASS 752 ] @ lewbel-gmm
⠇ [ FAIL 14 | WARN 3 | SKIP 0 | PASS 752 ] @ lewbel-gmm
⠏ [ FAIL 14 | WARN 3 | SKIP 0 | PASS 752 ] @ lewbel-gmm
⠋ [ FAIL 14 | WARN 3 | SKIP 0 | PASS 752 ] @ lewbel-gmm
⠙ [ FAIL 14 | WARN 3 | SKIP 0 | PASS 752 ] @ lewbel-gmm
⠹ [ FAIL 14 | WARN 3 | SKIP 0 | PASS 752 ] @ lewbel-gmm
⠸ [ FAIL 14 | WARN 3 | SKIP 0 | PASS 752 ] @ lewbel-gmm
⠼ [ FAIL 14 | WARN 3 | SKIP 0 | PASS 752 ] @ lewbel-gmm
⠴ [ FAIL 14 | WARN 3 | SKIP 0 | PASS 752 ] @ lewbel-gmm
⠦ [ FAIL 14 | WARN 3 | SKIP 0 | PASS 752 ] @ lewbel-gmm
⠧ [ FAIL 14 | WARN 3 | SKIP 0 | PASS 752 ] @ lewbel-gmm
⠇ [ FAIL 14 | WARN 3 | SKIP 0 | PASS 752 ] @ lewbel-gmm
⠏ [ FAIL 14 | WARN 3 | SKIP 0 | PASS 752 ] @ lewbel-gmm
⠋ [ FAIL 14 | WARN 3 | SKIP 0 | PASS 752 ] @ lewbel-gmm
⠙ [ FAIL 14 | WARN 3 | SKIP 0 | PASS 752 ] @ lewbel-gmm
⠹ [ FAIL 14 | WARN 3 | SKIP 0 | PASS 752 ] @ lewbel-gmm
⠸ [ FAIL 14 | WARN 3 | SKIP 0 | PASS 752 ] @ lewbel-gmm
⠼ [ FAIL 14 | WARN 3 | SKIP 0 | PASS 752 ] @ lewbel-gmm
⠴ [ FAIL 14 | WARN 3 | SKIP 0 | PASS 752 ] @ lewbel-gmm
⠦ [ FAIL 14 | WARN 3 | SKIP 0 | PASS 752 ] @ lewbel-gmm
⠧ [ FAIL 14 | WARN 3 | SKIP 0 | PASS 752 ] @ lewbel-gmm
⠇ [ FAIL 14 | WARN 3 | SKIP 0 | PASS 752 ] @ lewbel-gmm
⠏ [ FAIL 14 | WARN 3 | SKIP 0 | PASS 752 ] @ lewbel-gmm
⠋ [ FAIL 14 | WARN 3 | SKIP 0 | PASS 752 ] @ lewbel-gmm
⠙ [ FAIL 14 | WARN 3 | SKIP 0 | PASS 752 ] @ lewbel-gmm
⠹ [ FAIL 14 | WARN 3 | SKIP 0 | PASS 752 ] @ lewbel-gmm
⠸ [ FAIL 14 | WARN 3 | SKIP 0 | PASS 752 ] @ lewbel-gmm
⠼ [ FAIL 14 | WARN 3 | SKIP 0 | PASS 752 ] @ lewbel-gmm
⠴ [ FAIL 14 | WARN 3 | SKIP 0 | PASS 752 ] @ lewbel-gmm
⠦ [ FAIL 14 | WARN 3 | SKIP 0 | PASS 752 ] @ lewbel-gmm
⠧ [ FAIL 14 | WARN 3 | SKIP 0 | PASS 752 ] @ lewbel-gmm
⠇ [ FAIL 14 | WARN 3 | SKIP 0 | PASS 752 ] @ lewbel-gmm
⠏ [ FAIL 14 | WARN 3 | SKIP 0 | PASS 752 ] @ lewbel-gmm
⠋ [ FAIL 14 | WARN 3 | SKIP 0 | PASS 752 ] @ lewbel-gmm
⠙ [ FAIL 14 | WARN 3 | SKIP 0 | PASS 752 ] @ lewbel-gmm
⠹ [ FAIL 14 | WARN 3 | SKIP 0 | PASS 752 ] @ lewbel-gmm
⠸ [ FAIL 14 | WARN 3 | SKIP 0 | PASS 752 ] @ lewbel-gmm
⠼ [ FAIL 14 | WARN 3 | SKIP 0 | PASS 752 ] @ lewbel-gmm
⠴ [ FAIL 14 | WARN 3 | SKIP 0 | PASS 752 ] @ lewbel-gmm
⠦ [ FAIL 14 | WARN 3 | SKIP 0 | PASS 752 ] @ lewbel-gmm
⠧ [ FAIL 14 | WARN 3 | SKIP 0 | PASS 752 ] @ lewbel-gmm
⠇ [ FAIL 14 | WARN 3 | SKIP 0 | PASS 752 ] @ lewbel-gmm
⠏ [ FAIL 14 | WARN 3 | SKIP 0 | PASS 752 ] @ lewbel-gmm
⠋ [ FAIL 14 | WARN 3 | SKIP 0 | PASS 752 ] @ lewbel-gmm
⠙ [ FAIL 14 | WARN 3 | SKIP 0 | PASS 752 ] @ lewbel-gmm
⠹ [ FAIL 14 | WARN 3 | SKIP 0 | PASS 752 ] @ lewbel-gmm
⠸ [ FAIL 14 | WARN 3 | SKIP 0 | PASS 752 ] @ lewbel-gmm
⠼ [ FAIL 14 | WARN 3 | SKIP 0 | PASS 752 ] @ lewbel-gmm
⠴ [ FAIL 14 | WARN 3 | SKIP 0 | PASS 752 ] @ lewbel-gmm
⠦ [ FAIL 14 | WARN 3 | SKIP 0 | PASS 752 ] @ lewbel-gmm
⠧ [ FAIL 14 | WARN 3 | SKIP 0 | PASS 752 ] @ lewbel-gmm
⠇ [ FAIL 14 | WARN 3 | SKIP 0 | PASS 752 ] @ lewbel-gmm
⠏ [ FAIL 14 | WARN 3 | SKIP 0 | PASS 752 ] @ lewbel-gmm
⠋ [ FAIL 14 | WARN 3 | SKIP 0 | PASS 752 ] @ lewbel-gmm
⠙ [ FAIL 14 | WARN 3 | SKIP 0 | PASS 752 ] @ lewbel-gmm
⠹ [ FAIL 14 | WARN 3 | SKIP 0 | PASS 752 ] @ lewbel-gmm
⠸ [ FAIL 14 | WARN 3 | SKIP 0 | PASS 752 ] @ lewbel-gmm
⠼ [ FAIL 14 | WARN 3 | SKIP 0 | PASS 752 ] @ lewbel-gmm
⠴ [ FAIL 14 | WARN 3 | SKIP 0 | PASS 752 ] @ lewbel-gmm
⠦ [ FAIL 14 | WARN 3 | SKIP 0 | PASS 752 ] @ lewbel-gmm
⠧ [ FAIL 14 | WARN 3 | SKIP 0 | PASS 752 ] @ lewbel-gmm
⠇ [ FAIL 14 | WARN 3 | SKIP 0 | PASS 752 ] @ lewbel-gmm
⠏ [ FAIL 14 | WARN 3 | SKIP 0 | PASS 752 ] @ lewbel-gmm
⠋ [ FAIL 14 | WARN 3 | SKIP 0 | PASS 752 ] @ lewbel-gmm
⠙ [ FAIL 14 | WARN 3 | SKIP 0 | PASS 752 ] @ lewbel-gmm
⠹ [ FAIL 14 | WARN 3 | SKIP 0 | PASS 752 ] @ lewbel-gmm
⠸ [ FAIL 14 | WARN 3 | SKIP 0 | PASS 752 ] @ lewbel-gmm
⠼ [ FAIL 14 | WARN 3 | SKIP 0 | PASS 752 ] @ lewbel-gmm
⠴ [ FAIL 14 | WARN 3 | SKIP 0 | PASS 752 ] @ lewbel-gmm
⠦ [ FAIL 14 | WARN 3 | SKIP 0 | PASS 752 ] @ lewbel-gmm
⠧ [ FAIL 14 | WARN 3 | SKIP 0 | PASS 752 ] @ lewbel-gmm
⠇ [ FAIL 14 | WARN 3 | SKIP 0 | PASS 752 ] @ lewbel-gmm
⠏ [ FAIL 14 | WARN 3 | SKIP 0 | PASS 752 ] @ lewbel-gmm
⠋ [ FAIL 14 | WARN 3 | SKIP 0 | PASS 752 ] @ lewbel-gmm
⠙ [ FAIL 14 | WARN 3 | SKIP 0 | PASS 752 ] @ lewbel-gmm
⠹ [ FAIL 14 | WARN 3 | SKIP 0 | PASS 752 ] @ lewbel-gmm
⠸ [ FAIL 14 | WARN 3 | SKIP 0 | PASS 752 ] @ lewbel-gmm
⠼ [ FAIL 14 | WARN 3 | SKIP 0 | PASS 752 ] @ lewbel-gmm
⠴ [ FAIL 14 | WARN 3 | SKIP 0 | PASS 752 ] @ lewbel-gmm
⠦ [ FAIL 14 | WARN 3 | SKIP 0 | PASS 752 ] @ lewbel-gmm
⠧ [ FAIL 14 | WARN 3 | SKIP 0 | PASS 752 ] @ lewbel-gmm
⠇ [ FAIL 14 | WARN 3 | SKIP 0 | PASS 752 ] @ lewbel-gmm
⠏ [ FAIL 14 | WARN 3 | SKIP 0 | PASS 752 ] @ lewbel-gmm
⠋ [ FAIL 14 | WARN 3 | SKIP 0 | PASS 752 ] @ lewbel-gmm
⠙ [ FAIL 14 | WARN 3 | SKIP 0 | PASS 752 ] @ lewbel-gmm
⠹ [ FAIL 14 | WARN 3 | SKIP 0 | PASS 752 ] @ lewbel-gmm
⠸ [ FAIL 14 | WARN 3 | SKIP 0 | PASS 752 ] @ lewbel-gmm
⠼ [ FAIL 14 | WARN 3 | SKIP 0 | PASS 752 ] @ lewbel-gmm
⠴ [ FAIL 14 | WARN 3 | SKIP 0 | PASS 752 ] @ lewbel-gmm
⠦ [ FAIL 14 | WARN 3 | SKIP 0 | PASS 754 ] @ lewbel-gmm
⠧ [ FAIL 14 | WARN 3 | SKIP 0 | PASS 754 ] @ lewbel-gmm
⠇ [ FAIL 14 | WARN 3 | SKIP 0 | PASS 754 ] @ lewbel-gmm
⠏ [ FAIL 14 | WARN 3 | SKIP 0 | PASS 754 ] @ lewbel-gmm
⠋ [ FAIL 14 | WARN 3 | SKIP 0 | PASS 754 ] @ lewbel-gmm
⠙ [ FAIL 14 | WARN 3 | SKIP 0 | PASS 754 ] @ lewbel-gmm
⠹ [ FAIL 14 | WARN 3 | SKIP 0 | PASS 754 ] @ lewbel-gmm
⠸ [ FAIL 14 | WARN 3 | SKIP 0 | PASS 754 ] @ lewbel-gmm
⠼ [ FAIL 14 | WARN 3 | SKIP 0 | PASS 754 ] @ lewbel-gmm
⠴ [ FAIL 14 | WARN 3 | SKIP 0 | PASS 754 ] @ lewbel-gmm
⠦ [ FAIL 14 | WARN 3 | SKIP 0 | PASS 754 ] @ lewbel-gmm
⠧ [ FAIL 14 | WARN 3 | SKIP 0 | PASS 754 ] @ lewbel-gmm
⠇ [ FAIL 14 | WARN 3 | SKIP 0 | PASS 754 ] @ lewbel-gmm
⠏ [ FAIL 14 | WARN 3 | SKIP 0 | PASS 754 ] @ lewbel-gmm
⠋ [ FAIL 14 | WARN 3 | SKIP 0 | PASS 754 ] @ lewbel-gmm
⠙ [ FAIL 14 | WARN 3 | SKIP 0 | PASS 754 ] @ lewbel-gmm
⠹ [ FAIL 14 | WARN 3 | SKIP 0 | PASS 754 ] @ lewbel-gmm
⠸ [ FAIL 14 | WARN 3 | SKIP 0 | PASS 754 ] @ lewbel-gmm
⠼ [ FAIL 14 | WARN 3 | SKIP 0 | PASS 754 ] @ lewbel-gmm
⠴ [ FAIL 14 | WARN 3 | SKIP 0 | PASS 754 ] @ lewbel-gmm
⠦ [ FAIL 14 | WARN 3 | SKIP 0 | PASS 754 ] @ lewbel-gmm
⠧ [ FAIL 14 | WARN 3 | SKIP 0 | PASS 754 ] @ lewbel-gmm
⠇ [ FAIL 14 | WARN 3 | SKIP 0 | PASS 754 ] @ lewbel-gmm
⠏ [ FAIL 14 | WARN 3 | SKIP 0 | PASS 754 ] @ lewbel-gmm
⠋ [ FAIL 14 | WARN 3 | SKIP 0 | PASS 754 ] @ lewbel-gmm
⠙ [ FAIL 14 | WARN 3 | SKIP 0 | PASS 754 ] @ lewbel-gmm
⠹ [ FAIL 14 | WARN 3 | SKIP 0 | PASS 754 ] @ lewbel-gmm
⠸ [ FAIL 14 | WARN 3 | SKIP 0 | PASS 754 ] @ lewbel-gmm
⠼ [ FAIL 14 | WARN 3 | SKIP 0 | PASS 754 ] @ lewbel-gmm
⠴ [ FAIL 14 | WARN 3 | SKIP 0 | PASS 754 ] @ lewbel-gmm
⠦ [ FAIL 14 | WARN 3 | SKIP 0 | PASS 754 ] @ lewbel-gmm
⠧ [ FAIL 14 | WARN 3 | SKIP 0 | PASS 754 ] @ lewbel-gmm
⠇ [ FAIL 14 | WARN 3 | SKIP 0 | PASS 754 ] @ lewbel-gmm
⠏ [ FAIL 14 | WARN 3 | SKIP 0 | PASS 754 ] @ lewbel-gmm
⠋ [ FAIL 14 | WARN 3 | SKIP 0 | PASS 754 ] @ lewbel-gmm
⠙ [ FAIL 14 | WARN 3 | SKIP 0 | PASS 754 ] @ lewbel-gmm
⠹ [ FAIL 14 | WARN 3 | SKIP 0 | PASS 754 ] @ lewbel-gmm
⠸ [ FAIL 14 | WARN 3 | SKIP 0 | PASS 754 ] @ lewbel-gmm
⠼ [ FAIL 14 | WARN 3 | SKIP 0 | PASS 754 ] @ lewbel-gmm
⠴ [ FAIL 14 | WARN 3 | SKIP 0 | PASS 754 ] @ lewbel-gmm
⠦ [ FAIL 14 | WARN 3 | SKIP 0 | PASS 754 ] @ lewbel-gmm
⠧ [ FAIL 14 | WARN 3 | SKIP 0 | PASS 754 ] @ lewbel-gmm
⠇ [ FAIL 14 | WARN 3 | SKIP 0 | PASS 754 ] @ lewbel-gmm
⠏ [ FAIL 14 | WARN 3 | SKIP 0 | PASS 754 ] @ lewbel-gmm
⠋ [ FAIL 14 | WARN 3 | SKIP 0 | PASS 754 ] @ lewbel-gmm
⠙ [ FAIL 14 | WARN 3 | SKIP 0 | PASS 754 ] @ lewbel-gmm
⠹ [ FAIL 14 | WARN 3 | SKIP 0 | PASS 754 ] @ lewbel-gmm
⠸ [ FAIL 14 | WARN 3 | SKIP 0 | PASS 754 ] @ lewbel-gmm
⠼ [ FAIL 14 | WARN 3 | SKIP 0 | PASS 754 ] @ lewbel-gmm
⠴ [ FAIL 14 | WARN 3 | SKIP 0 | PASS 754 ] @ lewbel-gmm
⠦ [ FAIL 14 | WARN 3 | SKIP 0 | PASS 754 ] @ lewbel-gmm
⠧ [ FAIL 14 | WARN 3 | SKIP 0 | PASS 754 ] @ lewbel-gmm
⠇ [ FAIL 14 | WARN 3 | SKIP 0 | PASS 754 ] @ lewbel-gmm
⠏ [ FAIL 14 | WARN 3 | SKIP 0 | PASS 754 ] @ lewbel-gmm
⠋ [ FAIL 14 | WARN 3 | SKIP 0 | PASS 754 ] @ lewbel-gmm
⠙ [ FAIL 14 | WARN 3 | SKIP 0 | PASS 754 ] @ lewbel-gmm
⠹ [ FAIL 14 | WARN 3 | SKIP 0 | PASS 754 ] @ lewbel-gmm
⠸ [ FAIL 14 | WARN 3 | SKIP 0 | PASS 754 ] @ lewbel-gmm
⠼ [ FAIL 14 | WARN 3 | SKIP 0 | PASS 754 ] @ lewbel-gmm
⠴ [ FAIL 14 | WARN 3 | SKIP 0 | PASS 754 ] @ lewbel-gmm
⠦ [ FAIL 14 | WARN 3 | SKIP 0 | PASS 754 ] @ lewbel-gmm
⠧ [ FAIL 14 | WARN 3 | SKIP 0 | PASS 754 ] @ lewbel-gmm
⠇ [ FAIL 14 | WARN 3 | SKIP 0 | PASS 754 ] @ lewbel-gmm
⠏ [ FAIL 14 | WARN 3 | SKIP 0 | PASS 754 ] @ lewbel-gmm
⠋ [ FAIL 14 | WARN 3 | SKIP 0 | PASS 754 ] @ lewbel-gmm
⠙ [ FAIL 14 | WARN 3 | SKIP 0 | PASS 754 ] @ lewbel-gmm
⠹ [ FAIL 14 | WARN 3 | SKIP 0 | PASS 754 ] @ lewbel-gmm
⠸ [ FAIL 14 | WARN 3 | SKIP 0 | PASS 754 ] @ lewbel-gmm
⠼ [ FAIL 14 | WARN 3 | SKIP 0 | PASS 754 ] @ lewbel-gmm
⠴ [ FAIL 14 | WARN 3 | SKIP 0 | PASS 754 ] @ lewbel-gmm
⠦ [ FAIL 14 | WARN 3 | SKIP 0 | PASS 754 ] @ lewbel-gmm
⠧ [ FAIL 14 | WARN 3 | SKIP 0 | PASS 754 ] @ lewbel-gmm
⠇ [ FAIL 14 | WARN 3 | SKIP 0 | PASS 754 ] @ lewbel-gmm
⠏ [ FAIL 14 | WARN 3 | SKIP 0 | PASS 754 ] @ lewbel-gmm
⠋ [ FAIL 14 | WARN 3 | SKIP 0 | PASS 754 ] @ lewbel-gmm
⠙ [ FAIL 14 | WARN 3 | SKIP 0 | PASS 754 ] @ lewbel-gmm
⠹ [ FAIL 14 | WARN 3 | SKIP 0 | PASS 754 ] @ lewbel-gmm
⠸ [ FAIL 14 | WARN 3 | SKIP 0 | PASS 754 ] @ lewbel-gmm
⠼ [ FAIL 14 | WARN 3 | SKIP 0 | PASS 754 ] @ lewbel-gmm
⠴ [ FAIL 14 | WARN 3 | SKIP 0 | PASS 754 ] @ lewbel-gmm
⠦ [ FAIL 14 | WARN 3 | SKIP 0 | PASS 754 ] @ lewbel-gmm
⠧ [ FAIL 14 | WARN 3 | SKIP 0 | PASS 754 ] @ lewbel-gmm
⠇ [ FAIL 14 | WARN 3 | SKIP 0 | PASS 754 ] @ lewbel-gmm
⠏ [ FAIL 14 | WARN 3 | SKIP 0 | PASS 754 ] @ lewbel-gmm
⠋ [ FAIL 14 | WARN 3 | SKIP 0 | PASS 754 ] @ lewbel-gmm
⠙ [ FAIL 14 | WARN 3 | SKIP 0 | PASS 754 ] @ lewbel-gmm
⠹ [ FAIL 14 | WARN 3 | SKIP 0 | PASS 754 ] @ lewbel-gmm
⠸ [ FAIL 14 | WARN 3 | SKIP 0 | PASS 754 ] @ lewbel-gmm
⠼ [ FAIL 14 | WARN 3 | SKIP 0 | PASS 754 ] @ lewbel-gmm
⠴ [ FAIL 14 | WARN 3 | SKIP 0 | PASS 754 ] @ lewbel-gmm
⠦ [ FAIL 14 | WARN 3 | SKIP 0 | PASS 754 ] @ lewbel-gmm
⠧ [ FAIL 14 | WARN 3 | SKIP 0 | PASS 754 ] @ lewbel-gmm
⠇ [ FAIL 14 | WARN 3 | SKIP 0 | PASS 754 ] @ lewbel-gmm
⠏ [ FAIL 14 | WARN 3 | SKIP 0 | PASS 754 ] @ lewbel-gmm
⠋ [ FAIL 14 | WARN 3 | SKIP 0 | PASS 754 ] @ lewbel-gmm
⠙ [ FAIL 14 | WARN 3 | SKIP 0 | PASS 754 ] @ lewbel-gmm
⠹ [ FAIL 14 | WARN 3 | SKIP 0 | PASS 754 ] @ lewbel-gmm
⠸ [ FAIL 14 | WARN 3 | SKIP 0 | PASS 754 ] @ lewbel-gmm
⠼ [ FAIL 14 | WARN 3 | SKIP 0 | PASS 754 ] @ lewbel-gmm
⠴ [ FAIL 14 | WARN 3 | SKIP 0 | PASS 754 ] @ lewbel-gmm
⠦ [ FAIL 14 | WARN 3 | SKIP 0 | PASS 754 ] @ lewbel-gmm
⠧ [ FAIL 14 | WARN 3 | SKIP 0 | PASS 754 ] @ lewbel-gmm
⠇ [ FAIL 14 | WARN 3 | SKIP 0 | PASS 754 ] @ lewbel-gmm
⠏ [ FAIL 14 | WARN 3 | SKIP 0 | PASS 754 ] @ lewbel-gmm
⠋ [ FAIL 14 | WARN 3 | SKIP 0 | PASS 754 ] @ lewbel-gmm
⠙ [ FAIL 14 | WARN 3 | SKIP 0 | PASS 754 ] @ lewbel-gmm
⠹ [ FAIL 14 | WARN 3 | SKIP 0 | PASS 754 ] @ lewbel-gmm
⠸ [ FAIL 14 | WARN 3 | SKIP 0 | PASS 754 ] @ lewbel-gmm
⠼ [ FAIL 14 | WARN 3 | SKIP 0 | PASS 754 ] @ lewbel-gmm
⠴ [ FAIL 14 | WARN 3 | SKIP 0 | PASS 754 ] @ lewbel-gmm
⠦ [ FAIL 14 | WARN 3 | SKIP 0 | PASS 754 ] @ lewbel-gmm
⠧ [ FAIL 14 | WARN 3 | SKIP 0 | PASS 754 ] @ lewbel-gmm
⠇ [ FAIL 14 | WARN 3 | SKIP 0 | PASS 754 ] @ lewbel-gmm
⠏ [ FAIL 14 | WARN 3 | SKIP 0 | PASS 754 ] @ lewbel-gmm
⠋ [ FAIL 14 | WARN 3 | SKIP 0 | PASS 754 ] @ lewbel-gmm
⠙ [ FAIL 14 | WARN 3 | SKIP 0 | PASS 754 ] @ lewbel-gmm
⠹ [ FAIL 14 | WARN 3 | SKIP 0 | PASS 754 ] @ lewbel-gmm
⠸ [ FAIL 14 | WARN 3 | SKIP 0 | PASS 754 ] @ lewbel-gmm
⠼ [ FAIL 14 | WARN 3 | SKIP 0 | PASS 754 ] @ lewbel-gmm
⠴ [ FAIL 14 | WARN 3 | SKIP 0 | PASS 754 ] @ lewbel-gmm
⠦ [ FAIL 14 | WARN 3 | SKIP 0 | PASS 754 ] @ lewbel-gmm
⠧ [ FAIL 14 | WARN 3 | SKIP 0 | PASS 754 ] @ lewbel-gmm
⠇ [ FAIL 14 | WARN 3 | SKIP 0 | PASS 754 ] @ lewbel-gmm
⠏ [ FAIL 14 | WARN 3 | SKIP 0 | PASS 754 ] @ lewbel-gmm
⠋ [ FAIL 14 | WARN 3 | SKIP 0 | PASS 754 ] @ lewbel-gmm
⠙ [ FAIL 14 | WARN 3 | SKIP 0 | PASS 754 ] @ lewbel-gmm
⠹ [ FAIL 14 | WARN 3 | SKIP 0 | PASS 754 ] @ lewbel-gmm
⠸ [ FAIL 14 | WARN 3 | SKIP 0 | PASS 754 ] @ lewbel-gmm
⠼ [ FAIL 14 | WARN 3 | SKIP 0 | PASS 754 ] @ lewbel-gmm
⠴ [ FAIL 14 | WARN 3 | SKIP 0 | PASS 754 ] @ lewbel-gmm
⠦ [ FAIL 14 | WARN 3 | SKIP 0 | PASS 754 ] @ lewbel-gmm
⠧ [ FAIL 14 | WARN 3 | SKIP 0 | PASS 754 ] @ lewbel-gmm
⠇ [ FAIL 14 | WARN 3 | SKIP 0 | PASS 754 ] @ lewbel-gmm
⠏ [ FAIL 14 | WARN 3 | SKIP 0 | PASS 754 ] @ lewbel-gmm
⠋ [ FAIL 14 | WARN 3 | SKIP 0 | PASS 754 ] @ lewbel-gmm
⠙ [ FAIL 14 | WARN 3 | SKIP 0 | PASS 754 ] @ lewbel-gmm
⠹ [ FAIL 14 | WARN 3 | SKIP 0 | PASS 754 ] @ lewbel-gmm
⠸ [ FAIL 14 | WARN 3 | SKIP 0 | PASS 754 ] @ lewbel-gmm
⠼ [ FAIL 14 | WARN 3 | SKIP 0 | PASS 754 ] @ lewbel-gmm
⠴ [ FAIL 14 | WARN 3 | SKIP 0 | PASS 754 ] @ lewbel-gmm
⠦ [ FAIL 14 | WARN 3 | SKIP 0 | PASS 754 ] @ lewbel-gmm
⠧ [ FAIL 14 | WARN 3 | SKIP 0 | PASS 754 ] @ lewbel-gmm
⠇ [ FAIL 14 | WARN 3 | SKIP 0 | PASS 754 ] @ lewbel-gmm
⠏ [ FAIL 14 | WARN 3 | SKIP 0 | PASS 754 ] @ lewbel-gmm
⠋ [ FAIL 14 | WARN 3 | SKIP 0 | PASS 754 ] @ lewbel-gmm
⠙ [ FAIL 14 | WARN 3 | SKIP 0 | PASS 754 ] @ lewbel-gmm
⠹ [ FAIL 14 | WARN 3 | SKIP 0 | PASS 754 ] @ lewbel-gmm
⠸ [ FAIL 14 | WARN 3 | SKIP 0 | PASS 754 ] @ lewbel-gmm
⠼ [ FAIL 14 | WARN 3 | SKIP 0 | PASS 754 ] @ lewbel-gmm
⠴ [ FAIL 14 | WARN 3 | SKIP 0 | PASS 754 ] @ lewbel-gmm
⠦ [ FAIL 14 | WARN 3 | SKIP 0 | PASS 754 ] @ lewbel-gmm
⠧ [ FAIL 14 | WARN 3 | SKIP 0 | PASS 754 ] @ lewbel-gmm
⠇ [ FAIL 14 | WARN 3 | SKIP 0 | PASS 754 ] @ lewbel-gmm
⠏ [ FAIL 14 | WARN 3 | SKIP 0 | PASS 754 ] @ lewbel-gmm
⠋ [ FAIL 14 | WARN 3 | SKIP 0 | PASS 754 ] @ lewbel-gmm
⠙ [ FAIL 14 | WARN 3 | SKIP 0 | PASS 754 ] @ lewbel-gmm
⠹ [ FAIL 14 | WARN 3 | SKIP 0 | PASS 754 ] @ lewbel-gmm
⠸ [ FAIL 14 | WARN 3 | SKIP 0 | PASS 754 ] @ lewbel-gmm
⠼ [ FAIL 14 | WARN 3 | SKIP 0 | PASS 754 ] @ lewbel-gmm
⠴ [ FAIL 14 | WARN 3 | SKIP 0 | PASS 754 ] @ lewbel-gmm
⠦ [ FAIL 14 | WARN 3 | SKIP 0 | PASS 754 ] @ lewbel-gmm
⠧ [ FAIL 14 | WARN 3 | SKIP 0 | PASS 754 ] @ lewbel-gmm
⠇ [ FAIL 14 | WARN 3 | SKIP 0 | PASS 754 ] @ lewbel-gmm
⠏ [ FAIL 14 | WARN 3 | SKIP 0 | PASS 754 ] @ lewbel-gmm
⠋ [ FAIL 14 | WARN 3 | SKIP 0 | PASS 754 ] @ lewbel-gmm
⠙ [ FAIL 14 | WARN 3 | SKIP 0 | PASS 754 ] @ lewbel-gmm
⠹ [ FAIL 14 | WARN 3 | SKIP 0 | PASS 754 ] @ lewbel-gmm
⠸ [ FAIL 14 | WARN 3 | SKIP 0 | PASS 754 ] @ lewbel-gmm
⠼ [ FAIL 14 | WARN 3 | SKIP 0 | PASS 754 ] @ lewbel-gmm
⠴ [ FAIL 14 | WARN 3 | SKIP 0 | PASS 754 ] @ lewbel-gmm
⠦ [ FAIL 14 | WARN 3 | SKIP 0 | PASS 754 ] @ lewbel-gmm
⠧ [ FAIL 14 | WARN 3 | SKIP 0 | PASS 754 ] @ lewbel-gmm
⠇ [ FAIL 14 | WARN 3 | SKIP 0 | PASS 754 ] @ lewbel-gmm
⠏ [ FAIL 14 | WARN 3 | SKIP 0 | PASS 754 ] @ lewbel-gmm
⠋ [ FAIL 14 | WARN 3 | SKIP 0 | PASS 754 ] @ lewbel-gmm
⠙ [ FAIL 14 | WARN 3 | SKIP 0 | PASS 754 ] @ lewbel-gmm
⠹ [ FAIL 14 | WARN 3 | SKIP 0 | PASS 754 ] @ lewbel-gmm
⠸ [ FAIL 14 | WARN 3 | SKIP 0 | PASS 754 ] @ lewbel-gmm
⠼ [ FAIL 14 | WARN 3 | SKIP 0 | PASS 754 ] @ lewbel-gmm
⠴ [ FAIL 14 | WARN 3 | SKIP 0 | PASS 754 ] @ lewbel-gmm
⠦ [ FAIL 14 | WARN 3 | SKIP 0 | PASS 754 ] @ lewbel-gmm
⠧ [ FAIL 14 | WARN 3 | SKIP 0 | PASS 754 ] @ lewbel-gmm
⠇ [ FAIL 14 | WARN 3 | SKIP 0 | PASS 754 ] @ lewbel-gmm
⠏ [ FAIL 14 | WARN 3 | SKIP 0 | PASS 754 ] @ lewbel-gmm
⠋ [ FAIL 14 | WARN 3 | SKIP 0 | PASS 754 ] @ lewbel-gmm
⠙ [ FAIL 14 | WARN 3 | SKIP 0 | PASS 754 ] @ lewbel-gmm
⠹ [ FAIL 14 | WARN 3 | SKIP 0 | PASS 754 ] @ lewbel-gmm
⠸ [ FAIL 14 | WARN 3 | SKIP 0 | PASS 754 ] @ lewbel-gmm
⠼ [ FAIL 14 | WARN 3 | SKIP 0 | PASS 754 ] @ lewbel-gmm
⠴ [ FAIL 14 | WARN 3 | SKIP 0 | PASS 754 ] @ lewbel-gmm
⠦ [ FAIL 14 | WARN 3 | SKIP 0 | PASS 754 ] @ lewbel-gmm
⠧ [ FAIL 14 | WARN 3 | SKIP 0 | PASS 754 ] @ lewbel-gmm
⠇ [ FAIL 14 | WARN 3 | SKIP 0 | PASS 754 ] @ lewbel-gmm
⠏ [ FAIL 14 | WARN 3 | SKIP 0 | PASS 754 ] @ lewbel-gmm
⠋ [ FAIL 14 | WARN 3 | SKIP 0 | PASS 754 ] @ lewbel-gmm
⠙ [ FAIL 14 | WARN 3 | SKIP 0 | PASS 754 ] @ lewbel-gmm
⠹ [ FAIL 14 | WARN 3 | SKIP 0 | PASS 754 ] @ lewbel-gmm
⠸ [ FAIL 14 | WARN 3 | SKIP 0 | PASS 754 ] @ lewbel-gmm
⠼ [ FAIL 14 | WARN 3 | SKIP 0 | PASS 754 ] @ lewbel-gmm
⠴ [ FAIL 14 | WARN 3 | SKIP 0 | PASS 754 ] @ lewbel-gmm
⠦ [ FAIL 14 | WARN 3 | SKIP 0 | PASS 754 ] @ lewbel-gmm
⠧ [ FAIL 14 | WARN 3 | SKIP 0 | PASS 754 ] @ lewbel-gmm
⠇ [ FAIL 14 | WARN 3 | SKIP 0 | PASS 754 ] @ lewbel-gmm
⠏ [ FAIL 14 | WARN 3 | SKIP 0 | PASS 754 ] @ lewbel-gmm
⠋ [ FAIL 14 | WARN 3 | SKIP 0 | PASS 754 ] @ lewbel-gmm
⠙ [ FAIL 14 | WARN 3 | SKIP 0 | PASS 754 ] @ lewbel-gmm
⠹ [ FAIL 14 | WARN 3 | SKIP 0 | PASS 754 ] @ lewbel-gmm
⠸ [ FAIL 14 | WARN 3 | SKIP 0 | PASS 754 ] @ lewbel-gmm
⠼ [ FAIL 14 | WARN 3 | SKIP 0 | PASS 754 ] @ lewbel-gmm
⠴ [ FAIL 14 | WARN 3 | SKIP 0 | PASS 754 ] @ lewbel-gmm
⠦ [ FAIL 14 | WARN 3 | SKIP 0 | PASS 754 ] @ lewbel-gmm
⠧ [ FAIL 14 | WARN 3 | SKIP 0 | PASS 754 ] @ lewbel-gmm
⠇ [ FAIL 14 | WARN 3 | SKIP 0 | PASS 754 ] @ lewbel-gmm
⠏ [ FAIL 14 | WARN 3 | SKIP 0 | PASS 754 ] @ lewbel-gmm
⠋ [ FAIL 14 | WARN 3 | SKIP 0 | PASS 754 ] @ lewbel-gmm
⠙ [ FAIL 14 | WARN 3 | SKIP 0 | PASS 754 ] @ lewbel-gmm
⠹ [ FAIL 14 | WARN 3 | SKIP 0 | PASS 754 ] @ lewbel-gmm
⠸ [ FAIL 14 | WARN 3 | SKIP 0 | PASS 754 ] @ lewbel-gmm
⠼ [ FAIL 14 | WARN 3 | SKIP 0 | PASS 754 ] @ lewbel-gmm
⠴ [ FAIL 14 | WARN 3 | SKIP 0 | PASS 754 ] @ lewbel-gmm
⠦ [ FAIL 14 | WARN 3 | SKIP 0 | PASS 754 ] @ lewbel-gmm
⠧ [ FAIL 14 | WARN 3 | SKIP 0 | PASS 754 ] @ lewbel-gmm
⠇ [ FAIL 14 | WARN 3 | SKIP 0 | PASS 754 ] @ lewbel-gmm
⠏ [ FAIL 14 | WARN 3 | SKIP 0 | PASS 754 ] @ lewbel-gmm
⠋ [ FAIL 14 | WARN 3 | SKIP 0 | PASS 754 ] @ lewbel-gmm
⠙ [ FAIL 14 | WARN 3 | SKIP 0 | PASS 754 ] @ lewbel-gmm
⠹ [ FAIL 14 | WARN 3 | SKIP 0 | PASS 754 ] @ lewbel-gmm
⠸ [ FAIL 14 | WARN 3 | SKIP 0 | PASS 754 ] @ lewbel-gmm
⠼ [ FAIL 14 | WARN 3 | SKIP 0 | PASS 754 ] @ lewbel-gmm
⠴ [ FAIL 14 | WARN 3 | SKIP 0 | PASS 754 ] @ lewbel-gmm
⠦ [ FAIL 14 | WARN 3 | SKIP 0 | PASS 754 ] @ lewbel-gmm
⠧ [ FAIL 14 | WARN 3 | SKIP 0 | PASS 754 ] @ lewbel-gmm
⠇ [ FAIL 14 | WARN 3 | SKIP 0 | PASS 754 ] @ lewbel-gmm
⠏ [ FAIL 14 | WARN 3 | SKIP 0 | PASS 754 ] @ lewbel-gmm
⠋ [ FAIL 14 | WARN 3 | SKIP 0 | PASS 754 ] @ lewbel-gmm
⠙ [ FAIL 14 | WARN 3 | SKIP 0 | PASS 754 ] @ lewbel-gmm
⠹ [ FAIL 14 | WARN 3 | SKIP 0 | PASS 754 ] @ lewbel-gmm
⠸ [ FAIL 14 | WARN 3 | SKIP 0 | PASS 754 ] @ lewbel-gmm
⠼ [ FAIL 14 | WARN 3 | SKIP 0 | PASS 754 ] @ lewbel-gmm
⠴ [ FAIL 14 | WARN 3 | SKIP 0 | PASS 754 ] @ lewbel-gmm
⠦ [ FAIL 14 | WARN 3 | SKIP 0 | PASS 754 ] @ lewbel-gmm
⠧ [ FAIL 14 | WARN 3 | SKIP 0 | PASS 754 ] @ lewbel-gmm
⠇ [ FAIL 14 | WARN 3 | SKIP 0 | PASS 754 ] @ lewbel-gmm
⠏ [ FAIL 14 | WARN 3 | SKIP 0 | PASS 754 ] @ lewbel-gmm
⠋ [ FAIL 14 | WARN 3 | SKIP 0 | PASS 754 ] @ lewbel-gmm
⠙ [ FAIL 14 | WARN 3 | SKIP 0 | PASS 754 ] @ lewbel-gmm
⠹ [ FAIL 14 | WARN 3 | SKIP 0 | PASS 754 ] @ lewbel-gmm
⠸ [ FAIL 14 | WARN 3 | SKIP 0 | PASS 754 ] @ lewbel-gmm
⠼ [ FAIL 14 | WARN 3 | SKIP 0 | PASS 754 ] @ lewbel-gmm
⠴ [ FAIL 14 | WARN 3 | SKIP 0 | PASS 754 ] @ lewbel-gmm
⠦ [ FAIL 14 | WARN 3 | SKIP 0 | PASS 754 ] @ lewbel-gmm
⠧ [ FAIL 14 | WARN 3 | SKIP 0 | PASS 754 ] @ lewbel-gmm
⠇ [ FAIL 14 | WARN 3 | SKIP 0 | PASS 754 ] @ lewbel-gmm
⠏ [ FAIL 14 | WARN 3 | SKIP 0 | PASS 754 ] @ lewbel-gmm
⠋ [ FAIL 14 | WARN 3 | SKIP 0 | PASS 754 ] @ lewbel-gmm
⠙ [ FAIL 14 | WARN 3 | SKIP 0 | PASS 754 ] @ lewbel-gmm
⠹ [ FAIL 14 | WARN 3 | SKIP 0 | PASS 754 ] @ lewbel-gmm
⠸ [ FAIL 14 | WARN 3 | SKIP 0 | PASS 754 ] @ lewbel-gmm
⠼ [ FAIL 14 | WARN 3 | SKIP 0 | PASS 754 ] @ lewbel-gmm
⠴ [ FAIL 14 | WARN 3 | SKIP 0 | PASS 754 ] @ lewbel-gmm
⠦ [ FAIL 14 | WARN 3 | SKIP 0 | PASS 754 ] @ lewbel-gmm
⠧ [ FAIL 14 | WARN 3 | SKIP 0 | PASS 754 ] @ lewbel-gmm
⠇ [ FAIL 14 | WARN 3 | SKIP 0 | PASS 754 ] @ lewbel-gmm
⠏ [ FAIL 14 | WARN 3 | SKIP 0 | PASS 754 ] @ lewbel-gmm
⠋ [ FAIL 14 | WARN 3 | SKIP 0 | PASS 754 ] @ lewbel-gmm
⠙ [ FAIL 14 | WARN 3 | SKIP 0 | PASS 754 ] @ lewbel-gmm
⠹ [ FAIL 14 | WARN 3 | SKIP 0 | PASS 754 ] @ lewbel-gmm
⠸ [ FAIL 14 | WARN 3 | SKIP 0 | PASS 754 ] @ lewbel-gmm
⠼ [ FAIL 14 | WARN 3 | SKIP 0 | PASS 754 ] @ lewbel-gmm
⠴ [ FAIL 14 | WARN 3 | SKIP 0 | PASS 754 ] @ lewbel-gmm
⠦ [ FAIL 14 | WARN 3 | SKIP 0 | PASS 754 ] @ lewbel-gmm
⠧ [ FAIL 14 | WARN 3 | SKIP 0 | PASS 754 ] @ lewbel-gmm
⠇ [ FAIL 14 | WARN 3 | SKIP 0 | PASS 754 ] @ lewbel-gmm
⠏ [ FAIL 14 | WARN 3 | SKIP 0 | PASS 754 ] @ lewbel-gmm
⠋ [ FAIL 14 | WARN 3 | SKIP 0 | PASS 754 ] @ lewbel-gmm
⠙ [ FAIL 14 | WARN 3 | SKIP 0 | PASS 754 ] @ lewbel-gmm
⠹ [ FAIL 14 | WARN 3 | SKIP 0 | PASS 754 ] @ lewbel-gmm
⠸ [ FAIL 14 | WARN 3 | SKIP 0 | PASS 754 ] @ lewbel-gmm
⠼ [ FAIL 14 | WARN 3 | SKIP 0 | PASS 754 ] @ lewbel-gmm
⠴ [ FAIL 14 | WARN 3 | SKIP 0 | PASS 754 ] @ lewbel-gmm
⠦ [ FAIL 14 | WARN 3 | SKIP 0 | PASS 754 ] @ lewbel-gmm
⠧ [ FAIL 14 | WARN 3 | SKIP 0 | PASS 754 ] @ lewbel-gmm
⠇ [ FAIL 14 | WARN 3 | SKIP 0 | PASS 754 ] @ lewbel-gmm
⠏ [ FAIL 14 | WARN 3 | SKIP 0 | PASS 754 ] @ lewbel-gmm
⠋ [ FAIL 14 | WARN 3 | SKIP 0 | PASS 754 ] @ lewbel-gmm
⠙ [ FAIL 14 | WARN 3 | SKIP 0 | PASS 754 ] @ lewbel-gmm
⠹ [ FAIL 14 | WARN 3 | SKIP 0 | PASS 754 ] @ lewbel-gmm
⠸ [ FAIL 14 | WARN 3 | SKIP 0 | PASS 754 ] @ lewbel-gmm
⠼ [ FAIL 14 | WARN 3 | SKIP 0 | PASS 754 ] @ lewbel-gmm
⠴ [ FAIL 14 | WARN 3 | SKIP 0 | PASS 754 ] @ lewbel-gmm
⠦ [ FAIL 14 | WARN 3 | SKIP 0 | PASS 754 ] @ lewbel-gmm
⠧ [ FAIL 14 | WARN 3 | SKIP 0 | PASS 754 ] @ lewbel-gmm
⠇ [ FAIL 14 | WARN 3 | SKIP 0 | PASS 754 ] @ lewbel-gmm
⠏ [ FAIL 14 | WARN 3 | SKIP 0 | PASS 754 ] @ lewbel-gmm
⠋ [ FAIL 14 | WARN 3 | SKIP 0 | PASS 754 ] @ lewbel-gmm
⠙ [ FAIL 14 | WARN 3 | SKIP 0 | PASS 754 ] @ lewbel-gmm
⠹ [ FAIL 14 | WARN 3 | SKIP 0 | PASS 754 ] @ lewbel-gmm
⠸ [ FAIL 14 | WARN 3 | SKIP 0 | PASS 754 ] @ lewbel-gmm
⠼ [ FAIL 14 | WARN 3 | SKIP 0 | PASS 754 ] @ lewbel-gmm
⠴ [ FAIL 14 | WARN 3 | SKIP 0 | PASS 754 ] @ lewbel-gmm
⠦ [ FAIL 14 | WARN 3 | SKIP 0 | PASS 754 ] @ lewbel-gmm
⠧ [ FAIL 14 | WARN 3 | SKIP 0 | PASS 754 ] @ lewbel-gmm
⠇ [ FAIL 14 | WARN 3 | SKIP 0 | PASS 754 ] @ lewbel-gmm
⠏ [ FAIL 14 | WARN 3 | SKIP 0 | PASS 754 ] @ lewbel-gmm
⠋ [ FAIL 14 | WARN 3 | SKIP 0 | PASS 754 ] @ lewbel-gmm
⠙ [ FAIL 14 | WARN 3 | SKIP 0 | PASS 754 ] @ lewbel-gmm
⠹ [ FAIL 14 | WARN 3 | SKIP 0 | PASS 754 ] @ lewbel-gmm
⠸ [ FAIL 14 | WARN 3 | SKIP 0 | PASS 754 ] @ lewbel-gmm
⠼ [ FAIL 14 | WARN 3 | SKIP 0 | PASS 754 ] @ lewbel-gmm
⠴ [ FAIL 14 | WARN 3 | SKIP 0 | PASS 754 ] @ lewbel-gmm
⠦ [ FAIL 14 | WARN 3 | SKIP 0 | PASS 754 ] @ lewbel-gmm
⠧ [ FAIL 14 | WARN 3 | SKIP 0 | PASS 754 ] @ lewbel-gmm
⠇ [ FAIL 14 | WARN 3 | SKIP 0 | PASS 754 ] @ lewbel-gmm
⠏ [ FAIL 14 | WARN 3 | SKIP 0 | PASS 754 ] @ lewbel-gmm
⠋ [ FAIL 14 | WARN 3 | SKIP 0 | PASS 754 ] @ lewbel-gmm
⠙ [ FAIL 14 | WARN 3 | SKIP 0 | PASS 754 ] @ lewbel-gmm
⠹ [ FAIL 14 | WARN 3 | SKIP 0 | PASS 754 ] @ lewbel-gmm
⠸ [ FAIL 14 | WARN 3 | SKIP 0 | PASS 754 ] @ lewbel-gmm
⠼ [ FAIL 14 | WARN 3 | SKIP 0 | PASS 754 ] @ lewbel-gmm
⠴ [ FAIL 14 | WARN 3 | SKIP 0 | PASS 754 ] @ lewbel-gmm
⠦ [ FAIL 14 | WARN 3 | SKIP 0 | PASS 754 ] @ lewbel-gmm
⠧ [ FAIL 14 | WARN 3 | SKIP 0 | PASS 754 ] @ lewbel-gmm
⠇ [ FAIL 14 | WARN 3 | SKIP 0 | PASS 754 ] @ lewbel-gmm
⠏ [ FAIL 14 | WARN 3 | SKIP 0 | PASS 754 ] @ lewbel-gmm
⠋ [ FAIL 14 | WARN 3 | SKIP 0 | PASS 754 ] @ lewbel-gmm
⠙ [ FAIL 14 | WARN 3 | SKIP 0 | PASS 754 ] @ lewbel-gmm
⠹ [ FAIL 14 | WARN 3 | SKIP 0 | PASS 754 ] @ lewbel-gmm
⠸ [ FAIL 14 | WARN 3 | SKIP 0 | PASS 754 ] @ lewbel-gmm
⠼ [ FAIL 14 | WARN 3 | SKIP 0 | PASS 754 ] @ lewbel-gmm
⠴ [ FAIL 14 | WARN 3 | SKIP 0 | PASS 754 ] @ lewbel-gmm
⠦ [ FAIL 14 | WARN 3 | SKIP 0 | PASS 754 ] @ lewbel-gmm
⠧ [ FAIL 14 | WARN 3 | SKIP 0 | PASS 754 ] @ lewbel-gmm
⠇ [ FAIL 14 | WARN 3 | SKIP 0 | PASS 754 ] @ lewbel-gmm
⠏ [ FAIL 14 | WARN 3 | SKIP 0 | PASS 754 ] @ lewbel-gmm
⠋ [ FAIL 14 | WARN 3 | SKIP 0 | PASS 754 ] @ lewbel-gmm
⠙ [ FAIL 14 | WARN 3 | SKIP 0 | PASS 754 ] @ lewbel-gmm
⠹ [ FAIL 14 | WARN 3 | SKIP 0 | PASS 754 ] @ lewbel-gmm
⠸ [ FAIL 14 | WARN 3 | SKIP 0 | PASS 754 ] @ lewbel-gmm
⠼ [ FAIL 14 | WARN 3 | SKIP 0 | PASS 754 ] @ lewbel-gmm
⠴ [ FAIL 14 | WARN 3 | SKIP 0 | PASS 754 ] @ lewbel-gmm
⠦ [ FAIL 14 | WARN 3 | SKIP 0 | PASS 754 ] @ lewbel-gmm
⠧ [ FAIL 14 | WARN 3 | SKIP 0 | PASS 754 ] @ lewbel-gmm
⠇ [ FAIL 14 | WARN 3 | SKIP 0 | PASS 754 ] @ lewbel-gmm
⠏ [ FAIL 14 | WARN 3 | SKIP 0 | PASS 754 ] @ lewbel-gmm
⠋ [ FAIL 14 | WARN 3 | SKIP 0 | PASS 754 ] @ lewbel-gmm
⠙ [ FAIL 14 | WARN 3 | SKIP 0 | PASS 754 ] @ lewbel-gmm
⠹ [ FAIL 14 | WARN 3 | SKIP 0 | PASS 754 ] @ lewbel-gmm
⠸ [ FAIL 14 | WARN 3 | SKIP 0 | PASS 754 ] @ lewbel-gmm
⠼ [ FAIL 14 | WARN 3 | SKIP 0 | PASS 754 ] @ lewbel-gmm
⠴ [ FAIL 14 | WARN 3 | SKIP 0 | PASS 754 ] @ lewbel-gmm
⠦ [ FAIL 14 | WARN 3 | SKIP 0 | PASS 754 ] @ lewbel-gmm
⠧ [ FAIL 14 | WARN 3 | SKIP 0 | PASS 754 ] @ lewbel-gmm
⠇ [ FAIL 14 | WARN 3 | SKIP 0 | PASS 754 ] @ lewbel-gmm
⠏ [ FAIL 14 | WARN 3 | SKIP 0 | PASS 754 ] @ lewbel-gmm
⠋ [ FAIL 14 | WARN 3 | SKIP 0 | PASS 754 ] @ lewbel-gmm
⠙ [ FAIL 14 | WARN 3 | SKIP 0 | PASS 754 ] @ lewbel-gmm
⠹ [ FAIL 14 | WARN 3 | SKIP 0 | PASS 754 ] @ lewbel-gmm
⠸ [ FAIL 14 | WARN 3 | SKIP 0 | PASS 754 ] @ lewbel-gmm
⠼ [ FAIL 14 | WARN 3 | SKIP 0 | PASS 754 ] @ lewbel-gmm
⠴ [ FAIL 14 | WARN 3 | SKIP 0 | PASS 754 ] @ lewbel-gmm
⠦ [ FAIL 14 | WARN 3 | SKIP 0 | PASS 754 ] @ lewbel-gmm
⠧ [ FAIL 14 | WARN 3 | SKIP 0 | PASS 754 ] @ lewbel-gmm
⠇ [ FAIL 14 | WARN 3 | SKIP 0 | PASS 754 ] @ lewbel-gmm
⠏ [ FAIL 14 | WARN 3 | SKIP 0 | PASS 754 ] @ lewbel-gmm
⠋ [ FAIL 14 | WARN 3 | SKIP 0 | PASS 754 ] @ lewbel-gmm
⠙ [ FAIL 14 | WARN 3 | SKIP 0 | PASS 754 ] @ lewbel-gmm
⠹ [ FAIL 14 | WARN 3 | SKIP 0 | PASS 754 ] @ lewbel-gmm
⠸ [ FAIL 14 | WARN 3 | SKIP 0 | PASS 754 ] @ lewbel-gmm
⠼ [ FAIL 14 | WARN 3 | SKIP 0 | PASS 754 ] @ lewbel-gmm
⠴ [ FAIL 14 | WARN 3 | SKIP 0 | PASS 754 ] @ lewbel-gmm
⠦ [ FAIL 14 | WARN 3 | SKIP 0 | PASS 754 ] @ lewbel-gmm
⠧ [ FAIL 14 | WARN 3 | SKIP 0 | PASS 754 ] @ lewbel-gmm
⠇ [ FAIL 14 | WARN 3 | SKIP 0 | PASS 754 ] @ lewbel-gmm
⠏ [ FAIL 14 | WARN 3 | SKIP 0 | PASS 754 ] @ lewbel-gmm
⠋ [ FAIL 14 | WARN 3 | SKIP 0 | PASS 754 ] @ lewbel-gmm
⠙ [ FAIL 14 | WARN 3 | SKIP 0 | PASS 754 ] @ lewbel-gmm
⠹ [ FAIL 14 | WARN 3 | SKIP 0 | PASS 754 ] @ lewbel-gmm
⠸ [ FAIL 14 | WARN 3 | SKIP 0 | PASS 754 ] @ lewbel-gmm
⠼ [ FAIL 14 | WARN 3 | SKIP 0 | PASS 754 ] @ lewbel-gmm
⠴ [ FAIL 14 | WARN 3 | SKIP 0 | PASS 754 ] @ lewbel-gmm
⠦ [ FAIL 14 | WARN 3 | SKIP 0 | PASS 754 ] @ lewbel-gmm
⠧ [ FAIL 14 | WARN 3 | SKIP 0 | PASS 754 ] @ lewbel-gmm
⠇ [ FAIL 14 | WARN 3 | SKIP 0 | PASS 754 ] @ lewbel-gmm
⠏ [ FAIL 14 | WARN 3 | SKIP 0 | PASS 754 ] @ lewbel-gmm
⠋ [ FAIL 14 | WARN 3 | SKIP 0 | PASS 754 ] @ lewbel-gmm
⠙ [ FAIL 14 | WARN 3 | SKIP 0 | PASS 754 ] @ lewbel-gmm
⠹ [ FAIL 14 | WARN 3 | SKIP 0 | PASS 754 ] @ lewbel-gmm
⠸ [ FAIL 14 | WARN 3 | SKIP 0 | PASS 754 ] @ lewbel-gmm
⠼ [ FAIL 14 | WARN 3 | SKIP 0 | PASS 754 ] @ lewbel-gmm
⠴ [ FAIL 14 | WARN 3 | SKIP 0 | PASS 754 ] @ lewbel-gmm
⠦ [ FAIL 14 | WARN 3 | SKIP 0 | PASS 754 ] @ lewbel-gmm
⠧ [ FAIL 14 | WARN 3 | SKIP 0 | PASS 754 ] @ lewbel-gmm
⠇ [ FAIL 14 | WARN 3 | SKIP 0 | PASS 754 ] @ lewbel-gmm
⠏ [ FAIL 14 | WARN 3 | SKIP 0 | PASS 754 ] @ lewbel-gmm
⠋ [ FAIL 14 | WARN 3 | SKIP 0 | PASS 754 ] @ lewbel-gmm
⠙ [ FAIL 14 | WARN 3 | SKIP 0 | PASS 754 ] @ lewbel-gmm
⠹ [ FAIL 14 | WARN 3 | SKIP 0 | PASS 754 ] @ lewbel-gmm
⠸ [ FAIL 14 | WARN 3 | SKIP 0 | PASS 754 ] @ lewbel-gmm
⠼ [ FAIL 14 | WARN 3 | SKIP 0 | PASS 754 ] @ lewbel-gmm
⠴ [ FAIL 14 | WARN 3 | SKIP 0 | PASS 754 ] @ lewbel-gmm
⠦ [ FAIL 14 | WARN 3 | SKIP 0 | PASS 754 ] @ lewbel-gmm
⠧ [ FAIL 14 | WARN 3 | SKIP 0 | PASS 754 ] @ lewbel-gmm
⠇ [ FAIL 14 | WARN 3 | SKIP 0 | PASS 754 ] @ lewbel-gmm
⠏ [ FAIL 14 | WARN 3 | SKIP 0 | PASS 754 ] @ lewbel-gmm
⠋ [ FAIL 14 | WARN 3 | SKIP 0 | PASS 754 ] @ lewbel-gmm
⠙ [ FAIL 14 | WARN 3 | SKIP 0 | PASS 754 ] @ lewbel-gmm
⠹ [ FAIL 14 | WARN 3 | SKIP 0 | PASS 754 ] @ lewbel-gmm
⠸ [ FAIL 14 | WARN 3 | SKIP 0 | PASS 754 ] @ lewbel-gmm
⠼ [ FAIL 14 | WARN 3 | SKIP 0 | PASS 754 ] @ lewbel-gmm
⠴ [ FAIL 14 | WARN 3 | SKIP 0 | PASS 754 ] @ lewbel-gmm
⠦ [ FAIL 14 | WARN 3 | SKIP 0 | PASS 754 ] @ lewbel-gmm
⠧ [ FAIL 14 | WARN 3 | SKIP 0 | PASS 754 ] @ lewbel-gmm
⠇ [ FAIL 14 | WARN 3 | SKIP 0 | PASS 754 ] @ lewbel-gmm
⠏ [ FAIL 14 | WARN 3 | SKIP 0 | PASS 754 ] @ lewbel-gmm
⠋ [ FAIL 14 | WARN 3 | SKIP 0 | PASS 754 ] @ lewbel-gmm
⠙ [ FAIL 14 | WARN 3 | SKIP 0 | PASS 754 ] @ lewbel-gmm
⠹ [ FAIL 14 | WARN 3 | SKIP 0 | PASS 754 ] @ lewbel-gmm
⠸ [ FAIL 14 | WARN 3 | SKIP 0 | PASS 754 ] @ lewbel-gmm
⠼ [ FAIL 14 | WARN 3 | SKIP 0 | PASS 754 ] @ lewbel-gmm
⠴ [ FAIL 14 | WARN 3 | SKIP 0 | PASS 754 ] @ lewbel-gmm
⠦ [ FAIL 14 | WARN 3 | SKIP 0 | PASS 754 ] @ lewbel-gmm
⠧ [ FAIL 14 | WARN 3 | SKIP 0 | PASS 754 ] @ lewbel-gmm
⠇ [ FAIL 14 | WARN 3 | SKIP 0 | PASS 754 ] @ lewbel-gmm
⠏ [ FAIL 14 | WARN 3 | SKIP 0 | PASS 754 ] @ lewbel-gmm
⠋ [ FAIL 14 | WARN 3 | SKIP 0 | PASS 754 ] @ lewbel-gmm
⠙ [ FAIL 14 | WARN 3 | SKIP 0 | PASS 754 ] @ lewbel-gmm
⠹ [ FAIL 14 | WARN 3 | SKIP 0 | PASS 754 ] @ lewbel-gmm
⠸ [ FAIL 14 | WARN 3 | SKIP 0 | PASS 754 ] @ lewbel-gmm
⠼ [ FAIL 14 | WARN 3 | SKIP 0 | PASS 754 ] @ lewbel-gmm
⠴ [ FAIL 14 | WARN 3 | SKIP 0 | PASS 754 ] @ lewbel-gmm
⠦ [ FAIL 14 | WARN 3 | SKIP 0 | PASS 754 ] @ lewbel-gmm
⠧ [ FAIL 14 | WARN 3 | SKIP 0 | PASS 754 ] @ lewbel-gmm
⠇ [ FAIL 14 | WARN 3 | SKIP 0 | PASS 754 ] @ lewbel-gmm
⠏ [ FAIL 14 | WARN 3 | SKIP 0 | PASS 754 ] @ lewbel-gmm
⠋ [ FAIL 14 | WARN 3 | SKIP 0 | PASS 754 ] @ lewbel-gmm
⠙ [ FAIL 14 | WARN 3 | SKIP 0 | PASS 754 ] @ lewbel-gmm
⠹ [ FAIL 14 | WARN 3 | SKIP 0 | PASS 754 ] @ lewbel-gmm
⠸ [ FAIL 14 | WARN 3 | SKIP 0 | PASS 754 ] @ lewbel-gmm
⠼ [ FAIL 14 | WARN 3 | SKIP 0 | PASS 754 ] @ lewbel-gmm
⠴ [ FAIL 14 | WARN 3 | SKIP 0 | PASS 754 ] @ lewbel-gmm
⠦ [ FAIL 14 | WARN 3 | SKIP 0 | PASS 754 ] @ lewbel-gmm
⠧ [ FAIL 14 | WARN 3 | SKIP 0 | PASS 754 ] @ lewbel-gmm
⠇ [ FAIL 14 | WARN 3 | SKIP 0 | PASS 754 ] @ lewbel-gmm
⠏ [ FAIL 14 | WARN 3 | SKIP 0 | PASS 754 ] @ lewbel-gmm
⠋ [ FAIL 14 | WARN 3 | SKIP 0 | PASS 754 ] @ lewbel-gmm
⠙ [ FAIL 14 | WARN 3 | SKIP 0 | PASS 754 ] @ lewbel-gmm
⠹ [ FAIL 14 | WARN 3 | SKIP 0 | PASS 754 ] @ lewbel-gmm
⠸ [ FAIL 14 | WARN 3 | SKIP 0 | PASS 754 ] @ lewbel-gmm
⠼ [ FAIL 14 | WARN 3 | SKIP 0 | PASS 754 ] @ lewbel-gmm
⠴ [ FAIL 14 | WARN 3 | SKIP 0 | PASS 754 ] @ lewbel-gmm
⠦ [ FAIL 14 | WARN 3 | SKIP 0 | PASS 754 ] @ lewbel-gmm
⠧ [ FAIL 14 | WARN 3 | SKIP 0 | PASS 754 ] @ lewbel-gmm
⠇ [ FAIL 14 | WARN 3 | SKIP 0 | PASS 754 ] @ lewbel-gmm
⠏ [ FAIL 14 | WARN 3 | SKIP 0 | PASS 754 ] @ lewbel-gmm
⠋ [ FAIL 14 | WARN 3 | SKIP 0 | PASS 754 ] @ lewbel-gmm
⠙ [ FAIL 14 | WARN 3 | SKIP 0 | PASS 754 ] @ lewbel-gmm
⠹ [ FAIL 14 | WARN 3 | SKIP 0 | PASS 754 ] @ lewbel-gmm
⠸ [ FAIL 14 | WARN 3 | SKIP 0 | PASS 754 ] @ lewbel-gmm
⠼ [ FAIL 14 | WARN 3 | SKIP 0 | PASS 754 ] @ lewbel-gmm
⠴ [ FAIL 14 | WARN 3 | SKIP 0 | PASS 754 ] @ lewbel-gmm
⠦ [ FAIL 14 | WARN 3 | SKIP 0 | PASS 754 ] @ lewbel-gmm
⠧ [ FAIL 14 | WARN 3 | SKIP 0 | PASS 754 ] @ lewbel-gmm
⠇ [ FAIL 14 | WARN 3 | SKIP 0 | PASS 754 ] @ lewbel-gmm
⠏ [ FAIL 14 | WARN 3 | SKIP 0 | PASS 754 ] @ lewbel-gmm
⠋ [ FAIL 14 | WARN 3 | SKIP 0 | PASS 754 ] @ lewbel-gmm
⠙ [ FAIL 14 | WARN 3 | SKIP 0 | PASS 754 ] @ lewbel-gmm
⠹ [ FAIL 14 | WARN 3 | SKIP 0 | PASS 754 ] @ lewbel-gmm
⠸ [ FAIL 14 | WARN 3 | SKIP 0 | PASS 754 ] @ lewbel-gmm
⠼ [ FAIL 14 | WARN 3 | SKIP 0 | PASS 754 ] @ lewbel-gmm
⠴ [ FAIL 14 | WARN 3 | SKIP 0 | PASS 754 ] @ lewbel-gmm
⠦ [ FAIL 14 | WARN 3 | SKIP 0 | PASS 754 ] @ lewbel-gmm
⠧ [ FAIL 14 | WARN 3 | SKIP 0 | PASS 754 ] @ lewbel-gmm
⠇ [ FAIL 14 | WARN 3 | SKIP 0 | PASS 754 ] @ lewbel-gmm
⠏ [ FAIL 14 | WARN 3 | SKIP 0 | PASS 754 ] @ lewbel-gmm
⠋ [ FAIL 14 | WARN 3 | SKIP 0 | PASS 754 ] @ lewbel-gmm
⠙ [ FAIL 14 | WARN 3 | SKIP 0 | PASS 754 ] @ lewbel-gmm
⠹ [ FAIL 14 | WARN 3 | SKIP 0 | PASS 754 ] @ lewbel-gmm
⠸ [ FAIL 14 | WARN 3 | SKIP 0 | PASS 754 ] @ lewbel-gmm
⠼ [ FAIL 14 | WARN 3 | SKIP 0 | PASS 754 ] @ lewbel-gmm
⠴ [ FAIL 14 | WARN 3 | SKIP 0 | PASS 754 ] @ lewbel-gmm
⠦ [ FAIL 14 | WARN 3 | SKIP 0 | PASS 754 ] @ lewbel-gmm
⠧ [ FAIL 14 | WARN 3 | SKIP 0 | PASS 754 ] @ lewbel-gmm
⠇ [ FAIL 14 | WARN 3 | SKIP 0 | PASS 754 ] @ lewbel-gmm
⠏ [ FAIL 14 | WARN 3 | SKIP 0 | PASS 754 ] @ lewbel-gmm
⠋ [ FAIL 14 | WARN 3 | SKIP 0 | PASS 754 ] @ lewbel-gmm
⠙ [ FAIL 14 | WARN 3 | SKIP 0 | PASS 754 ] @ lewbel-gmm
⠹ [ FAIL 14 | WARN 3 | SKIP 0 | PASS 754 ] @ lewbel-gmm
⠸ [ FAIL 14 | WARN 3 | SKIP 0 | PASS 754 ] @ lewbel-gmm
⠼ [ FAIL 14 | WARN 3 | SKIP 0 | PASS 754 ] @ lewbel-gmm
⠴ [ FAIL 14 | WARN 3 | SKIP 0 | PASS 754 ] @ lewbel-gmm
⠦ [ FAIL 14 | WARN 3 | SKIP 0 | PASS 754 ] @ lewbel-gmm
⠧ [ FAIL 14 | WARN 3 | SKIP 0 | PASS 754 ] @ lewbel-gmm
⠇ [ FAIL 14 | WARN 3 | SKIP 0 | PASS 754 ] @ lewbel-gmm
⠏ [ FAIL 14 | WARN 3 | SKIP 0 | PASS 754 ] @ lewbel-gmm
⠋ [ FAIL 14 | WARN 3 | SKIP 0 | PASS 754 ] @ lewbel-gmm
⠙ [ FAIL 14 | WARN 3 | SKIP 0 | PASS 754 ] @ lewbel-gmm
⠹ [ FAIL 14 | WARN 3 | SKIP 0 | PASS 754 ] @ lewbel-gmm
⠸ [ FAIL 14 | WARN 3 | SKIP 0 | PASS 754 ] @ lewbel-gmm
⠼ [ FAIL 14 | WARN 3 | SKIP 0 | PASS 754 ] @ lewbel-gmm
⠴ [ FAIL 14 | WARN 3 | SKIP 0 | PASS 754 ] @ lewbel-gmm
⠦ [ FAIL 14 | WARN 3 | SKIP 0 | PASS 754 ] @ lewbel-gmm
⠧ [ FAIL 14 | WARN 3 | SKIP 0 | PASS 754 ] @ lewbel-gmm
⠇ [ FAIL 14 | WARN 3 | SKIP 0 | PASS 754 ] @ lewbel-gmm
⠏ [ FAIL 14 | WARN 3 | SKIP 0 | PASS 754 ] @ lewbel-gmm
⠋ [ FAIL 14 | WARN 3 | SKIP 0 | PASS 754 ] @ lewbel-gmm
⠙ [ FAIL 14 | WARN 3 | SKIP 0 | PASS 754 ] @ lewbel-gmm
⠹ [ FAIL 14 | WARN 3 | SKIP 0 | PASS 754 ] @ lewbel-gmm
⠸ [ FAIL 14 | WARN 3 | SKIP 0 | PASS 754 ] @ lewbel-gmm
⠼ [ FAIL 14 | WARN 3 | SKIP 0 | PASS 754 ] @ lewbel-gmm
⠴ [ FAIL 14 | WARN 3 | SKIP 0 | PASS 754 ] @ lewbel-gmm
⠦ [ FAIL 14 | WARN 3 | SKIP 0 | PASS 754 ] @ lewbel-gmm
⠧ [ FAIL 14 | WARN 3 | SKIP 0 | PASS 754 ] @ lewbel-gmm
⠇ [ FAIL 14 | WARN 3 | SKIP 0 | PASS 754 ] @ lewbel-gmm
⠏ [ FAIL 14 | WARN 3 | SKIP 0 | PASS 754 ] @ lewbel-gmm
⠋ [ FAIL 14 | WARN 3 | SKIP 0 | PASS 754 ] @ lewbel-gmm
⠙ [ FAIL 14 | WARN 3 | SKIP 0 | PASS 754 ] @ lewbel-gmm
⠹ [ FAIL 14 | WARN 3 | SKIP 0 | PASS 754 ] @ lewbel-gmm
⠸ [ FAIL 14 | WARN 3 | SKIP 0 | PASS 754 ] @ lewbel-gmm
⠼ [ FAIL 14 | WARN 3 | SKIP 0 | PASS 754 ] @ lewbel-gmm
⠴ [ FAIL 14 | WARN 3 | SKIP 0 | PASS 754 ] @ lewbel-gmm
⠦ [ FAIL 14 | WARN 3 | SKIP 0 | PASS 754 ] @ lewbel-gmm
⠧ [ FAIL 14 | WARN 3 | SKIP 0 | PASS 754 ] @ lewbel-gmm
⠇ [ FAIL 14 | WARN 3 | SKIP 0 | PASS 754 ] @ lewbel-gmm
⠏ [ FAIL 14 | WARN 3 | SKIP 0 | PASS 754 ] @ lewbel-gmm
⠋ [ FAIL 14 | WARN 3 | SKIP 0 | PASS 754 ] @ lewbel-gmm
⠙ [ FAIL 14 | WARN 3 | SKIP 0 | PASS 754 ] @ lewbel-gmm
⠹ [ FAIL 14 | WARN 3 | SKIP 0 | PASS 754 ] @ lewbel-gmm
⠸ [ FAIL 14 | WARN 3 | SKIP 0 | PASS 754 ] @ lewbel-gmm
⠼ [ FAIL 14 | WARN 3 | SKIP 0 | PASS 754 ] @ lewbel-gmm
⠴ [ FAIL 14 | WARN 3 | SKIP 0 | PASS 754 ] @ lewbel-gmm
⠦ [ FAIL 14 | WARN 3 | SKIP 0 | PASS 754 ] @ lewbel-gmm
⠧ [ FAIL 14 | WARN 3 | SKIP 0 | PASS 754 ] @ lewbel-gmm
⠇ [ FAIL 14 | WARN 3 | SKIP 0 | PASS 754 ] @ lewbel-gmm
⠏ [ FAIL 14 | WARN 3 | SKIP 0 | PASS 754 ] @ lewbel-gmm
⠋ [ FAIL 14 | WARN 3 | SKIP 0 | PASS 754 ] @ lewbel-gmm
⠙ [ FAIL 14 | WARN 3 | SKIP 0 | PASS 754 ] @ lewbel-gmm
⠹ [ FAIL 14 | WARN 3 | SKIP 0 | PASS 754 ] @ lewbel-gmm
⠸ [ FAIL 14 | WARN 3 | SKIP 0 | PASS 754 ] @ lewbel-gmm
⠼ [ FAIL 14 | WARN 3 | SKIP 0 | PASS 754 ] @ lewbel-gmm
⠴ [ FAIL 14 | WARN 3 | SKIP 0 | PASS 754 ] @ lewbel-gmm
⠦ [ FAIL 14 | WARN 3 | SKIP 0 | PASS 754 ] @ lewbel-gmm
⠧ [ FAIL 14 | WARN 3 | SKIP 0 | PASS 754 ] @ lewbel-gmm
⠇ [ FAIL 14 | WARN 3 | SKIP 0 | PASS 754 ] @ lewbel-gmm
⠏ [ FAIL 14 | WARN 3 | SKIP 0 | PASS 754 ] @ lewbel-gmm
⠋ [ FAIL 14 | WARN 3 | SKIP 0 | PASS 754 ] @ lewbel-gmm
⠙ [ FAIL 14 | WARN 3 | SKIP 0 | PASS 754 ] @ lewbel-gmm
⠹ [ FAIL 14 | WARN 3 | SKIP 0 | PASS 754 ] @ lewbel-gmm
⠸ [ FAIL 14 | WARN 3 | SKIP 0 | PASS 754 ] @ lewbel-gmm
⠼ [ FAIL 14 | WARN 3 | SKIP 0 | PASS 754 ] @ lewbel-gmm
⠴ [ FAIL 14 | WARN 3 | SKIP 0 | PASS 754 ] @ lewbel-gmm
⠦ [ FAIL 14 | WARN 3 | SKIP 0 | PASS 754 ] @ lewbel-gmm
⠧ [ FAIL 14 | WARN 3 | SKIP 0 | PASS 754 ] @ lewbel-gmm
⠇ [ FAIL 14 | WARN 3 | SKIP 0 | PASS 754 ] @ lewbel-gmm
⠏ [ FAIL 14 | WARN 3 | SKIP 0 | PASS 754 ] @ lewbel-gmm
⠋ [ FAIL 14 | WARN 3 | SKIP 0 | PASS 754 ] @ lewbel-gmm
⠙ [ FAIL 14 | WARN 3 | SKIP 0 | PASS 754 ] @ lewbel-gmm
⠹ [ FAIL 14 | WARN 3 | SKIP 0 | PASS 754 ] @ lewbel-gmm
⠸ [ FAIL 14 | WARN 3 | SKIP 0 | PASS 754 ] @ lewbel-gmm
⠼ [ FAIL 14 | WARN 3 | SKIP 0 | PASS 754 ] @ lewbel-gmm
⠴ [ FAIL 14 | WARN 3 | SKIP 0 | PASS 754 ] @ lewbel-gmm
⠦ [ FAIL 14 | WARN 3 | SKIP 0 | PASS 754 ] @ lewbel-gmm
⠧ [ FAIL 14 | WARN 3 | SKIP 0 | PASS 754 ] @ lewbel-gmm
⠇ [ FAIL 14 | WARN 3 | SKIP 0 | PASS 754 ] @ lewbel-gmm
⠏ [ FAIL 14 | WARN 3 | SKIP 0 | PASS 754 ] @ lewbel-gmm
⠋ [ FAIL 14 | WARN 3 | SKIP 0 | PASS 754 ] @ lewbel-gmm
⠙ [ FAIL 14 | WARN 3 | SKIP 0 | PASS 754 ] @ lewbel-gmm
⠹ [ FAIL 14 | WARN 3 | SKIP 0 | PASS 754 ] @ lewbel-gmm
⠸ [ FAIL 14 | WARN 3 | SKIP 0 | PASS 754 ] @ lewbel-gmm
⠼ [ FAIL 14 | WARN 3 | SKIP 0 | PASS 754 ] @ lewbel-gmm
⠴ [ FAIL 14 | WARN 3 | SKIP 0 | PASS 754 ] @ lewbel-gmm
⠦ [ FAIL 14 | WARN 3 | SKIP 0 | PASS 754 ] @ lewbel-gmm
⠧ [ FAIL 14 | WARN 3 | SKIP 0 | PASS 754 ] @ lewbel-gmm
⠇ [ FAIL 14 | WARN 3 | SKIP 0 | PASS 754 ] @ lewbel-gmm
⠏ [ FAIL 14 | WARN 3 | SKIP 0 | PASS 754 ] @ lewbel-gmm
⠋ [ FAIL 14 | WARN 3 | SKIP 0 | PASS 754 ] @ lewbel-gmm
⠙ [ FAIL 14 | WARN 3 | SKIP 0 | PASS 754 ] @ lewbel-gmm
⠹ [ FAIL 14 | WARN 3 | SKIP 0 | PASS 754 ] @ lewbel-gmm
⠸ [ FAIL 14 | WARN 3 | SKIP 0 | PASS 754 ] @ lewbel-gmm
⠼ [ FAIL 14 | WARN 3 | SKIP 0 | PASS 754 ] @ lewbel-gmm
⠴ [ FAIL 14 | WARN 3 | SKIP 0 | PASS 754 ] @ lewbel-gmm
⠦ [ FAIL 14 | WARN 3 | SKIP 0 | PASS 754 ] @ lewbel-gmm
⠧ [ FAIL 14 | WARN 3 | SKIP 0 | PASS 754 ] @ lewbel-gmm
⠇ [ FAIL 14 | WARN 3 | SKIP 0 | PASS 754 ] @ lewbel-gmm
⠏ [ FAIL 14 | WARN 3 | SKIP 0 | PASS 754 ] @ lewbel-gmm
⠋ [ FAIL 14 | WARN 3 | SKIP 0 | PASS 754 ] @ lewbel-gmm
⠙ [ FAIL 14 | WARN 3 | SKIP 0 | PASS 754 ] @ lewbel-gmm
⠹ [ FAIL 14 | WARN 3 | SKIP 0 | PASS 754 ] @ lewbel-gmm
⠸ [ FAIL 14 | WARN 3 | SKIP 0 | PASS 754 ] @ lewbel-gmm
⠼ [ FAIL 14 | WARN 3 | SKIP 0 | PASS 754 ] @ lewbel-gmm
⠴ [ FAIL 14 | WARN 3 | SKIP 0 | PASS 754 ] @ lewbel-gmm
⠦ [ FAIL 14 | WARN 3 | SKIP 0 | PASS 754 ] @ lewbel-gmm
⠧ [ FAIL 14 | WARN 3 | SKIP 0 | PASS 754 ] @ lewbel-gmm
⠇ [ FAIL 14 | WARN 3 | SKIP 0 | PASS 754 ] @ lewbel-gmm
⠏ [ FAIL 14 | WARN 3 | SKIP 0 | PASS 754 ] @ lewbel-gmm
⠋ [ FAIL 14 | WARN 3 | SKIP 0 | PASS 754 ] @ lewbel-gmm
⠙ [ FAIL 14 | WARN 3 | SKIP 0 | PASS 754 ] @ lewbel-gmm
⠹ [ FAIL 14 | WARN 3 | SKIP 0 | PASS 754 ] @ lewbel-gmm
⠸ [ FAIL 14 | WARN 3 | SKIP 0 | PASS 754 ] @ lewbel-gmm
⠼ [ FAIL 14 | WARN 3 | SKIP 0 | PASS 754 ] @ lewbel-gmm
⠴ [ FAIL 14 | WARN 3 | SKIP 0 | PASS 754 ] @ lewbel-gmm
⠦ [ FAIL 14 | WARN 3 | SKIP 0 | PASS 754 ] @ lewbel-gmm
⠧ [ FAIL 14 | WARN 3 | SKIP 0 | PASS 754 ] @ lewbel-gmm
⠇ [ FAIL 14 | WARN 3 | SKIP 0 | PASS 754 ] @ lewbel-gmm
⠏ [ FAIL 14 | WARN 3 | SKIP 0 | PASS 754 ] @ lewbel-gmm
⠋ [ FAIL 14 | WARN 3 | SKIP 0 | PASS 754 ] @ lewbel-gmm
⠙ [ FAIL 14 | WARN 3 | SKIP 0 | PASS 754 ] @ lewbel-gmm
⠹ [ FAIL 14 | WARN 3 | SKIP 0 | PASS 754 ] @ lewbel-gmm
⠸ [ FAIL 14 | WARN 3 | SKIP 0 | PASS 754 ] @ lewbel-gmm
⠼ [ FAIL 14 | WARN 3 | SKIP 0 | PASS 754 ] @ lewbel-gmm
⠴ [ FAIL 14 | WARN 3 | SKIP 0 | PASS 754 ] @ lewbel-gmm
⠦ [ FAIL 14 | WARN 3 | SKIP 0 | PASS 754 ] @ lewbel-gmm
⠧ [ FAIL 14 | WARN 3 | SKIP 0 | PASS 754 ] @ lewbel-gmm
⠇ [ FAIL 14 | WARN 3 | SKIP 0 | PASS 754 ] @ lewbel-gmm
⠏ [ FAIL 14 | WARN 3 | SKIP 0 | PASS 754 ] @ lewbel-gmm
⠋ [ FAIL 14 | WARN 3 | SKIP 0 | PASS 754 ] @ lewbel-gmm
⠙ [ FAIL 14 | WARN 3 | SKIP 0 | PASS 754 ] @ lewbel-gmm
⠹ [ FAIL 14 | WARN 3 | SKIP 0 | PASS 754 ] @ lewbel-gmm
⠸ [ FAIL 14 | WARN 3 | SKIP 0 | PASS 754 ] @ lewbel-gmm
⠼ [ FAIL 14 | WARN 3 | SKIP 0 | PASS 754 ] @ lewbel-gmm
⠴ [ FAIL 14 | WARN 3 | SKIP 0 | PASS 754 ] @ lewbel-gmm
⠦ [ FAIL 14 | WARN 3 | SKIP 0 | PASS 754 ] @ lewbel-gmm
⠧ [ FAIL 14 | WARN 3 | SKIP 0 | PASS 754 ] @ lewbel-gmm
⠇ [ FAIL 14 | WARN 3 | SKIP 0 | PASS 754 ] @ lewbel-gmm
⠏ [ FAIL 14 | WARN 3 | SKIP 0 | PASS 754 ] @ lewbel-gmm
⠋ [ FAIL 14 | WARN 3 | SKIP 0 | PASS 754 ] @ lewbel-gmm
⠙ [ FAIL 14 | WARN 3 | SKIP 0 | PASS 754 ] @ lewbel-gmm
⠹ [ FAIL 14 | WARN 3 | SKIP 0 | PASS 754 ] @ lewbel-gmm
⠸ [ FAIL 14 | WARN 3 | SKIP 0 | PASS 754 ] @ lewbel-gmm
⠼ [ FAIL 14 | WARN 3 | SKIP 0 | PASS 754 ] @ lewbel-gmm
⠴ [ FAIL 14 | WARN 3 | SKIP 0 | PASS 754 ] @ lewbel-gmm
⠦ [ FAIL 14 | WARN 3 | SKIP 0 | PASS 754 ] @ lewbel-gmm
⠧ [ FAIL 14 | WARN 3 | SKIP 0 | PASS 754 ] @ lewbel-gmm
⠇ [ FAIL 14 | WARN 3 | SKIP 0 | PASS 754 ] @ lewbel-gmm
⠏ [ FAIL 14 | WARN 3 | SKIP 0 | PASS 754 ] @ lewbel-gmm
⠋ [ FAIL 14 | WARN 3 | SKIP 0 | PASS 754 ] @ lewbel-gmm
⠙ [ FAIL 14 | WARN 3 | SKIP 0 | PASS 754 ] @ lewbel-gmm
⠹ [ FAIL 14 | WARN 3 | SKIP 0 | PASS 754 ] @ lewbel-gmm
⠸ [ FAIL 14 | WARN 3 | SKIP 0 | PASS 754 ] @ lewbel-gmm
⠼ [ FAIL 14 | WARN 3 | SKIP 0 | PASS 754 ] @ lewbel-gmm
⠴ [ FAIL 14 | WARN 3 | SKIP 0 | PASS 754 ] @ lewbel-gmm
⠦ [ FAIL 14 | WARN 3 | SKIP 0 | PASS 754 ] @ lewbel-gmm
⠧ [ FAIL 14 | WARN 3 | SKIP 0 | PASS 754 ] @ lewbel-gmm
⠇ [ FAIL 14 | WARN 3 | SKIP 0 | PASS 754 ] @ lewbel-gmm
⠏ [ FAIL 14 | WARN 3 | SKIP 0 | PASS 754 ] @ lewbel-gmm
⠋ [ FAIL 14 | WARN 3 | SKIP 0 | PASS 754 ] @ lewbel-gmm
⠙ [ FAIL 14 | WARN 3 | SKIP 0 | PASS 754 ] @ lewbel-gmm
⠹ [ FAIL 14 | WARN 3 | SKIP 0 | PASS 754 ] @ lewbel-gmm
⠸ [ FAIL 14 | WARN 3 | SKIP 0 | PASS 754 ] @ lewbel-gmm
⠼ [ FAIL 14 | WARN 3 | SKIP 0 | PASS 754 ] @ lewbel-gmm
⠴ [ FAIL 14 | WARN 3 | SKIP 0 | PASS 754 ] @ lewbel-gmm
⠦ [ FAIL 14 | WARN 3 | SKIP 0 | PASS 754 ] @ lewbel-gmm
⠧ [ FAIL 14 | WARN 3 | SKIP 0 | PASS 754 ] @ lewbel-gmm
⠇ [ FAIL 14 | WARN 3 | SKIP 0 | PASS 754 ] @ lewbel-gmm
⠏ [ FAIL 14 | WARN 3 | SKIP 0 | PASS 754 ] @ lewbel-gmm
⠋ [ FAIL 14 | WARN 3 | SKIP 0 | PASS 754 ] @ lewbel-gmm
⠙ [ FAIL 14 | WARN 3 | SKIP 0 | PASS 754 ] @ lewbel-gmm
⠹ [ FAIL 14 | WARN 3 | SKIP 0 | PASS 754 ] @ lewbel-gmm
⠸ [ FAIL 14 | WARN 3 | SKIP 0 | PASS 754 ] @ lewbel-gmm
⠼ [ FAIL 14 | WARN 3 | SKIP 0 | PASS 754 ] @ lewbel-gmm
⠴ [ FAIL 14 | WARN 3 | SKIP 0 | PASS 754 ] @ lewbel-gmm
⠦ [ FAIL 14 | WARN 3 | SKIP 0 | PASS 754 ] @ lewbel-gmm
⠧ [ FAIL 14 | WARN 3 | SKIP 0 | PASS 754 ] @ lewbel-gmm
⠇ [ FAIL 14 | WARN 3 | SKIP 0 | PASS 754 ] @ lewbel-gmm
⠏ [ FAIL 14 | WARN 3 | SKIP 0 | PASS 754 ] @ lewbel-gmm
⠋ [ FAIL 14 | WARN 3 | SKIP 0 | PASS 754 ] @ lewbel-gmm
⠙ [ FAIL 14 | WARN 3 | SKIP 0 | PASS 754 ] @ lewbel-gmm
⠹ [ FAIL 14 | WARN 3 | SKIP 0 | PASS 754 ] @ lewbel-gmm
⠸ [ FAIL 14 | WARN 3 | SKIP 0 | PASS 754 ] @ lewbel-gmm
⠼ [ FAIL 14 | WARN 3 | SKIP 0 | PASS 754 ] @ lewbel-gmm
⠴ [ FAIL 14 | WARN 3 | SKIP 0 | PASS 754 ] @ lewbel-gmm
⠦ [ FAIL 14 | WARN 3 | SKIP 0 | PASS 754 ] @ lewbel-gmm
⠧ [ FAIL 14 | WARN 3 | SKIP 0 | PASS 754 ] @ lewbel-gmm
⠇ [ FAIL 14 | WARN 3 | SKIP 0 | PASS 754 ] @ lewbel-gmm
⠏ [ FAIL 14 | WARN 3 | SKIP 0 | PASS 754 ] @ lewbel-gmm
⠋ [ FAIL 14 | WARN 3 | SKIP 0 | PASS 754 ] @ lewbel-gmm
⠙ [ FAIL 14 | WARN 3 | SKIP 0 | PASS 754 ] @ lewbel-gmm
⠹ [ FAIL 14 | WARN 3 | SKIP 0 | PASS 754 ] @ lewbel-gmm
⠸ [ FAIL 14 | WARN 3 | SKIP 0 | PASS 754 ] @ lewbel-gmm
⠼ [ FAIL 14 | WARN 3 | SKIP 0 | PASS 754 ] @ lewbel-gmm
⠴ [ FAIL 14 | WARN 3 | SKIP 0 | PASS 754 ] @ lewbel-gmm
⠦ [ FAIL 14 | WARN 3 | SKIP 0 | PASS 754 ] @ lewbel-gmm
⠧ [ FAIL 14 | WARN 3 | SKIP 0 | PASS 754 ] @ lewbel-gmm
⠇ [ FAIL 14 | WARN 3 | SKIP 0 | PASS 754 ] @ lewbel-gmm
⠏ [ FAIL 14 | WARN 3 | SKIP 0 | PASS 754 ] @ lewbel-gmm
⠋ [ FAIL 14 | WARN 3 | SKIP 0 | PASS 754 ] @ lewbel-gmm
⠙ [ FAIL 14 | WARN 3 | SKIP 0 | PASS 754 ] @ lewbel-gmm
⠹ [ FAIL 14 | WARN 3 | SKIP 0 | PASS 754 ] @ lewbel-gmm
⠸ [ FAIL 14 | WARN 3 | SKIP 0 | PASS 754 ] @ lewbel-gmm
⠼ [ FAIL 14 | WARN 3 | SKIP 0 | PASS 754 ] @ lewbel-gmm
⠴ [ FAIL 14 | WARN 3 | SKIP 0 | PASS 754 ] @ lewbel-gmm
⠦ [ FAIL 14 | WARN 3 | SKIP 0 | PASS 754 ] @ lewbel-gmm
⠧ [ FAIL 14 | WARN 3 | SKIP 0 | PASS 754 ] @ lewbel-gmm
⠇ [ FAIL 14 | WARN 3 | SKIP 0 | PASS 754 ] @ lewbel-gmm
⠏ [ FAIL 14 | WARN 3 | SKIP 0 | PASS 754 ] @ lewbel-gmm
⠋ [ FAIL 14 | WARN 3 | SKIP 0 | PASS 754 ] @ lewbel-gmm
⠙ [ FAIL 14 | WARN 3 | SKIP 0 | PASS 754 ] @ lewbel-gmm
⠹ [ FAIL 14 | WARN 3 | SKIP 0 | PASS 754 ] @ lewbel-gmm
⠸ [ FAIL 14 | WARN 3 | SKIP 0 | PASS 754 ] @ lewbel-gmm
⠼ [ FAIL 14 | WARN 3 | SKIP 0 | PASS 754 ] @ lewbel-gmm
⠴ [ FAIL 14 | WARN 3 | SKIP 0 | PASS 754 ] @ lewbel-gmm
⠦ [ FAIL 14 | WARN 3 | SKIP 0 | PASS 754 ] @ lewbel-gmm
⠧ [ FAIL 14 | WARN 3 | SKIP 0 | PASS 754 ] @ lewbel-gmm
⠇ [ FAIL 14 | WARN 3 | SKIP 0 | PASS 754 ] @ lewbel-gmm
⠏ [ FAIL 14 | WARN 3 | SKIP 0 | PASS 754 ] @ lewbel-gmm
⠋ [ FAIL 14 | WARN 3 | SKIP 0 | PASS 754 ] @ lewbel-gmm
⠙ [ FAIL 14 | WARN 3 | SKIP 0 | PASS 754 ] @ lewbel-gmm
⠹ [ FAIL 14 | WARN 3 | SKIP 0 | PASS 754 ] @ lewbel-gmm
⠸ [ FAIL 14 | WARN 3 | SKIP 0 | PASS 754 ] @ lewbel-gmm
⠼ [ FAIL 14 | WARN 3 | SKIP 0 | PASS 754 ] @ lewbel-gmm
⠴ [ FAIL 14 | WARN 3 | SKIP 0 | PASS 754 ] @ lewbel-gmm
⠦ [ FAIL 14 | WARN 3 | SKIP 0 | PASS 754 ] @ lewbel-gmm
⠧ [ FAIL 14 | WARN 3 | SKIP 0 | PASS 754 ] @ lewbel-gmm
⠇ [ FAIL 14 | WARN 3 | SKIP 0 | PASS 754 ] @ lewbel-gmm
⠏ [ FAIL 14 | WARN 3 | SKIP 0 | PASS 754 ] @ lewbel-gmm
⠋ [ FAIL 14 | WARN 3 | SKIP 0 | PASS 754 ] @ lewbel-gmm
⠙ [ FAIL 14 | WARN 3 | SKIP 0 | PASS 754 ] @ lewbel-gmm
⠹ [ FAIL 14 | WARN 3 | SKIP 0 | PASS 754 ] @ lewbel-gmm
⠸ [ FAIL 14 | WARN 3 | SKIP 0 | PASS 754 ] @ lewbel-gmm
⠼ [ FAIL 14 | WARN 3 | SKIP 0 | PASS 754 ] @ lewbel-gmm
⠴ [ FAIL 14 | WARN 3 | SKIP 0 | PASS 754 ] @ lewbel-gmm
⠦ [ FAIL 14 | WARN 3 | SKIP 0 | PASS 754 ] @ lewbel-gmm
⠧ [ FAIL 14 | WARN 3 | SKIP 0 | PASS 754 ] @ lewbel-gmm
⠇ [ FAIL 14 | WARN 3 | SKIP 0 | PASS 754 ] @ lewbel-gmm
⠏ [ FAIL 14 | WARN 3 | SKIP 0 | PASS 754 ] @ lewbel-gmm
⠋ [ FAIL 14 | WARN 3 | SKIP 0 | PASS 754 ] @ lewbel-gmm
⠙ [ FAIL 14 | WARN 3 | SKIP 0 | PASS 754 ] @ lewbel-gmm
⠹ [ FAIL 14 | WARN 3 | SKIP 0 | PASS 754 ] @ lewbel-gmm
⠸ [ FAIL 14 | WARN 3 | SKIP 0 | PASS 754 ] @ lewbel-gmm
⠼ [ FAIL 14 | WARN 3 | SKIP 0 | PASS 754 ] @ lewbel-gmm
⠴ [ FAIL 14 | WARN 3 | SKIP 0 | PASS 754 ] @ lewbel-gmm
⠦ [ FAIL 14 | WARN 3 | SKIP 0 | PASS 754 ] @ lewbel-gmm
⠧ [ FAIL 14 | WARN 3 | SKIP 0 | PASS 754 ] @ lewbel-gmm
⠇ [ FAIL 14 | WARN 3 | SKIP 0 | PASS 754 ] @ lewbel-gmm
⠏ [ FAIL 14 | WARN 3 | SKIP 0 | PASS 754 ] @ lewbel-gmm
⠋ [ FAIL 14 | WARN 3 | SKIP 0 | PASS 754 ] @ lewbel-gmm
⠙ [ FAIL 14 | WARN 3 | SKIP 0 | PASS 754 ] @ lewbel-gmm
⠹ [ FAIL 14 | WARN 3 | SKIP 0 | PASS 754 ] @ lewbel-gmm
⠸ [ FAIL 14 | WARN 3 | SKIP 0 | PASS 754 ] @ lewbel-gmm
⠼ [ FAIL 14 | WARN 3 | SKIP 0 | PASS 754 ] @ lewbel-gmm
⠴ [ FAIL 14 | WARN 3 | SKIP 0 | PASS 754 ] @ lewbel-gmm
⠦ [ FAIL 14 | WARN 3 | SKIP 0 | PASS 754 ] @ lewbel-gmm
⠧ [ FAIL 14 | WARN 3 | SKIP 0 | PASS 754 ] @ lewbel-gmm
⠇ [ FAIL 14 | WARN 3 | SKIP 0 | PASS 754 ] @ lewbel-gmm
⠏ [ FAIL 14 | WARN 3 | SKIP 0 | PASS 754 ] @ lewbel-gmm
⠋ [ FAIL 14 | WARN 3 | SKIP 0 | PASS 754 ] @ lewbel-gmm
⠙ [ FAIL 14 | WARN 3 | SKIP 0 | PASS 754 ] @ lewbel-gmm
⠹ [ FAIL 14 | WARN 3 | SKIP 0 | PASS 754 ] @ lewbel-gmm
⠸ [ FAIL 14 | WARN 3 | SKIP 0 | PASS 754 ] @ lewbel-gmm
⠼ [ FAIL 14 | WARN 3 | SKIP 0 | PASS 754 ] @ lewbel-gmm
⠴ [ FAIL 14 | WARN 3 | SKIP 0 | PASS 754 ] @ lewbel-gmm
⠦ [ FAIL 14 | WARN 3 | SKIP 0 | PASS 754 ] @ lewbel-gmm
⠧ [ FAIL 14 | WARN 3 | SKIP 0 | PASS 754 ] @ lewbel-gmm
⠇ [ FAIL 14 | WARN 3 | SKIP 0 | PASS 754 ] @ lewbel-gmm
⠏ [ FAIL 14 | WARN 3 | SKIP 0 | PASS 754 ] @ lewbel-gmm
⠋ [ FAIL 14 | WARN 3 | SKIP 0 | PASS 754 ] @ lewbel-gmm
⠙ [ FAIL 14 | WARN 3 | SKIP 0 | PASS 754 ] @ lewbel-gmm
⠹ [ FAIL 14 | WARN 3 | SKIP 0 | PASS 754 ] @ lewbel-gmm
⠸ [ FAIL 14 | WARN 3 | SKIP 0 | PASS 754 ] @ lewbel-gmm
⠼ [ FAIL 14 | WARN 3 | SKIP 0 | PASS 754 ] @ lewbel-gmm
⠴ [ FAIL 14 | WARN 3 | SKIP 0 | PASS 754 ] @ lewbel-gmm
⠦ [ FAIL 14 | WARN 3 | SKIP 0 | PASS 754 ] @ lewbel-gmm
⠧ [ FAIL 14 | WARN 3 | SKIP 0 | PASS 754 ] @ lewbel-gmm
⠇ [ FAIL 14 | WARN 3 | SKIP 0 | PASS 754 ] @ lewbel-gmm
⠏ [ FAIL 14 | WARN 3 | SKIP 0 | PASS 754 ] @ lewbel-gmm
⠋ [ FAIL 14 | WARN 3 | SKIP 0 | PASS 754 ] @ lewbel-gmm
⠙ [ FAIL 14 | WARN 3 | SKIP 0 | PASS 754 ] @ lewbel-gmm
⠹ [ FAIL 14 | WARN 3 | SKIP 0 | PASS 754 ] @ lewbel-gmm
⠸ [ FAIL 14 | WARN 3 | SKIP 0 | PASS 754 ] @ lewbel-gmm
⠼ [ FAIL 14 | WARN 3 | SKIP 0 | PASS 754 ] @ lewbel-gmm
⠴ [ FAIL 14 | WARN 3 | SKIP 0 | PASS 754 ] @ lewbel-gmm
⠦ [ FAIL 14 | WARN 3 | SKIP 0 | PASS 754 ] @ lewbel-gmm
⠧ [ FAIL 14 | WARN 3 | SKIP 0 | PASS 754 ] @ lewbel-gmm
⠇ [ FAIL 14 | WARN 3 | SKIP 0 | PASS 754 ] @ lewbel-gmm
⠏ [ FAIL 14 | WARN 3 | SKIP 0 | PASS 754 ] @ lewbel-gmm
⠋ [ FAIL 14 | WARN 3 | SKIP 0 | PASS 754 ] @ lewbel-gmm
⠙ [ FAIL 14 | WARN 3 | SKIP 0 | PASS 754 ] @ lewbel-gmm
⠹ [ FAIL 14 | WARN 3 | SKIP 0 | PASS 754 ] @ lewbel-gmm
⠸ [ FAIL 14 | WARN 3 | SKIP 0 | PASS 754 ] @ lewbel-gmm
⠼ [ FAIL 14 | WARN 3 | SKIP 0 | PASS 754 ] @ lewbel-gmm
⠴ [ FAIL 14 | WARN 3 | SKIP 0 | PASS 754 ] @ lewbel-gmm
⠦ [ FAIL 14 | WARN 3 | SKIP 0 | PASS 754 ] @ lewbel-gmm
⠧ [ FAIL 14 | WARN 3 | SKIP 0 | PASS 754 ] @ lewbel-gmm
⠇ [ FAIL 14 | WARN 3 | SKIP 0 | PASS 754 ] @ lewbel-gmm
⠏ [ FAIL 14 | WARN 3 | SKIP 0 | PASS 754 ] @ lewbel-gmm
⠋ [ FAIL 14 | WARN 3 | SKIP 0 | PASS 754 ] @ lewbel-gmm
⠙ [ FAIL 14 | WARN 3 | SKIP 0 | PASS 754 ] @ lewbel-gmm
⠹ [ FAIL 14 | WARN 3 | SKIP 0 | PASS 754 ] @ lewbel-gmm
⠸ [ FAIL 14 | WARN 3 | SKIP 0 | PASS 754 ] @ lewbel-gmm
⠼ [ FAIL 14 | WARN 3 | SKIP 0 | PASS 754 ] @ lewbel-gmm
⠴ [ FAIL 14 | WARN 3 | SKIP 0 | PASS 754 ] @ lewbel-gmm
⠦ [ FAIL 14 | WARN 3 | SKIP 0 | PASS 754 ] @ lewbel-gmm
⠧ [ FAIL 14 | WARN 3 | SKIP 0 | PASS 754 ] @ lewbel-gmm
⠇ [ FAIL 14 | WARN 3 | SKIP 0 | PASS 754 ] @ lewbel-gmm
⠏ [ FAIL 14 | WARN 3 | SKIP 0 | PASS 754 ] @ lewbel-gmm
⠋ [ FAIL 14 | WARN 3 | SKIP 0 | PASS 754 ] @ lewbel-gmm
⠙ [ FAIL 14 | WARN 3 | SKIP 0 | PASS 754 ] @ lewbel-gmm
⠹ [ FAIL 14 | WARN 3 | SKIP 0 | PASS 754 ] @ lewbel-gmm
⠸ [ FAIL 14 | WARN 3 | SKIP 0 | PASS 754 ] @ lewbel-gmm
⠼ [ FAIL 14 | WARN 3 | SKIP 0 | PASS 754 ] @ lewbel-gmm
⠴ [ FAIL 14 | WARN 3 | SKIP 0 | PASS 754 ] @ lewbel-gmm
⠦ [ FAIL 14 | WARN 3 | SKIP 0 | PASS 754 ] @ lewbel-gmm
⠧ [ FAIL 14 | WARN 3 | SKIP 0 | PASS 754 ] @ lewbel-gmm
⠇ [ FAIL 14 | WARN 3 | SKIP 0 | PASS 754 ] @ lewbel-gmm
⠏ [ FAIL 14 | WARN 3 | SKIP 0 | PASS 754 ] @ lewbel-gmm
⠋ [ FAIL 14 | WARN 3 | SKIP 0 | PASS 754 ] @ lewbel-gmm
⠙ [ FAIL 14 | WARN 3 | SKIP 0 | PASS 754 ] @ lewbel-gmm
⠹ [ FAIL 14 | WARN 3 | SKIP 0 | PASS 754 ] @ lewbel-gmm
⠸ [ FAIL 14 | WARN 3 | SKIP 0 | PASS 754 ] @ lewbel-gmm
⠼ [ FAIL 14 | WARN 3 | SKIP 0 | PASS 754 ] @ lewbel-gmm
⠴ [ FAIL 14 | WARN 3 | SKIP 0 | PASS 754 ] @ lewbel-gmm
⠦ [ FAIL 14 | WARN 3 | SKIP 0 | PASS 754 ] @ lewbel-gmm
⠧ [ FAIL 14 | WARN 3 | SKIP 0 | PASS 754 ] @ lewbel-gmm
⠇ [ FAIL 14 | WARN 3 | SKIP 0 | PASS 754 ] @ lewbel-gmm
⠏ [ FAIL 14 | WARN 3 | SKIP 0 | PASS 754 ] @ lewbel-gmm
⠋ [ FAIL 14 | WARN 3 | SKIP 0 | PASS 754 ] @ lewbel-gmm
⠙ [ FAIL 14 | WARN 3 | SKIP 0 | PASS 754 ] @ lewbel-gmm
⠹ [ FAIL 14 | WARN 3 | SKIP 0 | PASS 754 ] @ lewbel-gmm
⠸ [ FAIL 14 | WARN 3 | SKIP 0 | PASS 754 ] @ lewbel-gmm
⠼ [ FAIL 14 | WARN 3 | SKIP 0 | PASS 754 ] @ lewbel-gmm
⠴ [ FAIL 14 | WARN 3 | SKIP 0 | PASS 754 ] @ lewbel-gmm
⠦ [ FAIL 14 | WARN 3 | SKIP 0 | PASS 754 ] @ lewbel-gmm
⠧ [ FAIL 14 | WARN 3 | SKIP 0 | PASS 754 ] @ lewbel-gmm
⠇ [ FAIL 14 | WARN 3 | SKIP 0 | PASS 754 ] @ lewbel-gmm
⠏ [ FAIL 14 | WARN 3 | SKIP 0 | PASS 754 ] @ lewbel-gmm
⠋ [ FAIL 14 | WARN 3 | SKIP 0 | PASS 754 ] @ lewbel-gmm
⠙ [ FAIL 14 | WARN 3 | SKIP 0 | PASS 754 ] @ lewbel-gmm
⠹ [ FAIL 14 | WARN 3 | SKIP 0 | PASS 754 ] @ lewbel-gmm
⠸ [ FAIL 14 | WARN 3 | SKIP 0 | PASS 754 ] @ lewbel-gmm
⠼ [ FAIL 14 | WARN 3 | SKIP 0 | PASS 754 ] @ lewbel-gmm
⠴ [ FAIL 14 | WARN 3 | SKIP 0 | PASS 754 ] @ lewbel-gmm
⠦ [ FAIL 14 | WARN 3 | SKIP 0 | PASS 754 ] @ lewbel-gmm
⠧ [ FAIL 14 | WARN 3 | SKIP 0 | PASS 754 ] @ lewbel-gmm
⠇ [ FAIL 14 | WARN 3 | SKIP 0 | PASS 754 ] @ lewbel-gmm
⠏ [ FAIL 14 | WARN 3 | SKIP 0 | PASS 754 ] @ lewbel-gmm
⠋ [ FAIL 14 | WARN 3 | SKIP 0 | PASS 754 ] @ lewbel-gmm
⠙ [ FAIL 14 | WARN 3 | SKIP 0 | PASS 754 ] @ lewbel-gmm
⠹ [ FAIL 14 | WARN 3 | SKIP 0 | PASS 754 ] @ lewbel-gmm
⠸ [ FAIL 14 | WARN 3 | SKIP 0 | PASS 754 ] @ lewbel-gmm
⠼ [ FAIL 14 | WARN 3 | SKIP 0 | PASS 754 ] @ lewbel-gmm
⠴ [ FAIL 14 | WARN 3 | SKIP 0 | PASS 754 ] @ lewbel-gmm
⠦ [ FAIL 14 | WARN 3 | SKIP 0 | PASS 754 ] @ lewbel-gmm
⠧ [ FAIL 14 | WARN 3 | SKIP 0 | PASS 754 ] @ lewbel-gmm
⠇ [ FAIL 14 | WARN 3 | SKIP 0 | PASS 754 ] @ lewbel-gmm
⠏ [ FAIL 14 | WARN 3 | SKIP 0 | PASS 754 ] @ lewbel-gmm
⠋ [ FAIL 14 | WARN 3 | SKIP 0 | PASS 754 ] @ lewbel-gmm
⠙ [ FAIL 14 | WARN 3 | SKIP 0 | PASS 754 ] @ lewbel-gmm
⠹ [ FAIL 14 | WARN 3 | SKIP 0 | PASS 754 ] @ lewbel-gmm
⠸ [ FAIL 14 | WARN 3 | SKIP 0 | PASS 754 ] @ lewbel-gmm
⠼ [ FAIL 14 | WARN 3 | SKIP 0 | PASS 754 ] @ lewbel-gmm
⠴ [ FAIL 14 | WARN 3 | SKIP 0 | PASS 754 ] @ lewbel-gmm
⠦ [ FAIL 14 | WARN 3 | SKIP 0 | PASS 754 ] @ lewbel-gmm
⠧ [ FAIL 14 | WARN 3 | SKIP 0 | PASS 754 ] @ lewbel-gmm
⠇ [ FAIL 14 | WARN 3 | SKIP 0 | PASS 754 ] @ lewbel-gmm
⠏ [ FAIL 14 | WARN 3 | SKIP 0 | PASS 754 ] @ lewbel-gmm
⠋ [ FAIL 14 | WARN 3 | SKIP 0 | PASS 754 ] @ lewbel-gmm
⠙ [ FAIL 14 | WARN 3 | SKIP 0 | PASS 754 ] @ lewbel-gmm
⠹ [ FAIL 14 | WARN 3 | SKIP 0 | PASS 754 ] @ lewbel-gmm
⠸ [ FAIL 14 | WARN 3 | SKIP 0 | PASS 754 ] @ lewbel-gmm
⠼ [ FAIL 14 | WARN 3 | SKIP 0 | PASS 754 ] @ lewbel-gmm
⠴ [ FAIL 14 | WARN 3 | SKIP 0 | PASS 754 ] @ lewbel-gmm
⠦ [ FAIL 14 | WARN 3 | SKIP 0 | PASS 754 ] @ lewbel-gmm
⠧ [ FAIL 14 | WARN 3 | SKIP 0 | PASS 754 ] @ lewbel-gmm
⠇ [ FAIL 14 | WARN 3 | SKIP 0 | PASS 754 ] @ lewbel-gmm
⠏ [ FAIL 14 | WARN 3 | SKIP 0 | PASS 754 ] @ lewbel-gmm
⠋ [ FAIL 14 | WARN 3 | SKIP 0 | PASS 754 ] @ lewbel-gmm
⠙ [ FAIL 14 | WARN 3 | SKIP 0 | PASS 754 ] @ lewbel-gmm
⠹ [ FAIL 14 | WARN 3 | SKIP 0 | PASS 754 ] @ lewbel-gmm
⠸ [ FAIL 14 | WARN 3 | SKIP 0 | PASS 754 ] @ lewbel-gmm
⠼ [ FAIL 14 | WARN 3 | SKIP 0 | PASS 754 ] @ lewbel-gmm
⠴ [ FAIL 14 | WARN 3 | SKIP 0 | PASS 754 ] @ lewbel-gmm
⠦ [ FAIL 14 | WARN 3 | SKIP 0 | PASS 754 ] @ lewbel-gmm
⠧ [ FAIL 14 | WARN 3 | SKIP 0 | PASS 754 ] @ lewbel-gmm
⠇ [ FAIL 14 | WARN 3 | SKIP 0 | PASS 754 ] @ lewbel-gmm
⠏ [ FAIL 14 | WARN 3 | SKIP 0 | PASS 754 ] @ lewbel-gmm
⠋ [ FAIL 14 | WARN 3 | SKIP 0 | PASS 754 ] @ lewbel-gmm
⠙ [ FAIL 14 | WARN 3 | SKIP 0 | PASS 754 ] @ lewbel-gmm
⠹ [ FAIL 14 | WARN 3 | SKIP 0 | PASS 754 ] @ lewbel-gmm
⠸ [ FAIL 14 | WARN 3 | SKIP 0 | PASS 754 ] @ lewbel-gmm
⠼ [ FAIL 14 | WARN 3 | SKIP 0 | PASS 754 ] @ lewbel-gmm
⠴ [ FAIL 14 | WARN 3 | SKIP 0 | PASS 754 ] @ lewbel-gmm
⠦ [ FAIL 14 | WARN 3 | SKIP 0 | PASS 754 ] @ lewbel-gmm
⠧ [ FAIL 14 | WARN 3 | SKIP 0 | PASS 754 ] @ lewbel-gmm
⠇ [ FAIL 14 | WARN 3 | SKIP 0 | PASS 754 ] @ lewbel-gmm
⠏ [ FAIL 14 | WARN 3 | SKIP 0 | PASS 754 ] @ lewbel-gmm
⠋ [ FAIL 14 | WARN 3 | SKIP 0 | PASS 754 ] @ lewbel-gmm
⠙ [ FAIL 14 | WARN 3 | SKIP 0 | PASS 754 ] @ lewbel-gmm
⠹ [ FAIL 14 | WARN 3 | SKIP 0 | PASS 754 ] @ lewbel-gmm
⠸ [ FAIL 14 | WARN 3 | SKIP 0 | PASS 754 ] @ lewbel-gmm
⠼ [ FAIL 14 | WARN 3 | SKIP 0 | PASS 754 ] @ lewbel-gmm
⠴ [ FAIL 14 | WARN 3 | SKIP 0 | PASS 754 ] @ lewbel-gmm
⠦ [ FAIL 14 | WARN 3 | SKIP 0 | PASS 754 ] @ lewbel-gmm
⠧ [ FAIL 14 | WARN 3 | SKIP 0 | PASS 754 ] @ lewbel-gmm
⠇ [ FAIL 14 | WARN 3 | SKIP 0 | PASS 754 ] @ lewbel-gmm
⠏ [ FAIL 14 | WARN 3 | SKIP 0 | PASS 754 ] @ lewbel-gmm
⠋ [ FAIL 14 | WARN 3 | SKIP 0 | PASS 754 ] @ lewbel-gmm
⠙ [ FAIL 14 | WARN 3 | SKIP 0 | PASS 754 ] @ lewbel-gmm
⠹ [ FAIL 14 | WARN 3 | SKIP 0 | PASS 754 ] @ lewbel-gmm
⠸ [ FAIL 14 | WARN 3 | SKIP 0 | PASS 754 ] @ lewbel-gmm
⠼ [ FAIL 14 | WARN 3 | SKIP 0 | PASS 754 ] @ lewbel-gmm
⠴ [ FAIL 14 | WARN 3 | SKIP 0 | PASS 754 ] @ lewbel-gmm
⠦ [ FAIL 14 | WARN 3 | SKIP 0 | PASS 754 ] @ lewbel-gmm
⠧ [ FAIL 14 | WARN 3 | SKIP 0 | PASS 754 ] @ lewbel-gmm
⠇ [ FAIL 14 | WARN 3 | SKIP 0 | PASS 754 ] @ lewbel-gmm
⠏ [ FAIL 14 | WARN 3 | SKIP 0 | PASS 754 ] @ lewbel-gmm
⠋ [ FAIL 14 | WARN 3 | SKIP 0 | PASS 754 ] @ lewbel-gmm
⠙ [ FAIL 14 | WARN 3 | SKIP 0 | PASS 754 ] @ lewbel-gmm
⠹ [ FAIL 14 | WARN 3 | SKIP 0 | PASS 754 ] @ lewbel-gmm
⠸ [ FAIL 14 | WARN 3 | SKIP 0 | PASS 754 ] @ lewbel-gmm
⠼ [ FAIL 14 | WARN 3 | SKIP 0 | PASS 754 ] @ lewbel-gmm
⠴ [ FAIL 14 | WARN 3 | SKIP 0 | PASS 754 ] @ lewbel-gmm
⠦ [ FAIL 14 | WARN 3 | SKIP 0 | PASS 754 ] @ lewbel-gmm
⠧ [ FAIL 14 | WARN 3 | SKIP 0 | PASS 754 ] @ lewbel-gmm
⠇ [ FAIL 14 | WARN 3 | SKIP 0 | PASS 754 ] @ lewbel-gmm
⠏ [ FAIL 14 | WARN 3 | SKIP 0 | PASS 754 ] @ lewbel-gmm
⠋ [ FAIL 14 | WARN 3 | SKIP 0 | PASS 754 ] @ lewbel-gmm
⠙ [ FAIL 14 | WARN 3 | SKIP 0 | PASS 754 ] @ lewbel-gmm
⠹ [ FAIL 14 | WARN 3 | SKIP 0 | PASS 754 ] @ lewbel-gmm
⠸ [ FAIL 14 | WARN 3 | SKIP 0 | PASS 754 ] @ lewbel-gmm
⠼ [ FAIL 14 | WARN 3 | SKIP 0 | PASS 754 ] @ lewbel-gmm
⠴ [ FAIL 14 | WARN 3 | SKIP 0 | PASS 754 ] @ lewbel-gmm
⠦ [ FAIL 14 | WARN 3 | SKIP 0 | PASS 754 ] @ lewbel-gmm
⠧ [ FAIL 14 | WARN 3 | SKIP 0 | PASS 754 ] @ lewbel-gmm
⠇ [ FAIL 14 | WARN 3 | SKIP 0 | PASS 754 ] @ lewbel-gmm
⠏ [ FAIL 14 | WARN 3 | SKIP 0 | PASS 754 ] @ lewbel-gmm
⠋ [ FAIL 14 | WARN 3 | SKIP 0 | PASS 754 ] @ lewbel-gmm
⠙ [ FAIL 14 | WARN 3 | SKIP 0 | PASS 754 ] @ lewbel-gmm
⠹ [ FAIL 14 | WARN 3 | SKIP 0 | PASS 754 ] @ lewbel-gmm
⠸ [ FAIL 14 | WARN 3 | SKIP 0 | PASS 754 ] @ lewbel-gmm
⠼ [ FAIL 14 | WARN 3 | SKIP 0 | PASS 754 ] @ lewbel-gmm
⠴ [ FAIL 14 | WARN 3 | SKIP 0 | PASS 754 ] @ lewbel-gmm
⠦ [ FAIL 14 | WARN 3 | SKIP 0 | PASS 754 ] @ lewbel-gmm
⠧ [ FAIL 14 | WARN 3 | SKIP 0 | PASS 754 ] @ lewbel-gmm
⠇ [ FAIL 14 | WARN 3 | SKIP 0 | PASS 754 ] @ lewbel-gmm
⠏ [ FAIL 14 | WARN 3 | SKIP 0 | PASS 754 ] @ lewbel-gmm
⠋ [ FAIL 14 | WARN 3 | SKIP 0 | PASS 754 ] @ lewbel-gmm
⠙ [ FAIL 14 | WARN 3 | SKIP 0 | PASS 754 ] @ lewbel-gmm
⠹ [ FAIL 14 | WARN 3 | SKIP 0 | PASS 754 ] @ lewbel-gmm
⠸ [ FAIL 14 | WARN 3 | SKIP 0 | PASS 754 ] @ lewbel-gmm
⠼ [ FAIL 14 | WARN 3 | SKIP 0 | PASS 754 ] @ lewbel-gmm
⠴ [ FAIL 14 | WARN 3 | SKIP 0 | PASS 754 ] @ lewbel-gmm
⠦ [ FAIL 14 | WARN 3 | SKIP 0 | PASS 754 ] @ lewbel-gmm
⠧ [ FAIL 14 | WARN 3 | SKIP 0 | PASS 754 ] @ lewbel-gmm
⠇ [ FAIL 14 | WARN 3 | SKIP 0 | PASS 754 ] @ lewbel-gmm
⠏ [ FAIL 14 | WARN 3 | SKIP 0 | PASS 754 ] @ lewbel-gmm
⠋ [ FAIL 14 | WARN 3 | SKIP 0 | PASS 754 ] @ lewbel-gmm
⠙ [ FAIL 14 | WARN 3 | SKIP 0 | PASS 754 ] @ lewbel-gmm
⠹ [ FAIL 14 | WARN 3 | SKIP 0 | PASS 754 ] @ lewbel-gmm
⠸ [ FAIL 14 | WARN 3 | SKIP 0 | PASS 754 ] @ lewbel-gmm
⠼ [ FAIL 14 | WARN 3 | SKIP 0 | PASS 754 ] @ lewbel-gmm
⠴ [ FAIL 14 | WARN 3 | SKIP 0 | PASS 754 ] @ lewbel-gmm
⠦ [ FAIL 14 | WARN 3 | SKIP 0 | PASS 754 ] @ lewbel-gmm
⠧ [ FAIL 14 | WARN 3 | SKIP 0 | PASS 754 ] @ lewbel-gmm
⠇ [ FAIL 14 | WARN 3 | SKIP 0 | PASS 754 ] @ lewbel-gmm
⠏ [ FAIL 14 | WARN 3 | SKIP 0 | PASS 754 ] @ lewbel-gmm
⠋ [ FAIL 14 | WARN 3 | SKIP 0 | PASS 754 ] @ lewbel-gmm
⠙ [ FAIL 14 | WARN 3 | SKIP 0 | PASS 754 ] @ lewbel-gmm
⠹ [ FAIL 14 | WARN 3 | SKIP 0 | PASS 754 ] @ lewbel-gmm
⠸ [ FAIL 14 | WARN 3 | SKIP 0 | PASS 754 ] @ lewbel-gmm
⠼ [ FAIL 14 | WARN 3 | SKIP 0 | PASS 754 ] @ lewbel-gmm
⠴ [ FAIL 14 | WARN 3 | SKIP 0 | PASS 754 ] @ lewbel-gmm
⠦ [ FAIL 14 | WARN 3 | SKIP 0 | PASS 754 ] @ lewbel-gmm
⠧ [ FAIL 14 | WARN 3 | SKIP 0 | PASS 754 ] @ lewbel-gmm
⠇ [ FAIL 14 | WARN 3 | SKIP 0 | PASS 754 ] @ lewbel-gmm
⠏ [ FAIL 14 | WARN 3 | SKIP 0 | PASS 754 ] @ lewbel-gmm
⠋ [ FAIL 14 | WARN 3 | SKIP 0 | PASS 754 ] @ lewbel-gmm
⠙ [ FAIL 14 | WARN 3 | SKIP 0 | PASS 754 ] @ lewbel-gmm
⠹ [ FAIL 14 | WARN 3 | SKIP 0 | PASS 754 ] @ lewbel-gmm
⠸ [ FAIL 14 | WARN 3 | SKIP 0 | PASS 754 ] @ lewbel-gmm
⠼ [ FAIL 14 | WARN 3 | SKIP 0 | PASS 754 ] @ lewbel-gmm
⠴ [ FAIL 14 | WARN 3 | SKIP 0 | PASS 754 ] @ lewbel-gmm
⠦ [ FAIL 14 | WARN 3 | SKIP 0 | PASS 754 ] @ lewbel-gmm
⠧ [ FAIL 14 | WARN 3 | SKIP 0 | PASS 754 ] @ lewbel-gmm
⠇ [ FAIL 14 | WARN 3 | SKIP 0 | PASS 754 ] @ lewbel-gmm
⠏ [ FAIL 14 | WARN 3 | SKIP 0 | PASS 754 ] @ lewbel-gmm
⠋ [ FAIL 14 | WARN 3 | SKIP 0 | PASS 754 ] @ lewbel-gmm
⠙ [ FAIL 14 | WARN 3 | SKIP 0 | PASS 754 ] @ lewbel-gmm
⠹ [ FAIL 14 | WARN 3 | SKIP 0 | PASS 754 ] @ lewbel-gmm
⠸ [ FAIL 14 | WARN 3 | SKIP 0 | PASS 754 ] @ lewbel-gmm
⠼ [ FAIL 14 | WARN 3 | SKIP 0 | PASS 754 ] @ lewbel-gmm
⠴ [ FAIL 14 | WARN 3 | SKIP 0 | PASS 754 ] @ lewbel-gmm
⠦ [ FAIL 14 | WARN 3 | SKIP 0 | PASS 754 ] @ lewbel-gmm
⠧ [ FAIL 14 | WARN 3 | SKIP 0 | PASS 754 ] @ lewbel-gmm
⠇ [ FAIL 14 | WARN 3 | SKIP 0 | PASS 754 ] @ lewbel-gmm
⠏ [ FAIL 14 | WARN 3 | SKIP 0 | PASS 754 ] @ lewbel-gmm
⠋ [ FAIL 14 | WARN 3 | SKIP 0 | PASS 754 ] @ lewbel-gmm
⠙ [ FAIL 14 | WARN 3 | SKIP 0 | PASS 754 ] @ lewbel-gmm
⠹ [ FAIL 14 | WARN 3 | SKIP 0 | PASS 754 ] @ lewbel-gmm
⠸ [ FAIL 14 | WARN 3 | SKIP 0 | PASS 754 ] @ lewbel-gmm
⠼ [ FAIL 14 | WARN 3 | SKIP 0 | PASS 754 ] @ lewbel-gmm
⠴ [ FAIL 14 | WARN 3 | SKIP 0 | PASS 754 ] @ lewbel-gmm
⠦ [ FAIL 14 | WARN 3 | SKIP 0 | PASS 754 ] @ lewbel-gmm
⠧ [ FAIL 14 | WARN 3 | SKIP 0 | PASS 754 ] @ lewbel-gmm
⠇ [ FAIL 14 | WARN 3 | SKIP 0 | PASS 754 ] @ lewbel-gmm
⠏ [ FAIL 14 | WARN 3 | SKIP 0 | PASS 754 ] @ lewbel-gmm
⠋ [ FAIL 14 | WARN 3 | SKIP 0 | PASS 754 ] @ lewbel-gmm
⠙ [ FAIL 14 | WARN 3 | SKIP 0 | PASS 754 ] @ lewbel-gmm
⠹ [ FAIL 14 | WARN 3 | SKIP 0 | PASS 754 ] @ lewbel-gmm
⠸ [ FAIL 14 | WARN 3 | SKIP 0 | PASS 754 ] @ lewbel-gmm
⠼ [ FAIL 14 | WARN 3 | SKIP 0 | PASS 754 ] @ lewbel-gmm
⠴ [ FAIL 14 | WARN 3 | SKIP 0 | PASS 754 ] @ lewbel-gmm
⠦ [ FAIL 14 | WARN 3 | SKIP 0 | PASS 754 ] @ lewbel-gmm
⠧ [ FAIL 14 | WARN 3 | SKIP 0 | PASS 754 ] @ lewbel-gmm
⠇ [ FAIL 14 | WARN 3 | SKIP 0 | PASS 754 ] @ lewbel-gmm
⠏ [ FAIL 14 | WARN 3 | SKIP 0 | PASS 754 ] @ lewbel-gmm
⠋ [ FAIL 14 | WARN 3 | SKIP 0 | PASS 754 ] @ lewbel-gmm
⠙ [ FAIL 14 | WARN 3 | SKIP 0 | PASS 754 ] @ lewbel-gmm
⠹ [ FAIL 14 | WARN 3 | SKIP 0 | PASS 754 ] @ lewbel-gmm
⠸ [ FAIL 14 | WARN 3 | SKIP 0 | PASS 754 ] @ lewbel-gmm
⠼ [ FAIL 14 | WARN 3 | SKIP 0 | PASS 754 ] @ lewbel-gmm
⠴ [ FAIL 14 | WARN 3 | SKIP 0 | PASS 754 ] @ lewbel-gmm
⠦ [ FAIL 14 | WARN 3 | SKIP 0 | PASS 754 ] @ lewbel-gmm
⠧ [ FAIL 14 | WARN 3 | SKIP 0 | PASS 754 ] @ lewbel-gmm
⠇ [ FAIL 14 | WARN 3 | SKIP 0 | PASS 754 ] @ lewbel-gmm
⠏ [ FAIL 14 | WARN 3 | SKIP 0 | PASS 754 ] @ lewbel-gmm
⠋ [ FAIL 14 | WARN 3 | SKIP 0 | PASS 754 ] @ lewbel-gmm
⠙ [ FAIL 14 | WARN 3 | SKIP 0 | PASS 754 ] @ lewbel-gmm
⠹ [ FAIL 14 | WARN 3 | SKIP 0 | PASS 754 ] @ lewbel-gmm
⠸ [ FAIL 14 | WARN 3 | SKIP 0 | PASS 754 ] @ lewbel-gmm
⠼ [ FAIL 14 | WARN 3 | SKIP 0 | PASS 754 ] @ lewbel-gmm
⠴ [ FAIL 14 | WARN 3 | SKIP 0 | PASS 754 ] @ lewbel-gmm
⠦ [ FAIL 14 | WARN 3 | SKIP 0 | PASS 754 ] @ lewbel-gmm
⠧ [ FAIL 14 | WARN 3 | SKIP 0 | PASS 754 ] @ lewbel-gmm
⠇ [ FAIL 14 | WARN 3 | SKIP 0 | PASS 754 ] @ lewbel-gmm
⠏ [ FAIL 14 | WARN 3 | SKIP 0 | PASS 754 ] @ lewbel-gmm
⠋ [ FAIL 14 | WARN 3 | SKIP 0 | PASS 754 ] @ lewbel-gmm
⠙ [ FAIL 14 | WARN 3 | SKIP 0 | PASS 754 ] @ lewbel-gmm
⠹ [ FAIL 14 | WARN 3 | SKIP 0 | PASS 754 ] @ lewbel-gmm
⠸ [ FAIL 14 | WARN 3 | SKIP 0 | PASS 754 ] @ lewbel-gmm
⠼ [ FAIL 14 | WARN 3 | SKIP 0 | PASS 754 ] @ lewbel-gmm
⠴ [ FAIL 14 | WARN 3 | SKIP 0 | PASS 754 ] @ lewbel-gmm
⠦ [ FAIL 14 | WARN 3 | SKIP 0 | PASS 754 ] @ lewbel-gmm
⠧ [ FAIL 14 | WARN 3 | SKIP 0 | PASS 754 ] @ lewbel-gmm
⠇ [ FAIL 14 | WARN 3 | SKIP 0 | PASS 754 ] @ lewbel-gmm
⠏ [ FAIL 14 | WARN 3 | SKIP 0 | PASS 754 ] @ lewbel-gmm
⠋ [ FAIL 14 | WARN 3 | SKIP 0 | PASS 754 ] @ lewbel-gmm
⠙ [ FAIL 14 | WARN 3 | SKIP 0 | PASS 754 ] @ lewbel-gmm
⠹ [ FAIL 14 | WARN 3 | SKIP 0 | PASS 754 ] @ lewbel-gmm
⠸ [ FAIL 14 | WARN 3 | SKIP 0 | PASS 754 ] @ lewbel-gmm
⠼ [ FAIL 14 | WARN 3 | SKIP 0 | PASS 754 ] @ lewbel-gmm
⠴ [ FAIL 14 | WARN 3 | SKIP 0 | PASS 754 ] @ lewbel-gmm
⠦ [ FAIL 14 | WARN 3 | SKIP 0 | PASS 754 ] @ lewbel-gmm
⠧ [ FAIL 14 | WARN 3 | SKIP 0 | PASS 754 ] @ lewbel-gmm
⠇ [ FAIL 14 | WARN 3 | SKIP 0 | PASS 754 ] @ lewbel-gmm
⠏ [ FAIL 14 | WARN 3 | SKIP 0 | PASS 754 ] @ lewbel-gmm
⠋ [ FAIL 14 | WARN 3 | SKIP 0 | PASS 754 ] @ lewbel-gmm
⠙ [ FAIL 14 | WARN 3 | SKIP 0 | PASS 754 ] @ lewbel-gmm
⠹ [ FAIL 14 | WARN 3 | SKIP 0 | PASS 754 ] @ lewbel-gmm
⠸ [ FAIL 14 | WARN 3 | SKIP 0 | PASS 754 ] @ lewbel-gmm
⠼ [ FAIL 14 | WARN 3 | SKIP 0 | PASS 754 ] @ lewbel-gmm
⠴ [ FAIL 14 | WARN 3 | SKIP 0 | PASS 754 ] @ lewbel-gmm
⠦ [ FAIL 14 | WARN 3 | SKIP 0 | PASS 754 ] @ lewbel-gmm
⠧ [ FAIL 14 | WARN 3 | SKIP 0 | PASS 754 ] @ lewbel-gmm
⠇ [ FAIL 14 | WARN 3 | SKIP 0 | PASS 754 ] @ lewbel-gmm
⠏ [ FAIL 14 | WARN 3 | SKIP 0 | PASS 754 ] @ lewbel-gmm
⠋ [ FAIL 14 | WARN 3 | SKIP 0 | PASS 754 ] @ lewbel-gmm
⠙ [ FAIL 14 | WARN 3 | SKIP 0 | PASS 754 ] @ lewbel-gmm
⠹ [ FAIL 14 | WARN 3 | SKIP 0 | PASS 754 ] @ lewbel-gmm
⠸ [ FAIL 14 | WARN 3 | SKIP 0 | PASS 754 ] @ lewbel-gmm
⠼ [ FAIL 14 | WARN 3 | SKIP 0 | PASS 754 ] @ lewbel-gmm
⠴ [ FAIL 14 | WARN 3 | SKIP 0 | PASS 754 ] @ lewbel-gmm
⠦ [ FAIL 14 | WARN 3 | SKIP 0 | PASS 754 ] @ lewbel-gmm
⠧ [ FAIL 14 | WARN 3 | SKIP 0 | PASS 754 ] @ lewbel-gmm
⠇ [ FAIL 14 | WARN 3 | SKIP 0 | PASS 754 ] @ lewbel-gmm
⠏ [ FAIL 14 | WARN 3 | SKIP 0 | PASS 754 ] @ lewbel-gmm
⠋ [ FAIL 14 | WARN 3 | SKIP 0 | PASS 754 ] @ lewbel-gmm
⠙ [ FAIL 14 | WARN 3 | SKIP 0 | PASS 754 ] @ lewbel-gmm
⠹ [ FAIL 14 | WARN 3 | SKIP 0 | PASS 754 ] @ lewbel-gmm
⠸ [ FAIL 14 | WARN 3 | SKIP 0 | PASS 754 ] @ lewbel-gmm
⠼ [ FAIL 14 | WARN 3 | SKIP 0 | PASS 754 ] @ lewbel-gmm
⠴ [ FAIL 14 | WARN 3 | SKIP 0 | PASS 754 ] @ lewbel-gmm
⠦ [ FAIL 14 | WARN 3 | SKIP 0 | PASS 754 ] @ lewbel-gmm
⠧ [ FAIL 14 | WARN 3 | SKIP 0 | PASS 754 ] @ lewbel-gmm
⠇ [ FAIL 14 | WARN 3 | SKIP 0 | PASS 754 ] @ lewbel-gmm
⠏ [ FAIL 14 | WARN 3 | SKIP 0 | PASS 754 ] @ lewbel-gmm
⠋ [ FAIL 14 | WARN 3 | SKIP 0 | PASS 754 ] @ lewbel-gmm
⠙ [ FAIL 14 | WARN 3 | SKIP 0 | PASS 754 ] @ lewbel-gmm
⠹ [ FAIL 14 | WARN 3 | SKIP 0 | PASS 754 ] @ lewbel-gmm
⠸ [ FAIL 14 | WARN 3 | SKIP 0 | PASS 754 ] @ lewbel-gmm
⠼ [ FAIL 14 | WARN 3 | SKIP 0 | PASS 754 ] @ lewbel-gmm
⠴ [ FAIL 14 | WARN 3 | SKIP 0 | PASS 754 ] @ lewbel-gmm
⠦ [ FAIL 14 | WARN 3 | SKIP 0 | PASS 754 ] @ lewbel-gmm
⠧ [ FAIL 14 | WARN 3 | SKIP 0 | PASS 754 ] @ lewbel-gmm
⠇ [ FAIL 14 | WARN 3 | SKIP 0 | PASS 754 ] @ lewbel-gmm
⠏ [ FAIL 14 | WARN 3 | SKIP 0 | PASS 754 ] @ lewbel-gmm
⠋ [ FAIL 14 | WARN 3 | SKIP 0 | PASS 754 ] @ lewbel-gmm
⠙ [ FAIL 14 | WARN 3 | SKIP 0 | PASS 754 ] @ lewbel-gmm
⠹ [ FAIL 14 | WARN 3 | SKIP 0 | PASS 754 ] @ lewbel-gmm
⠸ [ FAIL 14 | WARN 3 | SKIP 0 | PASS 754 ] @ lewbel-gmm
⠼ [ FAIL 14 | WARN 3 | SKIP 0 | PASS 754 ] @ lewbel-gmm
⠴ [ FAIL 14 | WARN 3 | SKIP 0 | PASS 754 ] @ lewbel-gmm
⠦ [ FAIL 14 | WARN 3 | SKIP 0 | PASS 754 ] @ lewbel-gmm
⠧ [ FAIL 14 | WARN 3 | SKIP 0 | PASS 754 ] @ lewbel-gmm
⠇ [ FAIL 14 | WARN 3 | SKIP 0 | PASS 754 ] @ lewbel-gmm
⠏ [ FAIL 14 | WARN 3 | SKIP 0 | PASS 754 ] @ lewbel-gmm
⠋ [ FAIL 14 | WARN 3 | SKIP 0 | PASS 754 ] @ lewbel-gmm
⠙ [ FAIL 14 | WARN 3 | SKIP 0 | PASS 754 ] @ lewbel-gmm
⠹ [ FAIL 14 | WARN 3 | SKIP 0 | PASS 754 ] @ lewbel-gmm
⠸ [ FAIL 14 | WARN 3 | SKIP 0 | PASS 754 ] @ lewbel-gmm
⠼ [ FAIL 14 | WARN 3 | SKIP 0 | PASS 754 ] @ lewbel-gmm
⠴ [ FAIL 14 | WARN 3 | SKIP 0 | PASS 754 ] @ lewbel-gmm
⠦ [ FAIL 14 | WARN 3 | SKIP 0 | PASS 754 ] @ lewbel-gmm
⠧ [ FAIL 14 | WARN 3 | SKIP 0 | PASS 754 ] @ lewbel-gmm
⠇ [ FAIL 14 | WARN 3 | SKIP 0 | PASS 754 ] @ lewbel-gmm
⠏ [ FAIL 14 | WARN 3 | SKIP 0 | PASS 754 ] @ lewbel-gmm
⠋ [ FAIL 14 | WARN 3 | SKIP 0 | PASS 754 ] @ lewbel-gmm
⠙ [ FAIL 14 | WARN 3 | SKIP 0 | PASS 754 ] @ lewbel-gmm
⠹ [ FAIL 14 | WARN 3 | SKIP 0 | PASS 754 ] @ lewbel-gmm
⠸ [ FAIL 14 | WARN 3 | SKIP 0 | PASS 754 ] @ lewbel-gmm
⠼ [ FAIL 14 | WARN 3 | SKIP 0 | PASS 754 ] @ lewbel-gmm
⠴ [ FAIL 14 | WARN 3 | SKIP 0 | PASS 754 ] @ lewbel-gmm
⠦ [ FAIL 14 | WARN 3 | SKIP 0 | PASS 754 ] @ lewbel-gmm
⠧ [ FAIL 14 | WARN 3 | SKIP 0 | PASS 754 ] @ lewbel-gmm
⠇ [ FAIL 14 | WARN 3 | SKIP 0 | PASS 754 ] @ lewbel-gmm
⠏ [ FAIL 14 | WARN 3 | SKIP 0 | PASS 754 ] @ lewbel-gmm
⠋ [ FAIL 14 | WARN 3 | SKIP 0 | PASS 754 ] @ lewbel-gmm
⠙ [ FAIL 14 | WARN 3 | SKIP 0 | PASS 754 ] @ lewbel-gmm
⠹ [ FAIL 14 | WARN 3 | SKIP 0 | PASS 754 ] @ lewbel-gmm
⠸ [ FAIL 14 | WARN 3 | SKIP 0 | PASS 754 ] @ lewbel-gmm
⠼ [ FAIL 14 | WARN 3 | SKIP 0 | PASS 754 ] @ lewbel-gmm
⠴ [ FAIL 14 | WARN 3 | SKIP 0 | PASS 754 ] @ lewbel-gmm
⠦ [ FAIL 14 | WARN 3 | SKIP 0 | PASS 754 ] @ lewbel-gmm
⠧ [ FAIL 14 | WARN 3 | SKIP 0 | PASS 754 ] @ lewbel-gmm
⠇ [ FAIL 14 | WARN 3 | SKIP 0 | PASS 754 ] @ lewbel-gmm
⠏ [ FAIL 14 | WARN 3 | SKIP 0 | PASS 754 ] @ lewbel-gmm
⠋ [ FAIL 14 | WARN 3 | SKIP 0 | PASS 754 ] @ lewbel-gmm
⠙ [ FAIL 14 | WARN 3 | SKIP 0 | PASS 754 ] @ lewbel-gmm
⠹ [ FAIL 14 | WARN 3 | SKIP 0 | PASS 754 ] @ lewbel-gmm
⠸ [ FAIL 14 | WARN 3 | SKIP 0 | PASS 754 ] @ lewbel-gmm
⠼ [ FAIL 14 | WARN 3 | SKIP 0 | PASS 754 ] @ lewbel-gmm
⠴ [ FAIL 14 | WARN 3 | SKIP 0 | PASS 754 ] @ lewbel-gmm
⠦ [ FAIL 14 | WARN 3 | SKIP 0 | PASS 754 ] @ lewbel-gmm
⠧ [ FAIL 14 | WARN 3 | SKIP 0 | PASS 754 ] @ lewbel-gmm
⠇ [ FAIL 14 | WARN 3 | SKIP 0 | PASS 754 ] @ lewbel-gmm
⠏ [ FAIL 14 | WARN 3 | SKIP 0 | PASS 754 ] @ lewbel-gmm
⠋ [ FAIL 14 | WARN 3 | SKIP 0 | PASS 754 ] @ lewbel-gmm
⠙ [ FAIL 14 | WARN 3 | SKIP 0 | PASS 754 ] @ lewbel-gmm
⠹ [ FAIL 14 | WARN 3 | SKIP 0 | PASS 754 ] @ lewbel-gmm
⠸ [ FAIL 14 | WARN 3 | SKIP 0 | PASS 754 ] @ lewbel-gmm
⠼ [ FAIL 14 | WARN 3 | SKIP 0 | PASS 754 ] @ lewbel-gmm
⠴ [ FAIL 14 | WARN 3 | SKIP 0 | PASS 754 ] @ lewbel-gmm
⠦ [ FAIL 14 | WARN 3 | SKIP 0 | PASS 754 ] @ lewbel-gmm
⠧ [ FAIL 14 | WARN 3 | SKIP 0 | PASS 754 ] @ lewbel-gmm
⠇ [ FAIL 14 | WARN 3 | SKIP 0 | PASS 754 ] @ lewbel-gmm
⠏ [ FAIL 14 | WARN 3 | SKIP 0 | PASS 754 ] @ lewbel-gmm
⠋ [ FAIL 14 | WARN 3 | SKIP 0 | PASS 754 ] @ lewbel-gmm
⠙ [ FAIL 14 | WARN 3 | SKIP 0 | PASS 754 ] @ lewbel-gmm
⠹ [ FAIL 14 | WARN 3 | SKIP 0 | PASS 754 ] @ lewbel-gmm
⠸ [ FAIL 14 | WARN 3 | SKIP 0 | PASS 754 ] @ lewbel-gmm
⠼ [ FAIL 14 | WARN 3 | SKIP 0 | PASS 754 ] @ lewbel-gmm
⠴ [ FAIL 14 | WARN 3 | SKIP 0 | PASS 754 ] @ lewbel-gmm
⠦ [ FAIL 14 | WARN 3 | SKIP 0 | PASS 754 ] @ lewbel-gmm
⠧ [ FAIL 14 | WARN 3 | SKIP 0 | PASS 754 ] @ lewbel-gmm
⠇ [ FAIL 14 | WARN 3 | SKIP 0 | PASS 754 ] @ lewbel-gmm
⠏ [ FAIL 14 | WARN 3 | SKIP 0 | PASS 754 ] @ lewbel-gmm
⠋ [ FAIL 14 | WARN 3 | SKIP 0 | PASS 754 ] @ lewbel-gmm
⠙ [ FAIL 14 | WARN 3 | SKIP 0 | PASS 754 ] @ lewbel-gmm
⠹ [ FAIL 14 | WARN 3 | SKIP 0 | PASS 754 ] @ lewbel-gmm
⠸ [ FAIL 14 | WARN 3 | SKIP 0 | PASS 754 ] @ lewbel-gmm
⠼ [ FAIL 14 | WARN 3 | SKIP 0 | PASS 754 ] @ lewbel-gmm
⠴ [ FAIL 14 | WARN 3 | SKIP 0 | PASS 754 ] @ lewbel-gmm
⠦ [ FAIL 14 | WARN 3 | SKIP 0 | PASS 754 ] @ lewbel-gmm
⠧ [ FAIL 14 | WARN 3 | SKIP 0 | PASS 754 ] @ lewbel-gmm
⠇ [ FAIL 14 | WARN 3 | SKIP 0 | PASS 754 ] @ lewbel-gmm
⠏ [ FAIL 14 | WARN 3 | SKIP 0 | PASS 754 ] @ lewbel-gmm
⠋ [ FAIL 14 | WARN 3 | SKIP 0 | PASS 754 ] @ lewbel-gmm
⠙ [ FAIL 14 | WARN 3 | SKIP 0 | PASS 754 ] @ lewbel-gmm
⠹ [ FAIL 14 | WARN 3 | SKIP 0 | PASS 754 ] @ lewbel-gmm
⠸ [ FAIL 14 | WARN 3 | SKIP 0 | PASS 754 ] @ lewbel-gmm
⠼ [ FAIL 14 | WARN 3 | SKIP 0 | PASS 754 ] @ lewbel-gmm
⠴ [ FAIL 14 | WARN 3 | SKIP 0 | PASS 754 ] @ lewbel-gmm
⠦ [ FAIL 14 | WARN 3 | SKIP 0 | PASS 754 ] @ lewbel-gmm
⠧ [ FAIL 14 | WARN 3 | SKIP 0 | PASS 754 ] @ lewbel-gmm
⠇ [ FAIL 14 | WARN 3 | SKIP 0 | PASS 754 ] @ lewbel-gmm
⠏ [ FAIL 14 | WARN 3 | SKIP 0 | PASS 754 ] @ lewbel-gmm
⠋ [ FAIL 14 | WARN 3 | SKIP 0 | PASS 754 ] @ lewbel-gmm
⠙ [ FAIL 14 | WARN 3 | SKIP 0 | PASS 754 ] @ lewbel-gmm
⠹ [ FAIL 14 | WARN 3 | SKIP 0 | PASS 754 ] @ lewbel-gmm
⠸ [ FAIL 14 | WARN 3 | SKIP 0 | PASS 754 ] @ lewbel-gmm
⠼ [ FAIL 14 | WARN 3 | SKIP 0 | PASS 754 ] @ lewbel-gmm
⠴ [ FAIL 14 | WARN 3 | SKIP 0 | PASS 754 ] @ lewbel-gmm
⠦ [ FAIL 14 | WARN 3 | SKIP 0 | PASS 754 ] @ lewbel-gmm
⠧ [ FAIL 14 | WARN 3 | SKIP 0 | PASS 754 ] @ lewbel-gmm
⠇ [ FAIL 14 | WARN 3 | SKIP 0 | PASS 754 ] @ lewbel-gmm
⠏ [ FAIL 14 | WARN 3 | SKIP 0 | PASS 754 ] @ lewbel-gmm
⠋ [ FAIL 14 | WARN 3 | SKIP 0 | PASS 754 ] @ lewbel-gmm
⠙ [ FAIL 14 | WARN 3 | SKIP 0 | PASS 754 ] @ lewbel-gmm
⠹ [ FAIL 14 | WARN 3 | SKIP 0 | PASS 754 ] @ lewbel-gmm
⠸ [ FAIL 14 | WARN 3 | SKIP 0 | PASS 754 ] @ lewbel-gmm
⠼ [ FAIL 14 | WARN 3 | SKIP 0 | PASS 754 ] @ lewbel-gmm
⠴ [ FAIL 14 | WARN 3 | SKIP 0 | PASS 754 ] @ lewbel-gmm
⠦ [ FAIL 14 | WARN 3 | SKIP 0 | PASS 754 ] @ lewbel-gmm
⠧ [ FAIL 14 | WARN 3 | SKIP 0 | PASS 754 ] @ lewbel-gmm
⠇ [ FAIL 14 | WARN 3 | SKIP 0 | PASS 754 ] @ lewbel-gmm
⠏ [ FAIL 14 | WARN 3 | SKIP 0 | PASS 754 ] @ lewbel-gmm
⠋ [ FAIL 14 | WARN 3 | SKIP 0 | PASS 754 ] @ lewbel-gmm
⠙ [ FAIL 14 | WARN 3 | SKIP 0 | PASS 754 ] @ lewbel-gmm
⠹ [ FAIL 14 | WARN 3 | SKIP 0 | PASS 754 ] @ lewbel-gmm
⠸ [ FAIL 14 | WARN 3 | SKIP 0 | PASS 754 ] @ lewbel-gmm
⠼ [ FAIL 14 | WARN 3 | SKIP 0 | PASS 754 ] @ lewbel-gmm
⠴ [ FAIL 14 | WARN 3 | SKIP 0 | PASS 754 ] @ lewbel-gmm
⠦ [ FAIL 14 | WARN 3 | SKIP 0 | PASS 754 ] @ lewbel-gmm
⠧ [ FAIL 14 | WARN 3 | SKIP 0 | PASS 754 ] @ lewbel-gmm
⠇ [ FAIL 14 | WARN 3 | SKIP 0 | PASS 754 ] @ lewbel-gmm
⠏ [ FAIL 14 | WARN 3 | SKIP 0 | PASS 754 ] @ lewbel-gmm
⠋ [ FAIL 14 | WARN 3 | SKIP 0 | PASS 754 ] @ lewbel-gmm
⠙ [ FAIL 14 | WARN 3 | SKIP 0 | PASS 754 ] @ lewbel-gmm
⠹ [ FAIL 14 | WARN 3 | SKIP 0 | PASS 754 ] @ lewbel-gmm
⠸ [ FAIL 14 | WARN 3 | SKIP 0 | PASS 754 ] @ lewbel-gmm
⠼ [ FAIL 14 | WARN 3 | SKIP 0 | PASS 754 ] @ lewbel-gmm
⠴ [ FAIL 14 | WARN 3 | SKIP 0 | PASS 754 ] @ lewbel-gmm
⠦ [ FAIL 14 | WARN 3 | SKIP 0 | PASS 754 ] @ lewbel-gmm
⠧ [ FAIL 14 | WARN 3 | SKIP 0 | PASS 754 ] @ lewbel-gmm
⠇ [ FAIL 14 | WARN 3 | SKIP 0 | PASS 754 ] @ lewbel-gmm
⠏ [ FAIL 14 | WARN 3 | SKIP 0 | PASS 754 ] @ lewbel-gmm
⠋ [ FAIL 14 | WARN 3 | SKIP 0 | PASS 754 ] @ lewbel-gmm
⠙ [ FAIL 14 | WARN 3 | SKIP 0 | PASS 754 ] @ lewbel-gmm
⠹ [ FAIL 14 | WARN 3 | SKIP 0 | PASS 754 ] @ lewbel-gmm
⠸ [ FAIL 14 | WARN 3 | SKIP 0 | PASS 754 ] @ lewbel-gmm
⠼ [ FAIL 14 | WARN 3 | SKIP 0 | PASS 754 ] @ lewbel-gmm
⠴ [ FAIL 14 | WARN 3 | SKIP 0 | PASS 754 ] @ lewbel-gmm
⠦ [ FAIL 14 | WARN 3 | SKIP 0 | PASS 754 ] @ lewbel-gmm
⠧ [ FAIL 14 | WARN 3 | SKIP 0 | PASS 754 ] @ lewbel-gmm
⠇ [ FAIL 14 | WARN 3 | SKIP 0 | PASS 754 ] @ lewbel-gmm
⠏ [ FAIL 14 | WARN 3 | SKIP 0 | PASS 754 ] @ lewbel-gmm
⠋ [ FAIL 14 | WARN 3 | SKIP 0 | PASS 754 ] @ lewbel-gmm
⠙ [ FAIL 14 | WARN 3 | SKIP 0 | PASS 754 ] @ lewbel-gmm
⠹ [ FAIL 14 | WARN 3 | SKIP 0 | PASS 754 ] @ lewbel-gmm
⠸ [ FAIL 14 | WARN 3 | SKIP 0 | PASS 754 ] @ lewbel-gmm
⠼ [ FAIL 14 | WARN 3 | SKIP 0 | PASS 754 ] @ lewbel-gmm
⠴ [ FAIL 14 | WARN 3 | SKIP 0 | PASS 754 ] @ lewbel-gmm
⠦ [ FAIL 14 | WARN 3 | SKIP 0 | PASS 754 ] @ lewbel-gmm
⠧ [ FAIL 14 | WARN 3 | SKIP 0 | PASS 754 ] @ lewbel-gmm
⠇ [ FAIL 14 | WARN 3 | SKIP 0 | PASS 754 ] @ lewbel-gmm
⠏ [ FAIL 14 | WARN 3 | SKIP 0 | PASS 754 ] @ lewbel-gmm
⠋ [ FAIL 14 | WARN 3 | SKIP 0 | PASS 754 ] @ lewbel-gmm
⠙ [ FAIL 14 | WARN 3 | SKIP 0 | PASS 754 ] @ lewbel-gmm
⠹ [ FAIL 14 | WARN 3 | SKIP 0 | PASS 754 ] @ lewbel-gmm
⠸ [ FAIL 14 | WARN 3 | SKIP 0 | PASS 754 ] @ lewbel-gmm
⠼ [ FAIL 14 | WARN 3 | SKIP 0 | PASS 754 ] @ lewbel-gmm
⠴ [ FAIL 14 | WARN 3 | SKIP 0 | PASS 754 ] @ lewbel-gmm
⠦ [ FAIL 14 | WARN 3 | SKIP 0 | PASS 754 ] @ lewbel-gmm
⠧ [ FAIL 14 | WARN 3 | SKIP 0 | PASS 754 ] @ lewbel-gmm
⠇ [ FAIL 14 | WARN 3 | SKIP 0 | PASS 754 ] @ lewbel-gmm
⠏ [ FAIL 14 | WARN 3 | SKIP 0 | PASS 754 ] @ lewbel-gmm
⠋ [ FAIL 14 | WARN 3 | SKIP 0 | PASS 754 ] @ lewbel-gmm
⠙ [ FAIL 14 | WARN 3 | SKIP 0 | PASS 754 ] @ lewbel-gmm
⠹ [ FAIL 14 | WARN 3 | SKIP 0 | PASS 754 ] @ lewbel-gmm
⠸ [ FAIL 14 | WARN 3 | SKIP 0 | PASS 754 ] @ lewbel-gmm
⠼ [ FAIL 14 | WARN 3 | SKIP 0 | PASS 754 ] @ lewbel-gmm
⠴ [ FAIL 14 | WARN 3 | SKIP 0 | PASS 754 ] @ lewbel-gmm
⠦ [ FAIL 14 | WARN 3 | SKIP 0 | PASS 754 ] @ lewbel-gmm
⠧ [ FAIL 14 | WARN 3 | SKIP 0 | PASS 754 ] @ lewbel-gmm
⠇ [ FAIL 14 | WARN 3 | SKIP 0 | PASS 754 ] @ lewbel-gmm
⠏ [ FAIL 14 | WARN 3 | SKIP 0 | PASS 754 ] @ lewbel-gmm
⠋ [ FAIL 14 | WARN 3 | SKIP 0 | PASS 754 ] @ lewbel-gmm
⠙ [ FAIL 14 | WARN 3 | SKIP 0 | PASS 754 ] @ lewbel-gmm
⠹ [ FAIL 14 | WARN 3 | SKIP 0 | PASS 754 ] @ lewbel-gmm
⠸ [ FAIL 14 | WARN 3 | SKIP 0 | PASS 754 ] @ lewbel-gmm
⠼ [ FAIL 14 | WARN 3 | SKIP 0 | PASS 754 ] @ lewbel-gmm
⠴ [ FAIL 14 | WARN 3 | SKIP 0 | PASS 754 ] @ lewbel-gmm
⠦ [ FAIL 14 | WARN 3 | SKIP 0 | PASS 754 ] @ lewbel-gmm
⠧ [ FAIL 14 | WARN 3 | SKIP 0 | PASS 754 ] @ lewbel-gmm
⠇ [ FAIL 14 | WARN 3 | SKIP 0 | PASS 754 ] @ lewbel-gmm
⠏ [ FAIL 14 | WARN 3 | SKIP 0 | PASS 754 ] @ lewbel-gmm
⠋ [ FAIL 14 | WARN 3 | SKIP 0 | PASS 754 ] @ lewbel-gmm
⠙ [ FAIL 14 | WARN 3 | SKIP 0 | PASS 754 ] @ lewbel-gmm
⠹ [ FAIL 14 | WARN 3 | SKIP 0 | PASS 754 ] @ lewbel-gmm
⠸ [ FAIL 14 | WARN 3 | SKIP 0 | PASS 754 ] @ lewbel-gmm
⠼ [ FAIL 14 | WARN 3 | SKIP 0 | PASS 754 ] @ lewbel-gmm
⠴ [ FAIL 14 | WARN 3 | SKIP 0 | PASS 754 ] @ lewbel-gmm
⠦ [ FAIL 14 | WARN 3 | SKIP 0 | PASS 754 ] @ lewbel-gmm
⠧ [ FAIL 14 | WARN 3 | SKIP 0 | PASS 754 ] @ lewbel-gmm
⠇ [ FAIL 14 | WARN 3 | SKIP 0 | PASS 754 ] @ lewbel-gmm
⠏ [ FAIL 14 | WARN 3 | SKIP 0 | PASS 754 ] @ lewbel-gmm
⠋ [ FAIL 14 | WARN 3 | SKIP 0 | PASS 754 ] @ lewbel-gmm
⠙ [ FAIL 14 | WARN 3 | SKIP 0 | PASS 754 ] @ lewbel-gmm
⠹ [ FAIL 14 | WARN 3 | SKIP 0 | PASS 754 ] @ lewbel-gmm
⠸ [ FAIL 14 | WARN 3 | SKIP 0 | PASS 754 ] @ lewbel-gmm
⠼ [ FAIL 14 | WARN 3 | SKIP 0 | PASS 754 ] @ lewbel-gmm
⠴ [ FAIL 14 | WARN 3 | SKIP 0 | PASS 754 ] @ lewbel-gmm
⠦ [ FAIL 14 | WARN 3 | SKIP 0 | PASS 754 ] @ lewbel-gmm
⠧ [ FAIL 14 | WARN 3 | SKIP 0 | PASS 754 ] @ lewbel-gmm
⠇ [ FAIL 14 | WARN 3 | SKIP 0 | PASS 754 ] @ lewbel-gmm
⠏ [ FAIL 14 | WARN 3 | SKIP 0 | PASS 754 ] @ lewbel-gmm
⠋ [ FAIL 14 | WARN 3 | SKIP 0 | PASS 754 ] @ lewbel-gmm
⠙ [ FAIL 14 | WARN 3 | SKIP 0 | PASS 754 ] @ lewbel-gmm
⠹ [ FAIL 14 | WARN 3 | SKIP 0 | PASS 754 ] @ lewbel-gmm
⠸ [ FAIL 14 | WARN 3 | SKIP 0 | PASS 754 ] @ lewbel-gmm
⠼ [ FAIL 14 | WARN 3 | SKIP 0 | PASS 754 ] @ lewbel-gmm
⠴ [ FAIL 14 | WARN 3 | SKIP 0 | PASS 754 ] @ lewbel-gmm
⠦ [ FAIL 14 | WARN 3 | SKIP 0 | PASS 754 ] @ lewbel-gmm
⠧ [ FAIL 14 | WARN 3 | SKIP 0 | PASS 754 ] @ lewbel-gmm
⠇ [ FAIL 14 | WARN 3 | SKIP 0 | PASS 754 ] @ lewbel-gmm
⠏ [ FAIL 14 | WARN 3 | SKIP 0 | PASS 754 ] @ lewbel-gmm
⠋ [ FAIL 14 | WARN 3 | SKIP 0 | PASS 754 ] @ lewbel-gmm
⠙ [ FAIL 14 | WARN 3 | SKIP 0 | PASS 754 ] @ lewbel-gmm
⠹ [ FAIL 14 | WARN 3 | SKIP 0 | PASS 754 ] @ lewbel-gmm
⠸ [ FAIL 14 | WARN 3 | SKIP 0 | PASS 754 ] @ lewbel-gmm
⠼ [ FAIL 14 | WARN 3 | SKIP 0 | PASS 754 ] @ lewbel-gmm
⠴ [ FAIL 14 | WARN 3 | SKIP 0 | PASS 754 ] @ lewbel-gmm
⠦ [ FAIL 14 | WARN 3 | SKIP 0 | PASS 754 ] @ lewbel-gmm
⠧ [ FAIL 14 | WARN 3 | SKIP 0 | PASS 754 ] @ lewbel-gmm
⠇ [ FAIL 14 | WARN 3 | SKIP 0 | PASS 754 ] @ lewbel-gmm
⠏ [ FAIL 14 | WARN 3 | SKIP 0 | PASS 754 ] @ lewbel-gmm
⠋ [ FAIL 14 | WARN 3 | SKIP 0 | PASS 754 ] @ lewbel-gmm
⠙ [ FAIL 14 | WARN 3 | SKIP 0 | PASS 754 ] @ lewbel-gmm
⠹ [ FAIL 14 | WARN 3 | SKIP 0 | PASS 754 ] @ lewbel-gmm
⠸ [ FAIL 14 | WARN 3 | SKIP 0 | PASS 754 ] @ lewbel-gmm
⠼ [ FAIL 14 | WARN 3 | SKIP 0 | PASS 754 ] @ lewbel-gmm
⠴ [ FAIL 14 | WARN 3 | SKIP 0 | PASS 754 ] @ lewbel-gmm
⠦ [ FAIL 14 | WARN 3 | SKIP 0 | PASS 754 ] @ lewbel-gmm
⠧ [ FAIL 14 | WARN 3 | SKIP 0 | PASS 754 ] @ lewbel-gmm
⠇ [ FAIL 14 | WARN 3 | SKIP 0 | PASS 754 ] @ lewbel-gmm
⠏ [ FAIL 14 | WARN 3 | SKIP 0 | PASS 754 ] @ lewbel-gmm
⠋ [ FAIL 14 | WARN 3 | SKIP 0 | PASS 754 ] @ lewbel-gmm
⠙ [ FAIL 14 | WARN 3 | SKIP 0 | PASS 754 ] @ lewbel-gmm
⠹ [ FAIL 14 | WARN 3 | SKIP 0 | PASS 754 ] @ lewbel-gmm
⠸ [ FAIL 14 | WARN 3 | SKIP 0 | PASS 754 ] @ lewbel-gmm
⠼ [ FAIL 14 | WARN 3 | SKIP 0 | PASS 754 ] @ lewbel-gmm
⠴ [ FAIL 14 | WARN 3 | SKIP 0 | PASS 754 ] @ lewbel-gmm
⠦ [ FAIL 14 | WARN 3 | SKIP 0 | PASS 754 ] @ lewbel-gmm
⠧ [ FAIL 14 | WARN 3 | SKIP 0 | PASS 754 ] @ lewbel-gmm
⠇ [ FAIL 14 | WARN 3 | SKIP 0 | PASS 754 ] @ lewbel-gmm
⠏ [ FAIL 14 | WARN 3 | SKIP 0 | PASS 754 ] @ lewbel-gmm
⠋ [ FAIL 14 | WARN 3 | SKIP 0 | PASS 754 ] @ lewbel-gmm
⠙ [ FAIL 14 | WARN 3 | SKIP 0 | PASS 754 ] @ lewbel-gmm
⠹ [ FAIL 14 | WARN 3 | SKIP 0 | PASS 754 ] @ lewbel-gmm
⠸ [ FAIL 14 | WARN 3 | SKIP 0 | PASS 754 ] @ lewbel-gmm
⠼ [ FAIL 14 | WARN 3 | SKIP 0 | PASS 754 ] @ lewbel-gmm
⠴ [ FAIL 14 | WARN 3 | SKIP 0 | PASS 754 ] @ lewbel-gmm
⠦ [ FAIL 14 | WARN 3 | SKIP 0 | PASS 754 ] @ lewbel-gmm
⠧ [ FAIL 14 | WARN 3 | SKIP 0 | PASS 754 ] @ lewbel-gmm
⠇ [ FAIL 14 | WARN 3 | SKIP 0 | PASS 754 ] @ lewbel-gmm
⠏ [ FAIL 14 | WARN 3 | SKIP 0 | PASS 754 ] @ lewbel-gmm
⠋ [ FAIL 14 | WARN 3 | SKIP 0 | PASS 754 ] @ lewbel-gmm
⠙ [ FAIL 14 | WARN 3 | SKIP 0 | PASS 754 ] @ lewbel-gmm
⠹ [ FAIL 14 | WARN 3 | SKIP 0 | PASS 754 ] @ lewbel-gmm
⠸ [ FAIL 14 | WARN 3 | SKIP 0 | PASS 754 ] @ lewbel-gmm
⠼ [ FAIL 14 | WARN 3 | SKIP 0 | PASS 754 ] @ lewbel-gmm
⠴ [ FAIL 14 | WARN 3 | SKIP 0 | PASS 754 ] @ lewbel-gmm
⠦ [ FAIL 14 | WARN 3 | SKIP 0 | PASS 754 ] @ lewbel-gmm
⠧ [ FAIL 14 | WARN 3 | SKIP 0 | PASS 754 ] @ lewbel-gmm
⠇ [ FAIL 14 | WARN 3 | SKIP 0 | PASS 754 ] @ lewbel-gmm
⠏ [ FAIL 14 | WARN 3 | SKIP 0 | PASS 754 ] @ lewbel-gmm
⠋ [ FAIL 14 | WARN 3 | SKIP 0 | PASS 754 ] @ lewbel-gmm
⠙ [ FAIL 14 | WARN 3 | SKIP 0 | PASS 754 ] @ lewbel-gmm
⠹ [ FAIL 14 | WARN 3 | SKIP 0 | PASS 754 ] @ lewbel-gmm
⠸ [ FAIL 14 | WARN 3 | SKIP 0 | PASS 754 ] @ lewbel-gmm
⠼ [ FAIL 14 | WARN 3 | SKIP 0 | PASS 754 ] @ lewbel-gmm
⠴ [ FAIL 14 | WARN 3 | SKIP 0 | PASS 754 ] @ lewbel-gmm
⠦ [ FAIL 14 | WARN 3 | SKIP 0 | PASS 754 ] @ lewbel-gmm
⠧ [ FAIL 14 | WARN 3 | SKIP 0 | PASS 754 ] @ lewbel-gmm
⠇ [ FAIL 14 | WARN 3 | SKIP 0 | PASS 754 ] @ lewbel-gmm
⠏ [ FAIL 14 | WARN 3 | SKIP 0 | PASS 754 ] @ lewbel-gmm
⠋ [ FAIL 14 | WARN 3 | SKIP 0 | PASS 754 ] @ lewbel-gmm
⠙ [ FAIL 14 | WARN 3 | SKIP 0 | PASS 754 ] @ lewbel-gmm
⠹ [ FAIL 14 | WARN 3 | SKIP 0 | PASS 754 ] @ lewbel-gmm
⠸ [ FAIL 14 | WARN 3 | SKIP 0 | PASS 754 ] @ lewbel-gmm
⠼ [ FAIL 14 | WARN 3 | SKIP 0 | PASS 754 ] @ lewbel-gmm
⠴ [ FAIL 14 | WARN 3 | SKIP 0 | PASS 754 ] @ lewbel-gmm
⠦ [ FAIL 14 | WARN 3 | SKIP 0 | PASS 754 ] @ lewbel-gmm
⠧ [ FAIL 14 | WARN 3 | SKIP 0 | PASS 754 ] @ lewbel-gmm
⠇ [ FAIL 14 | WARN 3 | SKIP 0 | PASS 754 ] @ lewbel-gmm
⠏ [ FAIL 14 | WARN 3 | SKIP 0 | PASS 754 ] @ lewbel-gmm
⠋ [ FAIL 14 | WARN 3 | SKIP 0 | PASS 754 ] @ lewbel-gmm
⠙ [ FAIL 14 | WARN 3 | SKIP 0 | PASS 754 ] @ lewbel-gmm
⠹ [ FAIL 14 | WARN 3 | SKIP 0 | PASS 754 ] @ lewbel-gmm
⠸ [ FAIL 14 | WARN 3 | SKIP 0 | PASS 754 ] @ lewbel-gmm
⠼ [ FAIL 14 | WARN 3 | SKIP 0 | PASS 754 ] @ lewbel-gmm
⠴ [ FAIL 14 | WARN 3 | SKIP 0 | PASS 754 ] @ lewbel-gmm
⠦ [ FAIL 14 | WARN 3 | SKIP 0 | PASS 754 ] @ lewbel-gmm
⠧ [ FAIL 14 | WARN 3 | SKIP 0 | PASS 754 ] @ lewbel-gmm
⠇ [ FAIL 14 | WARN 3 | SKIP 0 | PASS 754 ] @ lewbel-gmm
⠏ [ FAIL 14 | WARN 3 | SKIP 0 | PASS 754 ] @ lewbel-gmm
⠋ [ FAIL 14 | WARN 3 | SKIP 0 | PASS 754 ] @ lewbel-gmm
⠙ [ FAIL 14 | WARN 3 | SKIP 0 | PASS 754 ] @ lewbel-gmm
⠹ [ FAIL 14 | WARN 3 | SKIP 0 | PASS 754 ] @ lewbel-gmm
⠸ [ FAIL 14 | WARN 3 | SKIP 0 | PASS 754 ] @ lewbel-gmm
⠼ [ FAIL 14 | WARN 3 | SKIP 0 | PASS 754 ] @ lewbel-gmm
⠴ [ FAIL 14 | WARN 3 | SKIP 0 | PASS 754 ] @ lewbel-gmm
⠦ [ FAIL 14 | WARN 3 | SKIP 0 | PASS 754 ] @ lewbel-gmm
⠧ [ FAIL 14 | WARN 3 | SKIP 0 | PASS 754 ] @ lewbel-gmm
⠇ [ FAIL 14 | WARN 3 | SKIP 0 | PASS 754 ] @ lewbel-gmm
⠏ [ FAIL 14 | WARN 3 | SKIP 0 | PASS 754 ] @ lewbel-gmm
⠋ [ FAIL 14 | WARN 3 | SKIP 0 | PASS 754 ] @ lewbel-gmm
⠙ [ FAIL 14 | WARN 3 | SKIP 0 | PASS 754 ] @ lewbel-gmm
⠹ [ FAIL 14 | WARN 3 | SKIP 0 | PASS 754 ] @ lewbel-gmm
⠸ [ FAIL 14 | WARN 3 | SKIP 0 | PASS 754 ] @ lewbel-gmm
⠼ [ FAIL 14 | WARN 3 | SKIP 0 | PASS 754 ] @ lewbel-gmm
⠴ [ FAIL 14 | WARN 3 | SKIP 0 | PASS 754 ] @ lewbel-gmm
⠦ [ FAIL 14 | WARN 3 | SKIP 0 | PASS 754 ] @ lewbel-gmm
⠧ [ FAIL 14 | WARN 3 | SKIP 0 | PASS 754 ] @ lewbel-gmm
⠇ [ FAIL 14 | WARN 3 | SKIP 0 | PASS 754 ] @ lewbel-gmm
⠏ [ FAIL 14 | WARN 3 | SKIP 0 | PASS 754 ] @ lewbel-gmm
⠋ [ FAIL 14 | WARN 3 | SKIP 0 | PASS 754 ] @ lewbel-gmm
⠙ [ FAIL 14 | WARN 3 | SKIP 0 | PASS 754 ] @ lewbel-gmm
⠹ [ FAIL 14 | WARN 3 | SKIP 0 | PASS 754 ] @ lewbel-gmm
⠸ [ FAIL 14 | WARN 3 | SKIP 0 | PASS 754 ] @ lewbel-gmm
⠼ [ FAIL 14 | WARN 3 | SKIP 0 | PASS 754 ] @ lewbel-gmm
⠴ [ FAIL 14 | WARN 3 | SKIP 0 | PASS 754 ] @ lewbel-gmm
⠦ [ FAIL 14 | WARN 3 | SKIP 0 | PASS 754 ] @ lewbel-gmm
⠧ [ FAIL 14 | WARN 3 | SKIP 0 | PASS 754 ] @ lewbel-gmm
⠇ [ FAIL 14 | WARN 3 | SKIP 0 | PASS 754 ] @ lewbel-gmm
⠏ [ FAIL 14 | WARN 3 | SKIP 0 | PASS 754 ] @ lewbel-gmm
⠋ [ FAIL 14 | WARN 3 | SKIP 0 | PASS 754 ] @ lewbel-gmm
⠙ [ FAIL 14 | WARN 3 | SKIP 0 | PASS 754 ] @ lewbel-gmm
⠹ [ FAIL 14 | WARN 3 | SKIP 0 | PASS 754 ] @ lewbel-gmm
⠸ [ FAIL 14 | WARN 3 | SKIP 0 | PASS 754 ] @ lewbel-gmm
⠼ [ FAIL 14 | WARN 3 | SKIP 0 | PASS 754 ] @ lewbel-gmm
⠴ [ FAIL 14 | WARN 3 | SKIP 0 | PASS 754 ] @ lewbel-gmm
⠦ [ FAIL 14 | WARN 3 | SKIP 0 | PASS 754 ] @ lewbel-gmm
⠧ [ FAIL 14 | WARN 3 | SKIP 0 | PASS 754 ] @ lewbel-gmm
⠇ [ FAIL 14 | WARN 3 | SKIP 0 | PASS 754 ] @ lewbel-gmm
⠏ [ FAIL 14 | WARN 3 | SKIP 0 | PASS 754 ] @ lewbel-gmm
⠋ [ FAIL 14 | WARN 3 | SKIP 0 | PASS 754 ] @ lewbel-gmm
⠙ [ FAIL 14 | WARN 3 | SKIP 0 | PASS 754 ] @ lewbel-gmm
⠹ [ FAIL 14 | WARN 3 | SKIP 0 | PASS 754 ] @ lewbel-gmm
⠸ [ FAIL 14 | WARN 3 | SKIP 0 | PASS 754 ] @ lewbel-gmm
⠼ [ FAIL 14 | WARN 3 | SKIP 0 | PASS 754 ] @ lewbel-gmm
⠴ [ FAIL 14 | WARN 3 | SKIP 0 | PASS 754 ] @ lewbel-gmm
⠦ [ FAIL 14 | WARN 3 | SKIP 0 | PASS 754 ] @ lewbel-gmm
⠧ [ FAIL 14 | WARN 3 | SKIP 0 | PASS 754 ] @ lewbel-gmm
⠇ [ FAIL 14 | WARN 3 | SKIP 0 | PASS 754 ] @ lewbel-gmm
⠏ [ FAIL 14 | WARN 3 | SKIP 0 | PASS 754 ] @ lewbel-gmm
⠋ [ FAIL 14 | WARN 3 | SKIP 0 | PASS 754 ] @ lewbel-gmm
⠙ [ FAIL 14 | WARN 3 | SKIP 0 | PASS 754 ] @ lewbel-gmm
⠹ [ FAIL 14 | WARN 3 | SKIP 0 | PASS 754 ] @ lewbel-gmm
⠸ [ FAIL 14 | WARN 3 | SKIP 0 | PASS 754 ] @ lewbel-gmm
⠼ [ FAIL 14 | WARN 3 | SKIP 0 | PASS 754 ] @ lewbel-gmm
⠴ [ FAIL 14 | WARN 3 | SKIP 0 | PASS 754 ] @ lewbel-gmm
⠦ [ FAIL 14 | WARN 3 | SKIP 0 | PASS 754 ] @ lewbel-gmm
⠧ [ FAIL 14 | WARN 3 | SKIP 0 | PASS 754 ] @ lewbel-gmm
⠇ [ FAIL 14 | WARN 3 | SKIP 0 | PASS 754 ] @ lewbel-gmm
⠏ [ FAIL 14 | WARN 3 | SKIP 0 | PASS 754 ] @ lewbel-gmm
⠋ [ FAIL 14 | WARN 3 | SKIP 0 | PASS 754 ] @ lewbel-gmm
⠙ [ FAIL 14 | WARN 3 | SKIP 0 | PASS 754 ] @ lewbel-gmm
⠹ [ FAIL 14 | WARN 3 | SKIP 0 | PASS 754 ] @ lewbel-gmm
⠸ [ FAIL 14 | WARN 3 | SKIP 0 | PASS 754 ] @ lewbel-gmm
⠼ [ FAIL 14 | WARN 3 | SKIP 0 | PASS 754 ] @ lewbel-gmm
⠴ [ FAIL 14 | WARN 3 | SKIP 0 | PASS 754 ] @ lewbel-gmm
⠦ [ FAIL 14 | WARN 3 | SKIP 0 | PASS 754 ] @ lewbel-gmm
⠧ [ FAIL 14 | WARN 3 | SKIP 0 | PASS 754 ] @ lewbel-gmm
⠇ [ FAIL 14 | WARN 3 | SKIP 0 | PASS 754 ] @ lewbel-gmm
⠏ [ FAIL 14 | WARN 3 | SKIP 0 | PASS 754 ] @ lewbel-gmm
⠋ [ FAIL 14 | WARN 3 | SKIP 0 | PASS 754 ] @ lewbel-gmm
⠙ [ FAIL 14 | WARN 3 | SKIP 0 | PASS 754 ] @ lewbel-gmm
⠹ [ FAIL 14 | WARN 3 | SKIP 0 | PASS 754 ] @ lewbel-gmm
⠸ [ FAIL 14 | WARN 3 | SKIP 0 | PASS 754 ] @ lewbel-gmm
⠼ [ FAIL 14 | WARN 3 | SKIP 0 | PASS 754 ] @ lewbel-gmm
⠴ [ FAIL 14 | WARN 3 | SKIP 0 | PASS 754 ] @ lewbel-gmm
⠦ [ FAIL 14 | WARN 3 | SKIP 0 | PASS 754 ] @ lewbel-gmm
⠧ [ FAIL 14 | WARN 3 | SKIP 0 | PASS 754 ] @ lewbel-gmm
⠇ [ FAIL 14 | WARN 3 | SKIP 0 | PASS 754 ] @ lewbel-gmm
⠏ [ FAIL 14 | WARN 3 | SKIP 0 | PASS 754 ] @ lewbel-gmm
⠋ [ FAIL 14 | WARN 3 | SKIP 0 | PASS 754 ] @ lewbel-gmm
⠙ [ FAIL 14 | WARN 3 | SKIP 0 | PASS 754 ] @ lewbel-gmm
⠹ [ FAIL 14 | WARN 3 | SKIP 0 | PASS 754 ] @ lewbel-gmm
⠸ [ FAIL 14 | WARN 3 | SKIP 0 | PASS 754 ] @ lewbel-gmm
⠼ [ FAIL 14 | WARN 3 | SKIP 0 | PASS 754 ] @ lewbel-gmm
⠴ [ FAIL 14 | WARN 3 | SKIP 0 | PASS 754 ] @ lewbel-gmm
⠦ [ FAIL 14 | WARN 3 | SKIP 0 | PASS 754 ] @ lewbel-gmm
⠧ [ FAIL 14 | WARN 3 | SKIP 0 | PASS 754 ] @ lewbel-gmm
⠇ [ FAIL 14 | WARN 3 | SKIP 0 | PASS 754 ] @ lewbel-gmm
⠏ [ FAIL 14 | WARN 3 | SKIP 0 | PASS 754 ] @ lewbel-gmm
⠋ [ FAIL 14 | WARN 3 | SKIP 0 | PASS 754 ] @ lewbel-gmm
⠙ [ FAIL 14 | WARN 3 | SKIP 0 | PASS 754 ] @ lewbel-gmm
⠹ [ FAIL 14 | WARN 3 | SKIP 0 | PASS 754 ] @ lewbel-gmm
⠸ [ FAIL 14 | WARN 3 | SKIP 0 | PASS 754 ] @ lewbel-gmm
⠼ [ FAIL 14 | WARN 3 | SKIP 0 | PASS 754 ] @ lewbel-gmm
⠴ [ FAIL 14 | WARN 3 | SKIP 0 | PASS 754 ] @ lewbel-gmm
⠦ [ FAIL 14 | WARN 3 | SKIP 0 | PASS 754 ] @ lewbel-gmm
⠧ [ FAIL 14 | WARN 3 | SKIP 0 | PASS 754 ] @ lewbel-gmm
⠇ [ FAIL 14 | WARN 3 | SKIP 0 | PASS 754 ] @ lewbel-gmm
⠏ [ FAIL 14 | WARN 3 | SKIP 0 | PASS 754 ] @ lewbel-gmm
⠋ [ FAIL 14 | WARN 3 | SKIP 0 | PASS 754 ] @ lewbel-gmm
⠙ [ FAIL 14 | WARN 3 | SKIP 0 | PASS 754 ] @ lewbel-gmm
⠹ [ FAIL 14 | WARN 3 | SKIP 0 | PASS 754 ] @ lewbel-gmm
⠸ [ FAIL 14 | WARN 3 | SKIP 0 | PASS 754 ] @ lewbel-gmm
⠼ [ FAIL 14 | WARN 3 | SKIP 0 | PASS 754 ] @ lewbel-gmm
⠴ [ FAIL 14 | WARN 3 | SKIP 0 | PASS 754 ] @ lewbel-gmm
⠦ [ FAIL 14 | WARN 3 | SKIP 0 | PASS 754 ] @ lewbel-gmm
⠧ [ FAIL 14 | WARN 3 | SKIP 0 | PASS 754 ] @ lewbel-gmm
⠇ [ FAIL 14 | WARN 3 | SKIP 0 | PASS 754 ] @ lewbel-gmm
⠏ [ FAIL 14 | WARN 3 | SKIP 0 | PASS 754 ] @ lewbel-gmm
⠋ [ FAIL 14 | WARN 3 | SKIP 0 | PASS 754 ] @ lewbel-gmm
⠙ [ FAIL 14 | WARN 3 | SKIP 0 | PASS 754 ] @ lewbel-gmm
⠹ [ FAIL 14 | WARN 3 | SKIP 0 | PASS 754 ] @ lewbel-gmm
⠸ [ FAIL 14 | WARN 3 | SKIP 0 | PASS 754 ] @ lewbel-gmm
⠼ [ FAIL 14 | WARN 3 | SKIP 0 | PASS 754 ] @ lewbel-gmm
⠴ [ FAIL 14 | WARN 3 | SKIP 0 | PASS 754 ] @ lewbel-gmm
⠦ [ FAIL 14 | WARN 3 | SKIP 0 | PASS 754 ] @ lewbel-gmm
⠧ [ FAIL 14 | WARN 3 | SKIP 0 | PASS 754 ] @ lewbel-gmm
⠇ [ FAIL 14 | WARN 3 | SKIP 0 | PASS 754 ] @ lewbel-gmm
⠏ [ FAIL 14 | WARN 3 | SKIP 0 | PASS 754 ] @ lewbel-gmm
⠋ [ FAIL 14 | WARN 3 | SKIP 0 | PASS 754 ] @ lewbel-gmm
⠙ [ FAIL 14 | WARN 3 | SKIP 0 | PASS 754 ] @ lewbel-gmm
⠹ [ FAIL 14 | WARN 3 | SKIP 0 | PASS 754 ] @ lewbel-gmm
⠸ [ FAIL 14 | WARN 3 | SKIP 0 | PASS 754 ] @ lewbel-gmm
⠼ [ FAIL 14 | WARN 3 | SKIP 0 | PASS 754 ] @ lewbel-gmm
⠴ [ FAIL 14 | WARN 3 | SKIP 0 | PASS 754 ] @ lewbel-gmm
⠦ [ FAIL 14 | WARN 3 | SKIP 0 | PASS 754 ] @ lewbel-gmm
⠧ [ FAIL 14 | WARN 3 | SKIP 0 | PASS 754 ] @ lewbel-gmm
⠇ [ FAIL 14 | WARN 3 | SKIP 0 | PASS 754 ] @ lewbel-gmm
⠏ [ FAIL 14 | WARN 3 | SKIP 0 | PASS 754 ] @ lewbel-gmm
⠋ [ FAIL 14 | WARN 3 | SKIP 0 | PASS 754 ] @ lewbel-gmm
⠙ [ FAIL 14 | WARN 3 | SKIP 0 | PASS 754 ] @ lewbel-gmm
⠹ [ FAIL 14 | WARN 3 | SKIP 0 | PASS 754 ] @ lewbel-gmm
⠸ [ FAIL 14 | WARN 3 | SKIP 0 | PASS 754 ] @ lewbel-gmm
⠼ [ FAIL 14 | WARN 3 | SKIP 0 | PASS 754 ] @ lewbel-gmm
⠴ [ FAIL 14 | WARN 3 | SKIP 0 | PASS 754 ] @ lewbel-gmm
⠦ [ FAIL 14 | WARN 3 | SKIP 0 | PASS 754 ] @ lewbel-gmm
⠧ [ FAIL 14 | WARN 3 | SKIP 0 | PASS 754 ] @ lewbel-gmm
⠇ [ FAIL 14 | WARN 3 | SKIP 0 | PASS 754 ] @ lewbel-gmm
⠏ [ FAIL 14 | WARN 3 | SKIP 0 | PASS 754 ] @ lewbel-gmm
⠋ [ FAIL 14 | WARN 3 | SKIP 0 | PASS 754 ] @ lewbel-gmm
⠙ [ FAIL 14 | WARN 3 | SKIP 0 | PASS 754 ] @ lewbel-gmm
⠹ [ FAIL 14 | WARN 3 | SKIP 0 | PASS 754 ] @ lewbel-gmm
⠸ [ FAIL 14 | WARN 3 | SKIP 0 | PASS 754 ] @ lewbel-gmm
⠼ [ FAIL 14 | WARN 3 | SKIP 0 | PASS 754 ] @ lewbel-gmm
⠴ [ FAIL 14 | WARN 3 | SKIP 0 | PASS 754 ] @ lewbel-gmm
⠦ [ FAIL 14 | WARN 3 | SKIP 0 | PASS 754 ] @ lewbel-gmm
⠧ [ FAIL 14 | WARN 3 | SKIP 0 | PASS 754 ] @ lewbel-gmm
⠇ [ FAIL 14 | WARN 3 | SKIP 0 | PASS 754 ] @ lewbel-gmm
⠏ [ FAIL 14 | WARN 3 | SKIP 0 | PASS 754 ] @ lewbel-gmm
⠋ [ FAIL 14 | WARN 3 | SKIP 0 | PASS 754 ] @ lewbel-gmm
⠙ [ FAIL 14 | WARN 3 | SKIP 0 | PASS 754 ] @ lewbel-gmm
⠹ [ FAIL 14 | WARN 3 | SKIP 0 | PASS 754 ] @ lewbel-gmm
⠸ [ FAIL 14 | WARN 3 | SKIP 0 | PASS 754 ] @ lewbel-gmm
⠼ [ FAIL 14 | WARN 3 | SKIP 0 | PASS 754 ] @ lewbel-gmm
⠴ [ FAIL 14 | WARN 3 | SKIP 0 | PASS 754 ] @ lewbel-gmm
⠦ [ FAIL 14 | WARN 3 | SKIP 0 | PASS 754 ] @ lewbel-gmm
⠧ [ FAIL 14 | WARN 3 | SKIP 0 | PASS 754 ] @ lewbel-gmm
⠇ [ FAIL 14 | WARN 3 | SKIP 0 | PASS 754 ] @ lewbel-gmm
⠏ [ FAIL 14 | WARN 3 | SKIP 0 | PASS 754 ] @ lewbel-gmm
⠋ [ FAIL 14 | WARN 3 | SKIP 0 | PASS 754 ] @ lewbel-gmm
⠙ [ FAIL 14 | WARN 3 | SKIP 0 | PASS 754 ] @ lewbel-gmm
⠹ [ FAIL 14 | WARN 3 | SKIP 0 | PASS 754 ] @ lewbel-gmm
⠸ [ FAIL 14 | WARN 3 | SKIP 0 | PASS 754 ] @ lewbel-gmm
⠼ [ FAIL 14 | WARN 3 | SKIP 0 | PASS 754 ] @ lewbel-gmm
⠴ [ FAIL 14 | WARN 3 | SKIP 0 | PASS 754 ] @ lewbel-gmm
⠦ [ FAIL 14 | WARN 3 | SKIP 0 | PASS 754 ] @ lewbel-gmm
⠧ [ FAIL 14 | WARN 3 | SKIP 0 | PASS 754 ] @ lewbel-gmm
⠇ [ FAIL 14 | WARN 3 | SKIP 0 | PASS 754 ] @ lewbel-gmm
⠏ [ FAIL 14 | WARN 3 | SKIP 0 | PASS 754 ] @ lewbel-gmm
⠋ [ FAIL 14 | WARN 3 | SKIP 0 | PASS 754 ] @ lewbel-gmm
⠙ [ FAIL 14 | WARN 3 | SKIP 0 | PASS 754 ] @ lewbel-gmm
⠹ [ FAIL 14 | WARN 3 | SKIP 0 | PASS 754 ] @ lewbel-gmm
⠸ [ FAIL 14 | WARN 3 | SKIP 0 | PASS 754 ] @ lewbel-gmm
⠼ [ FAIL 14 | WARN 3 | SKIP 0 | PASS 754 ] @ lewbel-gmm
⠴ [ FAIL 14 | WARN 3 | SKIP 0 | PASS 754 ] @ lewbel-gmm
⠦ [ FAIL 14 | WARN 3 | SKIP 0 | PASS 754 ] @ lewbel-gmm
⠧ [ FAIL 14 | WARN 3 | SKIP 0 | PASS 754 ] @ lewbel-gmm
⠇ [ FAIL 14 | WARN 3 | SKIP 0 | PASS 754 ] @ lewbel-gmm
⠏ [ FAIL 14 | WARN 3 | SKIP 0 | PASS 754 ] @ lewbel-gmm
⠋ [ FAIL 14 | WARN 3 | SKIP 0 | PASS 754 ] @ lewbel-gmm
⠙ [ FAIL 14 | WARN 3 | SKIP 0 | PASS 754 ] @ lewbel-gmm
⠹ [ FAIL 14 | WARN 3 | SKIP 0 | PASS 754 ] @ lewbel-gmm
⠸ [ FAIL 14 | WARN 3 | SKIP 0 | PASS 754 ] @ lewbel-gmm
⠼ [ FAIL 14 | WARN 3 | SKIP 0 | PASS 754 ] @ lewbel-gmm
⠴ [ FAIL 14 | WARN 3 | SKIP 0 | PASS 754 ] @ lewbel-gmm
⠦ [ FAIL 14 | WARN 3 | SKIP 0 | PASS 754 ] @ lewbel-gmm
⠧ [ FAIL 14 | WARN 3 | SKIP 0 | PASS 754 ] @ lewbel-gmm
⠇ [ FAIL 14 | WARN 3 | SKIP 0 | PASS 754 ] @ lewbel-gmm
⠏ [ FAIL 14 | WARN 3 | SKIP 0 | PASS 754 ] @ lewbel-gmm
⠋ [ FAIL 14 | WARN 3 | SKIP 0 | PASS 754 ] @ lewbel-gmm
⠙ [ FAIL 14 | WARN 3 | SKIP 0 | PASS 754 ] @ lewbel-gmm
⠹ [ FAIL 14 | WARN 3 | SKIP 0 | PASS 754 ] @ lewbel-gmm
⠸ [ FAIL 14 | WARN 3 | SKIP 0 | PASS 754 ] @ lewbel-gmm
⠼ [ FAIL 14 | WARN 3 | SKIP 0 | PASS 754 ] @ lewbel-gmm
⠴ [ FAIL 14 | WARN 3 | SKIP 0 | PASS 754 ] @ lewbel-gmm
⠦ [ FAIL 14 | WARN 3 | SKIP 0 | PASS 754 ] @ lewbel-gmm
⠧ [ FAIL 14 | WARN 3 | SKIP 0 | PASS 754 ] @ lewbel-gmm
⠇ [ FAIL 14 | WARN 3 | SKIP 0 | PASS 754 ] @ lewbel-gmm
⠏ [ FAIL 14 | WARN 3 | SKIP 0 | PASS 754 ] @ lewbel-gmm
⠋ [ FAIL 14 | WARN 3 | SKIP 0 | PASS 754 ] @ lewbel-gmm
⠙ [ FAIL 14 | WARN 3 | SKIP 0 | PASS 754 ] @ lewbel-gmm
⠹ [ FAIL 14 | WARN 3 | SKIP 0 | PASS 754 ] @ lewbel-gmm
⠸ [ FAIL 14 | WARN 3 | SKIP 0 | PASS 754 ] @ lewbel-gmm
⠼ [ FAIL 14 | WARN 3 | SKIP 0 | PASS 754 ] @ lewbel-gmm
⠴ [ FAIL 14 | WARN 3 | SKIP 0 | PASS 754 ] @ lewbel-gmm
⠦ [ FAIL 14 | WARN 3 | SKIP 0 | PASS 754 ] @ lewbel-gmm
⠧ [ FAIL 14 | WARN 3 | SKIP 0 | PASS 754 ] @ lewbel-gmm
⠇ [ FAIL 14 | WARN 3 | SKIP 0 | PASS 754 ] @ lewbel-gmm
⠏ [ FAIL 14 | WARN 3 | SKIP 0 | PASS 754 ] @ lewbel-gmm
⠋ [ FAIL 14 | WARN 3 | SKIP 0 | PASS 755 ] @ lewbel-gmm
⠙ [ FAIL 14 | WARN 3 | SKIP 0 | PASS 755 ] @ lewbel-gmm
⠹ [ FAIL 14 | WARN 3 | SKIP 0 | PASS 755 ] @ lewbel-gmm
⠸ [ FAIL 14 | WARN 3 | SKIP 0 | PASS 755 ] @ lewbel-gmm
⠼ [ FAIL 14 | WARN 3 | SKIP 0 | PASS 755 ] @ lewbel-gmm
⠴ [ FAIL 14 | WARN 3 | SKIP 0 | PASS 755 ] @ lewbel-gmm
⠦ [ FAIL 14 | WARN 3 | SKIP 0 | PASS 755 ] @ lewbel-gmm
⠧ [ FAIL 14 | WARN 3 | SKIP 0 | PASS 755 ] @ lewbel-gmm
⠇ [ FAIL 14 | WARN 3 | SKIP 0 | PASS 755 ] @ lewbel-gmm
⠏ [ FAIL 14 | WARN 3 | SKIP 0 | PASS 755 ] @ lewbel-gmm
⠋ [ FAIL 14 | WARN 3 | SKIP 0 | PASS 755 ] @ lewbel-gmm
⠙ [ FAIL 14 | WARN 3 | SKIP 0 | PASS 755 ] @ lewbel-gmm
⠹ [ FAIL 14 | WARN 3 | SKIP 0 | PASS 755 ] @ lewbel-gmm
⠸ [ FAIL 14 | WARN 3 | SKIP 0 | PASS 755 ] @ lewbel-gmm
⠼ [ FAIL 14 | WARN 3 | SKIP 0 | PASS 755 ] @ lewbel-gmm
⠴ [ FAIL 14 | WARN 3 | SKIP 0 | PASS 755 ] @ lewbel-gmm
⠦ [ FAIL 14 | WARN 3 | SKIP 0 | PASS 755 ] @ lewbel-gmm
⠧ [ FAIL 14 | WARN 3 | SKIP 0 | PASS 755 ] @ lewbel-gmm
⠇ [ FAIL 14 | WARN 3 | SKIP 0 | PASS 755 ] @ lewbel-gmm
⠏ [ FAIL 14 | WARN 3 | SKIP 0 | PASS 755 ] @ lewbel-gmm
⠋ [ FAIL 14 | WARN 3 | SKIP 0 | PASS 755 ] @ lewbel-gmm
⠙ [ FAIL 14 | WARN 3 | SKIP 0 | PASS 755 ] @ lewbel-gmm
⠹ [ FAIL 14 | WARN 3 | SKIP 0 | PASS 755 ] @ lewbel-gmm
⠸ [ FAIL 14 | WARN 3 | SKIP 0 | PASS 755 ] @ lewbel-gmm
⠼ [ FAIL 14 | WARN 3 | SKIP 0 | PASS 755 ] @ lewbel-gmm
⠴ [ FAIL 14 | WARN 3 | SKIP 0 | PASS 755 ] @ lewbel-gmm
⠦ [ FAIL 14 | WARN 3 | SKIP 0 | PASS 755 ] @ lewbel-gmm
⠧ [ FAIL 14 | WARN 3 | SKIP 0 | PASS 755 ] @ lewbel-gmm
⠇ [ FAIL 14 | WARN 3 | SKIP 0 | PASS 755 ] @ lewbel-gmm
⠏ [ FAIL 14 | WARN 3 | SKIP 0 | PASS 755 ] @ lewbel-gmm
⠋ [ FAIL 14 | WARN 3 | SKIP 0 | PASS 755 ] @ lewbel-gmm
⠙ [ FAIL 14 | WARN 3 | SKIP 0 | PASS 755 ] @ lewbel-gmm
⠹ [ FAIL 14 | WARN 3 | SKIP 0 | PASS 755 ] @ lewbel-gmm
⠸ [ FAIL 14 | WARN 3 | SKIP 0 | PASS 755 ] @ lewbel-gmm
⠼ [ FAIL 14 | WARN 3 | SKIP 0 | PASS 755 ] @ lewbel-gmm
⠴ [ FAIL 14 | WARN 3 | SKIP 0 | PASS 755 ] @ lewbel-gmm
⠦ [ FAIL 14 | WARN 3 | SKIP 0 | PASS 755 ] @ lewbel-gmm
⠧ [ FAIL 14 | WARN 3 | SKIP 0 | PASS 755 ] @ lewbel-gmm
⠇ [ FAIL 14 | WARN 3 | SKIP 0 | PASS 755 ] @ lewbel-gmm
⠏ [ FAIL 14 | WARN 3 | SKIP 0 | PASS 755 ] @ lewbel-gmm
⠋ [ FAIL 14 | WARN 3 | SKIP 0 | PASS 755 ] @ lewbel-gmm
⠙ [ FAIL 14 | WARN 3 | SKIP 0 | PASS 755 ] @ lewbel-gmm
⠹ [ FAIL 14 | WARN 3 | SKIP 0 | PASS 755 ] @ lewbel-gmm
⠸ [ FAIL 14 | WARN 3 | SKIP 0 | PASS 755 ] @ lewbel-gmm
⠼ [ FAIL 14 | WARN 3 | SKIP 0 | PASS 755 ] @ lewbel-gmm
⠴ [ FAIL 14 | WARN 3 | SKIP 0 | PASS 755 ] @ lewbel-gmm
⠦ [ FAIL 14 | WARN 3 | SKIP 0 | PASS 755 ] @ lewbel-gmm
⠧ [ FAIL 14 | WARN 3 | SKIP 0 | PASS 755 ] @ lewbel-gmm
⠇ [ FAIL 14 | WARN 3 | SKIP 0 | PASS 755 ] @ lewbel-gmm
⠏ [ FAIL 14 | WARN 3 | SKIP 0 | PASS 755 ] @ lewbel-gmm
⠋ [ FAIL 14 | WARN 3 | SKIP 0 | PASS 755 ] @ lewbel-gmm
⠙ [ FAIL 14 | WARN 3 | SKIP 0 | PASS 755 ] @ lewbel-gmm
⠹ [ FAIL 14 | WARN 3 | SKIP 0 | PASS 755 ] @ lewbel-gmm
⠸ [ FAIL 14 | WARN 3 | SKIP 0 | PASS 755 ] @ lewbel-gmm
⠼ [ FAIL 14 | WARN 3 | SKIP 0 | PASS 755 ] @ lewbel-gmm
⠴ [ FAIL 14 | WARN 3 | SKIP 0 | PASS 755 ] @ lewbel-gmm
⠦ [ FAIL 14 | WARN 3 | SKIP 0 | PASS 755 ] @ lewbel-gmm
⠧ [ FAIL 14 | WARN 3 | SKIP 0 | PASS 755 ] @ lewbel-gmm
⠇ [ FAIL 14 | WARN 3 | SKIP 0 | PASS 755 ] @ lewbel-gmm
⠏ [ FAIL 14 | WARN 3 | SKIP 0 | PASS 755 ] @ lewbel-gmm
⠋ [ FAIL 14 | WARN 3 | SKIP 0 | PASS 755 ] @ lewbel-gmm
⠙ [ FAIL 14 | WARN 3 | SKIP 0 | PASS 755 ] @ lewbel-gmm
⠹ [ FAIL 14 | WARN 3 | SKIP 0 | PASS 755 ] @ lewbel-gmm
⠸ [ FAIL 14 | WARN 3 | SKIP 0 | PASS 755 ] @ lewbel-gmm
⠼ [ FAIL 14 | WARN 3 | SKIP 0 | PASS 755 ] @ lewbel-gmm
⠴ [ FAIL 14 | WARN 3 | SKIP 0 | PASS 755 ] @ lewbel-gmm
⠦ [ FAIL 14 | WARN 3 | SKIP 0 | PASS 755 ] @ lewbel-gmm
⠧ [ FAIL 14 | WARN 3 | SKIP 0 | PASS 755 ] @ lewbel-gmm
⠇ [ FAIL 14 | WARN 3 | SKIP 0 | PASS 755 ] @ lewbel-gmm
⠏ [ FAIL 14 | WARN 3 | SKIP 0 | PASS 755 ] @ lewbel-gmm
⠋ [ FAIL 14 | WARN 3 | SKIP 0 | PASS 755 ] @ lewbel-gmm
⠙ [ FAIL 14 | WARN 3 | SKIP 0 | PASS 755 ] @ lewbel-gmm
⠹ [ FAIL 14 | WARN 3 | SKIP 0 | PASS 755 ] @ lewbel-gmm
⠸ [ FAIL 14 | WARN 3 | SKIP 0 | PASS 755 ] @ lewbel-gmm
⠼ [ FAIL 14 | WARN 3 | SKIP 0 | PASS 755 ] @ lewbel-gmm
⠴ [ FAIL 14 | WARN 3 | SKIP 0 | PASS 755 ] @ lewbel-gmm
⠦ [ FAIL 14 | WARN 3 | SKIP 0 | PASS 755 ] @ lewbel-gmm
⠧ [ FAIL 14 | WARN 3 | SKIP 0 | PASS 755 ] @ lewbel-gmm
⠇ [ FAIL 14 | WARN 3 | SKIP 0 | PASS 755 ] @ lewbel-gmm
⠏ [ FAIL 14 | WARN 3 | SKIP 0 | PASS 755 ] @ lewbel-gmm
⠋ [ FAIL 14 | WARN 3 | SKIP 0 | PASS 755 ] @ lewbel-gmm
⠙ [ FAIL 14 | WARN 3 | SKIP 0 | PASS 755 ] @ lewbel-gmm
⠹ [ FAIL 14 | WARN 3 | SKIP 0 | PASS 755 ] @ lewbel-gmm
⠸ [ FAIL 14 | WARN 3 | SKIP 0 | PASS 755 ] @ lewbel-gmm
⠼ [ FAIL 14 | WARN 3 | SKIP 0 | PASS 755 ] @ lewbel-gmm
⠴ [ FAIL 14 | WARN 3 | SKIP 0 | PASS 755 ] @ lewbel-gmm
⠦ [ FAIL 14 | WARN 3 | SKIP 0 | PASS 755 ] @ lewbel-gmm
⠧ [ FAIL 14 | WARN 3 | SKIP 0 | PASS 755 ] @ lewbel-gmm
⠇ [ FAIL 14 | WARN 3 | SKIP 0 | PASS 755 ] @ lewbel-gmm
⠏ [ FAIL 14 | WARN 3 | SKIP 0 | PASS 755 ] @ lewbel-gmm
⠋ [ FAIL 14 | WARN 3 | SKIP 0 | PASS 755 ] @ lewbel-gmm
⠙ [ FAIL 14 | WARN 3 | SKIP 0 | PASS 755 ] @ lewbel-gmm
⠹ [ FAIL 14 | WARN 3 | SKIP 0 | PASS 755 ] @ lewbel-gmm
⠸ [ FAIL 14 | WARN 3 | SKIP 0 | PASS 755 ] @ lewbel-gmm
⠼ [ FAIL 14 | WARN 3 | SKIP 0 | PASS 755 ] @ lewbel-gmm
⠴ [ FAIL 14 | WARN 3 | SKIP 0 | PASS 755 ] @ lewbel-gmm
⠦ [ FAIL 14 | WARN 3 | SKIP 0 | PASS 755 ] @ lewbel-gmm
⠧ [ FAIL 14 | WARN 3 | SKIP 0 | PASS 755 ] @ lewbel-gmm
⠇ [ FAIL 14 | WARN 3 | SKIP 0 | PASS 755 ] @ lewbel-gmm
⠏ [ FAIL 14 | WARN 3 | SKIP 0 | PASS 755 ] @ lewbel-gmm
⠋ [ FAIL 14 | WARN 3 | SKIP 0 | PASS 755 ] @ lewbel-gmm
⠙ [ FAIL 14 | WARN 3 | SKIP 0 | PASS 755 ] @ lewbel-gmm
⠹ [ FAIL 14 | WARN 3 | SKIP 0 | PASS 755 ] @ lewbel-gmm
⠸ [ FAIL 14 | WARN 3 | SKIP 0 | PASS 755 ] @ lewbel-gmm
⠼ [ FAIL 14 | WARN 3 | SKIP 0 | PASS 755 ] @ lewbel-gmm
⠴ [ FAIL 14 | WARN 3 | SKIP 0 | PASS 755 ] @ lewbel-gmm
⠦ [ FAIL 14 | WARN 3 | SKIP 0 | PASS 755 ] @ lewbel-gmm
⠧ [ FAIL 14 | WARN 3 | SKIP 0 | PASS 755 ] @ lewbel-gmm
⠇ [ FAIL 14 | WARN 3 | SKIP 0 | PASS 755 ] @ lewbel-gmm
⠏ [ FAIL 14 | WARN 3 | SKIP 0 | PASS 755 ] @ lewbel-gmm
⠋ [ FAIL 14 | WARN 3 | SKIP 0 | PASS 755 ] @ lewbel-gmm
⠙ [ FAIL 14 | WARN 3 | SKIP 0 | PASS 755 ] @ lewbel-gmm
⠹ [ FAIL 14 | WARN 3 | SKIP 0 | PASS 755 ] @ lewbel-gmm
⠸ [ FAIL 14 | WARN 3 | SKIP 0 | PASS 755 ] @ lewbel-gmm
⠼ [ FAIL 14 | WARN 3 | SKIP 0 | PASS 755 ] @ lewbel-gmm
⠴ [ FAIL 14 | WARN 3 | SKIP 0 | PASS 755 ] @ lewbel-gmm
⠦ [ FAIL 14 | WARN 3 | SKIP 0 | PASS 755 ] @ lewbel-gmm
⠧ [ FAIL 14 | WARN 3 | SKIP 0 | PASS 755 ] @ lewbel-gmm
⠇ [ FAIL 14 | WARN 3 | SKIP 0 | PASS 755 ] @ lewbel-gmm
⠏ [ FAIL 14 | WARN 3 | SKIP 0 | PASS 755 ] @ lewbel-gmm
⠋ [ FAIL 14 | WARN 3 | SKIP 0 | PASS 755 ] @ lewbel-gmm
⠙ [ FAIL 14 | WARN 3 | SKIP 0 | PASS 755 ] @ lewbel-gmm
⠹ [ FAIL 14 | WARN 3 | SKIP 0 | PASS 755 ] @ lewbel-gmm
⠸ [ FAIL 14 | WARN 3 | SKIP 0 | PASS 755 ] @ lewbel-gmm
⠼ [ FAIL 14 | WARN 3 | SKIP 0 | PASS 755 ] @ lewbel-gmm
⠴ [ FAIL 14 | WARN 3 | SKIP 0 | PASS 755 ] @ lewbel-gmm
⠦ [ FAIL 14 | WARN 3 | SKIP 0 | PASS 755 ] @ lewbel-gmm
⠧ [ FAIL 14 | WARN 3 | SKIP 0 | PASS 755 ] @ lewbel-gmm
⠇ [ FAIL 14 | WARN 3 | SKIP 0 | PASS 755 ] @ lewbel-gmm
⠏ [ FAIL 14 | WARN 3 | SKIP 0 | PASS 755 ] @ lewbel-gmm
⠋ [ FAIL 14 | WARN 3 | SKIP 0 | PASS 755 ] @ lewbel-gmm
⠙ [ FAIL 14 | WARN 3 | SKIP 0 | PASS 755 ] @ lewbel-gmm
⠹ [ FAIL 14 | WARN 3 | SKIP 0 | PASS 755 ] @ lewbel-gmm
⠸ [ FAIL 14 | WARN 3 | SKIP 0 | PASS 755 ] @ lewbel-gmm
⠼ [ FAIL 14 | WARN 3 | SKIP 0 | PASS 755 ] @ lewbel-gmm
⠴ [ FAIL 14 | WARN 3 | SKIP 0 | PASS 755 ] @ lewbel-gmm
⠦ [ FAIL 14 | WARN 3 | SKIP 0 | PASS 755 ] @ lewbel-gmm
⠧ [ FAIL 14 | WARN 3 | SKIP 0 | PASS 755 ] @ lewbel-gmm
⠇ [ FAIL 14 | WARN 3 | SKIP 0 | PASS 755 ] @ lewbel-gmm
⠏ [ FAIL 14 | WARN 3 | SKIP 0 | PASS 755 ] @ lewbel-gmm
⠋ [ FAIL 14 | WARN 3 | SKIP 0 | PASS 755 ] @ lewbel-gmm
⠙ [ FAIL 14 | WARN 3 | SKIP 0 | PASS 755 ] @ lewbel-gmm
⠹ [ FAIL 14 | WARN 3 | SKIP 0 | PASS 755 ] @ lewbel-gmm
⠸ [ FAIL 14 | WARN 3 | SKIP 0 | PASS 755 ] @ lewbel-gmm
⠼ [ FAIL 14 | WARN 3 | SKIP 0 | PASS 755 ] @ lewbel-gmm
⠴ [ FAIL 14 | WARN 3 | SKIP 0 | PASS 755 ] @ lewbel-gmm
⠦ [ FAIL 14 | WARN 3 | SKIP 0 | PASS 755 ] @ lewbel-gmm
⠧ [ FAIL 14 | WARN 3 | SKIP 0 | PASS 755 ] @ lewbel-gmm
⠇ [ FAIL 14 | WARN 3 | SKIP 0 | PASS 755 ] @ lewbel-gmm
⠏ [ FAIL 14 | WARN 3 | SKIP 0 | PASS 755 ] @ lewbel-gmm
⠋ [ FAIL 14 | WARN 3 | SKIP 0 | PASS 755 ] @ lewbel-gmm
⠙ [ FAIL 14 | WARN 3 | SKIP 0 | PASS 755 ] @ lewbel-gmm
⠹ [ FAIL 14 | WARN 3 | SKIP 0 | PASS 755 ] @ lewbel-gmm
⠸ [ FAIL 14 | WARN 3 | SKIP 0 | PASS 755 ] @ lewbel-gmm
⠼ [ FAIL 14 | WARN 3 | SKIP 0 | PASS 755 ] @ lewbel-gmm
⠴ [ FAIL 14 | WARN 3 | SKIP 0 | PASS 755 ] @ lewbel-gmm
⠦ [ FAIL 14 | WARN 3 | SKIP 0 | PASS 755 ] @ lewbel-gmm
⠧ [ FAIL 14 | WARN 3 | SKIP 0 | PASS 755 ] @ lewbel-gmm
⠇ [ FAIL 14 | WARN 3 | SKIP 0 | PASS 755 ] @ lewbel-gmm
⠏ [ FAIL 14 | WARN 3 | SKIP 0 | PASS 755 ] @ lewbel-gmm
⠋ [ FAIL 14 | WARN 3 | SKIP 0 | PASS 755 ] @ lewbel-gmm
⠙ [ FAIL 14 | WARN 3 | SKIP 0 | PASS 755 ] @ lewbel-gmm
⠹ [ FAIL 14 | WARN 3 | SKIP 0 | PASS 755 ] @ lewbel-gmm
⠸ [ FAIL 14 | WARN 3 | SKIP 0 | PASS 755 ] @ lewbel-gmm
⠼ [ FAIL 14 | WARN 3 | SKIP 0 | PASS 755 ] @ lewbel-gmm
⠴ [ FAIL 14 | WARN 3 | SKIP 0 | PASS 755 ] @ lewbel-gmm
⠦ [ FAIL 14 | WARN 3 | SKIP 0 | PASS 755 ] @ lewbel-gmm
⠧ [ FAIL 14 | WARN 3 | SKIP 0 | PASS 755 ] @ lewbel-gmm
⠇ [ FAIL 14 | WARN 3 | SKIP 0 | PASS 755 ] @ lewbel-gmm
⠏ [ FAIL 14 | WARN 3 | SKIP 0 | PASS 755 ] @ lewbel-gmm
⠋ [ FAIL 14 | WARN 3 | SKIP 0 | PASS 755 ] @ lewbel-gmm
⠙ [ FAIL 14 | WARN 3 | SKIP 0 | PASS 755 ] @ lewbel-gmm
⠹ [ FAIL 14 | WARN 3 | SKIP 0 | PASS 755 ] @ lewbel-gmm
⠸ [ FAIL 14 | WARN 3 | SKIP 0 | PASS 755 ] @ lewbel-gmm
⠼ [ FAIL 14 | WARN 3 | SKIP 0 | PASS 755 ] @ lewbel-gmm
⠴ [ FAIL 14 | WARN 3 | SKIP 0 | PASS 755 ] @ lewbel-gmm
⠦ [ FAIL 14 | WARN 3 | SKIP 0 | PASS 755 ] @ lewbel-gmm
⠧ [ FAIL 14 | WARN 3 | SKIP 0 | PASS 755 ] @ lewbel-gmm
⠇ [ FAIL 14 | WARN 3 | SKIP 0 | PASS 755 ] @ lewbel-gmm
⠏ [ FAIL 14 | WARN 3 | SKIP 0 | PASS 755 ] @ lewbel-gmm
⠋ [ FAIL 14 | WARN 3 | SKIP 0 | PASS 755 ] @ lewbel-gmm
⠙ [ FAIL 14 | WARN 3 | SKIP 0 | PASS 755 ] @ lewbel-gmm
⠹ [ FAIL 14 | WARN 3 | SKIP 0 | PASS 755 ] @ lewbel-gmm
⠸ [ FAIL 14 | WARN 3 | SKIP 0 | PASS 755 ] @ lewbel-gmm
⠼ [ FAIL 14 | WARN 3 | SKIP 0 | PASS 755 ] @ lewbel-gmm
⠴ [ FAIL 14 | WARN 3 | SKIP 0 | PASS 755 ] @ lewbel-gmm
⠦ [ FAIL 14 | WARN 3 | SKIP 0 | PASS 755 ] @ lewbel-gmm
⠧ [ FAIL 14 | WARN 3 | SKIP 0 | PASS 755 ] @ lewbel-gmm
⠇ [ FAIL 14 | WARN 3 | SKIP 0 | PASS 755 ] @ lewbel-gmm
⠏ [ FAIL 14 | WARN 3 | SKIP 0 | PASS 755 ] @ lewbel-gmm
⠋ [ FAIL 14 | WARN 3 | SKIP 0 | PASS 755 ] @ lewbel-gmm
⠙ [ FAIL 14 | WARN 3 | SKIP 0 | PASS 755 ] @ lewbel-gmm
⠹ [ FAIL 14 | WARN 3 | SKIP 0 | PASS 755 ] @ lewbel-gmm
⠸ [ FAIL 14 | WARN 3 | SKIP 0 | PASS 755 ] @ lewbel-gmm
⠼ [ FAIL 14 | WARN 3 | SKIP 0 | PASS 755 ] @ lewbel-gmm
⠴ [ FAIL 14 | WARN 3 | SKIP 0 | PASS 755 ] @ lewbel-gmm
⠦ [ FAIL 14 | WARN 3 | SKIP 0 | PASS 755 ] @ lewbel-gmm
⠧ [ FAIL 14 | WARN 3 | SKIP 0 | PASS 755 ] @ lewbel-gmm
⠇ [ FAIL 14 | WARN 3 | SKIP 0 | PASS 755 ] @ lewbel-gmm
⠏ [ FAIL 14 | WARN 3 | SKIP 0 | PASS 755 ] @ lewbel-gmm
⠋ [ FAIL 14 | WARN 3 | SKIP 0 | PASS 755 ] @ lewbel-gmm
⠙ [ FAIL 14 | WARN 3 | SKIP 0 | PASS 755 ] @ lewbel-gmm
⠹ [ FAIL 14 | WARN 3 | SKIP 0 | PASS 755 ] @ lewbel-gmm
⠸ [ FAIL 14 | WARN 3 | SKIP 0 | PASS 755 ] @ lewbel-gmm
⠼ [ FAIL 14 | WARN 3 | SKIP 0 | PASS 755 ] @ lewbel-gmm
⠴ [ FAIL 14 | WARN 3 | SKIP 0 | PASS 755 ] @ lewbel-gmm
⠦ [ FAIL 14 | WARN 3 | SKIP 0 | PASS 755 ] @ lewbel-gmm
⠧ [ FAIL 14 | WARN 3 | SKIP 0 | PASS 755 ] @ lewbel-gmm
⠇ [ FAIL 14 | WARN 3 | SKIP 0 | PASS 755 ] @ lewbel-gmm
⠏ [ FAIL 14 | WARN 3 | SKIP 0 | PASS 755 ] @ lewbel-gmm
⠋ [ FAIL 14 | WARN 3 | SKIP 0 | PASS 755 ] @ lewbel-gmm
⠙ [ FAIL 14 | WARN 3 | SKIP 0 | PASS 755 ] @ lewbel-gmm
⠹ [ FAIL 14 | WARN 3 | SKIP 0 | PASS 755 ] @ lewbel-gmm
⠸ [ FAIL 14 | WARN 3 | SKIP 0 | PASS 755 ] @ lewbel-gmm
⠼ [ FAIL 14 | WARN 3 | SKIP 0 | PASS 755 ] @ lewbel-gmm
⠴ [ FAIL 14 | WARN 3 | SKIP 0 | PASS 755 ] @ lewbel-gmm
⠦ [ FAIL 14 | WARN 3 | SKIP 0 | PASS 755 ] @ lewbel-gmm
⠧ [ FAIL 14 | WARN 3 | SKIP 0 | PASS 755 ] @ lewbel-gmm
⠇ [ FAIL 14 | WARN 3 | SKIP 0 | PASS 755 ] @ lewbel-gmm
⠏ [ FAIL 14 | WARN 3 | SKIP 0 | PASS 755 ] @ lewbel-gmm
⠋ [ FAIL 14 | WARN 3 | SKIP 0 | PASS 755 ] @ lewbel-gmm
⠙ [ FAIL 14 | WARN 3 | SKIP 0 | PASS 755 ] @ lewbel-gmm
⠹ [ FAIL 14 | WARN 3 | SKIP 0 | PASS 755 ] @ lewbel-gmm
⠸ [ FAIL 14 | WARN 3 | SKIP 0 | PASS 755 ] @ lewbel-gmm
⠼ [ FAIL 14 | WARN 3 | SKIP 0 | PASS 755 ] @ lewbel-gmm
⠴ [ FAIL 14 | WARN 3 | SKIP 0 | PASS 755 ] @ lewbel-gmm
⠦ [ FAIL 14 | WARN 3 | SKIP 0 | PASS 755 ] @ lewbel-gmm
⠧ [ FAIL 14 | WARN 3 | SKIP 0 | PASS 755 ] @ lewbel-gmm
⠇ [ FAIL 14 | WARN 3 | SKIP 0 | PASS 755 ] @ lewbel-gmm
⠏ [ FAIL 14 | WARN 3 | SKIP 0 | PASS 755 ] @ lewbel-gmm
⠋ [ FAIL 14 | WARN 3 | SKIP 0 | PASS 755 ] @ lewbel-gmm
⠙ [ FAIL 14 | WARN 3 | SKIP 0 | PASS 755 ] @ lewbel-gmm
⠹ [ FAIL 14 | WARN 3 | SKIP 0 | PASS 755 ] @ lewbel-gmm
⠸ [ FAIL 14 | WARN 3 | SKIP 0 | PASS 755 ] @ lewbel-gmm
⠼ [ FAIL 14 | WARN 3 | SKIP 0 | PASS 755 ] @ lewbel-gmm
⠴ [ FAIL 14 | WARN 3 | SKIP 0 | PASS 755 ] @ lewbel-gmm
⠦ [ FAIL 14 | WARN 3 | SKIP 0 | PASS 755 ] @ lewbel-gmm
⠧ [ FAIL 14 | WARN 3 | SKIP 0 | PASS 755 ] @ lewbel-gmm
⠇ [ FAIL 14 | WARN 3 | SKIP 0 | PASS 755 ] @ lewbel-gmm
⠏ [ FAIL 14 | WARN 3 | SKIP 0 | PASS 755 ] @ lewbel-gmm
⠋ [ FAIL 14 | WARN 3 | SKIP 0 | PASS 755 ] @ lewbel-gmm
⠙ [ FAIL 14 | WARN 3 | SKIP 0 | PASS 755 ] @ lewbel-gmm
⠹ [ FAIL 14 | WARN 3 | SKIP 0 | PASS 755 ] @ lewbel-gmm
⠸ [ FAIL 14 | WARN 3 | SKIP 0 | PASS 755 ] @ lewbel-gmm
⠼ [ FAIL 14 | WARN 3 | SKIP 0 | PASS 755 ] @ lewbel-gmm
⠴ [ FAIL 14 | WARN 3 | SKIP 0 | PASS 755 ] @ lewbel-gmm
⠦ [ FAIL 14 | WARN 3 | SKIP 0 | PASS 755 ] @ lewbel-gmm
⠧ [ FAIL 14 | WARN 3 | SKIP 0 | PASS 755 ] @ lewbel-gmm
⠇ [ FAIL 14 | WARN 3 | SKIP 0 | PASS 755 ] @ lewbel-gmm
⠏ [ FAIL 14 | WARN 3 | SKIP 0 | PASS 755 ] @ lewbel-gmm
⠋ [ FAIL 14 | WARN 3 | SKIP 0 | PASS 755 ] @ lewbel-gmm
⠙ [ FAIL 14 | WARN 3 | SKIP 0 | PASS 755 ] @ lewbel-gmm
⠹ [ FAIL 14 | WARN 3 | SKIP 0 | PASS 755 ] @ lewbel-gmm
⠸ [ FAIL 14 | WARN 3 | SKIP 0 | PASS 755 ] @ lewbel-gmm
⠼ [ FAIL 14 | WARN 3 | SKIP 0 | PASS 755 ] @ lewbel-gmm
⠴ [ FAIL 14 | WARN 3 | SKIP 0 | PASS 755 ] @ lewbel-gmm
⠦ [ FAIL 14 | WARN 3 | SKIP 0 | PASS 755 ] @ lewbel-gmm
⠧ [ FAIL 14 | WARN 3 | SKIP 0 | PASS 755 ] @ lewbel-gmm
⠇ [ FAIL 14 | WARN 3 | SKIP 0 | PASS 755 ] @ lewbel-gmm
⠏ [ FAIL 14 | WARN 3 | SKIP 0 | PASS 755 ] @ lewbel-gmm
⠋ [ FAIL 14 | WARN 3 | SKIP 0 | PASS 755 ] @ lewbel-gmm
⠙ [ FAIL 14 | WARN 3 | SKIP 0 | PASS 755 ] @ lewbel-gmm
⠹ [ FAIL 14 | WARN 3 | SKIP 0 | PASS 755 ] @ lewbel-gmm
⠸ [ FAIL 14 | WARN 3 | SKIP 0 | PASS 755 ] @ lewbel-gmm
⠼ [ FAIL 14 | WARN 3 | SKIP 0 | PASS 755 ] @ lewbel-gmm
⠴ [ FAIL 14 | WARN 3 | SKIP 0 | PASS 755 ] @ lewbel-gmm
⠦ [ FAIL 14 | WARN 3 | SKIP 0 | PASS 755 ] @ lewbel-gmm
⠧ [ FAIL 14 | WARN 3 | SKIP 0 | PASS 755 ] @ lewbel-gmm
⠇ [ FAIL 14 | WARN 3 | SKIP 0 | PASS 755 ] @ lewbel-gmm
⠏ [ FAIL 14 | WARN 3 | SKIP 0 | PASS 755 ] @ lewbel-gmm
⠋ [ FAIL 14 | WARN 3 | SKIP 0 | PASS 755 ] @ lewbel-gmm
⠙ [ FAIL 14 | WARN 3 | SKIP 0 | PASS 755 ] @ lewbel-gmm
⠹ [ FAIL 14 | WARN 3 | SKIP 0 | PASS 755 ] @ lewbel-gmm
⠸ [ FAIL 14 | WARN 3 | SKIP 0 | PASS 755 ] @ lewbel-gmm
⠼ [ FAIL 14 | WARN 3 | SKIP 0 | PASS 755 ] @ lewbel-gmm
⠴ [ FAIL 14 | WARN 3 | SKIP 0 | PASS 755 ] @ lewbel-gmm
⠦ [ FAIL 14 | WARN 3 | SKIP 0 | PASS 755 ] @ lewbel-gmm
⠧ [ FAIL 14 | WARN 3 | SKIP 0 | PASS 755 ] @ lewbel-gmm
⠇ [ FAIL 14 | WARN 3 | SKIP 0 | PASS 755 ] @ lewbel-gmm
⠏ [ FAIL 14 | WARN 3 | SKIP 0 | PASS 755 ] @ lewbel-gmm
⠋ [ FAIL 14 | WARN 3 | SKIP 0 | PASS 755 ] @ lewbel-gmm
⠙ [ FAIL 14 | WARN 3 | SKIP 0 | PASS 755 ] @ lewbel-gmm
⠹ [ FAIL 14 | WARN 3 | SKIP 0 | PASS 755 ] @ lewbel-gmm
⠸ [ FAIL 14 | WARN 3 | SKIP 0 | PASS 755 ] @ lewbel-gmm
⠼ [ FAIL 14 | WARN 3 | SKIP 0 | PASS 755 ] @ lewbel-gmm
⠴ [ FAIL 14 | WARN 3 | SKIP 0 | PASS 755 ] @ lewbel-gmm
⠦ [ FAIL 14 | WARN 3 | SKIP 0 | PASS 755 ] @ lewbel-gmm
⠧ [ FAIL 14 | WARN 3 | SKIP 0 | PASS 755 ] @ lewbel-gmm
⠇ [ FAIL 14 | WARN 3 | SKIP 0 | PASS 755 ] @ lewbel-gmm
⠏ [ FAIL 14 | WARN 3 | SKIP 0 | PASS 755 ] @ lewbel-gmm
⠋ [ FAIL 14 | WARN 3 | SKIP 0 | PASS 755 ] @ lewbel-gmm
⠙ [ FAIL 14 | WARN 3 | SKIP 0 | PASS 755 ] @ lewbel-gmm
⠹ [ FAIL 14 | WARN 3 | SKIP 0 | PASS 755 ] @ lewbel-gmm
⠸ [ FAIL 14 | WARN 3 | SKIP 0 | PASS 755 ] @ lewbel-gmm
⠼ [ FAIL 14 | WARN 3 | SKIP 0 | PASS 755 ] @ lewbel-gmm
⠴ [ FAIL 14 | WARN 3 | SKIP 0 | PASS 755 ] @ lewbel-gmm
⠦ [ FAIL 14 | WARN 3 | SKIP 0 | PASS 755 ] @ lewbel-gmm
⠧ [ FAIL 14 | WARN 3 | SKIP 0 | PASS 755 ] @ lewbel-gmm
⠇ [ FAIL 14 | WARN 3 | SKIP 0 | PASS 755 ] @ lewbel-gmm
⠏ [ FAIL 14 | WARN 3 | SKIP 0 | PASS 755 ] @ lewbel-gmm
⠋ [ FAIL 14 | WARN 3 | SKIP 0 | PASS 755 ] @ lewbel-gmm
⠙ [ FAIL 14 | WARN 3 | SKIP 0 | PASS 755 ] @ lewbel-gmm
⠹ [ FAIL 14 | WARN 3 | SKIP 0 | PASS 755 ] @ lewbel-gmm
⠸ [ FAIL 14 | WARN 3 | SKIP 0 | PASS 755 ] @ lewbel-gmm
⠼ [ FAIL 14 | WARN 3 | SKIP 0 | PASS 755 ] @ lewbel-gmm
⠴ [ FAIL 14 | WARN 3 | SKIP 0 | PASS 755 ] @ lewbel-gmm
⠦ [ FAIL 14 | WARN 3 | SKIP 0 | PASS 755 ] @ lewbel-gmm
⠧ [ FAIL 14 | WARN 3 | SKIP 0 | PASS 755 ] @ lewbel-gmm
⠇ [ FAIL 14 | WARN 3 | SKIP 0 | PASS 755 ] @ lewbel-gmm
⠏ [ FAIL 14 | WARN 3 | SKIP 0 | PASS 755 ] @ lewbel-gmm
⠋ [ FAIL 14 | WARN 3 | SKIP 0 | PASS 755 ] @ lewbel-gmm
⠙ [ FAIL 14 | WARN 3 | SKIP 0 | PASS 755 ] @ lewbel-gmm
⠹ [ FAIL 14 | WARN 3 | SKIP 0 | PASS 755 ] @ lewbel-gmm
⠸ [ FAIL 14 | WARN 3 | SKIP 0 | PASS 755 ] @ lewbel-gmm
⠼ [ FAIL 14 | WARN 3 | SKIP 0 | PASS 755 ] @ lewbel-gmm
⠴ [ FAIL 14 | WARN 3 | SKIP 0 | PASS 755 ] @ lewbel-gmm
⠦ [ FAIL 14 | WARN 3 | SKIP 0 | PASS 755 ] @ lewbel-gmm
⠧ [ FAIL 14 | WARN 3 | SKIP 0 | PASS 755 ] @ lewbel-gmm
⠇ [ FAIL 14 | WARN 3 | SKIP 0 | PASS 755 ] @ lewbel-gmm
⠏ [ FAIL 14 | WARN 3 | SKIP 0 | PASS 755 ] @ lewbel-gmm
⠋ [ FAIL 14 | WARN 3 | SKIP 0 | PASS 755 ] @ lewbel-gmm
⠙ [ FAIL 14 | WARN 3 | SKIP 0 | PASS 755 ] @ lewbel-gmm
⠹ [ FAIL 14 | WARN 3 | SKIP 0 | PASS 755 ] @ lewbel-gmm
⠸ [ FAIL 14 | WARN 3 | SKIP 0 | PASS 755 ] @ lewbel-gmm
⠼ [ FAIL 14 | WARN 3 | SKIP 0 | PASS 755 ] @ lewbel-gmm
⠴ [ FAIL 14 | WARN 3 | SKIP 0 | PASS 755 ] @ lewbel-gmm
⠦ [ FAIL 14 | WARN 3 | SKIP 0 | PASS 755 ] @ lewbel-gmm
⠧ [ FAIL 14 | WARN 3 | SKIP 0 | PASS 755 ] @ lewbel-gmm
⠇ [ FAIL 14 | WARN 3 | SKIP 0 | PASS 755 ] @ lewbel-gmm
⠏ [ FAIL 14 | WARN 3 | SKIP 0 | PASS 755 ] @ lewbel-gmm
⠋ [ FAIL 14 | WARN 3 | SKIP 0 | PASS 755 ] @ lewbel-gmm
⠙ [ FAIL 14 | WARN 3 | SKIP 0 | PASS 755 ] @ lewbel-gmm
⠹ [ FAIL 14 | WARN 3 | SKIP 0 | PASS 755 ] @ lewbel-gmm
⠸ [ FAIL 14 | WARN 3 | SKIP 0 | PASS 755 ] @ lewbel-gmm
⠼ [ FAIL 14 | WARN 3 | SKIP 0 | PASS 755 ] @ lewbel-gmm
⠴ [ FAIL 14 | WARN 3 | SKIP 0 | PASS 755 ] @ lewbel-gmm
⠦ [ FAIL 14 | WARN 3 | SKIP 0 | PASS 755 ] @ lewbel-gmm
⠧ [ FAIL 14 | WARN 3 | SKIP 0 | PASS 755 ] @ lewbel-gmm
⠇ [ FAIL 14 | WARN 3 | SKIP 0 | PASS 755 ] @ lewbel-gmm
⠏ [ FAIL 14 | WARN 3 | SKIP 0 | PASS 755 ] @ lewbel-gmm
⠋ [ FAIL 14 | WARN 3 | SKIP 0 | PASS 755 ] @ lewbel-gmm
⠙ [ FAIL 14 | WARN 3 | SKIP 0 | PASS 755 ] @ lewbel-gmm
⠹ [ FAIL 14 | WARN 3 | SKIP 0 | PASS 755 ] @ lewbel-gmm
⠸ [ FAIL 14 | WARN 3 | SKIP 0 | PASS 755 ] @ lewbel-gmm
⠼ [ FAIL 14 | WARN 3 | SKIP 0 | PASS 755 ] @ lewbel-gmm
⠴ [ FAIL 14 | WARN 3 | SKIP 0 | PASS 755 ] @ lewbel-gmm
⠦ [ FAIL 14 | WARN 3 | SKIP 0 | PASS 755 ] @ lewbel-gmm
⠧ [ FAIL 14 | WARN 3 | SKIP 0 | PASS 755 ] @ lewbel-gmm
⠇ [ FAIL 14 | WARN 3 | SKIP 0 | PASS 755 ] @ lewbel-gmm
⠏ [ FAIL 14 | WARN 3 | SKIP 0 | PASS 755 ] @ lewbel-gmm
⠋ [ FAIL 14 | WARN 3 | SKIP 0 | PASS 755 ] @ lewbel-gmm
⠙ [ FAIL 14 | WARN 3 | SKIP 0 | PASS 755 ] @ lewbel-gmm
⠹ [ FAIL 14 | WARN 3 | SKIP 0 | PASS 755 ] @ lewbel-gmm
⠸ [ FAIL 14 | WARN 3 | SKIP 0 | PASS 755 ] @ lewbel-gmm
⠼ [ FAIL 14 | WARN 3 | SKIP 0 | PASS 755 ] @ lewbel-gmm
⠴ [ FAIL 14 | WARN 3 | SKIP 0 | PASS 755 ] @ lewbel-gmm
⠦ [ FAIL 14 | WARN 3 | SKIP 0 | PASS 755 ] @ lewbel-gmm
⠧ [ FAIL 14 | WARN 3 | SKIP 0 | PASS 755 ] @ lewbel-gmm
⠇ [ FAIL 14 | WARN 3 | SKIP 0 | PASS 755 ] @ lewbel-gmm
⠏ [ FAIL 14 | WARN 3 | SKIP 0 | PASS 755 ] @ lewbel-gmm
⠋ [ FAIL 14 | WARN 3 | SKIP 0 | PASS 755 ] @ lewbel-gmm
⠙ [ FAIL 14 | WARN 3 | SKIP 0 | PASS 755 ] @ lewbel-gmm
⠹ [ FAIL 14 | WARN 3 | SKIP 0 | PASS 755 ] @ lewbel-gmm
⠸ [ FAIL 14 | WARN 3 | SKIP 0 | PASS 755 ] @ lewbel-gmm
⠼ [ FAIL 14 | WARN 3 | SKIP 0 | PASS 755 ] @ lewbel-gmm
⠴ [ FAIL 14 | WARN 3 | SKIP 0 | PASS 755 ] @ lewbel-gmm
⠦ [ FAIL 14 | WARN 3 | SKIP 0 | PASS 755 ] @ lewbel-gmm
⠧ [ FAIL 14 | WARN 3 | SKIP 0 | PASS 755 ] @ lewbel-gmm
⠇ [ FAIL 14 | WARN 3 | SKIP 0 | PASS 755 ] @ lewbel-gmm
⠏ [ FAIL 14 | WARN 3 | SKIP 0 | PASS 755 ] @ lewbel-gmm
⠋ [ FAIL 14 | WARN 3 | SKIP 0 | PASS 755 ] @ lewbel-gmm
⠙ [ FAIL 14 | WARN 3 | SKIP 0 | PASS 755 ] @ lewbel-gmm
⠹ [ FAIL 14 | WARN 3 | SKIP 0 | PASS 755 ] @ lewbel-gmm
⠸ [ FAIL 14 | WARN 3 | SKIP 0 | PASS 755 ] @ lewbel-gmm
⠼ [ FAIL 14 | WARN 3 | SKIP 0 | PASS 755 ] @ lewbel-gmm
⠴ [ FAIL 14 | WARN 3 | SKIP 0 | PASS 755 ] @ lewbel-gmm
⠦ [ FAIL 14 | WARN 3 | SKIP 0 | PASS 755 ] @ lewbel-gmm
⠧ [ FAIL 14 | WARN 3 | SKIP 0 | PASS 755 ] @ lewbel-gmm
⠇ [ FAIL 14 | WARN 3 | SKIP 0 | PASS 755 ] @ lewbel-gmm
⠏ [ FAIL 14 | WARN 3 | SKIP 0 | PASS 755 ] @ lewbel-gmm
⠋ [ FAIL 14 | WARN 3 | SKIP 0 | PASS 755 ] @ lewbel-gmm
⠙ [ FAIL 14 | WARN 3 | SKIP 0 | PASS 755 ] @ lewbel-gmm
⠹ [ FAIL 14 | WARN 3 | SKIP 0 | PASS 755 ] @ lewbel-gmm
⠸ [ FAIL 14 | WARN 3 | SKIP 0 | PASS 755 ] @ lewbel-gmm
⠼ [ FAIL 14 | WARN 3 | SKIP 0 | PASS 755 ] @ lewbel-gmm
⠴ [ FAIL 14 | WARN 3 | SKIP 0 | PASS 755 ] @ lewbel-gmm
⠦ [ FAIL 14 | WARN 3 | SKIP 0 | PASS 755 ] @ lewbel-gmm
⠧ [ FAIL 14 | WARN 3 | SKIP 0 | PASS 755 ] @ lewbel-gmm
⠇ [ FAIL 14 | WARN 3 | SKIP 0 | PASS 755 ] @ lewbel-gmm
⠏ [ FAIL 14 | WARN 3 | SKIP 0 | PASS 755 ] @ lewbel-gmm
⠋ [ FAIL 14 | WARN 3 | SKIP 0 | PASS 755 ] @ lewbel-gmm
⠙ [ FAIL 14 | WARN 3 | SKIP 0 | PASS 755 ] @ lewbel-gmm
⠹ [ FAIL 14 | WARN 3 | SKIP 0 | PASS 755 ] @ lewbel-gmm
⠸ [ FAIL 14 | WARN 3 | SKIP 0 | PASS 755 ] @ lewbel-gmm
⠼ [ FAIL 14 | WARN 3 | SKIP 0 | PASS 755 ] @ lewbel-gmm
⠴ [ FAIL 14 | WARN 3 | SKIP 0 | PASS 755 ] @ lewbel-gmm
⠦ [ FAIL 14 | WARN 3 | SKIP 0 | PASS 755 ] @ lewbel-gmm
⠧ [ FAIL 14 | WARN 3 | SKIP 0 | PASS 755 ] @ lewbel-gmm
⠇ [ FAIL 14 | WARN 3 | SKIP 0 | PASS 755 ] @ lewbel-gmm
⠏ [ FAIL 14 | WARN 3 | SKIP 0 | PASS 755 ] @ lewbel-gmm
⠋ [ FAIL 14 | WARN 3 | SKIP 0 | PASS 755 ] @ lewbel-gmm
⠙ [ FAIL 14 | WARN 3 | SKIP 0 | PASS 755 ] @ lewbel-gmm
⠹ [ FAIL 14 | WARN 3 | SKIP 0 | PASS 755 ] @ lewbel-gmm
⠸ [ FAIL 14 | WARN 3 | SKIP 0 | PASS 755 ] @ lewbel-gmm
⠼ [ FAIL 14 | WARN 3 | SKIP 0 | PASS 755 ] @ lewbel-gmm
⠴ [ FAIL 14 | WARN 3 | SKIP 0 | PASS 755 ] @ lewbel-gmm
⠦ [ FAIL 14 | WARN 3 | SKIP 0 | PASS 755 ] @ lewbel-gmm
⠧ [ FAIL 14 | WARN 3 | SKIP 0 | PASS 755 ] @ lewbel-gmm
⠇ [ FAIL 14 | WARN 3 | SKIP 0 | PASS 755 ] @ lewbel-gmm
⠏ [ FAIL 14 | WARN 3 | SKIP 0 | PASS 755 ] @ lewbel-gmm
⠋ [ FAIL 14 | WARN 3 | SKIP 0 | PASS 755 ] @ lewbel-gmm
⠙ [ FAIL 14 | WARN 3 | SKIP 0 | PASS 755 ] @ lewbel-gmm
⠹ [ FAIL 14 | WARN 3 | SKIP 0 | PASS 755 ] @ lewbel-gmm
⠸ [ FAIL 14 | WARN 3 | SKIP 0 | PASS 755 ] @ lewbel-gmm
⠼ [ FAIL 14 | WARN 3 | SKIP 0 | PASS 755 ] @ lewbel-gmm
⠴ [ FAIL 14 | WARN 3 | SKIP 0 | PASS 755 ] @ lewbel-gmm
⠦ [ FAIL 14 | WARN 3 | SKIP 0 | PASS 755 ] @ lewbel-gmm
⠧ [ FAIL 14 | WARN 3 | SKIP 0 | PASS 755 ] @ lewbel-gmm
⠇ [ FAIL 14 | WARN 3 | SKIP 0 | PASS 755 ] @ lewbel-gmm
⠏ [ FAIL 14 | WARN 3 | SKIP 0 | PASS 755 ] @ lewbel-gmm
⠋ [ FAIL 14 | WARN 3 | SKIP 0 | PASS 755 ] @ lewbel-gmm
⠙ [ FAIL 14 | WARN 3 | SKIP 0 | PASS 755 ] @ lewbel-gmm
⠹ [ FAIL 14 | WARN 3 | SKIP 0 | PASS 755 ] @ lewbel-gmm
⠸ [ FAIL 14 | WARN 3 | SKIP 0 | PASS 755 ] @ lewbel-gmm
⠼ [ FAIL 14 | WARN 3 | SKIP 0 | PASS 755 ] @ lewbel-gmm
⠴ [ FAIL 14 | WARN 3 | SKIP 0 | PASS 755 ] @ lewbel-gmm
⠦ [ FAIL 14 | WARN 3 | SKIP 0 | PASS 755 ] @ lewbel-gmm
⠧ [ FAIL 14 | WARN 3 | SKIP 0 | PASS 755 ] @ lewbel-gmm
⠇ [ FAIL 14 | WARN 3 | SKIP 0 | PASS 755 ] @ lewbel-gmm
⠏ [ FAIL 14 | WARN 3 | SKIP 0 | PASS 755 ] @ lewbel-gmm
⠋ [ FAIL 14 | WARN 3 | SKIP 0 | PASS 755 ] @ lewbel-gmm
⠙ [ FAIL 14 | WARN 3 | SKIP 0 | PASS 755 ] @ lewbel-gmm
⠹ [ FAIL 14 | WARN 3 | SKIP 0 | PASS 755 ] @ lewbel-gmm
⠸ [ FAIL 14 | WARN 3 | SKIP 0 | PASS 755 ] @ lewbel-gmm
⠼ [ FAIL 14 | WARN 3 | SKIP 0 | PASS 755 ] @ lewbel-gmm
⠴ [ FAIL 14 | WARN 3 | SKIP 0 | PASS 755 ] @ lewbel-gmm
⠦ [ FAIL 14 | WARN 3 | SKIP 0 | PASS 755 ] @ lewbel-gmm
⠧ [ FAIL 14 | WARN 3 | SKIP 0 | PASS 755 ] @ lewbel-gmm
⠇ [ FAIL 14 | WARN 3 | SKIP 0 | PASS 755 ] @ lewbel-gmm
⠏ [ FAIL 14 | WARN 3 | SKIP 0 | PASS 755 ] @ lewbel-gmm
⠋ [ FAIL 14 | WARN 3 | SKIP 0 | PASS 755 ] @ lewbel-gmm
⠙ [ FAIL 14 | WARN 3 | SKIP 0 | PASS 755 ] @ lewbel-gmm
⠹ [ FAIL 14 | WARN 3 | SKIP 0 | PASS 755 ] @ lewbel-gmm
⠸ [ FAIL 14 | WARN 3 | SKIP 0 | PASS 755 ] @ lewbel-gmm
⠼ [ FAIL 14 | WARN 3 | SKIP 0 | PASS 755 ] @ lewbel-gmm
⠴ [ FAIL 14 | WARN 3 | SKIP 0 | PASS 755 ] @ lewbel-gmm
⠦ [ FAIL 14 | WARN 3 | SKIP 0 | PASS 755 ] @ lewbel-gmm
⠧ [ FAIL 14 | WARN 3 | SKIP 0 | PASS 755 ] @ lewbel-gmm
⠇ [ FAIL 14 | WARN 3 | SKIP 0 | PASS 755 ] @ lewbel-gmm
⠏ [ FAIL 14 | WARN 3 | SKIP 0 | PASS 755 ] @ lewbel-gmm
⠋ [ FAIL 14 | WARN 3 | SKIP 0 | PASS 755 ] @ lewbel-gmm
⠙ [ FAIL 14 | WARN 3 | SKIP 0 | PASS 755 ] @ lewbel-gmm
⠹ [ FAIL 14 | WARN 3 | SKIP 0 | PASS 755 ] @ lewbel-gmm
⠸ [ FAIL 14 | WARN 3 | SKIP 0 | PASS 755 ] @ lewbel-gmm
⠼ [ FAIL 14 | WARN 3 | SKIP 0 | PASS 755 ] @ lewbel-gmm
⠴ [ FAIL 14 | WARN 3 | SKIP 0 | PASS 755 ] @ lewbel-gmm
⠦ [ FAIL 14 | WARN 3 | SKIP 0 | PASS 755 ] @ lewbel-gmm
⠧ [ FAIL 14 | WARN 3 | SKIP 0 | PASS 755 ] @ lewbel-gmm
⠇ [ FAIL 14 | WARN 3 | SKIP 0 | PASS 755 ] @ lewbel-gmm
⠏ [ FAIL 14 | WARN 3 | SKIP 0 | PASS 755 ] @ lewbel-gmm
⠋ [ FAIL 14 | WARN 3 | SKIP 0 | PASS 755 ] @ lewbel-gmm
⠙ [ FAIL 14 | WARN 3 | SKIP 0 | PASS 755 ] @ lewbel-gmm
⠹ [ FAIL 14 | WARN 3 | SKIP 0 | PASS 755 ] @ lewbel-gmm
⠸ [ FAIL 14 | WARN 3 | SKIP 0 | PASS 755 ] @ lewbel-gmm
⠼ [ FAIL 14 | WARN 3 | SKIP 0 | PASS 755 ] @ lewbel-gmm
⠴ [ FAIL 14 | WARN 3 | SKIP 0 | PASS 755 ] @ lewbel-gmm
⠦ [ FAIL 14 | WARN 3 | SKIP 0 | PASS 755 ] @ lewbel-gmm
⠧ [ FAIL 14 | WARN 3 | SKIP 0 | PASS 755 ] @ lewbel-gmm
⠇ [ FAIL 14 | WARN 3 | SKIP 0 | PASS 755 ] @ lewbel-gmm
⠏ [ FAIL 14 | WARN 3 | SKIP 0 | PASS 755 ] @ lewbel-gmm
⠋ [ FAIL 14 | WARN 3 | SKIP 0 | PASS 755 ] @ lewbel-gmm
⠙ [ FAIL 14 | WARN 3 | SKIP 0 | PASS 755 ] @ lewbel-gmm
⠹ [ FAIL 14 | WARN 3 | SKIP 0 | PASS 755 ] @ lewbel-gmm
⠸ [ FAIL 14 | WARN 3 | SKIP 0 | PASS 755 ] @ lewbel-gmm
⠼ [ FAIL 14 | WARN 3 | SKIP 0 | PASS 755 ] @ lewbel-gmm
⠴ [ FAIL 14 | WARN 3 | SKIP 0 | PASS 755 ] @ lewbel-gmm
⠦ [ FAIL 14 | WARN 3 | SKIP 0 | PASS 755 ] @ lewbel-gmm
⠧ [ FAIL 14 | WARN 3 | SKIP 0 | PASS 755 ] @ lewbel-gmm
⠇ [ FAIL 14 | WARN 3 | SKIP 0 | PASS 755 ] @ lewbel-gmm
⠏ [ FAIL 14 | WARN 3 | SKIP 0 | PASS 755 ] @ lewbel-gmm
⠋ [ FAIL 14 | WARN 3 | SKIP 0 | PASS 755 ] @ lewbel-gmm
⠙ [ FAIL 14 | WARN 3 | SKIP 0 | PASS 755 ] @ lewbel-gmm
⠹ [ FAIL 14 | WARN 3 | SKIP 0 | PASS 755 ] @ lewbel-gmm
⠸ [ FAIL 14 | WARN 3 | SKIP 0 | PASS 755 ] @ lewbel-gmm
⠼ [ FAIL 14 | WARN 3 | SKIP 0 | PASS 755 ] @ lewbel-gmm
⠴ [ FAIL 14 | WARN 3 | SKIP 0 | PASS 755 ] @ lewbel-gmm
⠦ [ FAIL 14 | WARN 3 | SKIP 0 | PASS 755 ] @ lewbel-gmm
⠧ [ FAIL 14 | WARN 3 | SKIP 0 | PASS 755 ] @ lewbel-gmm
⠇ [ FAIL 14 | WARN 3 | SKIP 0 | PASS 755 ] @ lewbel-gmm
⠏ [ FAIL 14 | WARN 3 | SKIP 0 | PASS 755 ] @ lewbel-gmm
⠋ [ FAIL 14 | WARN 3 | SKIP 0 | PASS 755 ] @ lewbel-gmm
⠙ [ FAIL 14 | WARN 3 | SKIP 0 | PASS 755 ] @ lewbel-gmm
⠹ [ FAIL 14 | WARN 3 | SKIP 0 | PASS 755 ] @ lewbel-gmm
⠸ [ FAIL 14 | WARN 3 | SKIP 0 | PASS 755 ] @ lewbel-gmm
⠼ [ FAIL 14 | WARN 3 | SKIP 0 | PASS 755 ] @ lewbel-gmm
⠴ [ FAIL 14 | WARN 3 | SKIP 0 | PASS 755 ] @ lewbel-gmm
⠦ [ FAIL 14 | WARN 3 | SKIP 0 | PASS 755 ] @ lewbel-gmm
⠧ [ FAIL 14 | WARN 3 | SKIP 0 | PASS 755 ] @ lewbel-gmm
⠇ [ FAIL 14 | WARN 3 | SKIP 0 | PASS 755 ] @ lewbel-gmm
⠏ [ FAIL 14 | WARN 3 | SKIP 0 | PASS 755 ] @ lewbel-gmm
⠋ [ FAIL 14 | WARN 3 | SKIP 0 | PASS 755 ] @ lewbel-gmm
⠙ [ FAIL 14 | WARN 3 | SKIP 0 | PASS 755 ] @ lewbel-gmm
⠹ [ FAIL 14 | WARN 3 | SKIP 0 | PASS 755 ] @ lewbel-gmm
⠸ [ FAIL 14 | WARN 3 | SKIP 0 | PASS 755 ] @ lewbel-gmm
⠼ [ FAIL 14 | WARN 3 | SKIP 0 | PASS 755 ] @ lewbel-gmm
⠴ [ FAIL 14 | WARN 3 | SKIP 0 | PASS 755 ] @ lewbel-gmm
⠦ [ FAIL 14 | WARN 3 | SKIP 0 | PASS 755 ] @ lewbel-gmm
⠧ [ FAIL 14 | WARN 3 | SKIP 0 | PASS 755 ] @ lewbel-gmm
⠇ [ FAIL 14 | WARN 3 | SKIP 0 | PASS 755 ] @ lewbel-gmm
⠏ [ FAIL 14 | WARN 3 | SKIP 0 | PASS 755 ] @ lewbel-gmm
⠋ [ FAIL 14 | WARN 3 | SKIP 0 | PASS 755 ] @ lewbel-gmm
⠙ [ FAIL 14 | WARN 3 | SKIP 0 | PASS 755 ] @ lewbel-gmm
⠹ [ FAIL 14 | WARN 3 | SKIP 0 | PASS 755 ] @ lewbel-gmm
⠸ [ FAIL 14 | WARN 3 | SKIP 0 | PASS 755 ] @ lewbel-gmm
⠼ [ FAIL 14 | WARN 3 | SKIP 0 | PASS 755 ] @ lewbel-gmm
⠴ [ FAIL 14 | WARN 3 | SKIP 0 | PASS 755 ] @ lewbel-gmm
⠦ [ FAIL 14 | WARN 3 | SKIP 0 | PASS 755 ] @ lewbel-gmm
⠧ [ FAIL 14 | WARN 3 | SKIP 0 | PASS 755 ] @ lewbel-gmm
⠇ [ FAIL 14 | WARN 3 | SKIP 0 | PASS 755 ] @ lewbel-gmm
⠏ [ FAIL 14 | WARN 3 | SKIP 0 | PASS 755 ] @ lewbel-gmm
⠋ [ FAIL 14 | WARN 3 | SKIP 0 | PASS 755 ] @ lewbel-gmm
⠙ [ FAIL 14 | WARN 3 | SKIP 0 | PASS 755 ] @ lewbel-gmm
⠹ [ FAIL 14 | WARN 3 | SKIP 0 | PASS 755 ] @ lewbel-gmm
⠸ [ FAIL 14 | WARN 3 | SKIP 0 | PASS 755 ] @ lewbel-gmm
⠼ [ FAIL 14 | WARN 3 | SKIP 0 | PASS 755 ] @ lewbel-gmm
⠴ [ FAIL 14 | WARN 3 | SKIP 0 | PASS 755 ] @ lewbel-gmm
⠦ [ FAIL 14 | WARN 3 | SKIP 0 | PASS 755 ] @ lewbel-gmm
⠧ [ FAIL 14 | WARN 3 | SKIP 0 | PASS 755 ] @ lewbel-gmm
⠇ [ FAIL 14 | WARN 3 | SKIP 0 | PASS 755 ] @ lewbel-gmm
⠏ [ FAIL 14 | WARN 3 | SKIP 0 | PASS 755 ] @ lewbel-gmm
⠋ [ FAIL 14 | WARN 3 | SKIP 0 | PASS 755 ] @ lewbel-gmm
⠙ [ FAIL 14 | WARN 3 | SKIP 0 | PASS 755 ] @ lewbel-gmm
⠹ [ FAIL 14 | WARN 3 | SKIP 0 | PASS 755 ] @ lewbel-gmm
⠸ [ FAIL 14 | WARN 3 | SKIP 0 | PASS 755 ] @ lewbel-gmm
⠼ [ FAIL 14 | WARN 3 | SKIP 0 | PASS 755 ] @ lewbel-gmm
⠴ [ FAIL 14 | WARN 3 | SKIP 0 | PASS 755 ] @ lewbel-gmm
⠦ [ FAIL 14 | WARN 3 | SKIP 0 | PASS 755 ] @ lewbel-gmm
⠧ [ FAIL 14 | WARN 3 | SKIP 0 | PASS 755 ] @ lewbel-gmm
⠇ [ FAIL 14 | WARN 3 | SKIP 0 | PASS 755 ] @ lewbel-gmm
⠏ [ FAIL 14 | WARN 3 | SKIP 0 | PASS 755 ] @ lewbel-gmm
⠋ [ FAIL 14 | WARN 3 | SKIP 0 | PASS 755 ] @ lewbel-gmm
⠙ [ FAIL 14 | WARN 3 | SKIP 0 | PASS 755 ] @ lewbel-gmm
⠹ [ FAIL 14 | WARN 3 | SKIP 0 | PASS 755 ] @ lewbel-gmm
⠸ [ FAIL 14 | WARN 3 | SKIP 0 | PASS 755 ] @ lewbel-gmm
⠼ [ FAIL 14 | WARN 3 | SKIP 0 | PASS 755 ] @ lewbel-gmm
⠴ [ FAIL 14 | WARN 3 | SKIP 0 | PASS 755 ] @ lewbel-gmm
⠦ [ FAIL 14 | WARN 3 | SKIP 0 | PASS 755 ] @ lewbel-gmm
⠧ [ FAIL 14 | WARN 3 | SKIP 0 | PASS 755 ] @ lewbel-gmm
⠇ [ FAIL 14 | WARN 3 | SKIP 0 | PASS 755 ] @ lewbel-gmm
⠏ [ FAIL 14 | WARN 3 | SKIP 0 | PASS 755 ] @ lewbel-gmm
⠋ [ FAIL 14 | WARN 3 | SKIP 0 | PASS 755 ] @ lewbel-gmm
⠙ [ FAIL 14 | WARN 3 | SKIP 0 | PASS 755 ] @ lewbel-gmm
⠹ [ FAIL 14 | WARN 3 | SKIP 0 | PASS 755 ] @ lewbel-gmm
⠸ [ FAIL 14 | WARN 3 | SKIP 0 | PASS 755 ] @ lewbel-gmm
⠼ [ FAIL 14 | WARN 3 | SKIP 0 | PASS 755 ] @ lewbel-gmm
⠴ [ FAIL 14 | WARN 3 | SKIP 0 | PASS 755 ] @ lewbel-gmm
⠦ [ FAIL 14 | WARN 3 | SKIP 0 | PASS 755 ] @ lewbel-gmm
⠧ [ FAIL 14 | WARN 3 | SKIP 0 | PASS 755 ] @ lewbel-gmm
⠇ [ FAIL 14 | WARN 3 | SKIP 0 | PASS 755 ] @ lewbel-gmm
⠏ [ FAIL 14 | WARN 3 | SKIP 0 | PASS 755 ] @ lewbel-gmm
⠋ [ FAIL 14 | WARN 3 | SKIP 0 | PASS 755 ] @ lewbel-gmm
⠙ [ FAIL 14 | WARN 3 | SKIP 0 | PASS 755 ] @ lewbel-gmm
⠹ [ FAIL 14 | WARN 3 | SKIP 0 | PASS 755 ] @ lewbel-gmm
⠸ [ FAIL 14 | WARN 3 | SKIP 0 | PASS 755 ] @ lewbel-gmm
⠼ [ FAIL 14 | WARN 3 | SKIP 0 | PASS 755 ] @ lewbel-gmm
⠴ [ FAIL 14 | WARN 3 | SKIP 0 | PASS 755 ] @ lewbel-gmm
⠦ [ FAIL 14 | WARN 3 | SKIP 0 | PASS 755 ] @ lewbel-gmm
⠧ [ FAIL 14 | WARN 3 | SKIP 0 | PASS 755 ] @ lewbel-gmm
⠇ [ FAIL 14 | WARN 3 | SKIP 0 | PASS 755 ] @ lewbel-gmm
⠏ [ FAIL 14 | WARN 3 | SKIP 0 | PASS 755 ] @ lewbel-gmm
⠋ [ FAIL 14 | WARN 3 | SKIP 0 | PASS 755 ] @ lewbel-gmm
⠙ [ FAIL 14 | WARN 3 | SKIP 0 | PASS 755 ] @ lewbel-gmm
⠹ [ FAIL 14 | WARN 3 | SKIP 0 | PASS 755 ] @ lewbel-gmm
⠸ [ FAIL 14 | WARN 3 | SKIP 0 | PASS 755 ] @ lewbel-gmm
⠼ [ FAIL 14 | WARN 3 | SKIP 0 | PASS 755 ] @ lewbel-gmm
⠴ [ FAIL 14 | WARN 3 | SKIP 0 | PASS 755 ] @ lewbel-gmm
⠦ [ FAIL 14 | WARN 3 | SKIP 0 | PASS 755 ] @ lewbel-gmm
⠧ [ FAIL 14 | WARN 3 | SKIP 0 | PASS 755 ] @ lewbel-gmm
⠇ [ FAIL 14 | WARN 3 | SKIP 0 | PASS 755 ] @ lewbel-gmm
⠏ [ FAIL 14 | WARN 3 | SKIP 0 | PASS 755 ] @ lewbel-gmm
⠋ [ FAIL 14 | WARN 3 | SKIP 0 | PASS 755 ] @ lewbel-gmm
⠙ [ FAIL 14 | WARN 3 | SKIP 0 | PASS 755 ] @ lewbel-gmm
⠹ [ FAIL 14 | WARN 3 | SKIP 0 | PASS 755 ] @ lewbel-gmm
⠸ [ FAIL 14 | WARN 3 | SKIP 0 | PASS 755 ] @ lewbel-gmm
⠼ [ FAIL 14 | WARN 3 | SKIP 0 | PASS 755 ] @ lewbel-gmm
⠴ [ FAIL 14 | WARN 3 | SKIP 0 | PASS 755 ] @ lewbel-gmm
⠦ [ FAIL 14 | WARN 3 | SKIP 0 | PASS 755 ] @ lewbel-gmm
⠧ [ FAIL 14 | WARN 3 | SKIP 0 | PASS 755 ] @ lewbel-gmm
⠇ [ FAIL 14 | WARN 3 | SKIP 0 | PASS 755 ] @ lewbel-gmm
⠏ [ FAIL 14 | WARN 3 | SKIP 0 | PASS 755 ] @ lewbel-gmm
⠋ [ FAIL 14 | WARN 3 | SKIP 0 | PASS 755 ] @ lewbel-gmm
⠙ [ FAIL 14 | WARN 3 | SKIP 0 | PASS 755 ] @ lewbel-gmm
⠹ [ FAIL 14 | WARN 3 | SKIP 0 | PASS 755 ] @ lewbel-gmm
⠸ [ FAIL 14 | WARN 3 | SKIP 0 | PASS 755 ] @ lewbel-gmm
⠼ [ FAIL 14 | WARN 3 | SKIP 0 | PASS 755 ] @ lewbel-gmm
⠴ [ FAIL 14 | WARN 3 | SKIP 0 | PASS 755 ] @ lewbel-gmm
⠦ [ FAIL 14 | WARN 3 | SKIP 0 | PASS 755 ] @ lewbel-gmm
⠧ [ FAIL 14 | WARN 3 | SKIP 0 | PASS 755 ] @ lewbel-gmm
⠇ [ FAIL 14 | WARN 3 | SKIP 0 | PASS 755 ] @ lewbel-gmm
⠏ [ FAIL 14 | WARN 3 | SKIP 0 | PASS 755 ] @ lewbel-gmm
⠋ [ FAIL 14 | WARN 3 | SKIP 0 | PASS 755 ] @ lewbel-gmm
⠙ [ FAIL 14 | WARN 3 | SKIP 0 | PASS 755 ] @ lewbel-gmm
⠹ [ FAIL 14 | WARN 3 | SKIP 0 | PASS 755 ] @ lewbel-gmm
⠸ [ FAIL 14 | WARN 3 | SKIP 0 | PASS 755 ] @ lewbel-gmm
⠼ [ FAIL 14 | WARN 3 | SKIP 0 | PASS 755 ] @ lewbel-gmm
⠴ [ FAIL 14 | WARN 3 | SKIP 0 | PASS 755 ] @ lewbel-gmm
⠦ [ FAIL 14 | WARN 3 | SKIP 0 | PASS 755 ] @ lewbel-gmm
⠧ [ FAIL 14 | WARN 3 | SKIP 0 | PASS 755 ] @ lewbel-gmm
⠇ [ FAIL 14 | WARN 3 | SKIP 0 | PASS 755 ] @ lewbel-gmm
⠏ [ FAIL 14 | WARN 3 | SKIP 0 | PASS 755 ] @ lewbel-gmm
⠋ [ FAIL 14 | WARN 3 | SKIP 0 | PASS 755 ] @ lewbel-gmm
⠙ [ FAIL 14 | WARN 3 | SKIP 0 | PASS 755 ] @ lewbel-gmm
⠹ [ FAIL 14 | WARN 3 | SKIP 0 | PASS 755 ] @ lewbel-gmm
⠸ [ FAIL 14 | WARN 3 | SKIP 0 | PASS 755 ] @ lewbel-gmm
⠼ [ FAIL 14 | WARN 3 | SKIP 0 | PASS 755 ] @ lewbel-gmm
⠴ [ FAIL 14 | WARN 3 | SKIP 0 | PASS 755 ] @ lewbel-gmm
⠦ [ FAIL 14 | WARN 3 | SKIP 0 | PASS 755 ] @ lewbel-gmm
⠧ [ FAIL 14 | WARN 3 | SKIP 0 | PASS 755 ] @ lewbel-gmm
⠇ [ FAIL 14 | WARN 3 | SKIP 0 | PASS 755 ] @ lewbel-gmm
⠏ [ FAIL 14 | WARN 3 | SKIP 0 | PASS 755 ] @ lewbel-gmm
⠋ [ FAIL 14 | WARN 3 | SKIP 0 | PASS 755 ] @ lewbel-gmm
⠙ [ FAIL 14 | WARN 3 | SKIP 0 | PASS 755 ] @ lewbel-gmm
⠹ [ FAIL 14 | WARN 3 | SKIP 0 | PASS 755 ] @ lewbel-gmm
⠸ [ FAIL 14 | WARN 3 | SKIP 0 | PASS 755 ] @ lewbel-gmm
⠼ [ FAIL 14 | WARN 3 | SKIP 0 | PASS 755 ] @ lewbel-gmm
⠴ [ FAIL 14 | WARN 3 | SKIP 0 | PASS 755 ] @ lewbel-gmm
⠦ [ FAIL 14 | WARN 3 | SKIP 0 | PASS 755 ] @ lewbel-gmm
⠧ [ FAIL 14 | WARN 3 | SKIP 0 | PASS 755 ] @ lewbel-gmm
⠇ [ FAIL 14 | WARN 3 | SKIP 0 | PASS 755 ] @ lewbel-gmm
⠏ [ FAIL 14 | WARN 3 | SKIP 0 | PASS 755 ] @ lewbel-gmm
⠋ [ FAIL 14 | WARN 3 | SKIP 0 | PASS 755 ] @ lewbel-gmm
⠙ [ FAIL 14 | WARN 3 | SKIP 0 | PASS 755 ] @ lewbel-gmm
⠹ [ FAIL 14 | WARN 3 | SKIP 0 | PASS 755 ] @ lewbel-gmm
⠸ [ FAIL 14 | WARN 3 | SKIP 0 | PASS 755 ] @ lewbel-gmm
⠼ [ FAIL 14 | WARN 3 | SKIP 0 | PASS 755 ] @ lewbel-gmm
⠴ [ FAIL 14 | WARN 3 | SKIP 0 | PASS 755 ] @ lewbel-gmm
⠦ [ FAIL 14 | WARN 3 | SKIP 0 | PASS 755 ] @ lewbel-gmm
⠧ [ FAIL 14 | WARN 3 | SKIP 0 | PASS 755 ] @ lewbel-gmm
⠇ [ FAIL 14 | WARN 3 | SKIP 0 | PASS 755 ] @ lewbel-gmm
⠏ [ FAIL 14 | WARN 3 | SKIP 0 | PASS 755 ] @ lewbel-gmm
⠋ [ FAIL 14 | WARN 3 | SKIP 0 | PASS 755 ] @ lewbel-gmm
⠙ [ FAIL 14 | WARN 3 | SKIP 0 | PASS 755 ] @ lewbel-gmm
⠹ [ FAIL 14 | WARN 3 | SKIP 0 | PASS 755 ] @ lewbel-gmm
⠸ [ FAIL 14 | WARN 3 | SKIP 0 | PASS 755 ] @ lewbel-gmm
⠼ [ FAIL 14 | WARN 3 | SKIP 0 | PASS 755 ] @ lewbel-gmm
⠴ [ FAIL 14 | WARN 3 | SKIP 0 | PASS 755 ] @ lewbel-gmm
⠦ [ FAIL 14 | WARN 3 | SKIP 0 | PASS 755 ] @ lewbel-gmm
⠧ [ FAIL 14 | WARN 3 | SKIP 0 | PASS 755 ] @ lewbel-gmm
⠇ [ FAIL 14 | WARN 3 | SKIP 0 | PASS 755 ] @ lewbel-gmm
⠏ [ FAIL 14 | WARN 3 | SKIP 0 | PASS 755 ] @ lewbel-gmm
⠋ [ FAIL 14 | WARN 3 | SKIP 0 | PASS 755 ] @ lewbel-gmm
⠙ [ FAIL 14 | WARN 3 | SKIP 0 | PASS 755 ] @ lewbel-gmm
⠹ [ FAIL 14 | WARN 3 | SKIP 0 | PASS 755 ] @ lewbel-gmm
⠸ [ FAIL 14 | WARN 3 | SKIP 0 | PASS 755 ] @ lewbel-gmm
⠼ [ FAIL 14 | WARN 3 | SKIP 0 | PASS 755 ] @ lewbel-gmm
⠴ [ FAIL 14 | WARN 3 | SKIP 0 | PASS 755 ] @ lewbel-gmm
⠦ [ FAIL 14 | WARN 3 | SKIP 0 | PASS 755 ] @ lewbel-gmm
⠧ [ FAIL 14 | WARN 3 | SKIP 0 | PASS 755 ] @ lewbel-gmm
⠇ [ FAIL 14 | WARN 3 | SKIP 0 | PASS 755 ] @ lewbel-gmm
⠏ [ FAIL 14 | WARN 3 | SKIP 0 | PASS 755 ] @ lewbel-gmm
⠋ [ FAIL 14 | WARN 3 | SKIP 0 | PASS 755 ] @ lewbel-gmm
⠙ [ FAIL 14 | WARN 3 | SKIP 0 | PASS 755 ] @ lewbel-gmm
⠹ [ FAIL 14 | WARN 3 | SKIP 0 | PASS 755 ] @ lewbel-gmm
⠸ [ FAIL 14 | WARN 3 | SKIP 0 | PASS 755 ] @ lewbel-gmm
⠼ [ FAIL 14 | WARN 3 | SKIP 0 | PASS 755 ] @ lewbel-gmm
⠴ [ FAIL 14 | WARN 3 | SKIP 0 | PASS 755 ] @ lewbel-gmm
⠦ [ FAIL 14 | WARN 3 | SKIP 0 | PASS 755 ] @ lewbel-gmm
⠧ [ FAIL 14 | WARN 3 | SKIP 0 | PASS 755 ] @ lewbel-gmm
⠇ [ FAIL 14 | WARN 3 | SKIP 0 | PASS 755 ] @ lewbel-gmm
⠏ [ FAIL 14 | WARN 3 | SKIP 0 | PASS 755 ] @ lewbel-gmm
⠋ [ FAIL 14 | WARN 3 | SKIP 0 | PASS 755 ] @ lewbel-gmm
⠙ [ FAIL 14 | WARN 3 | SKIP 0 | PASS 755 ] @ lewbel-gmm
⠹ [ FAIL 14 | WARN 3 | SKIP 0 | PASS 755 ] @ lewbel-gmm
⠸ [ FAIL 14 | WARN 3 | SKIP 0 | PASS 755 ] @ lewbel-gmm
⠼ [ FAIL 14 | WARN 3 | SKIP 0 | PASS 755 ] @ lewbel-gmm
⠴ [ FAIL 14 | WARN 3 | SKIP 0 | PASS 755 ] @ lewbel-gmm
⠦ [ FAIL 14 | WARN 3 | SKIP 0 | PASS 755 ] @ lewbel-gmm
⠧ [ FAIL 14 | WARN 3 | SKIP 0 | PASS 755 ] @ lewbel-gmm
⠇ [ FAIL 14 | WARN 3 | SKIP 0 | PASS 755 ] @ lewbel-gmm
⠏ [ FAIL 14 | WARN 3 | SKIP 0 | PASS 755 ] @ lewbel-gmm
⠋ [ FAIL 14 | WARN 3 | SKIP 0 | PASS 755 ] @ lewbel-gmm
⠙ [ FAIL 14 | WARN 3 | SKIP 0 | PASS 755 ] @ lewbel-gmm
⠹ [ FAIL 14 | WARN 3 | SKIP 0 | PASS 755 ] @ lewbel-gmm
⠸ [ FAIL 14 | WARN 3 | SKIP 0 | PASS 755 ] @ lewbel-gmm
⠼ [ FAIL 14 | WARN 3 | SKIP 0 | PASS 755 ] @ lewbel-gmm
⠴ [ FAIL 14 | WARN 3 | SKIP 0 | PASS 755 ] @ lewbel-gmm
⠦ [ FAIL 14 | WARN 3 | SKIP 0 | PASS 755 ] @ lewbel-gmm
⠧ [ FAIL 14 | WARN 3 | SKIP 0 | PASS 755 ] @ lewbel-gmm
⠇ [ FAIL 14 | WARN 3 | SKIP 0 | PASS 755 ] @ lewbel-gmm
⠏ [ FAIL 14 | WARN 3 | SKIP 0 | PASS 755 ] @ lewbel-gmm
⠋ [ FAIL 14 | WARN 3 | SKIP 0 | PASS 755 ] @ lewbel-gmm
⠙ [ FAIL 14 | WARN 3 | SKIP 0 | PASS 755 ] @ lewbel-gmm
⠹ [ FAIL 14 | WARN 3 | SKIP 0 | PASS 755 ] @ lewbel-gmm
⠸ [ FAIL 14 | WARN 3 | SKIP 0 | PASS 755 ] @ lewbel-gmm
⠼ [ FAIL 14 | WARN 3 | SKIP 0 | PASS 755 ] @ lewbel-gmm
⠴ [ FAIL 14 | WARN 3 | SKIP 0 | PASS 755 ] @ lewbel-gmm
⠦ [ FAIL 14 | WARN 3 | SKIP 0 | PASS 755 ] @ lewbel-gmm
⠧ [ FAIL 14 | WARN 3 | SKIP 0 | PASS 755 ] @ lewbel-gmm
⠇ [ FAIL 14 | WARN 3 | SKIP 0 | PASS 755 ] @ lewbel-gmm
⠏ [ FAIL 14 | WARN 3 | SKIP 0 | PASS 755 ] @ lewbel-gmm
⠋ [ FAIL 14 | WARN 3 | SKIP 0 | PASS 755 ] @ lewbel-gmm
⠙ [ FAIL 14 | WARN 3 | SKIP 0 | PASS 755 ] @ lewbel-gmm
⠹ [ FAIL 14 | WARN 3 | SKIP 0 | PASS 755 ] @ lewbel-gmm
⠸ [ FAIL 14 | WARN 3 | SKIP 0 | PASS 755 ] @ lewbel-gmm
⠼ [ FAIL 14 | WARN 3 | SKIP 0 | PASS 755 ] @ lewbel-gmm
⠴ [ FAIL 14 | WARN 3 | SKIP 0 | PASS 755 ] @ lewbel-gmm
⠦ [ FAIL 14 | WARN 3 | SKIP 0 | PASS 755 ] @ lewbel-gmm
⠧ [ FAIL 14 | WARN 3 | SKIP 0 | PASS 755 ] @ lewbel-gmm
⠇ [ FAIL 14 | WARN 3 | SKIP 0 | PASS 755 ] @ lewbel-gmm
⠏ [ FAIL 14 | WARN 3 | SKIP 0 | PASS 755 ] @ lewbel-gmm
⠋ [ FAIL 14 | WARN 3 | SKIP 0 | PASS 755 ] @ lewbel-gmm
⠙ [ FAIL 14 | WARN 3 | SKIP 0 | PASS 755 ] @ lewbel-gmm
⠹ [ FAIL 14 | WARN 3 | SKIP 0 | PASS 755 ] @ lewbel-gmm
⠸ [ FAIL 14 | WARN 3 | SKIP 0 | PASS 755 ] @ lewbel-gmm
⠼ [ FAIL 14 | WARN 3 | SKIP 0 | PASS 755 ] @ lewbel-gmm
⠴ [ FAIL 14 | WARN 3 | SKIP 0 | PASS 755 ] @ lewbel-gmm
⠦ [ FAIL 14 | WARN 3 | SKIP 0 | PASS 755 ] @ lewbel-gmm
⠧ [ FAIL 14 | WARN 3 | SKIP 0 | PASS 755 ] @ lewbel-gmm
⠇ [ FAIL 14 | WARN 3 | SKIP 0 | PASS 755 ] @ lewbel-gmm
⠏ [ FAIL 14 | WARN 3 | SKIP 0 | PASS 755 ] @ lewbel-gmm
⠋ [ FAIL 14 | WARN 3 | SKIP 0 | PASS 755 ] @ lewbel-gmm
⠙ [ FAIL 14 | WARN 3 | SKIP 0 | PASS 755 ] @ lewbel-gmm
⠹ [ FAIL 14 | WARN 3 | SKIP 0 | PASS 755 ] @ lewbel-gmm
⠸ [ FAIL 14 | WARN 3 | SKIP 0 | PASS 755 ] @ lewbel-gmm
⠼ [ FAIL 14 | WARN 3 | SKIP 0 | PASS 755 ] @ lewbel-gmm
⠴ [ FAIL 14 | WARN 3 | SKIP 0 | PASS 755 ] @ lewbel-gmm
⠦ [ FAIL 14 | WARN 3 | SKIP 0 | PASS 755 ] @ lewbel-gmm
⠧ [ FAIL 14 | WARN 3 | SKIP 0 | PASS 755 ] @ lewbel-gmm
⠇ [ FAIL 14 | WARN 3 | SKIP 0 | PASS 755 ] @ lewbel-gmm
⠏ [ FAIL 14 | WARN 3 | SKIP 0 | PASS 755 ] @ lewbel-gmm
⠋ [ FAIL 14 | WARN 3 | SKIP 0 | PASS 755 ] @ lewbel-gmm
⠙ [ FAIL 14 | WARN 3 | SKIP 0 | PASS 755 ] @ lewbel-gmm
⠹ [ FAIL 14 | WARN 3 | SKIP 0 | PASS 755 ] @ lewbel-gmm
⠸ [ FAIL 14 | WARN 3 | SKIP 0 | PASS 755 ] @ lewbel-gmm
⠼ [ FAIL 14 | WARN 3 | SKIP 0 | PASS 755 ] @ lewbel-gmm
⠴ [ FAIL 14 | WARN 3 | SKIP 0 | PASS 755 ] @ lewbel-gmm
⠦ [ FAIL 14 | WARN 3 | SKIP 0 | PASS 755 ] @ lewbel-gmm
⠧ [ FAIL 14 | WARN 3 | SKIP 0 | PASS 755 ] @ lewbel-gmm
⠇ [ FAIL 14 | WARN 3 | SKIP 0 | PASS 755 ] @ lewbel-gmm
⠏ [ FAIL 14 | WARN 3 | SKIP 0 | PASS 755 ] @ lewbel-gmm
⠋ [ FAIL 14 | WARN 3 | SKIP 0 | PASS 755 ] @ lewbel-gmm
⠙ [ FAIL 14 | WARN 3 | SKIP 0 | PASS 755 ] @ lewbel-gmm
⠹ [ FAIL 14 | WARN 3 | SKIP 0 | PASS 755 ] @ lewbel-gmm
⠸ [ FAIL 14 | WARN 3 | SKIP 0 | PASS 755 ] @ lewbel-gmm
⠼ [ FAIL 14 | WARN 3 | SKIP 0 | PASS 755 ] @ lewbel-gmm
⠴ [ FAIL 14 | WARN 3 | SKIP 0 | PASS 755 ] @ lewbel-gmm
⠦ [ FAIL 14 | WARN 3 | SKIP 0 | PASS 755 ] @ lewbel-gmm
⠧ [ FAIL 14 | WARN 3 | SKIP 0 | PASS 755 ] @ lewbel-gmm
⠇ [ FAIL 14 | WARN 3 | SKIP 0 | PASS 755 ] @ lewbel-gmm
⠏ [ FAIL 14 | WARN 3 | SKIP 0 | PASS 755 ] @ lewbel-gmm
⠋ [ FAIL 14 | WARN 3 | SKIP 0 | PASS 755 ] @ lewbel-gmm
⠙ [ FAIL 14 | WARN 3 | SKIP 0 | PASS 755 ] @ lewbel-gmm
⠹ [ FAIL 14 | WARN 3 | SKIP 0 | PASS 755 ] @ lewbel-gmm
⠸ [ FAIL 14 | WARN 3 | SKIP 0 | PASS 755 ] @ lewbel-gmm
⠼ [ FAIL 14 | WARN 3 | SKIP 0 | PASS 755 ] @ lewbel-gmm
⠴ [ FAIL 14 | WARN 3 | SKIP 0 | PASS 755 ] @ lewbel-gmm
⠦ [ FAIL 14 | WARN 3 | SKIP 0 | PASS 755 ] @ lewbel-gmm
⠧ [ FAIL 14 | WARN 3 | SKIP 0 | PASS 755 ] @ lewbel-gmm
⠇ [ FAIL 14 | WARN 3 | SKIP 0 | PASS 755 ] @ lewbel-gmm
⠏ [ FAIL 14 | WARN 3 | SKIP 0 | PASS 755 ] @ lewbel-gmm
⠋ [ FAIL 14 | WARN 3 | SKIP 0 | PASS 755 ] @ lewbel-gmm
⠙ [ FAIL 14 | WARN 3 | SKIP 0 | PASS 755 ] @ lewbel-gmm
⠹ [ FAIL 14 | WARN 3 | SKIP 0 | PASS 755 ] @ lewbel-gmm
⠸ [ FAIL 14 | WARN 3 | SKIP 0 | PASS 755 ] @ lewbel-gmm
⠼ [ FAIL 14 | WARN 3 | SKIP 0 | PASS 755 ] @ lewbel-gmm
⠴ [ FAIL 14 | WARN 3 | SKIP 0 | PASS 755 ] @ lewbel-gmm
⠦ [ FAIL 14 | WARN 3 | SKIP 0 | PASS 755 ] @ lewbel-gmm
⠧ [ FAIL 14 | WARN 3 | SKIP 0 | PASS 755 ] @ lewbel-gmm
⠇ [ FAIL 14 | WARN 3 | SKIP 0 | PASS 755 ] @ lewbel-gmm
⠏ [ FAIL 14 | WARN 3 | SKIP 0 | PASS 755 ] @ lewbel-gmm
⠋ [ FAIL 14 | WARN 3 | SKIP 0 | PASS 755 ] @ lewbel-gmm
⠙ [ FAIL 14 | WARN 3 | SKIP 0 | PASS 755 ] @ lewbel-gmm
⠹ [ FAIL 14 | WARN 3 | SKIP 0 | PASS 755 ] @ lewbel-gmm
⠸ [ FAIL 14 | WARN 3 | SKIP 0 | PASS 755 ] @ lewbel-gmm
⠼ [ FAIL 14 | WARN 3 | SKIP 0 | PASS 755 ] @ lewbel-gmm
⠴ [ FAIL 14 | WARN 3 | SKIP 0 | PASS 755 ] @ lewbel-gmm
⠦ [ FAIL 14 | WARN 3 | SKIP 0 | PASS 755 ] @ lewbel-gmm
⠧ [ FAIL 14 | WARN 3 | SKIP 0 | PASS 755 ] @ lewbel-gmm
⠇ [ FAIL 14 | WARN 3 | SKIP 0 | PASS 755 ] @ lewbel-gmm
⠏ [ FAIL 14 | WARN 3 | SKIP 0 | PASS 755 ] @ lewbel-gmm
⠋ [ FAIL 14 | WARN 3 | SKIP 0 | PASS 755 ] @ lewbel-gmm
⠙ [ FAIL 14 | WARN 3 | SKIP 0 | PASS 755 ] @ lewbel-gmm
⠹ [ FAIL 14 | WARN 3 | SKIP 0 | PASS 755 ] @ lewbel-gmm
⠸ [ FAIL 14 | WARN 3 | SKIP 0 | PASS 755 ] @ lewbel-gmm
⠼ [ FAIL 14 | WARN 3 | SKIP 0 | PASS 755 ] @ lewbel-gmm
⠴ [ FAIL 14 | WARN 3 | SKIP 0 | PASS 755 ] @ lewbel-gmm
⠦ [ FAIL 14 | WARN 3 | SKIP 0 | PASS 755 ] @ lewbel-gmm
⠧ [ FAIL 14 | WARN 3 | SKIP 0 | PASS 755 ] @ lewbel-gmm
⠇ [ FAIL 14 | WARN 3 | SKIP 0 | PASS 755 ] @ lewbel-gmm
⠏ [ FAIL 14 | WARN 3 | SKIP 0 | PASS 755 ] @ lewbel-gmm
⠋ [ FAIL 14 | WARN 3 | SKIP 0 | PASS 755 ] @ lewbel-gmm
⠙ [ FAIL 14 | WARN 3 | SKIP 0 | PASS 755 ] @ lewbel-gmm
⠹ [ FAIL 14 | WARN 3 | SKIP 0 | PASS 755 ] @ lewbel-gmm
⠸ [ FAIL 14 | WARN 3 | SKIP 0 | PASS 755 ] @ lewbel-gmm
⠼ [ FAIL 14 | WARN 3 | SKIP 0 | PASS 755 ] @ lewbel-gmm
⠴ [ FAIL 14 | WARN 3 | SKIP 0 | PASS 755 ] @ lewbel-gmm
⠦ [ FAIL 14 | WARN 3 | SKIP 0 | PASS 755 ] @ lewbel-gmm
⠧ [ FAIL 14 | WARN 3 | SKIP 0 | PASS 755 ] @ lewbel-gmm
⠇ [ FAIL 14 | WARN 3 | SKIP 0 | PASS 755 ] @ lewbel-gmm
⠏ [ FAIL 14 | WARN 3 | SKIP 0 | PASS 755 ] @ lewbel-gmm
⠋ [ FAIL 14 | WARN 3 | SKIP 0 | PASS 755 ] @ lewbel-gmm
⠙ [ FAIL 14 | WARN 3 | SKIP 0 | PASS 755 ] @ lewbel-gmm
⠹ [ FAIL 14 | WARN 3 | SKIP 0 | PASS 755 ] @ lewbel-gmm
⠸ [ FAIL 14 | WARN 3 | SKIP 0 | PASS 755 ] @ lewbel-gmm
⠼ [ FAIL 14 | WARN 3 | SKIP 0 | PASS 755 ] @ lewbel-gmm
⠴ [ FAIL 14 | WARN 3 | SKIP 0 | PASS 755 ] @ lewbel-gmm
⠦ [ FAIL 14 | WARN 3 | SKIP 0 | PASS 755 ] @ lewbel-gmm
⠧ [ FAIL 14 | WARN 3 | SKIP 0 | PASS 755 ] @ lewbel-gmm
⠇ [ FAIL 14 | WARN 3 | SKIP 0 | PASS 755 ] @ lewbel-gmm
⠏ [ FAIL 14 | WARN 3 | SKIP 0 | PASS 755 ] @ lewbel-gmm
⠋ [ FAIL 14 | WARN 3 | SKIP 0 | PASS 755 ] @ lewbel-gmm
⠙ [ FAIL 14 | WARN 3 | SKIP 0 | PASS 755 ] @ lewbel-gmm
⠹ [ FAIL 14 | WARN 3 | SKIP 0 | PASS 755 ] @ lewbel-gmm
⠸ [ FAIL 14 | WARN 3 | SKIP 0 | PASS 755 ] @ lewbel-gmm
⠼ [ FAIL 14 | WARN 3 | SKIP 0 | PASS 755 ] @ lewbel-gmm
⠴ [ FAIL 14 | WARN 3 | SKIP 0 | PASS 755 ] @ lewbel-gmm
⠦ [ FAIL 14 | WARN 3 | SKIP 0 | PASS 755 ] @ lewbel-gmm
⠧ [ FAIL 14 | WARN 3 | SKIP 0 | PASS 755 ] @ lewbel-gmm
⠇ [ FAIL 14 | WARN 3 | SKIP 0 | PASS 755 ] @ lewbel-gmm
⠏ [ FAIL 14 | WARN 3 | SKIP 0 | PASS 755 ] @ lewbel-gmm
⠋ [ FAIL 14 | WARN 3 | SKIP 0 | PASS 755 ] @ lewbel-gmm
⠙ [ FAIL 14 | WARN 3 | SKIP 0 | PASS 755 ] @ lewbel-gmm
⠹ [ FAIL 14 | WARN 3 | SKIP 0 | PASS 755 ] @ lewbel-gmm
⠸ [ FAIL 14 | WARN 3 | SKIP 0 | PASS 755 ] @ lewbel-gmm
⠼ [ FAIL 14 | WARN 3 | SKIP 0 | PASS 755 ] @ lewbel-gmm
⠴ [ FAIL 14 | WARN 3 | SKIP 0 | PASS 755 ] @ lewbel-gmm
⠦ [ FAIL 14 | WARN 3 | SKIP 0 | PASS 755 ] @ lewbel-gmm
⠧ [ FAIL 14 | WARN 3 | SKIP 0 | PASS 755 ] @ lewbel-gmm
⠇ [ FAIL 14 | WARN 3 | SKIP 0 | PASS 755 ] @ lewbel-gmm
⠏ [ FAIL 14 | WARN 3 | SKIP 0 | PASS 755 ] @ lewbel-gmm
⠋ [ FAIL 14 | WARN 3 | SKIP 0 | PASS 755 ] @ lewbel-gmm
⠙ [ FAIL 14 | WARN 3 | SKIP 0 | PASS 755 ] @ lewbel-gmm
⠹ [ FAIL 14 | WARN 3 | SKIP 0 | PASS 755 ] @ lewbel-gmm
⠸ [ FAIL 14 | WARN 3 | SKIP 0 | PASS 755 ] @ lewbel-gmm
⠼ [ FAIL 14 | WARN 3 | SKIP 0 | PASS 755 ] @ lewbel-gmm
⠴ [ FAIL 14 | WARN 3 | SKIP 0 | PASS 755 ] @ lewbel-gmm
⠦ [ FAIL 14 | WARN 3 | SKIP 0 | PASS 755 ] @ lewbel-gmm
⠧ [ FAIL 14 | WARN 3 | SKIP 0 | PASS 755 ] @ lewbel-gmm
⠇ [ FAIL 14 | WARN 3 | SKIP 0 | PASS 755 ] @ lewbel-gmm
⠏ [ FAIL 14 | WARN 3 | SKIP 0 | PASS 755 ] @ lewbel-gmm
⠋ [ FAIL 14 | WARN 3 | SKIP 0 | PASS 755 ] @ lewbel-gmm
⠙ [ FAIL 14 | WARN 3 | SKIP 0 | PASS 755 ] @ lewbel-gmm
⠹ [ FAIL 14 | WARN 3 | SKIP 0 | PASS 755 ] @ lewbel-gmm
⠸ [ FAIL 14 | WARN 3 | SKIP 0 | PASS 755 ] @ lewbel-gmm
⠼ [ FAIL 14 | WARN 3 | SKIP 0 | PASS 755 ] @ lewbel-gmm
⠴ [ FAIL 14 | WARN 3 | SKIP 0 | PASS 755 ] @ lewbel-gmm
⠦ [ FAIL 14 | WARN 3 | SKIP 0 | PASS 755 ] @ lewbel-gmm
⠧ [ FAIL 14 | WARN 3 | SKIP 0 | PASS 755 ] @ lewbel-gmm
⠇ [ FAIL 14 | WARN 3 | SKIP 0 | PASS 755 ] @ lewbel-gmm
⠏ [ FAIL 14 | WARN 3 | SKIP 0 | PASS 755 ] @ lewbel-gmm
⠋ [ FAIL 14 | WARN 3 | SKIP 0 | PASS 755 ] @ lewbel-gmm
⠙ [ FAIL 14 | WARN 3 | SKIP 0 | PASS 755 ] @ lewbel-gmm
⠹ [ FAIL 14 | WARN 3 | SKIP 0 | PASS 755 ] @ lewbel-gmm
⠸ [ FAIL 14 | WARN 3 | SKIP 0 | PASS 755 ] @ lewbel-gmm
⠼ [ FAIL 14 | WARN 3 | SKIP 0 | PASS 755 ] @ lewbel-gmm
⠴ [ FAIL 14 | WARN 3 | SKIP 0 | PASS 755 ] @ lewbel-gmm
⠦ [ FAIL 14 | WARN 3 | SKIP 0 | PASS 755 ] @ lewbel-gmm
⠧ [ FAIL 14 | WARN 3 | SKIP 0 | PASS 755 ] @ lewbel-gmm
⠇ [ FAIL 14 | WARN 3 | SKIP 0 | PASS 755 ] @ lewbel-gmm
⠏ [ FAIL 14 | WARN 3 | SKIP 0 | PASS 755 ] @ lewbel-gmm
⠋ [ FAIL 14 | WARN 3 | SKIP 0 | PASS 755 ] @ lewbel-gmm
⠙ [ FAIL 14 | WARN 3 | SKIP 0 | PASS 755 ] @ lewbel-gmm
⠹ [ FAIL 14 | WARN 3 | SKIP 0 | PASS 755 ] @ lewbel-gmm
⠸ [ FAIL 14 | WARN 3 | SKIP 0 | PASS 755 ] @ lewbel-gmm
⠼ [ FAIL 14 | WARN 3 | SKIP 0 | PASS 755 ] @ lewbel-gmm
⠴ [ FAIL 14 | WARN 3 | SKIP 0 | PASS 755 ] @ lewbel-gmm
⠦ [ FAIL 14 | WARN 3 | SKIP 0 | PASS 755 ] @ lewbel-gmm
⠧ [ FAIL 14 | WARN 3 | SKIP 0 | PASS 755 ] @ lewbel-gmm
⠇ [ FAIL 14 | WARN 3 | SKIP 0 | PASS 755 ] @ lewbel-gmm
⠏ [ FAIL 14 | WARN 3 | SKIP 0 | PASS 755 ] @ lewbel-gmm
⠋ [ FAIL 14 | WARN 3 | SKIP 0 | PASS 755 ] @ lewbel-gmm
⠙ [ FAIL 14 | WARN 3 | SKIP 0 | PASS 755 ] @ lewbel-gmm
⠹ [ FAIL 14 | WARN 3 | SKIP 0 | PASS 755 ] @ lewbel-gmm
⠸ [ FAIL 14 | WARN 3 | SKIP 0 | PASS 755 ] @ lewbel-gmm
⠼ [ FAIL 14 | WARN 3 | SKIP 0 | PASS 755 ] @ lewbel-gmm
⠴ [ FAIL 14 | WARN 3 | SKIP 0 | PASS 755 ] @ lewbel-gmm
⠦ [ FAIL 14 | WARN 3 | SKIP 0 | PASS 755 ] @ lewbel-gmm
⠧ [ FAIL 14 | WARN 3 | SKIP 0 | PASS 755 ] @ lewbel-gmm
⠇ [ FAIL 14 | WARN 3 | SKIP 0 | PASS 755 ] @ lewbel-gmm
⠏ [ FAIL 14 | WARN 3 | SKIP 0 | PASS 755 ] @ lewbel-gmm
⠋ [ FAIL 14 | WARN 3 | SKIP 0 | PASS 755 ] @ lewbel-gmm
⠙ [ FAIL 14 | WARN 3 | SKIP 0 | PASS 755 ] @ lewbel-gmm
⠹ [ FAIL 14 | WARN 3 | SKIP 0 | PASS 755 ] @ lewbel-gmm
⠸ [ FAIL 14 | WARN 3 | SKIP 0 | PASS 755 ] @ lewbel-gmm
⠼ [ FAIL 14 | WARN 3 | SKIP 0 | PASS 755 ] @ lewbel-gmm
⠴ [ FAIL 14 | WARN 3 | SKIP 0 | PASS 755 ] @ lewbel-gmm
⠦ [ FAIL 14 | WARN 3 | SKIP 0 | PASS 755 ] @ lewbel-gmm
⠧ [ FAIL 14 | WARN 3 | SKIP 0 | PASS 755 ] @ lewbel-gmm
⠇ [ FAIL 14 | WARN 3 | SKIP 0 | PASS 755 ] @ lewbel-gmm
⠏ [ FAIL 14 | WARN 3 | SKIP 0 | PASS 755 ] @ lewbel-gmm
⠋ [ FAIL 14 | WARN 3 | SKIP 0 | PASS 755 ] @ lewbel-gmm
⠙ [ FAIL 14 | WARN 3 | SKIP 0 | PASS 755 ] @ lewbel-gmm
⠹ [ FAIL 14 | WARN 3 | SKIP 0 | PASS 755 ] @ lewbel-gmm
⠸ [ FAIL 14 | WARN 3 | SKIP 0 | PASS 755 ] @ lewbel-gmm
⠼ [ FAIL 14 | WARN 3 | SKIP 0 | PASS 755 ] @ lewbel-gmm
⠴ [ FAIL 14 | WARN 3 | SKIP 0 | PASS 755 ] @ lewbel-gmm
⠦ [ FAIL 14 | WARN 3 | SKIP 0 | PASS 755 ] @ lewbel-gmm
⠧ [ FAIL 14 | WARN 3 | SKIP 0 | PASS 755 ] @ lewbel-gmm
⠇ [ FAIL 14 | WARN 3 | SKIP 0 | PASS 755 ] @ lewbel-gmm
⠏ [ FAIL 14 | WARN 3 | SKIP 0 | PASS 755 ] @ lewbel-gmm
⠋ [ FAIL 14 | WARN 3 | SKIP 0 | PASS 755 ] @ lewbel-gmm
⠙ [ FAIL 14 | WARN 3 | SKIP 0 | PASS 755 ] @ lewbel-gmm
⠹ [ FAIL 14 | WARN 3 | SKIP 0 | PASS 755 ] @ lewbel-gmm
⠸ [ FAIL 14 | WARN 3 | SKIP 0 | PASS 755 ] @ lewbel-gmm
⠼ [ FAIL 14 | WARN 3 | SKIP 0 | PASS 755 ] @ lewbel-gmm
⠴ [ FAIL 14 | WARN 3 | SKIP 0 | PASS 755 ] @ lewbel-gmm
⠦ [ FAIL 14 | WARN 3 | SKIP 0 | PASS 755 ] @ lewbel-gmm
⠧ [ FAIL 14 | WARN 3 | SKIP 0 | PASS 755 ] @ lewbel-gmm
⠇ [ FAIL 14 | WARN 3 | SKIP 0 | PASS 755 ] @ lewbel-gmm
⠏ [ FAIL 14 | WARN 3 | SKIP 0 | PASS 755 ] @ lewbel-gmm
⠋ [ FAIL 14 | WARN 3 | SKIP 0 | PASS 755 ] @ lewbel-gmm
⠙ [ FAIL 14 | WARN 3 | SKIP 0 | PASS 755 ] @ lewbel-gmm
⠹ [ FAIL 14 | WARN 3 | SKIP 0 | PASS 755 ] @ lewbel-gmm
⠸ [ FAIL 14 | WARN 3 | SKIP 0 | PASS 755 ] @ lewbel-gmm
⠼ [ FAIL 14 | WARN 3 | SKIP 0 | PASS 755 ] @ lewbel-gmm
⠴ [ FAIL 14 | WARN 3 | SKIP 0 | PASS 755 ] @ lewbel-gmm
⠦ [ FAIL 14 | WARN 3 | SKIP 0 | PASS 755 ] @ lewbel-gmm
⠧ [ FAIL 14 | WARN 3 | SKIP 0 | PASS 755 ] @ lewbel-gmm
⠇ [ FAIL 14 | WARN 3 | SKIP 0 | PASS 755 ] @ lewbel-gmm
⠏ [ FAIL 14 | WARN 3 | SKIP 0 | PASS 755 ] @ lewbel-gmm
⠋ [ FAIL 14 | WARN 3 | SKIP 0 | PASS 755 ] @ lewbel-gmm
⠙ [ FAIL 14 | WARN 3 | SKIP 0 | PASS 755 ] @ lewbel-gmm
⠹ [ FAIL 14 | WARN 3 | SKIP 0 | PASS 755 ] @ lewbel-gmm
⠸ [ FAIL 14 | WARN 3 | SKIP 0 | PASS 755 ] @ lewbel-gmm
⠼ [ FAIL 14 | WARN 3 | SKIP 0 | PASS 755 ] @ lewbel-gmm
⠴ [ FAIL 14 | WARN 3 | SKIP 0 | PASS 755 ] @ lewbel-gmm
⠦ [ FAIL 14 | WARN 3 | SKIP 0 | PASS 755 ] @ lewbel-gmm
⠧ [ FAIL 14 | WARN 3 | SKIP 0 | PASS 755 ] @ lewbel-gmm
⠇ [ FAIL 14 | WARN 3 | SKIP 0 | PASS 755 ] @ lewbel-gmm
⠏ [ FAIL 14 | WARN 3 | SKIP 0 | PASS 755 ] @ lewbel-gmm
⠋ [ FAIL 14 | WARN 3 | SKIP 0 | PASS 755 ] @ lewbel-gmm
⠙ [ FAIL 14 | WARN 3 | SKIP 0 | PASS 755 ] @ lewbel-gmm
⠹ [ FAIL 14 | WARN 3 | SKIP 0 | PASS 755 ] @ lewbel-gmm
⠸ [ FAIL 14 | WARN 3 | SKIP 0 | PASS 755 ] @ lewbel-gmm
⠼ [ FAIL 14 | WARN 3 | SKIP 0 | PASS 755 ] @ lewbel-gmm
⠴ [ FAIL 14 | WARN 3 | SKIP 0 | PASS 755 ] @ lewbel-gmm
⠦ [ FAIL 14 | WARN 3 | SKIP 0 | PASS 755 ] @ lewbel-gmm
⠧ [ FAIL 14 | WARN 3 | SKIP 0 | PASS 755 ] @ lewbel-gmm
⠇ [ FAIL 14 | WARN 3 | SKIP 0 | PASS 755 ] @ lewbel-gmm
⠏ [ FAIL 14 | WARN 3 | SKIP 0 | PASS 755 ] @ lewbel-gmm
⠋ [ FAIL 14 | WARN 3 | SKIP 0 | PASS 755 ] @ lewbel-gmm
⠙ [ FAIL 14 | WARN 3 | SKIP 0 | PASS 755 ] @ lewbel-gmm
⠹ [ FAIL 14 | WARN 3 | SKIP 0 | PASS 755 ] @ lewbel-gmm
⠸ [ FAIL 14 | WARN 3 | SKIP 0 | PASS 755 ] @ lewbel-gmm
⠼ [ FAIL 14 | WARN 3 | SKIP 0 | PASS 755 ] @ lewbel-gmm
⠴ [ FAIL 14 | WARN 3 | SKIP 0 | PASS 755 ] @ lewbel-gmm
⠦ [ FAIL 14 | WARN 3 | SKIP 0 | PASS 755 ] @ lewbel-gmm
⠧ [ FAIL 14 | WARN 3 | SKIP 0 | PASS 755 ] @ lewbel-gmm
⠇ [ FAIL 14 | WARN 3 | SKIP 0 | PASS 755 ] @ lewbel-gmm
⠏ [ FAIL 14 | WARN 3 | SKIP 0 | PASS 755 ] @ lewbel-gmm
⠋ [ FAIL 14 | WARN 3 | SKIP 0 | PASS 755 ] @ lewbel-gmm
⠙ [ FAIL 14 | WARN 3 | SKIP 0 | PASS 755 ] @ lewbel-gmm
⠹ [ FAIL 14 | WARN 3 | SKIP 0 | PASS 755 ] @ lewbel-gmm
⠸ [ FAIL 14 | WARN 3 | SKIP 0 | PASS 755 ] @ lewbel-gmm
⠼ [ FAIL 14 | WARN 3 | SKIP 0 | PASS 755 ] @ lewbel-gmm
⠴ [ FAIL 14 | WARN 3 | SKIP 0 | PASS 755 ] @ lewbel-gmm
⠦ [ FAIL 14 | WARN 3 | SKIP 0 | PASS 755 ] @ lewbel-gmm
⠧ [ FAIL 14 | WARN 3 | SKIP 0 | PASS 755 ] @ lewbel-gmm
⠇ [ FAIL 14 | WARN 3 | SKIP 0 | PASS 755 ] @ lewbel-gmm
⠏ [ FAIL 14 | WARN 3 | SKIP 0 | PASS 755 ] @ lewbel-gmm
⠋ [ FAIL 14 | WARN 3 | SKIP 0 | PASS 755 ] @ lewbel-gmm
⠙ [ FAIL 14 | WARN 3 | SKIP 0 | PASS 755 ] @ lewbel-gmm
⠹ [ FAIL 14 | WARN 3 | SKIP 0 | PASS 755 ] @ lewbel-gmm
⠸ [ FAIL 14 | WARN 3 | SKIP 0 | PASS 755 ] @ lewbel-gmm
⠼ [ FAIL 14 | WARN 3 | SKIP 0 | PASS 755 ] @ lewbel-gmm
⠴ [ FAIL 14 | WARN 3 | SKIP 0 | PASS 755 ] @ lewbel-gmm
⠦ [ FAIL 14 | WARN 3 | SKIP 0 | PASS 755 ] @ lewbel-gmm
⠧ [ FAIL 14 | WARN 3 | SKIP 0 | PASS 755 ] @ lewbel-gmm
⠇ [ FAIL 14 | WARN 3 | SKIP 0 | PASS 755 ] @ lewbel-gmm
⠏ [ FAIL 14 | WARN 3 | SKIP 0 | PASS 755 ] @ lewbel-gmm
⠋ [ FAIL 14 | WARN 3 | SKIP 0 | PASS 755 ] @ lewbel-gmm
⠙ [ FAIL 14 | WARN 3 | SKIP 0 | PASS 755 ] @ lewbel-gmm
⠹ [ FAIL 14 | WARN 3 | SKIP 0 | PASS 755 ] @ lewbel-gmm
⠸ [ FAIL 14 | WARN 3 | SKIP 0 | PASS 755 ] @ lewbel-gmm
⠼ [ FAIL 14 | WARN 3 | SKIP 0 | PASS 755 ] @ lewbel-gmm
⠴ [ FAIL 14 | WARN 3 | SKIP 0 | PASS 755 ] @ lewbel-gmm
⠦ [ FAIL 14 | WARN 3 | SKIP 0 | PASS 755 ] @ lewbel-gmm
⠧ [ FAIL 14 | WARN 3 | SKIP 0 | PASS 755 ] @ lewbel-gmm
⠇ [ FAIL 14 | WARN 3 | SKIP 0 | PASS 755 ] @ lewbel-gmm
⠏ [ FAIL 14 | WARN 3 | SKIP 0 | PASS 755 ] @ lewbel-gmm
⠋ [ FAIL 14 | WARN 3 | SKIP 0 | PASS 755 ] @ lewbel-gmm
⠙ [ FAIL 14 | WARN 3 | SKIP 0 | PASS 755 ] @ lewbel-gmm
⠹ [ FAIL 14 | WARN 3 | SKIP 0 | PASS 755 ] @ lewbel-gmm
⠸ [ FAIL 14 | WARN 3 | SKIP 0 | PASS 755 ] @ lewbel-gmm
⠼ [ FAIL 14 | WARN 3 | SKIP 0 | PASS 755 ] @ lewbel-gmm
⠴ [ FAIL 14 | WARN 3 | SKIP 0 | PASS 755 ] @ lewbel-gmm
⠦ [ FAIL 14 | WARN 3 | SKIP 0 | PASS 755 ] @ lewbel-gmm
⠧ [ FAIL 14 | WARN 3 | SKIP 0 | PASS 755 ] @ lewbel-gmm
⠇ [ FAIL 14 | WARN 3 | SKIP 0 | PASS 755 ] @ lewbel-gmm
⠏ [ FAIL 14 | WARN 3 | SKIP 0 | PASS 755 ] @ lewbel-gmm
⠋ [ FAIL 14 | WARN 3 | SKIP 0 | PASS 755 ] @ lewbel-gmm
⠙ [ FAIL 14 | WARN 3 | SKIP 0 | PASS 755 ] @ lewbel-gmm
⠹ [ FAIL 14 | WARN 3 | SKIP 0 | PASS 755 ] @ lewbel-gmm
⠸ [ FAIL 14 | WARN 3 | SKIP 0 | PASS 755 ] @ lewbel-gmm
⠼ [ FAIL 14 | WARN 3 | SKIP 0 | PASS 755 ] @ lewbel-gmm
⠴ [ FAIL 14 | WARN 3 | SKIP 0 | PASS 755 ] @ lewbel-gmm
⠦ [ FAIL 14 | WARN 3 | SKIP 0 | PASS 755 ] @ lewbel-gmm
⠧ [ FAIL 14 | WARN 3 | SKIP 0 | PASS 755 ] @ lewbel-gmm
⠇ [ FAIL 14 | WARN 3 | SKIP 0 | PASS 755 ] @ lewbel-gmm
⠏ [ FAIL 14 | WARN 3 | SKIP 0 | PASS 755 ] @ lewbel-gmm
⠋ [ FAIL 14 | WARN 3 | SKIP 0 | PASS 755 ] @ lewbel-gmm
⠙ [ FAIL 14 | WARN 3 | SKIP 0 | PASS 755 ] @ lewbel-gmm
⠹ [ FAIL 14 | WARN 3 | SKIP 0 | PASS 755 ] @ lewbel-gmm
⠸ [ FAIL 14 | WARN 3 | SKIP 0 | PASS 755 ] @ lewbel-gmm
⠼ [ FAIL 14 | WARN 3 | SKIP 0 | PASS 755 ] @ lewbel-gmm
⠴ [ FAIL 14 | WARN 3 | SKIP 0 | PASS 755 ] @ lewbel-gmm
⠦ [ FAIL 14 | WARN 3 | SKIP 0 | PASS 755 ] @ lewbel-gmm
⠧ [ FAIL 14 | WARN 3 | SKIP 0 | PASS 755 ] @ lewbel-gmm
⠇ [ FAIL 14 | WARN 3 | SKIP 0 | PASS 755 ] @ lewbel-gmm
⠏ [ FAIL 14 | WARN 3 | SKIP 0 | PASS 755 ] @ lewbel-gmm
⠋ [ FAIL 14 | WARN 3 | SKIP 0 | PASS 755 ] @ lewbel-gmm
⠙ [ FAIL 14 | WARN 3 | SKIP 0 | PASS 755 ] @ lewbel-gmm
⠹ [ FAIL 14 | WARN 3 | SKIP 0 | PASS 755 ] @ lewbel-gmm
⠸ [ FAIL 14 | WARN 3 | SKIP 0 | PASS 755 ] @ lewbel-gmm
⠼ [ FAIL 14 | WARN 3 | SKIP 0 | PASS 755 ] @ lewbel-gmm
⠴ [ FAIL 14 | WARN 3 | SKIP 0 | PASS 755 ] @ lewbel-gmm
⠦ [ FAIL 14 | WARN 3 | SKIP 0 | PASS 755 ] @ lewbel-gmm
⠧ [ FAIL 14 | WARN 3 | SKIP 0 | PASS 755 ] @ lewbel-gmm
⠇ [ FAIL 14 | WARN 3 | SKIP 0 | PASS 755 ] @ lewbel-gmm
⠏ [ FAIL 14 | WARN 3 | SKIP 0 | PASS 755 ] @ lewbel-gmm
⠋ [ FAIL 14 | WARN 3 | SKIP 0 | PASS 755 ] @ lewbel-gmm
⠙ [ FAIL 14 | WARN 3 | SKIP 0 | PASS 755 ] @ lewbel-gmm
⠹ [ FAIL 14 | WARN 3 | SKIP 0 | PASS 755 ] @ lewbel-gmm
⠸ [ FAIL 14 | WARN 3 | SKIP 0 | PASS 755 ] @ lewbel-gmm
⠼ [ FAIL 14 | WARN 3 | SKIP 0 | PASS 755 ] @ lewbel-gmm
⠴ [ FAIL 14 | WARN 3 | SKIP 0 | PASS 755 ] @ lewbel-gmm
⠦ [ FAIL 14 | WARN 3 | SKIP 0 | PASS 755 ] @ lewbel-gmm
⠧ [ FAIL 14 | WARN 3 | SKIP 0 | PASS 755 ] @ lewbel-gmm
⠇ [ FAIL 14 | WARN 3 | SKIP 0 | PASS 755 ] @ lewbel-gmm
⠏ [ FAIL 14 | WARN 3 | SKIP 0 | PASS 755 ] @ lewbel-gmm
⠋ [ FAIL 14 | WARN 3 | SKIP 0 | PASS 755 ] @ lewbel-gmm
⠙ [ FAIL 14 | WARN 3 | SKIP 0 | PASS 755 ] @ lewbel-gmm
⠹ [ FAIL 14 | WARN 3 | SKIP 0 | PASS 755 ] @ lewbel-gmm
⠸ [ FAIL 14 | WARN 3 | SKIP 0 | PASS 755 ] @ lewbel-gmm
⠼ [ FAIL 14 | WARN 3 | SKIP 0 | PASS 755 ] @ lewbel-gmm
⠴ [ FAIL 14 | WARN 3 | SKIP 0 | PASS 755 ] @ lewbel-gmm
⠦ [ FAIL 14 | WARN 3 | SKIP 0 | PASS 755 ] @ lewbel-gmm
⠧ [ FAIL 14 | WARN 3 | SKIP 0 | PASS 755 ] @ lewbel-gmm
⠇ [ FAIL 14 | WARN 3 | SKIP 0 | PASS 755 ] @ lewbel-gmm
⠏ [ FAIL 14 | WARN 3 | SKIP 0 | PASS 755 ] @ lewbel-gmm
⠋ [ FAIL 14 | WARN 3 | SKIP 0 | PASS 755 ] @ lewbel-gmm
⠙ [ FAIL 14 | WARN 3 | SKIP 0 | PASS 755 ] @ lewbel-gmm
⠹ [ FAIL 14 | WARN 3 | SKIP 0 | PASS 755 ] @ lewbel-gmm
⠸ [ FAIL 14 | WARN 3 | SKIP 0 | PASS 755 ] @ lewbel-gmm
⠼ [ FAIL 14 | WARN 3 | SKIP 0 | PASS 755 ] @ lewbel-gmm
⠴ [ FAIL 14 | WARN 3 | SKIP 0 | PASS 755 ] @ lewbel-gmm
⠦ [ FAIL 14 | WARN 3 | SKIP 0 | PASS 755 ] @ lewbel-gmm
⠧ [ FAIL 14 | WARN 3 | SKIP 0 | PASS 755 ] @ lewbel-gmm
⠇ [ FAIL 14 | WARN 3 | SKIP 0 | PASS 755 ] @ lewbel-gmm
⠏ [ FAIL 14 | WARN 3 | SKIP 0 | PASS 755 ] @ lewbel-gmm
⠋ [ FAIL 14 | WARN 3 | SKIP 0 | PASS 755 ] @ lewbel-gmm
⠙ [ FAIL 14 | WARN 3 | SKIP 0 | PASS 755 ] @ lewbel-gmm
⠹ [ FAIL 14 | WARN 3 | SKIP 0 | PASS 755 ] @ lewbel-gmm
⠸ [ FAIL 14 | WARN 3 | SKIP 0 | PASS 755 ] @ lewbel-gmm
⠼ [ FAIL 14 | WARN 3 | SKIP 0 | PASS 755 ] @ lewbel-gmm
⠴ [ FAIL 14 | WARN 3 | SKIP 0 | PASS 755 ] @ lewbel-gmm
⠦ [ FAIL 14 | WARN 3 | SKIP 0 | PASS 755 ] @ lewbel-gmm
⠧ [ FAIL 14 | WARN 3 | SKIP 0 | PASS 755 ] @ lewbel-gmm
⠇ [ FAIL 14 | WARN 3 | SKIP 0 | PASS 755 ] @ lewbel-gmm
⠏ [ FAIL 14 | WARN 3 | SKIP 0 | PASS 755 ] @ lewbel-gmm
⠋ [ FAIL 14 | WARN 3 | SKIP 0 | PASS 755 ] @ lewbel-gmm
⠙ [ FAIL 14 | WARN 3 | SKIP 0 | PASS 755 ] @ lewbel-gmm
⠹ [ FAIL 14 | WARN 3 | SKIP 0 | PASS 755 ] @ lewbel-gmm
⠸ [ FAIL 14 | WARN 3 | SKIP 0 | PASS 755 ] @ lewbel-gmm
⠼ [ FAIL 14 | WARN 3 | SKIP 0 | PASS 755 ] @ lewbel-gmm
⠴ [ FAIL 14 | WARN 3 | SKIP 0 | PASS 755 ] @ lewbel-gmm
⠦ [ FAIL 14 | WARN 3 | SKIP 0 | PASS 755 ] @ lewbel-gmm
⠧ [ FAIL 14 | WARN 3 | SKIP 0 | PASS 755 ] @ lewbel-gmm
⠇ [ FAIL 14 | WARN 3 | SKIP 0 | PASS 755 ] @ lewbel-gmm
⠏ [ FAIL 14 | WARN 3 | SKIP 0 | PASS 755 ] @ lewbel-gmm
⠋ [ FAIL 14 | WARN 3 | SKIP 0 | PASS 755 ] @ lewbel-gmm
⠙ [ FAIL 14 | WARN 3 | SKIP 0 | PASS 755 ] @ lewbel-gmm
⠹ [ FAIL 14 | WARN 3 | SKIP 0 | PASS 755 ] @ lewbel-gmm
⠸ [ FAIL 14 | WARN 3 | SKIP 0 | PASS 755 ] @ lewbel-gmm
⠼ [ FAIL 14 | WARN 3 | SKIP 0 | PASS 755 ] @ lewbel-gmm
⠴ [ FAIL 14 | WARN 3 | SKIP 0 | PASS 755 ] @ lewbel-gmm
⠦ [ FAIL 14 | WARN 3 | SKIP 0 | PASS 755 ] @ lewbel-gmm
⠧ [ FAIL 14 | WARN 3 | SKIP 0 | PASS 755 ] @ lewbel-gmm
⠇ [ FAIL 14 | WARN 3 | SKIP 0 | PASS 755 ] @ lewbel-gmm
⠏ [ FAIL 14 | WARN 3 | SKIP 0 | PASS 755 ] @ lewbel-gmm
⠋ [ FAIL 14 | WARN 3 | SKIP 0 | PASS 755 ] @ lewbel-gmm
⠙ [ FAIL 14 | WARN 3 | SKIP 0 | PASS 755 ] @ lewbel-gmm
⠹ [ FAIL 14 | WARN 3 | SKIP 0 | PASS 755 ] @ lewbel-gmm
⠸ [ FAIL 14 | WARN 3 | SKIP 0 | PASS 755 ] @ lewbel-gmm
⠼ [ FAIL 14 | WARN 3 | SKIP 0 | PASS 755 ] @ lewbel-gmm
⠴ [ FAIL 14 | WARN 3 | SKIP 0 | PASS 755 ] @ lewbel-gmm
⠦ [ FAIL 14 | WARN 3 | SKIP 0 | PASS 755 ] @ lewbel-gmm
⠧ [ FAIL 14 | WARN 3 | SKIP 0 | PASS 755 ] @ lewbel-gmm
⠇ [ FAIL 14 | WARN 3 | SKIP 0 | PASS 755 ] @ lewbel-gmm
⠏ [ FAIL 14 | WARN 3 | SKIP 0 | PASS 755 ] @ lewbel-gmm
⠋ [ FAIL 14 | WARN 3 | SKIP 0 | PASS 755 ] @ lewbel-gmm
⠙ [ FAIL 14 | WARN 3 | SKIP 0 | PASS 755 ] @ lewbel-gmm
⠹ [ FAIL 14 | WARN 3 | SKIP 0 | PASS 755 ] @ lewbel-gmm
⠸ [ FAIL 14 | WARN 3 | SKIP 0 | PASS 755 ] @ lewbel-gmm
⠼ [ FAIL 14 | WARN 3 | SKIP 0 | PASS 755 ] @ lewbel-gmm
⠴ [ FAIL 14 | WARN 3 | SKIP 0 | PASS 755 ] @ lewbel-gmm
⠦ [ FAIL 14 | WARN 3 | SKIP 0 | PASS 755 ] @ lewbel-gmm
⠧ [ FAIL 14 | WARN 3 | SKIP 0 | PASS 755 ] @ lewbel-gmm
⠇ [ FAIL 14 | WARN 3 | SKIP 0 | PASS 755 ] @ lewbel-gmm
⠏ [ FAIL 14 | WARN 3 | SKIP 0 | PASS 755 ] @ lewbel-gmm
⠋ [ FAIL 14 | WARN 3 | SKIP 0 | PASS 755 ] @ lewbel-gmm
⠙ [ FAIL 14 | WARN 3 | SKIP 0 | PASS 755 ] @ lewbel-gmm
⠹ [ FAIL 14 | WARN 3 | SKIP 0 | PASS 755 ] @ lewbel-gmm
⠸ [ FAIL 14 | WARN 3 | SKIP 0 | PASS 755 ] @ lewbel-gmm
⠼ [ FAIL 14 | WARN 3 | SKIP 0 | PASS 755 ] @ lewbel-gmm
⠴ [ FAIL 14 | WARN 3 | SKIP 0 | PASS 755 ] @ lewbel-gmm
⠦ [ FAIL 14 | WARN 3 | SKIP 0 | PASS 755 ] @ lewbel-gmm
⠧ [ FAIL 14 | WARN 3 | SKIP 0 | PASS 755 ] @ lewbel-gmm
⠇ [ FAIL 14 | WARN 3 | SKIP 0 | PASS 755 ] @ lewbel-gmm
⠏ [ FAIL 14 | WARN 3 | SKIP 0 | PASS 755 ] @ lewbel-gmm
⠋ [ FAIL 14 | WARN 3 | SKIP 0 | PASS 755 ] @ lewbel-gmm
⠙ [ FAIL 14 | WARN 3 | SKIP 0 | PASS 755 ] @ lewbel-gmm
⠹ [ FAIL 14 | WARN 3 | SKIP 0 | PASS 755 ] @ lewbel-gmm
⠸ [ FAIL 14 | WARN 3 | SKIP 0 | PASS 755 ] @ lewbel-gmm
⠼ [ FAIL 14 | WARN 3 | SKIP 0 | PASS 755 ] @ lewbel-gmm
⠴ [ FAIL 14 | WARN 3 | SKIP 0 | PASS 755 ] @ lewbel-gmm
⠦ [ FAIL 14 | WARN 3 | SKIP 0 | PASS 755 ] @ lewbel-gmm
⠧ [ FAIL 14 | WARN 3 | SKIP 0 | PASS 755 ] @ lewbel-gmm
⠇ [ FAIL 14 | WARN 3 | SKIP 0 | PASS 755 ] @ lewbel-gmm
⠏ [ FAIL 14 | WARN 3 | SKIP 0 | PASS 755 ] @ lewbel-gmm
⠋ [ FAIL 14 | WARN 3 | SKIP 0 | PASS 755 ] @ lewbel-gmm
⠙ [ FAIL 14 | WARN 3 | SKIP 0 | PASS 755 ] @ lewbel-gmm
⠹ [ FAIL 14 | WARN 3 | SKIP 0 | PASS 755 ] @ lewbel-gmm
⠸ [ FAIL 14 | WARN 3 | SKIP 0 | PASS 755 ] @ lewbel-gmm
⠼ [ FAIL 14 | WARN 3 | SKIP 0 | PASS 755 ] @ lewbel-gmm
⠴ [ FAIL 14 | WARN 3 | SKIP 0 | PASS 755 ] @ lewbel-gmm
⠦ [ FAIL 14 | WARN 3 | SKIP 0 | PASS 755 ] @ lewbel-gmm
⠧ [ FAIL 14 | WARN 3 | SKIP 0 | PASS 755 ] @ lewbel-gmm
⠇ [ FAIL 14 | WARN 3 | SKIP 0 | PASS 755 ] @ lewbel-gmm
⠏ [ FAIL 14 | WARN 3 | SKIP 0 | PASS 755 ] @ lewbel-gmm
⠋ [ FAIL 14 | WARN 3 | SKIP 0 | PASS 755 ] @ lewbel-gmm
⠙ [ FAIL 14 | WARN 3 | SKIP 0 | PASS 755 ] @ lewbel-gmm
⠹ [ FAIL 14 | WARN 3 | SKIP 0 | PASS 755 ] @ lewbel-gmm
⠸ [ FAIL 14 | WARN 3 | SKIP 0 | PASS 755 ] @ lewbel-gmm
⠼ [ FAIL 14 | WARN 3 | SKIP 0 | PASS 755 ] @ lewbel-gmm
⠴ [ FAIL 14 | WARN 3 | SKIP 0 | PASS 755 ] @ lewbel-gmm
⠦ [ FAIL 14 | WARN 3 | SKIP 0 | PASS 755 ] @ lewbel-gmm
⠧ [ FAIL 14 | WARN 3 | SKIP 0 | PASS 755 ] @ lewbel-gmm
⠇ [ FAIL 14 | WARN 3 | SKIP 0 | PASS 755 ] @ lewbel-gmm
⠏ [ FAIL 14 | WARN 3 | SKIP 0 | PASS 755 ] @ lewbel-gmm
⠋ [ FAIL 14 | WARN 3 | SKIP 0 | PASS 755 ] @ lewbel-gmm
⠙ [ FAIL 14 | WARN 3 | SKIP 0 | PASS 755 ] @ lewbel-gmm
⠹ [ FAIL 14 | WARN 3 | SKIP 0 | PASS 755 ] @ lewbel-gmm
⠸ [ FAIL 14 | WARN 3 | SKIP 0 | PASS 755 ] @ lewbel-gmm
⠼ [ FAIL 14 | WARN 3 | SKIP 0 | PASS 755 ] @ lewbel-gmm
⠴ [ FAIL 14 | WARN 3 | SKIP 0 | PASS 755 ] @ lewbel-gmm
⠦ [ FAIL 14 | WARN 3 | SKIP 0 | PASS 755 ] @ lewbel-gmm
⠧ [ FAIL 14 | WARN 3 | SKIP 0 | PASS 755 ] @ lewbel-gmm
⠇ [ FAIL 14 | WARN 3 | SKIP 0 | PASS 755 ] @ lewbel-gmm
⠏ [ FAIL 14 | WARN 3 | SKIP 0 | PASS 755 ] @ lewbel-gmm
⠋ [ FAIL 14 | WARN 3 | SKIP 0 | PASS 755 ] @ lewbel-gmm
⠙ [ FAIL 14 | WARN 3 | SKIP 0 | PASS 755 ] @ lewbel-gmm
⠹ [ FAIL 14 | WARN 3 | SKIP 0 | PASS 755 ] @ lewbel-gmm
⠸ [ FAIL 14 | WARN 3 | SKIP 0 | PASS 755 ] @ lewbel-gmm
⠼ [ FAIL 14 | WARN 3 | SKIP 0 | PASS 755 ] @ lewbel-gmm
⠴ [ FAIL 14 | WARN 3 | SKIP 0 | PASS 755 ] @ lewbel-gmm
⠦ [ FAIL 14 | WARN 3 | SKIP 0 | PASS 755 ] @ lewbel-gmm
⠧ [ FAIL 14 | WARN 3 | SKIP 0 | PASS 755 ] @ lewbel-gmm
⠇ [ FAIL 14 | WARN 3 | SKIP 0 | PASS 755 ] @ lewbel-gmm
⠏ [ FAIL 14 | WARN 3 | SKIP 0 | PASS 755 ] @ lewbel-gmm
⠋ [ FAIL 14 | WARN 3 | SKIP 0 | PASS 755 ] @ lewbel-gmm
⠙ [ FAIL 14 | WARN 3 | SKIP 0 | PASS 755 ] @ lewbel-gmm
⠹ [ FAIL 14 | WARN 3 | SKIP 0 | PASS 755 ] @ lewbel-gmm
⠸ [ FAIL 14 | WARN 3 | SKIP 0 | PASS 755 ] @ lewbel-gmm
⠼ [ FAIL 14 | WARN 3 | SKIP 0 | PASS 755 ] @ lewbel-gmm
⠴ [ FAIL 14 | WARN 3 | SKIP 0 | PASS 755 ] @ lewbel-gmm
⠦ [ FAIL 14 | WARN 3 | SKIP 0 | PASS 755 ] @ lewbel-gmm
⠧ [ FAIL 14 | WARN 3 | SKIP 0 | PASS 755 ] @ lewbel-gmm
⠇ [ FAIL 14 | WARN 3 | SKIP 0 | PASS 755 ] @ lewbel-gmm
⠏ [ FAIL 14 | WARN 3 | SKIP 0 | PASS 755 ] @ lewbel-gmm
⠋ [ FAIL 14 | WARN 3 | SKIP 0 | PASS 755 ] @ lewbel-gmm
⠙ [ FAIL 14 | WARN 3 | SKIP 0 | PASS 755 ] @ lewbel-gmm
⠹ [ FAIL 14 | WARN 3 | SKIP 0 | PASS 755 ] @ lewbel-gmm
⠸ [ FAIL 14 | WARN 3 | SKIP 0 | PASS 755 ] @ lewbel-gmm
⠼ [ FAIL 14 | WARN 3 | SKIP 0 | PASS 755 ] @ lewbel-gmm
⠴ [ FAIL 14 | WARN 3 | SKIP 0 | PASS 755 ] @ lewbel-gmm
⠦ [ FAIL 14 | WARN 3 | SKIP 0 | PASS 755 ] @ lewbel-gmm
⠧ [ FAIL 14 | WARN 3 | SKIP 0 | PASS 755 ] @ lewbel-gmm
⠇ [ FAIL 14 | WARN 3 | SKIP 0 | PASS 755 ] @ lewbel-gmm
⠏ [ FAIL 14 | WARN 3 | SKIP 0 | PASS 755 ] @ lewbel-gmm
⠋ [ FAIL 14 | WARN 3 | SKIP 0 | PASS 755 ] @ lewbel-gmm
⠙ [ FAIL 14 | WARN 3 | SKIP 0 | PASS 755 ] @ lewbel-gmm
⠹ [ FAIL 14 | WARN 3 | SKIP 0 | PASS 755 ] @ lewbel-gmm
⠸ [ FAIL 14 | WARN 3 | SKIP 0 | PASS 755 ] @ lewbel-gmm
⠼ [ FAIL 14 | WARN 3 | SKIP 0 | PASS 755 ] @ lewbel-gmm
⠴ [ FAIL 14 | WARN 3 | SKIP 0 | PASS 755 ] @ lewbel-gmm
⠦ [ FAIL 14 | WARN 3 | SKIP 0 | PASS 755 ] @ lewbel-gmm
⠧ [ FAIL 14 | WARN 3 | SKIP 0 | PASS 755 ] @ lewbel-gmm
⠇ [ FAIL 14 | WARN 3 | SKIP 0 | PASS 755 ] @ lewbel-gmm
⠏ [ FAIL 14 | WARN 3 | SKIP 0 | PASS 755 ] @ lewbel-gmm
⠋ [ FAIL 14 | WARN 3 | SKIP 0 | PASS 755 ] @ lewbel-gmm
⠙ [ FAIL 14 | WARN 3 | SKIP 0 | PASS 755 ] @ lewbel-gmm
⠹ [ FAIL 14 | WARN 3 | SKIP 0 | PASS 755 ] @ lewbel-gmm
⠸ [ FAIL 14 | WARN 3 | SKIP 0 | PASS 755 ] @ lewbel-gmm
⠼ [ FAIL 14 | WARN 3 | SKIP 0 | PASS 755 ] @ lewbel-gmm
⠴ [ FAIL 14 | WARN 3 | SKIP 0 | PASS 755 ] @ lewbel-gmm
⠦ [ FAIL 14 | WARN 3 | SKIP 0 | PASS 755 ] @ lewbel-gmm
⠧ [ FAIL 14 | WARN 3 | SKIP 0 | PASS 755 ] @ lewbel-gmm
⠇ [ FAIL 14 | WARN 3 | SKIP 0 | PASS 755 ] @ lewbel-gmm
⠏ [ FAIL 14 | WARN 3 | SKIP 0 | PASS 755 ] @ lewbel-gmm
⠋ [ FAIL 14 | WARN 3 | SKIP 0 | PASS 755 ] @ lewbel-gmm
⠙ [ FAIL 14 | WARN 3 | SKIP 0 | PASS 755 ] @ lewbel-gmm
⠹ [ FAIL 14 | WARN 3 | SKIP 0 | PASS 755 ] @ lewbel-gmm
⠸ [ FAIL 14 | WARN 3 | SKIP 0 | PASS 755 ] @ lewbel-gmm
⠼ [ FAIL 14 | WARN 3 | SKIP 0 | PASS 755 ] @ lewbel-gmm
⠴ [ FAIL 14 | WARN 3 | SKIP 0 | PASS 755 ] @ lewbel-gmm
⠦ [ FAIL 14 | WARN 3 | SKIP 0 | PASS 755 ] @ lewbel-gmm
⠧ [ FAIL 14 | WARN 3 | SKIP 0 | PASS 755 ] @ lewbel-gmm
⠇ [ FAIL 14 | WARN 3 | SKIP 0 | PASS 755 ] @ lewbel-gmm
⠏ [ FAIL 14 | WARN 3 | SKIP 0 | PASS 755 ] @ lewbel-gmm
⠋ [ FAIL 14 | WARN 3 | SKIP 0 | PASS 755 ] @ lewbel-gmm
⠙ [ FAIL 14 | WARN 3 | SKIP 0 | PASS 755 ] @ lewbel-gmm
⠹ [ FAIL 14 | WARN 3 | SKIP 0 | PASS 755 ] @ lewbel-gmm
⠸ [ FAIL 14 | WARN 3 | SKIP 0 | PASS 755 ] @ lewbel-gmm
⠼ [ FAIL 14 | WARN 3 | SKIP 0 | PASS 755 ] @ lewbel-gmm
⠴ [ FAIL 14 | WARN 3 | SKIP 0 | PASS 755 ] @ lewbel-gmm
⠦ [ FAIL 14 | WARN 3 | SKIP 0 | PASS 755 ] @ lewbel-gmm
⠧ [ FAIL 14 | WARN 3 | SKIP 0 | PASS 755 ] @ lewbel-gmm
⠇ [ FAIL 14 | WARN 3 | SKIP 0 | PASS 755 ] @ lewbel-gmm
⠏ [ FAIL 14 | WARN 3 | SKIP 0 | PASS 755 ] @ lewbel-gmm
⠋ [ FAIL 14 | WARN 3 | SKIP 0 | PASS 755 ] @ lewbel-gmm
⠙ [ FAIL 14 | WARN 3 | SKIP 0 | PASS 755 ] @ lewbel-gmm
⠹ [ FAIL 14 | WARN 3 | SKIP 0 | PASS 755 ] @ lewbel-gmm
⠸ [ FAIL 14 | WARN 3 | SKIP 0 | PASS 755 ] @ lewbel-gmm
⠼ [ FAIL 14 | WARN 3 | SKIP 0 | PASS 755 ] @ lewbel-gmm
⠴ [ FAIL 14 | WARN 3 | SKIP 0 | PASS 755 ] @ lewbel-gmm
⠦ [ FAIL 14 | WARN 3 | SKIP 0 | PASS 755 ] @ lewbel-gmm
⠧ [ FAIL 14 | WARN 3 | SKIP 0 | PASS 755 ] @ lewbel-gmm
⠇ [ FAIL 14 | WARN 3 | SKIP 0 | PASS 755 ] @ lewbel-gmm
⠏ [ FAIL 14 | WARN 3 | SKIP 0 | PASS 755 ] @ lewbel-gmm
⠋ [ FAIL 14 | WARN 3 | SKIP 0 | PASS 755 ] @ lewbel-gmm
⠙ [ FAIL 14 | WARN 3 | SKIP 0 | PASS 755 ] @ lewbel-gmm
⠹ [ FAIL 14 | WARN 3 | SKIP 0 | PASS 755 ] @ lewbel-gmm
⠸ [ FAIL 14 | WARN 3 | SKIP 0 | PASS 755 ] @ lewbel-gmm
⠼ [ FAIL 14 | WARN 3 | SKIP 0 | PASS 755 ] @ lewbel-gmm
⠴ [ FAIL 14 | WARN 3 | SKIP 0 | PASS 755 ] @ lewbel-gmm
⠦ [ FAIL 14 | WARN 3 | SKIP 0 | PASS 755 ] @ lewbel-gmm
⠧ [ FAIL 14 | WARN 3 | SKIP 0 | PASS 755 ] @ lewbel-gmm
⠇ [ FAIL 14 | WARN 3 | SKIP 0 | PASS 755 ] @ lewbel-gmm
⠏ [ FAIL 14 | WARN 3 | SKIP 0 | PASS 755 ] @ lewbel-gmm
⠋ [ FAIL 14 | WARN 3 | SKIP 0 | PASS 755 ] @ lewbel-gmm
⠙ [ FAIL 14 | WARN 3 | SKIP 0 | PASS 755 ] @ lewbel-gmm
⠹ [ FAIL 14 | WARN 3 | SKIP 0 | PASS 755 ] @ lewbel-gmm
⠸ [ FAIL 14 | WARN 3 | SKIP 0 | PASS 755 ] @ lewbel-gmm
⠼ [ FAIL 14 | WARN 3 | SKIP 0 | PASS 755 ] @ lewbel-gmm
⠴ [ FAIL 14 | WARN 3 | SKIP 0 | PASS 755 ] @ lewbel-gmm
⠦ [ FAIL 14 | WARN 3 | SKIP 0 | PASS 755 ] @ lewbel-gmm
⠧ [ FAIL 14 | WARN 3 | SKIP 0 | PASS 755 ] @ lewbel-gmm
⠇ [ FAIL 14 | WARN 3 | SKIP 0 | PASS 755 ] @ lewbel-gmm
⠏ [ FAIL 14 | WARN 3 | SKIP 0 | PASS 755 ] @ lewbel-gmm
⠋ [ FAIL 14 | WARN 3 | SKIP 0 | PASS 755 ] @ lewbel-gmm
⠙ [ FAIL 14 | WARN 3 | SKIP 0 | PASS 755 ] @ lewbel-gmm
⠹ [ FAIL 14 | WARN 3 | SKIP 0 | PASS 755 ] @ lewbel-gmm
⠸ [ FAIL 14 | WARN 3 | SKIP 0 | PASS 755 ] @ lewbel-gmm
⠼ [ FAIL 14 | WARN 3 | SKIP 0 | PASS 755 ] @ lewbel-gmm
⠴ [ FAIL 14 | WARN 3 | SKIP 0 | PASS 755 ] @ lewbel-gmm
⠦ [ FAIL 14 | WARN 3 | SKIP 0 | PASS 755 ] @ lewbel-gmm
⠧ [ FAIL 14 | WARN 3 | SKIP 0 | PASS 755 ] @ lewbel-gmm
⠇ [ FAIL 14 | WARN 3 | SKIP 0 | PASS 755 ] @ lewbel-gmm
⠏ [ FAIL 14 | WARN 3 | SKIP 0 | PASS 755 ] @ lewbel-gmm
⠋ [ FAIL 14 | WARN 3 | SKIP 0 | PASS 755 ] @ lewbel-gmm
⠙ [ FAIL 14 | WARN 3 | SKIP 0 | PASS 755 ] @ lewbel-gmm
⠹ [ FAIL 14 | WARN 3 | SKIP 0 | PASS 755 ] @ lewbel-gmm
⠸ [ FAIL 14 | WARN 3 | SKIP 0 | PASS 755 ] @ lewbel-gmm
⠼ [ FAIL 14 | WARN 3 | SKIP 0 | PASS 755 ] @ lewbel-gmm
⠴ [ FAIL 14 | WARN 3 | SKIP 0 | PASS 755 ] @ lewbel-gmm
⠦ [ FAIL 14 | WARN 3 | SKIP 0 | PASS 755 ] @ lewbel-gmm
⠧ [ FAIL 14 | WARN 3 | SKIP 0 | PASS 755 ] @ lewbel-gmm
⠇ [ FAIL 14 | WARN 3 | SKIP 0 | PASS 755 ] @ lewbel-gmm
⠏ [ FAIL 14 | WARN 3 | SKIP 0 | PASS 755 ] @ lewbel-gmm
⠋ [ FAIL 14 | WARN 3 | SKIP 0 | PASS 755 ] @ lewbel-gmm
⠙ [ FAIL 14 | WARN 3 | SKIP 0 | PASS 755 ] @ lewbel-gmm
⠹ [ FAIL 14 | WARN 3 | SKIP 0 | PASS 755 ] @ lewbel-gmm
⠸ [ FAIL 14 | WARN 3 | SKIP 0 | PASS 755 ] @ lewbel-gmm
⠼ [ FAIL 14 | WARN 3 | SKIP 0 | PASS 755 ] @ lewbel-gmm
⠴ [ FAIL 14 | WARN 3 | SKIP 0 | PASS 755 ] @ lewbel-gmm
⠦ [ FAIL 14 | WARN 3 | SKIP 0 | PASS 755 ] @ lewbel-gmm
⠧ [ FAIL 14 | WARN 3 | SKIP 0 | PASS 755 ] @ lewbel-gmm
⠇ [ FAIL 14 | WARN 3 | SKIP 0 | PASS 755 ] @ lewbel-gmm
⠏ [ FAIL 14 | WARN 3 | SKIP 0 | PASS 755 ] @ lewbel-gmm
⠋ [ FAIL 14 | WARN 3 | SKIP 0 | PASS 755 ] @ lewbel-gmm
⠙ [ FAIL 14 | WARN 3 | SKIP 0 | PASS 755 ] @ lewbel-gmm
⠹ [ FAIL 14 | WARN 3 | SKIP 0 | PASS 755 ] @ lewbel-gmm
⠸ [ FAIL 14 | WARN 3 | SKIP 0 | PASS 755 ] @ lewbel-gmm
⠼ [ FAIL 14 | WARN 3 | SKIP 0 | PASS 755 ] @ lewbel-gmm
⠴ [ FAIL 14 | WARN 3 | SKIP 0 | PASS 755 ] @ lewbel-gmm
⠦ [ FAIL 14 | WARN 3 | SKIP 0 | PASS 755 ] @ lewbel-gmm
⠧ [ FAIL 14 | WARN 3 | SKIP 0 | PASS 755 ] @ lewbel-gmm
⠇ [ FAIL 14 | WARN 3 | SKIP 0 | PASS 755 ] @ lewbel-gmm
⠏ [ FAIL 14 | WARN 3 | SKIP 0 | PASS 755 ] @ lewbel-gmm
⠋ [ FAIL 14 | WARN 3 | SKIP 0 | PASS 755 ] @ lewbel-gmm
⠙ [ FAIL 14 | WARN 3 | SKIP 0 | PASS 755 ] @ lewbel-gmm
⠹ [ FAIL 14 | WARN 3 | SKIP 0 | PASS 755 ] @ lewbel-gmm
⠸ [ FAIL 14 | WARN 3 | SKIP 0 | PASS 755 ] @ lewbel-gmm
⠼ [ FAIL 14 | WARN 3 | SKIP 0 | PASS 755 ] @ lewbel-gmm
⠴ [ FAIL 14 | WARN 3 | SKIP 0 | PASS 755 ] @ lewbel-gmm
⠦ [ FAIL 14 | WARN 3 | SKIP 0 | PASS 755 ] @ lewbel-gmm
⠧ [ FAIL 14 | WARN 3 | SKIP 0 | PASS 755 ] @ lewbel-gmm
⠇ [ FAIL 14 | WARN 3 | SKIP 0 | PASS 755 ] @ lewbel-gmm
⠏ [ FAIL 14 | WARN 3 | SKIP 0 | PASS 755 ] @ lewbel-gmm
⠋ [ FAIL 14 | WARN 3 | SKIP 0 | PASS 755 ] @ lewbel-gmm
⠙ [ FAIL 14 | WARN 3 | SKIP 0 | PASS 755 ] @ lewbel-gmm
⠹ [ FAIL 14 | WARN 3 | SKIP 0 | PASS 755 ] @ lewbel-gmm
⠸ [ FAIL 14 | WARN 3 | SKIP 0 | PASS 755 ] @ lewbel-gmm
⠼ [ FAIL 14 | WARN 3 | SKIP 0 | PASS 755 ] @ lewbel-gmm
⠴ [ FAIL 14 | WARN 3 | SKIP 0 | PASS 755 ] @ lewbel-gmm
⠦ [ FAIL 14 | WARN 3 | SKIP 0 | PASS 755 ] @ lewbel-gmm
⠧ [ FAIL 14 | WARN 3 | SKIP 0 | PASS 755 ] @ lewbel-gmm
⠇ [ FAIL 14 | WARN 3 | SKIP 0 | PASS 755 ] @ lewbel-gmm
⠏ [ FAIL 14 | WARN 3 | SKIP 0 | PASS 755 ] @ lewbel-gmm
⠋ [ FAIL 14 | WARN 3 | SKIP 0 | PASS 755 ] @ lewbel-gmm
⠙ [ FAIL 14 | WARN 3 | SKIP 0 | PASS 755 ] @ lewbel-gmm
⠹ [ FAIL 14 | WARN 3 | SKIP 0 | PASS 755 ] @ lewbel-gmm
⠸ [ FAIL 14 | WARN 3 | SKIP 0 | PASS 755 ] @ lewbel-gmm
⠼ [ FAIL 14 | WARN 3 | SKIP 0 | PASS 755 ] @ lewbel-gmm
⠴ [ FAIL 14 | WARN 3 | SKIP 0 | PASS 755 ] @ lewbel-gmm
⠦ [ FAIL 14 | WARN 3 | SKIP 0 | PASS 755 ] @ lewbel-gmm
⠧ [ FAIL 14 | WARN 3 | SKIP 0 | PASS 755 ] @ lewbel-gmm
⠇ [ FAIL 14 | WARN 3 | SKIP 0 | PASS 755 ] @ lewbel-gmm
⠏ [ FAIL 14 | WARN 3 | SKIP 0 | PASS 755 ] @ lewbel-gmm
⠋ [ FAIL 14 | WARN 3 | SKIP 0 | PASS 755 ] @ lewbel-gmm
⠙ [ FAIL 14 | WARN 3 | SKIP 0 | PASS 755 ] @ lewbel-gmm
⠹ [ FAIL 14 | WARN 3 | SKIP 0 | PASS 755 ] @ lewbel-gmm
⠸ [ FAIL 14 | WARN 3 | SKIP 0 | PASS 755 ] @ lewbel-gmm
⠼ [ FAIL 14 | WARN 3 | SKIP 0 | PASS 755 ] @ lewbel-gmm
⠴ [ FAIL 14 | WARN 3 | SKIP 0 | PASS 755 ] @ lewbel-gmm
⠦ [ FAIL 14 | WARN 3 | SKIP 0 | PASS 755 ] @ lewbel-gmm
⠧ [ FAIL 14 | WARN 3 | SKIP 0 | PASS 755 ] @ lewbel-gmm
⠇ [ FAIL 14 | WARN 3 | SKIP 0 | PASS 755 ] @ lewbel-gmm
⠏ [ FAIL 14 | WARN 3 | SKIP 0 | PASS 755 ] @ lewbel-gmm
⠋ [ FAIL 14 | WARN 3 | SKIP 0 | PASS 755 ] @ lewbel-gmm
⠙ [ FAIL 14 | WARN 3 | SKIP 0 | PASS 755 ] @ lewbel-gmm
⠹ [ FAIL 14 | WARN 3 | SKIP 0 | PASS 755 ] @ lewbel-gmm
⠸ [ FAIL 14 | WARN 3 | SKIP 0 | PASS 755 ] @ lewbel-gmm
⠼ [ FAIL 14 | WARN 3 | SKIP 0 | PASS 755 ] @ lewbel-gmm
⠴ [ FAIL 14 | WARN 3 | SKIP 0 | PASS 755 ] @ lewbel-gmm
⠦ [ FAIL 14 | WARN 3 | SKIP 0 | PASS 755 ] @ lewbel-gmm
⠧ [ FAIL 14 | WARN 3 | SKIP 0 | PASS 755 ] @ lewbel-gmm
⠇ [ FAIL 14 | WARN 3 | SKIP 0 | PASS 755 ] @ lewbel-gmm
⠏ [ FAIL 14 | WARN 3 | SKIP 0 | PASS 755 ] @ lewbel-gmm
⠋ [ FAIL 14 | WARN 3 | SKIP 0 | PASS 755 ] @ lewbel-gmm
⠙ [ FAIL 14 | WARN 3 | SKIP 0 | PASS 755 ] @ lewbel-gmm
⠹ [ FAIL 14 | WARN 3 | SKIP 0 | PASS 755 ] @ lewbel-gmm
⠸ [ FAIL 14 | WARN 3 | SKIP 0 | PASS 755 ] @ lewbel-gmm
⠼ [ FAIL 14 | WARN 3 | SKIP 0 | PASS 755 ] @ lewbel-gmm
⠴ [ FAIL 14 | WARN 3 | SKIP 0 | PASS 755 ] @ lewbel-gmm
⠦ [ FAIL 14 | WARN 3 | SKIP 0 | PASS 755 ] @ lewbel-gmm
⠧ [ FAIL 14 | WARN 3 | SKIP 0 | PASS 755 ] @ lewbel-gmm
⠇ [ FAIL 14 | WARN 3 | SKIP 0 | PASS 755 ] @ lewbel-gmm
⠏ [ FAIL 14 | WARN 3 | SKIP 0 | PASS 755 ] @ lewbel-gmm
⠋ [ FAIL 14 | WARN 3 | SKIP 0 | PASS 755 ] @ lewbel-gmm
⠙ [ FAIL 14 | WARN 3 | SKIP 0 | PASS 755 ] @ lewbel-gmm
⠹ [ FAIL 14 | WARN 3 | SKIP 0 | PASS 755 ] @ lewbel-gmm
⠸ [ FAIL 14 | WARN 3 | SKIP 0 | PASS 755 ] @ lewbel-gmm
⠼ [ FAIL 14 | WARN 3 | SKIP 0 | PASS 755 ] @ lewbel-gmm
⠴ [ FAIL 14 | WARN 3 | SKIP 0 | PASS 755 ] @ lewbel-gmm
⠦ [ FAIL 14 | WARN 3 | SKIP 0 | PASS 755 ] @ lewbel-gmm
⠧ [ FAIL 14 | WARN 3 | SKIP 0 | PASS 755 ] @ lewbel-gmm
⠇ [ FAIL 14 | WARN 3 | SKIP 0 | PASS 755 ] @ lewbel-gmm
⠏ [ FAIL 14 | WARN 3 | SKIP 0 | PASS 755 ] @ lewbel-gmm
⠋ [ FAIL 14 | WARN 3 | SKIP 0 | PASS 755 ] @ lewbel-gmm
⠙ [ FAIL 14 | WARN 3 | SKIP 0 | PASS 755 ] @ lewbel-gmm
⠹ [ FAIL 14 | WARN 3 | SKIP 0 | PASS 755 ] @ lewbel-gmm
⠸ [ FAIL 14 | WARN 3 | SKIP 0 | PASS 755 ] @ lewbel-gmm
⠼ [ FAIL 14 | WARN 3 | SKIP 0 | PASS 755 ] @ lewbel-gmm
⠴ [ FAIL 14 | WARN 3 | SKIP 0 | PASS 755 ] @ lewbel-gmm
⠦ [ FAIL 14 | WARN 3 | SKIP 0 | PASS 755 ] @ lewbel-gmm
⠧ [ FAIL 14 | WARN 3 | SKIP 0 | PASS 755 ] @ lewbel-gmm
⠇ [ FAIL 14 | WARN 3 | SKIP 0 | PASS 755 ] @ lewbel-gmm
⠏ [ FAIL 14 | WARN 3 | SKIP 0 | PASS 755 ] @ lewbel-gmm
⠋ [ FAIL 14 | WARN 3 | SKIP 0 | PASS 755 ] @ lewbel-gmm
⠙ [ FAIL 14 | WARN 3 | SKIP 0 | PASS 755 ] @ lewbel-gmm
⠹ [ FAIL 14 | WARN 3 | SKIP 0 | PASS 755 ] @ lewbel-gmm
⠸ [ FAIL 14 | WARN 3 | SKIP 0 | PASS 755 ] @ lewbel-gmm
⠼ [ FAIL 14 | WARN 3 | SKIP 0 | PASS 755 ] @ lewbel-gmm
⠴ [ FAIL 14 | WARN 3 | SKIP 0 | PASS 755 ] @ lewbel-gmm
⠦ [ FAIL 14 | WARN 3 | SKIP 0 | PASS 755 ] @ lewbel-gmm
⠧ [ FAIL 14 | WARN 3 | SKIP 0 | PASS 755 ] @ lewbel-gmm
⠇ [ FAIL 14 | WARN 3 | SKIP 0 | PASS 755 ] @ lewbel-gmm
⠏ [ FAIL 14 | WARN 3 | SKIP 0 | PASS 755 ] @ lewbel-gmm
⠋ [ FAIL 14 | WARN 3 | SKIP 0 | PASS 755 ] @ lewbel-gmm
⠙ [ FAIL 14 | WARN 3 | SKIP 0 | PASS 755 ] @ lewbel-gmm
⠹ [ FAIL 14 | WARN 3 | SKIP 0 | PASS 755 ] @ lewbel-gmm
⠸ [ FAIL 14 | WARN 3 | SKIP 0 | PASS 755 ] @ lewbel-gmm
⠼ [ FAIL 14 | WARN 3 | SKIP 0 | PASS 755 ] @ lewbel-gmm
⠴ [ FAIL 14 | WARN 3 | SKIP 0 | PASS 755 ] @ lewbel-gmm
⠦ [ FAIL 14 | WARN 3 | SKIP 0 | PASS 755 ] @ lewbel-gmm
⠧ [ FAIL 14 | WARN 3 | SKIP 0 | PASS 755 ] @ lewbel-gmm
⠇ [ FAIL 14 | WARN 3 | SKIP 0 | PASS 755 ] @ lewbel-gmm
⠏ [ FAIL 14 | WARN 3 | SKIP 0 | PASS 755 ] @ lewbel-gmm
⠋ [ FAIL 14 | WARN 3 | SKIP 0 | PASS 755 ] @ lewbel-gmm
⠙ [ FAIL 14 | WARN 3 | SKIP 0 | PASS 755 ] @ lewbel-gmm
⠹ [ FAIL 14 | WARN 3 | SKIP 0 | PASS 755 ] @ lewbel-gmm
⠸ [ FAIL 14 | WARN 3 | SKIP 0 | PASS 755 ] @ lewbel-gmm
⠼ [ FAIL 14 | WARN 3 | SKIP 0 | PASS 755 ] @ lewbel-gmm
⠴ [ FAIL 14 | WARN 3 | SKIP 0 | PASS 755 ] @ lewbel-gmm
⠦ [ FAIL 14 | WARN 3 | SKIP 0 | PASS 755 ] @ lewbel-gmm
⠧ [ FAIL 14 | WARN 3 | SKIP 0 | PASS 755 ] @ lewbel-gmm
⠇ [ FAIL 14 | WARN 3 | SKIP 0 | PASS 755 ] @ lewbel-gmm
⠏ [ FAIL 14 | WARN 3 | SKIP 0 | PASS 755 ] @ lewbel-gmm
⠋ [ FAIL 14 | WARN 3 | SKIP 0 | PASS 755 ] @ lewbel-gmm
⠙ [ FAIL 14 | WARN 3 | SKIP 0 | PASS 755 ] @ lewbel-gmm
⠹ [ FAIL 14 | WARN 3 | SKIP 0 | PASS 755 ] @ lewbel-gmm
⠸ [ FAIL 14 | WARN 3 | SKIP 0 | PASS 755 ] @ lewbel-gmm
⠼ [ FAIL 14 | WARN 3 | SKIP 0 | PASS 755 ] @ lewbel-gmm
⠴ [ FAIL 14 | WARN 3 | SKIP 0 | PASS 755 ] @ lewbel-gmm
⠦ [ FAIL 14 | WARN 3 | SKIP 0 | PASS 755 ] @ lewbel-gmm
⠧ [ FAIL 14 | WARN 3 | SKIP 0 | PASS 755 ] @ lewbel-gmm
⠇ [ FAIL 14 | WARN 3 | SKIP 0 | PASS 755 ] @ lewbel-gmm
⠏ [ FAIL 14 | WARN 3 | SKIP 0 | PASS 755 ] @ lewbel-gmm
⠋ [ FAIL 14 | WARN 3 | SKIP 0 | PASS 755 ] @ lewbel-gmm
⠙ [ FAIL 14 | WARN 3 | SKIP 0 | PASS 755 ] @ lewbel-gmm
⠹ [ FAIL 14 | WARN 3 | SKIP 0 | PASS 755 ] @ lewbel-gmm
⠸ [ FAIL 14 | WARN 3 | SKIP 0 | PASS 755 ] @ lewbel-gmm
⠼ [ FAIL 14 | WARN 3 | SKIP 0 | PASS 755 ] @ lewbel-gmm
⠴ [ FAIL 14 | WARN 3 | SKIP 0 | PASS 755 ] @ lewbel-gmm
⠦ [ FAIL 14 | WARN 3 | SKIP 0 | PASS 755 ] @ lewbel-gmm
⠧ [ FAIL 14 | WARN 3 | SKIP 0 | PASS 755 ] @ lewbel-gmm
⠇ [ FAIL 14 | WARN 3 | SKIP 0 | PASS 755 ] @ lewbel-gmm
✖ | 14 2     47 | lewbel-gmm [559.1s]
────────────────────────────────────────────────────────────────────────────────
Failure ('test-lewbel-gmm.R:91:3'): lewbel_gmm estimates triangular system correctly
attr(gmm_result, "lewbel_system") (`actual`) not equal to "triangular" (`expected`).

`actual` is NULL
`expected` is a character vector ('triangular')

Failure ('test-lewbel-gmm.R:161:3'): lewbel_gmm works with custom Z variables
vars$z (`actual`) not equal to c("Z1", "Z2") (`expected`).

`actual` is NULL
`expected` is a character vector ('Z1', 'Z2')

Failure ('test-lewbel-gmm.R:186:3'): summary and print methods work correctly
`summary\(gmm_result\)` does not match "Lewbel \\(2012\\) Heteroskedasticity-Based Identification".
Actual value: "\\nLewbel \(2012\) Heteroskedasticity-Based GMM Estimation\\n========================================================\\nSystem type: triangular \\nObservations: 200 \\nGMM type: twoStep \\nVCV type: HAC\\n\\nDependent variable \(Y1\): Y1 \\nEndogenous variable \(Y2\): Y2 \\nExogenous variables \(X\): Xk \(intercept added\)\\nHeteroskedasticity drivers \(Z\): Centered X variables \(default\)\\n"
Backtrace:
    ▆
 1. └─testthat::expect_output(summary(gmm_result), "Lewbel \\(2012\\) Heteroskedasticity-Based Identification") at test-lewbel-gmm.R:186:3
 2.   └─testthat::expect_match(...)
 3.     └─testthat:::expect_match_(...)

Failure ('test-lewbel-gmm.R:220:3'): lewbel_gmm handles simultaneous system
`print\(gmm_result\)` does not match "gamma1 \\* gamma2 =".
Actual value: "\\nLewbel GMM Estimation Results\\nSystem: simultaneous \\n\\nKey parameters:\\n  gamma1 \(Y1 on Y2\) = -0\.0054\\n  gamma2 \(Y2 on Y1\) = 0\.0908\\n  Product \(gamma1 \* gamma2\) =  -5e-04 \\n\\nFull GMM output \(call summary\(\) for details\):\\nMethod\\n twoStep \\n\\nObjective function value:  8\.397e-05 \\n\\nbeta1_\(Intercept\)           beta1_X1           beta1_X2             gamma1  \\n        0\.0627019         -0\.0631956          0\.1124447         -0\.0053531  \\nbeta2_\(Intercept\)           beta2_X1           beta2_X2             gamma2  \\n        0\.0171376          0\.0692665          0\.0417129          0\.0908166  \\n\\nConvergence code =  1 "
Backtrace:
    ▆
 1. └─testthat::expect_output(print(gmm_result), "gamma1 \\* gamma2 =") at test-lewbel-gmm.R:220:3
 2.   └─testthat::expect_match(...)
 3.     └─testthat:::expect_match_(...)

Error ('test-lewbel-gmm.R:238:3'): compare_gmm_2sls returns comparison data frame
Error in `data.frame(Estimator = c("OLS", "2SLS (Lewbel)", "GMM (Lewbel)"),
    gamma1 = c(ols_gamma1, tsls_result$tsls_gamma1, gmm_gamma1),
    StdError = c(ols_se_gamma1, tsls_result$tsls_se_gamma1, gmm_se_gamma1),
    Bias = c(ols_gamma1 - true_gamma1, tsls_result$tsls_gamma1 -
        true_gamma1, gmm_gamma1 - true_gamma1), `F-stat (1st stage)` = c(NA,
        tsls_result$tsls_f_stat, NA), `J-stat (Overid)` = c(NA,
        NA, gmm_j_test_stat), `J p-value` = c(NA, NA, gmm_j_p_value),
    row.names = NULL)`: arguments imply differing number of rows: 3, 1, 2
Backtrace:
    ▆
 1. └─hetid::compare_gmm_2sls(data) at test-lewbel-gmm.R:238:3
 2.   └─base::data.frame(...) at heteroskedasticity/R/lewbel-gmm.R:777:3

Failure ('test-lewbel-gmm.R:369:3'): rigobon_simultaneous_moments generates correct moment conditions
ncol(moments) (`actual`) not equal to 4 + 4 + 2 * n_pairs (`expected`).

  `actual`: 10.0
`expected`: 14.0

Failure ('test-lewbel-gmm.R:398:3'): rigobon_gmm estimates triangular system correctly
"gamma1" %in% names(result$coefficients) is not TRUE

`actual`:   FALSE
`expected`: TRUE

Failure ('test-lewbel-gmm.R:402:3'): rigobon_gmm estimates triangular system correctly
abs(gamma1_est - params$gamma1) < 0.5 is not TRUE

`actual`:   <NA>
`expected`: TRUE

Error ('test-lewbel-gmm.R:423:3'): rigobon_gmm handles edge cases
Error in `rigobon_gmm(data_missing)`: Regime variable regime not found in data
Backtrace:
    ▆
 1. ├─testthat::expect_error(rigobon_gmm(data_missing), "Missing required variables") at test-lewbel-gmm.R:423:3
 2. │ └─testthat:::expect_condition_matching(...)
 3. │   └─testthat:::quasi_capture(...)
 4. │     ├─testthat (local) .capture(...)
 5. │     │ └─base::withCallingHandlers(...)
 6. │     └─rlang::eval_bare(quo_get_expr(.quo), quo_get_env(.quo))
 7. └─hetid::rigobon_gmm(data_missing)

Warning ('test-lewbel-gmm.R:442:3'): rigobon_gmm simultaneous system works
model order:  1 singularities in the computation of the projection matrix results are only valid up to model order 0
Backtrace:
     ▆
  1. └─hetid::rigobon_gmm(...) at test-lewbel-gmm.R:442:3
  2.   └─gmm::gmm(...) at heteroskedasticity/R/lewbel-gmm.R:1397:3
  3.     ├─gmm:::momentEstim(Model_info, ...)
  4.     └─gmm::momentEstim.baseGmm.twoStep(Model_info, ...)
  5.       └─gmm:::.weightFct(res$par, P$x, P$vcov)
  6.         └─gmm:::.myKernHAC(gt, obj)
  7.           └─AllArg$bw(...)
  8.             ├─base::try(...)
  9.             │ └─base::tryCatch(...)
 10.             │   └─base (local) tryCatchList(expr, classes, parentenv, handlers)
 11.             │     └─base (local) tryCatchOne(expr, names, parentenv, handlers[[1L]])
 12.             │       └─base (local) doTryCatch(return(expr), name, parentenv, handler)
 13.             └─stats::ar(...)
 14.               └─stats::ar.ols(...)

Error ('test-lewbel-gmm.R:442:3'): rigobon_gmm simultaneous system works
Error in `AllArg$bw(obj, order.by = AllArg$order.by, kernel = AllArg$kernel,
    prewhite = AllArg$prewhite, ar.method = AllArg$ar.method,
    approx = AllArg$approx)`: VAR(1) prewhitening of estimating functions failed
Backtrace:
    ▆
 1. └─hetid::rigobon_gmm(...) at test-lewbel-gmm.R:442:3
 2.   └─gmm::gmm(...) at heteroskedasticity/R/lewbel-gmm.R:1397:3
 3.     ├─gmm:::momentEstim(Model_info, ...)
 4.     └─gmm::momentEstim.baseGmm.twoStep(Model_info, ...)
 5.       └─gmm:::.weightFct(res$par, P$x, P$vcov)
 6.         └─gmm:::.myKernHAC(gt, obj)
 7.           └─AllArg$bw(...)

Failure ('test-lewbel-gmm.R:481:3'): rigobon_gmm different GMM types produce consistent results
abs(gamma1_twostep - gamma1_iter) < 0.1 is not TRUE

`actual`:   <NA>
`expected`: TRUE

Failure ('test-lewbel-gmm.R:499:3'): rigobon_gmm verbose output works
`rigobon_gmm(data, verbose = TRUE)` produced no output

Failure ('test-lewbel-gmm.R:531:3'): rigobon_gmm compares well with 2SLS
abs(gamma1_gmm - gamma1_tsls) < 0.2 is not TRUE

`actual`:   <NA>
`expected`: TRUE

Warning ('test-lewbel-gmm.R:558:3'): prono_triangular_moments generates correct moment conditions
NaNs produced
Backtrace:
     ▆
  1. └─hetid::prono_triangular_moments(...) at test-lewbel-gmm.R:558:3
  2.   ├─base::tryCatch(...) at heteroskedasticity/R/lewbel-gmm.R:871:3
  3.   │ └─base (local) tryCatchList(expr, classes, parentenv, handlers)
  4.   │   └─base (local) tryCatchOne(expr, names, parentenv, handlers[[1L]])
  5.   │     └─base (local) doTryCatch(return(expr), name, parentenv, handler)
  6.   ├─tsmethods::estimate(garch_spec) at heteroskedasticity/R/lewbel-gmm.R:887:7
  7.   └─tsgarch::estimate.tsgarch.spec(garch_spec)
  8.     └─tsgarch:::.estimate_garch_model(...)
  9.       └─tsgarch:::.estimate_garch_model_scaled(...)
 10.         ├─base::summary(...)
 11.         └─TMB::summary.sdreport(...)
 12.           └─base::cbind(object$par.fixed, sqrt(diag(object$cov.fixed)))

Failure ('test-lewbel-gmm.R:619:7'): prono_gmm handles missing tsgarch gracefully
`prono_gmm(data, verbose = FALSE)` did not throw the expected error.
Backtrace:
    ▆
 1. ├─testthat::with_mocked_bindings(...) at test-lewbel-gmm.R:614:3
 2. └─testthat::expect_error(prono_gmm(data, verbose = FALSE), "tsgarch") at test-lewbel-gmm.R:619:7
────────────────────────────────────────────────────────────────────────────────

⠏ [ FAIL 14 | WARN 3 | SKIP 0 | PASS 758 ] Starting up...

══ Results ═════════════════════════════════════════════════════════════════════
Duration: 583.4 s

── Failed tests ────────────────────────────────────────────────────────────────
Failure ('test-lewbel-gmm.R:91:3'): lewbel_gmm estimates triangular system correctly
attr(gmm_result, "lewbel_system") (`actual`) not equal to "triangular" (`expected`).

`actual` is NULL
`expected` is a character vector ('triangular')

Failure ('test-lewbel-gmm.R:161:3'): lewbel_gmm works with custom Z variables
vars$z (`actual`) not equal to c("Z1", "Z2") (`expected`).

`actual` is NULL
`expected` is a character vector ('Z1', 'Z2')

Failure ('test-lewbel-gmm.R:186:3'): summary and print methods work correctly
`summary\(gmm_result\)` does not match "Lewbel \\(2012\\) Heteroskedasticity-Based Identification".
Actual value: "\\nLewbel \(2012\) Heteroskedasticity-Based GMM Estimation\\n========================================================\\nSystem type: triangular \\nObservations: 200 \\nGMM type: twoStep \\nVCV type: HAC\\n\\nDependent variable \(Y1\): Y1 \\nEndogenous variable \(Y2\): Y2 \\nExogenous variables \(X\): Xk \(intercept added\)\\nHeteroskedasticity drivers \(Z\): Centered X variables \(default\)\\n"
Backtrace:
    ▆
 1. └─testthat::expect_output(summary(gmm_result), "Lewbel \\(2012\\) Heteroskedasticity-Based Identification") at test-lewbel-gmm.R:186:3
 2.   └─testthat::expect_match(...)
 3.     └─testthat:::expect_match_(...)

Failure ('test-lewbel-gmm.R:220:3'): lewbel_gmm handles simultaneous system
`print\(gmm_result\)` does not match "gamma1 \\* gamma2 =".
Actual value: "\\nLewbel GMM Estimation Results\\nSystem: simultaneous \\n\\nKey parameters:\\n  gamma1 \(Y1 on Y2\) = -0\.0054\\n  gamma2 \(Y2 on Y1\) = 0\.0908\\n  Product \(gamma1 \* gamma2\) =  -5e-04 \\n\\nFull GMM output \(call summary\(\) for details\):\\nMethod\\n twoStep \\n\\nObjective function value:  8\.397e-05 \\n\\nbeta1_\(Intercept\)           beta1_X1           beta1_X2             gamma1  \\n        0\.0627019         -0\.0631956          0\.1124447         -0\.0053531  \\nbeta2_\(Intercept\)           beta2_X1           beta2_X2             gamma2  \\n        0\.0171376          0\.0692665          0\.0417129          0\.0908166  \\n\\nConvergence code =  1 "
Backtrace:
    ▆
 1. └─testthat::expect_output(print(gmm_result), "gamma1 \\* gamma2 =") at test-lewbel-gmm.R:220:3
 2.   └─testthat::expect_match(...)
 3.     └─testthat:::expect_match_(...)

Error ('test-lewbel-gmm.R:238:3'): compare_gmm_2sls returns comparison data frame
Error in `data.frame(Estimator = c("OLS", "2SLS (Lewbel)", "GMM (Lewbel)"),
    gamma1 = c(ols_gamma1, tsls_result$tsls_gamma1, gmm_gamma1),
    StdError = c(ols_se_gamma1, tsls_result$tsls_se_gamma1, gmm_se_gamma1),
    Bias = c(ols_gamma1 - true_gamma1, tsls_result$tsls_gamma1 -
        true_gamma1, gmm_gamma1 - true_gamma1), `F-stat (1st stage)` = c(NA,
        tsls_result$tsls_f_stat, NA), `J-stat (Overid)` = c(NA,
        NA, gmm_j_test_stat), `J p-value` = c(NA, NA, gmm_j_p_value),
    row.names = NULL)`: arguments imply differing number of rows: 3, 1, 2
Backtrace:
    ▆
 1. └─hetid::compare_gmm_2sls(data) at test-lewbel-gmm.R:238:3
 2.   └─base::data.frame(...) at heteroskedasticity/R/lewbel-gmm.R:777:3

Failure ('test-lewbel-gmm.R:369:3'): rigobon_simultaneous_moments generates correct moment conditions
ncol(moments) (`actual`) not equal to 4 + 4 + 2 * n_pairs (`expected`).

  `actual`: 10.0
`expected`: 14.0

Failure ('test-lewbel-gmm.R:398:3'): rigobon_gmm estimates triangular system correctly
"gamma1" %in% names(result$coefficients) is not TRUE

`actual`:   FALSE
`expected`: TRUE

Failure ('test-lewbel-gmm.R:402:3'): rigobon_gmm estimates triangular system correctly
abs(gamma1_est - params$gamma1) < 0.5 is not TRUE

`actual`:   <NA>
`expected`: TRUE

Error ('test-lewbel-gmm.R:423:3'): rigobon_gmm handles edge cases
Error in `rigobon_gmm(data_missing)`: Regime variable regime not found in data
Backtrace:
    ▆
 1. ├─testthat::expect_error(rigobon_gmm(data_missing), "Missing required variables") at test-lewbel-gmm.R:423:3
 2. │ └─testthat:::expect_condition_matching(...)
 3. │   └─testthat:::quasi_capture(...)
 4. │     ├─testthat (local) .capture(...)
 5. │     │ └─base::withCallingHandlers(...)
 6. │     └─rlang::eval_bare(quo_get_expr(.quo), quo_get_env(.quo))
 7. └─hetid::rigobon_gmm(data_missing)

Error ('test-lewbel-gmm.R:442:3'): rigobon_gmm simultaneous system works
Error in `AllArg$bw(obj, order.by = AllArg$order.by, kernel = AllArg$kernel,
    prewhite = AllArg$prewhite, ar.method = AllArg$ar.method,
    approx = AllArg$approx)`: VAR(1) prewhitening of estimating functions failed
Backtrace:
    ▆
 1. └─hetid::rigobon_gmm(...) at test-lewbel-gmm.R:442:3
 2.   └─gmm::gmm(...) at heteroskedasticity/R/lewbel-gmm.R:1397:3
 3.     ├─gmm:::momentEstim(Model_info, ...)
 4.     └─gmm::momentEstim.baseGmm.twoStep(Model_info, ...)
 5.       └─gmm:::.weightFct(res$par, P$x, P$vcov)
 6.         └─gmm:::.myKernHAC(gt, obj)
 7.           └─AllArg$bw(...)

Failure ('test-lewbel-gmm.R:481:3'): rigobon_gmm different GMM types produce consistent results
abs(gamma1_twostep - gamma1_iter) < 0.1 is not TRUE

`actual`:   <NA>
`expected`: TRUE

Failure ('test-lewbel-gmm.R:499:3'): rigobon_gmm verbose output works
`rigobon_gmm(data, verbose = TRUE)` produced no output

Failure ('test-lewbel-gmm.R:531:3'): rigobon_gmm compares well with 2SLS
abs(gamma1_gmm - gamma1_tsls) < 0.2 is not TRUE

`actual`:   <NA>
`expected`: TRUE

Failure ('test-lewbel-gmm.R:619:7'): prono_gmm handles missing tsgarch gracefully
`prono_gmm(data, verbose = FALSE)` did not throw the expected error.
Backtrace:
    ▆
 1. ├─testthat::with_mocked_bindings(...) at test-lewbel-gmm.R:614:3
 2. └─testthat::expect_error(prono_gmm(data, verbose = FALSE), "tsgarch") at test-lewbel-gmm.R:619:7

[ FAIL 14 | WARN 3 | SKIP 0 | PASS 758 ]
══ Terminated early ════════════════════════════════════════════════════════════
